[watch-slurm] host=a2n16c1 job=3816593
[watch-slurm] manifest=/gpfs/share/home/2501210611/opsd_analysis/OPSD_Analysis/log/train/qwen3_1p7b_ot_cot_t4096/submit_latest.tsv
[watch-slurm] interval=120s post_done_wait=90s
[2026-09-22T02:56:48+08:00] host=a2n16c1 job=3816593 interval=120s post_wait=90s
[2026-09-22T02:56:48+08:00] manifest=/gpfs/share/home/2501210611/opsd_analysis/OPSD_Analysis/log/train/qwen3_1p7b_ot_cot_t4096/submit_latest.tsv rows=1
[2026-09-22T02:56:48+08:00] WAIT st_tt_ot_cot_t4096_ckpt100 jid=3816592 state=PENDING
[2026-09-22T02:56:48+08:00] progress done=0/1 pending=1 failed=0
[2026-09-22T02:58:48+08:00] WAIT st_tt_ot_cot_t4096_ckpt100 jid=3816592 state=PENDING
[2026-09-22T02:58:48+08:00] progress done=0/1 pending=1 failed=0
[2026-09-22T03:00:48+08:00] WAIT st_tt_ot_cot_t4096_ckpt100 jid=3816592 state=PENDING
[2026-09-22T03:00:48+08:00] progress done=0/1 pending=1 failed=0
[2026-09-22T03:02:48+08:00] WAIT st_tt_ot_cot_t4096_ckpt100 jid=3816592 state=PENDING
[2026-09-22T03:02:48+08:00] progress done=0/1 pending=1 failed=0
[2026-09-22T03:04:48+08:00] WAIT st_tt_ot_cot_t4096_ckpt100 jid=3816592 state=PENDING
[2026-09-22T03:04:48+08:00] progress done=0/1 pending=1 failed=0
[2026-09-22T03:06:48+08:00] WAIT st_tt_ot_cot_t4096_ckpt100 jid=3816592 state=PENDING
[2026-09-22T03:06:48+08:00] progress done=0/1 pending=1 failed=0
[2026-09-22T03:08:48+08:00] WAIT st_tt_ot_cot_t4096_ckpt100 jid=3816592 state=PENDING
[2026-09-22T03:08:48+08:00] progress done=0/1 pending=1 failed=0
slurmstepd: error: *** JOB 3816593 ON a2n16c1 CANCELLED AT 2026-09-22T03:10:16 ***
