[merge] local_dir=/gpfs/share/home/2501210611/opsd_analysis/OPSD_Analysis/outputs/qwen3_4b/grpo_think_4b_omr_int_8gpu_bs64_24k_6400/3719725/global_step_50/actor
[merge] target_dir=/gpfs/share/home/2501210611/opsd_analysis/OPSD_Analysis/outputs/qwen3_4b/grpo_think_4b_omr_int_8gpu_bs64_24k_6400/3719725/global_step_50/actor/hf_merged
/gpfs/share/home/2501210611/miniconda3/envs/anchor/lib/python3.10/site-packages/requests/__init__.py:113: RequestsDependencyWarning: urllib3 (2.4.0) or chardet (7.4.3)/charset_normalizer (3.4.2) doesn't match a supported version!
  warnings.warn(
config: ModelMergerConfig(operation='merge', backend='fsdp', target_dir='/gpfs/share/home/2501210611/opsd_analysis/OPSD_Analysis/outputs/qwen3_4b/grpo_think_4b_omr_int_8gpu_bs64_24k_6400/3719725/global_step_50/actor/hf_merged', hf_upload_path=None, private=False, test_hf_dir=None, tie_word_embedding=False, is_value_model=False, local_dir='/gpfs/share/home/2501210611/opsd_analysis/OPSD_Analysis/outputs/qwen3_4b/grpo_think_4b_omr_int_8gpu_bs64_24k_6400/3719725/global_step_50/actor', hf_model_config_path='/gpfs/share/home/2501210611/opsd_analysis/OPSD_Analysis/outputs/qwen3_4b/grpo_think_4b_omr_int_8gpu_bs64_24k_6400/3719725/global_step_50/actor/huggingface', hf_upload=False, use_cpu_initialization=True)
Got device mesh tensor([0, 1, 2, 3, 4, 5, 6, 7], dtype=torch.int32), mesh_dim_names ('fsdp',)
Processing model shards with 8 (8,) in total
Loading 8 FSDP shards:   0%|          | 0/8 [00:00<?, ?it/s]Loading 8 FSDP shards:  12%|█▎        | 1/8 [00:01<00:07,  1.02s/it]Loading 8 FSDP shards:  25%|██▌       | 2/8 [00:06<00:21,  3.61s/it]Loading 8 FSDP shards: 100%|██████████| 8/8 [00:06<00:00,  1.24it/s]
`torch_dtype` is deprecated! Use `dtype` instead!
Saving model to /gpfs/share/home/2501210611/opsd_analysis/OPSD_Analysis/outputs/qwen3_4b/grpo_think_4b_omr_int_8gpu_bs64_24k_6400/3719725/global_step_50/actor/hf_merged
[2026-09-18 10:36:42,587] [WARNING] [real_accelerator.py:183:get_accelerator] Setting accelerator to CPU. If you have GPU or other accelerator, we were unable to detect it.
Saving tokenizer to /gpfs/share/home/2501210611/opsd_analysis/OPSD_Analysis/outputs/qwen3_4b/grpo_think_4b_omr_int_8gpu_bs64_24k_6400/3719725/global_step_50/actor/hf_merged
[merge] done
total 8.3G
drwxr-xr-x 2 2501210611 malei 4.0K Sep 18 10:36 .
drwxr-xr-x 4 2501210611 malei 4.0K Sep 18 10:36 ..
-rw-r--r-- 1 2501210611 malei  707 Sep 18 10:36 added_tokens.json
-rw-r--r-- 1 2501210611 malei 4.1K Sep 18 10:36 chat_template.jinja
-rw-r--r-- 1 2501210611 malei 1.5K Sep 18 10:36 config.json
-rw-r--r-- 1 2501210611 malei  214 Sep 18 10:36 generation_config.json
-rw-r--r-- 1 2501210611 malei 1.6M Sep 18 10:36 merges.txt
-rw-r--r-- 1 2501210611 malei 4.7G Sep 18 10:36 model-00001-of-00002.safetensors
-rw-r--r-- 1 2501210611 malei 3.6G Sep 18 10:36 model-00002-of-00002.safetensors
-rw-r--r-- 1 2501210611 malei  33K Sep 18 10:36 model.safetensors.index.json
-rw-r--r-- 1 2501210611 malei  613 Sep 18 10:36 special_tokens_map.json
-rw-r--r-- 1 2501210611 malei 5.3K Sep 18 10:36 tokenizer_config.json
-rw-r--r-- 1 2501210611 malei  11M Sep 18 10:36 tokenizer.json
-rw-r--r-- 1 2501210611 malei 2.7M Sep 18 10:36 vocab.json
