[watch-slurm] host=a2n17c2 job=3719726
[watch-slurm] manifest=/gpfs/share/home/2501210611/opsd_analysis/OPSD_Analysis/log/train/rl/qwen3_4b_think/watch_grpo_latest.tsv
[watch-slurm] interval=120s post_done_wait=90s
[2026-09-17T10:51:49+08:00] host=a2n17c2 job=3719726 interval=120s post_wait=90s
[2026-09-17T10:51:49+08:00] manifest=/gpfs/share/home/2501210611/opsd_analysis/OPSD_Analysis/log/train/rl/qwen3_4b_think/watch_grpo_latest.tsv rows=1
[2026-09-17T10:51:49+08:00] WAIT qwen3_4b train=3719725 state=RUNNING for global_step_100
[2026-09-17T10:51:49+08:00] progress done=0/1 pending=1 failed=0
[2026-09-17T10:53:49+08:00] WAIT qwen3_4b train=3719725 state=RUNNING for global_step_100
[2026-09-17T10:53:49+08:00] progress done=0/1 pending=1 failed=0
[2026-09-17T10:55:49+08:00] WAIT qwen3_4b train=3719725 state=RUNNING for global_step_100
[2026-09-17T10:55:49+08:00] progress done=0/1 pending=1 failed=0
[2026-09-17T10:57:49+08:00] WAIT qwen3_4b train=3719725 state=RUNNING for global_step_100
[2026-09-17T10:57:49+08:00] progress done=0/1 pending=1 failed=0
[2026-09-17T10:59:49+08:00] WAIT qwen3_4b train=3719725 state=RUNNING for global_step_100
[2026-09-17T10:59:49+08:00] progress done=0/1 pending=1 failed=0
[2026-09-17T11:01:49+08:00] WAIT qwen3_4b train=3719725 state=RUNNING for global_step_100
[2026-09-17T11:01:49+08:00] progress done=0/1 pending=1 failed=0
[2026-09-17T11:03:49+08:00] WAIT qwen3_4b train=3719725 state=RUNNING for global_step_100
[2026-09-17T11:03:49+08:00] progress done=0/1 pending=1 failed=0
[2026-09-17T11:05:49+08:00] WAIT qwen3_4b train=3719725 state=RUNNING for global_step_100
[2026-09-17T11:05:49+08:00] progress done=0/1 pending=1 failed=0
[2026-09-17T11:07:49+08:00] WAIT qwen3_4b train=3719725 state=RUNNING for global_step_100
[2026-09-17T11:07:49+08:00] progress done=0/1 pending=1 failed=0
[2026-09-17T11:09:49+08:00] WAIT qwen3_4b train=3719725 state=RUNNING for global_step_100
[2026-09-17T11:09:49+08:00] progress done=0/1 pending=1 failed=0
[2026-09-17T11:11:49+08:00] WAIT qwen3_4b train=3719725 state=RUNNING for global_step_100
[2026-09-17T11:11:49+08:00] progress done=0/1 pending=1 failed=0
[2026-09-17T11:13:49+08:00] WAIT qwen3_4b train=3719725 state=RUNNING for global_step_100
[2026-09-17T11:13:49+08:00] progress done=0/1 pending=1 failed=0
[2026-09-17T11:15:49+08:00] WAIT qwen3_4b train=3719725 state=RUNNING for global_step_100
[2026-09-17T11:15:49+08:00] progress done=0/1 pending=1 failed=0
[2026-09-17T11:17:49+08:00] WAIT qwen3_4b train=3719725 state=RUNNING for global_step_100
[2026-09-17T11:17:49+08:00] progress done=0/1 pending=1 failed=0
[2026-09-17T11:19:49+08:00] WAIT qwen3_4b train=3719725 state=RUNNING for global_step_100
[2026-09-17T11:19:49+08:00] progress done=0/1 pending=1 failed=0
[2026-09-17T11:21:49+08:00] WAIT qwen3_4b train=3719725 state=RUNNING for global_step_100
[2026-09-17T11:21:49+08:00] progress done=0/1 pending=1 failed=0
[2026-09-17T11:23:49+08:00] WAIT qwen3_4b train=3719725 state=RUNNING for global_step_100
[2026-09-17T11:23:49+08:00] progress done=0/1 pending=1 failed=0
[2026-09-17T11:25:49+08:00] WAIT qwen3_4b train=3719725 state=RUNNING for global_step_100
[2026-09-17T11:25:49+08:00] progress done=0/1 pending=1 failed=0
[2026-09-17T11:27:49+08:00] WAIT qwen3_4b train=3719725 state=RUNNING for global_step_100
[2026-09-17T11:27:49+08:00] progress done=0/1 pending=1 failed=0
[2026-09-17T11:29:49+08:00] WAIT qwen3_4b train=3719725 state=RUNNING for global_step_100
[2026-09-17T11:29:49+08:00] progress done=0/1 pending=1 failed=0
[2026-09-17T11:31:49+08:00] WAIT qwen3_4b train=3719725 state=RUNNING for global_step_100
[2026-09-17T11:31:49+08:00] progress done=0/1 pending=1 failed=0
[2026-09-17T11:33:49+08:00] WAIT qwen3_4b train=3719725 state=RUNNING for global_step_100
[2026-09-17T11:33:49+08:00] progress done=0/1 pending=1 failed=0
[2026-09-17T11:35:49+08:00] WAIT qwen3_4b train=3719725 state=RUNNING for global_step_100
[2026-09-17T11:35:49+08:00] progress done=0/1 pending=1 failed=0
[2026-09-17T11:37:49+08:00] WAIT qwen3_4b train=3719725 state=RUNNING for global_step_100
[2026-09-17T11:37:49+08:00] progress done=0/1 pending=1 failed=0
[2026-09-17T11:39:49+08:00] WAIT qwen3_4b train=3719725 state=RUNNING for global_step_100
[2026-09-17T11:39:49+08:00] progress done=0/1 pending=1 failed=0
[2026-09-17T11:41:50+08:00] WAIT qwen3_4b train=3719725 state=RUNNING for global_step_100
[2026-09-17T11:41:50+08:00] progress done=0/1 pending=1 failed=0
[2026-09-17T11:43:50+08:00] WAIT qwen3_4b train=3719725 state=RUNNING for global_step_100
[2026-09-17T11:43:50+08:00] progress done=0/1 pending=1 failed=0
[2026-09-17T11:45:50+08:00] WAIT qwen3_4b train=3719725 state=RUNNING for global_step_100
[2026-09-17T11:45:50+08:00] progress done=0/1 pending=1 failed=0
[2026-09-17T11:47:50+08:00] WAIT qwen3_4b train=3719725 state=RUNNING for global_step_100
[2026-09-17T11:47:50+08:00] progress done=0/1 pending=1 failed=0
[2026-09-17T11:49:50+08:00] WAIT qwen3_4b train=3719725 state=RUNNING for global_step_100
[2026-09-17T11:49:50+08:00] progress done=0/1 pending=1 failed=0
[2026-09-17T11:51:50+08:00] WAIT qwen3_4b train=3719725 state=RUNNING for global_step_100
[2026-09-17T11:51:50+08:00] progress done=0/1 pending=1 failed=0
[2026-09-17T11:53:50+08:00] WAIT qwen3_4b train=3719725 state=RUNNING for global_step_100
[2026-09-17T11:53:50+08:00] progress done=0/1 pending=1 failed=0
[2026-09-17T11:55:50+08:00] WAIT qwen3_4b train=3719725 state=RUNNING for global_step_100
[2026-09-17T11:55:50+08:00] progress done=0/1 pending=1 failed=0
[2026-09-17T11:57:50+08:00] WAIT qwen3_4b train=3719725 state=RUNNING for global_step_100
[2026-09-17T11:57:50+08:00] progress done=0/1 pending=1 failed=0
[2026-09-17T11:59:50+08:00] WAIT qwen3_4b train=3719725 state=RUNNING for global_step_100
[2026-09-17T11:59:50+08:00] progress done=0/1 pending=1 failed=0
[2026-09-17T12:01:50+08:00] WAIT qwen3_4b train=3719725 state=RUNNING for global_step_100
[2026-09-17T12:01:50+08:00] progress done=0/1 pending=1 failed=0
[2026-09-17T12:03:50+08:00] WAIT qwen3_4b train=3719725 state=RUNNING for global_step_100
[2026-09-17T12:03:50+08:00] progress done=0/1 pending=1 failed=0
[2026-09-17T12:05:50+08:00] WAIT qwen3_4b train=3719725 state=RUNNING for global_step_100
[2026-09-17T12:05:50+08:00] progress done=0/1 pending=1 failed=0
[2026-09-17T12:07:50+08:00] WAIT qwen3_4b train=3719725 state=RUNNING for global_step_100
[2026-09-17T12:07:50+08:00] progress done=0/1 pending=1 failed=0
[2026-09-17T12:09:50+08:00] WAIT qwen3_4b train=3719725 state=RUNNING for global_step_100
[2026-09-17T12:09:50+08:00] progress done=0/1 pending=1 failed=0
[2026-09-17T12:11:50+08:00] WAIT qwen3_4b train=3719725 state=RUNNING for global_step_100
[2026-09-17T12:11:50+08:00] progress done=0/1 pending=1 failed=0
[2026-09-17T12:13:50+08:00] WAIT qwen3_4b train=3719725 state=RUNNING for global_step_100
[2026-09-17T12:13:50+08:00] progress done=0/1 pending=1 failed=0
[2026-09-17T12:15:50+08:00] WAIT qwen3_4b train=3719725 state=RUNNING for global_step_100
[2026-09-17T12:15:50+08:00] progress done=0/1 pending=1 failed=0
[2026-09-17T12:17:50+08:00] WAIT qwen3_4b train=3719725 state=RUNNING for global_step_100
[2026-09-17T12:17:50+08:00] progress done=0/1 pending=1 failed=0
[2026-09-17T12:19:50+08:00] WAIT qwen3_4b train=3719725 state=RUNNING for global_step_100
[2026-09-17T12:19:50+08:00] progress done=0/1 pending=1 failed=0
[2026-09-17T12:21:50+08:00] WAIT qwen3_4b train=3719725 state=RUNNING for global_step_100
[2026-09-17T12:21:50+08:00] progress done=0/1 pending=1 failed=0
[2026-09-17T12:23:50+08:00] WAIT qwen3_4b train=3719725 state=RUNNING for global_step_100
[2026-09-17T12:23:50+08:00] progress done=0/1 pending=1 failed=0
[2026-09-17T12:25:50+08:00] WAIT qwen3_4b train=3719725 state=RUNNING for global_step_100
[2026-09-17T12:25:50+08:00] progress done=0/1 pending=1 failed=0
[2026-09-17T12:27:50+08:00] WAIT qwen3_4b train=3719725 state=RUNNING for global_step_100
[2026-09-17T12:27:50+08:00] progress done=0/1 pending=1 failed=0
[2026-09-17T12:29:50+08:00] WAIT qwen3_4b train=3719725 state=RUNNING for global_step_100
[2026-09-17T12:29:50+08:00] progress done=0/1 pending=1 failed=0
[2026-09-17T12:31:50+08:00] WAIT qwen3_4b train=3719725 state=RUNNING for global_step_100
[2026-09-17T12:31:50+08:00] progress done=0/1 pending=1 failed=0
[2026-09-17T12:33:50+08:00] WAIT qwen3_4b train=3719725 state=RUNNING for global_step_100
[2026-09-17T12:33:50+08:00] progress done=0/1 pending=1 failed=0
[2026-09-17T12:35:50+08:00] WAIT qwen3_4b train=3719725 state=RUNNING for global_step_100
[2026-09-17T12:35:50+08:00] progress done=0/1 pending=1 failed=0
[2026-09-17T12:37:50+08:00] WAIT qwen3_4b train=3719725 state=RUNNING for global_step_100
[2026-09-17T12:37:50+08:00] progress done=0/1 pending=1 failed=0
[2026-09-17T12:39:50+08:00] WAIT qwen3_4b train=3719725 state=RUNNING for global_step_100
[2026-09-17T12:39:50+08:00] progress done=0/1 pending=1 failed=0
[2026-09-17T12:41:50+08:00] WAIT qwen3_4b train=3719725 state=RUNNING for global_step_100
[2026-09-17T12:41:50+08:00] progress done=0/1 pending=1 failed=0
[2026-09-17T12:43:50+08:00] WAIT qwen3_4b train=3719725 state=RUNNING for global_step_100
[2026-09-17T12:43:50+08:00] progress done=0/1 pending=1 failed=0
[2026-09-17T12:45:50+08:00] WAIT qwen3_4b train=3719725 state=RUNNING for global_step_100
[2026-09-17T12:45:50+08:00] progress done=0/1 pending=1 failed=0
[2026-09-17T12:47:50+08:00] WAIT qwen3_4b train=3719725 state=RUNNING for global_step_100
[2026-09-17T12:47:50+08:00] progress done=0/1 pending=1 failed=0
[2026-09-17T12:49:50+08:00] WAIT qwen3_4b train=3719725 state=RUNNING for global_step_100
[2026-09-17T12:49:50+08:00] progress done=0/1 pending=1 failed=0
[2026-09-17T12:51:50+08:00] WAIT qwen3_4b train=3719725 state=RUNNING for global_step_100
[2026-09-17T12:51:50+08:00] progress done=0/1 pending=1 failed=0
[2026-09-17T12:53:50+08:00] WAIT qwen3_4b train=3719725 state=RUNNING for global_step_100
[2026-09-17T12:53:50+08:00] progress done=0/1 pending=1 failed=0
[2026-09-17T12:55:50+08:00] WAIT qwen3_4b train=3719725 state=RUNNING for global_step_100
[2026-09-17T12:55:50+08:00] progress done=0/1 pending=1 failed=0
[2026-09-17T12:57:50+08:00] WAIT qwen3_4b train=3719725 state=RUNNING for global_step_100
[2026-09-17T12:57:50+08:00] progress done=0/1 pending=1 failed=0
[2026-09-17T12:59:50+08:00] WAIT qwen3_4b train=3719725 state=RUNNING for global_step_100
[2026-09-17T12:59:50+08:00] progress done=0/1 pending=1 failed=0
[2026-09-17T13:01:50+08:00] WAIT qwen3_4b train=3719725 state=RUNNING for global_step_100
[2026-09-17T13:01:50+08:00] progress done=0/1 pending=1 failed=0
[2026-09-17T13:03:50+08:00] WAIT qwen3_4b train=3719725 state=RUNNING for global_step_100
[2026-09-17T13:03:50+08:00] progress done=0/1 pending=1 failed=0
[2026-09-17T13:05:50+08:00] WAIT qwen3_4b train=3719725 state=RUNNING for global_step_100
[2026-09-17T13:05:50+08:00] progress done=0/1 pending=1 failed=0
[2026-09-17T13:07:50+08:00] WAIT qwen3_4b train=3719725 state=RUNNING for global_step_100
[2026-09-17T13:07:50+08:00] progress done=0/1 pending=1 failed=0
[2026-09-17T13:09:50+08:00] WAIT qwen3_4b train=3719725 state=RUNNING for global_step_100
[2026-09-17T13:09:50+08:00] progress done=0/1 pending=1 failed=0
[2026-09-17T13:11:50+08:00] WAIT qwen3_4b train=3719725 state=RUNNING for global_step_100
[2026-09-17T13:11:50+08:00] progress done=0/1 pending=1 failed=0
[2026-09-17T13:13:50+08:00] WAIT qwen3_4b train=3719725 state=RUNNING for global_step_100
[2026-09-17T13:13:50+08:00] progress done=0/1 pending=1 failed=0
[2026-09-17T13:15:50+08:00] WAIT qwen3_4b train=3719725 state=RUNNING for global_step_100
[2026-09-17T13:15:50+08:00] progress done=0/1 pending=1 failed=0
[2026-09-17T13:17:50+08:00] WAIT qwen3_4b train=3719725 state=RUNNING for global_step_100
[2026-09-17T13:17:50+08:00] progress done=0/1 pending=1 failed=0
[2026-09-17T13:19:50+08:00] WAIT qwen3_4b train=3719725 state=RUNNING for global_step_100
[2026-09-17T13:19:50+08:00] progress done=0/1 pending=1 failed=0
[2026-09-17T13:21:50+08:00] WAIT qwen3_4b train=3719725 state=RUNNING for global_step_100
[2026-09-17T13:21:50+08:00] progress done=0/1 pending=1 failed=0
[2026-09-17T13:23:50+08:00] WAIT qwen3_4b train=3719725 state=RUNNING for global_step_100
[2026-09-17T13:23:50+08:00] progress done=0/1 pending=1 failed=0
[2026-09-17T13:25:50+08:00] WAIT qwen3_4b train=3719725 state=RUNNING for global_step_100
[2026-09-17T13:25:50+08:00] progress done=0/1 pending=1 failed=0
[2026-09-17T13:27:50+08:00] WAIT qwen3_4b train=3719725 state=RUNNING for global_step_100
[2026-09-17T13:27:50+08:00] progress done=0/1 pending=1 failed=0
[2026-09-17T13:29:50+08:00] WAIT qwen3_4b train=3719725 state=RUNNING for global_step_100
[2026-09-17T13:29:50+08:00] progress done=0/1 pending=1 failed=0
[2026-09-17T13:31:50+08:00] WAIT qwen3_4b train=3719725 state=RUNNING for global_step_100
[2026-09-17T13:31:50+08:00] progress done=0/1 pending=1 failed=0
[2026-09-17T13:33:50+08:00] WAIT qwen3_4b train=3719725 state=RUNNING for global_step_100
[2026-09-17T13:33:50+08:00] progress done=0/1 pending=1 failed=0
[2026-09-17T13:35:50+08:00] WAIT qwen3_4b train=3719725 state=RUNNING for global_step_100
[2026-09-17T13:35:50+08:00] progress done=0/1 pending=1 failed=0
[2026-09-17T13:37:50+08:00] WAIT qwen3_4b train=3719725 state=RUNNING for global_step_100
[2026-09-17T13:37:50+08:00] progress done=0/1 pending=1 failed=0
[2026-09-17T13:39:50+08:00] WAIT qwen3_4b train=3719725 state=RUNNING for global_step_100
[2026-09-17T13:39:50+08:00] progress done=0/1 pending=1 failed=0
[2026-09-17T13:41:50+08:00] WAIT qwen3_4b train=3719725 state=RUNNING for global_step_100
[2026-09-17T13:41:50+08:00] progress done=0/1 pending=1 failed=0
[2026-09-17T13:43:50+08:00] WAIT qwen3_4b train=3719725 state=RUNNING for global_step_100
[2026-09-17T13:43:50+08:00] progress done=0/1 pending=1 failed=0
[2026-09-17T13:45:50+08:00] WAIT qwen3_4b train=3719725 state=RUNNING for global_step_100
[2026-09-17T13:45:50+08:00] progress done=0/1 pending=1 failed=0
[2026-09-17T13:47:50+08:00] WAIT qwen3_4b train=3719725 state=RUNNING for global_step_100
[2026-09-17T13:47:50+08:00] progress done=0/1 pending=1 failed=0
[2026-09-17T13:49:50+08:00] WAIT qwen3_4b train=3719725 state=RUNNING for global_step_100
[2026-09-17T13:49:50+08:00] progress done=0/1 pending=1 failed=0
[2026-09-17T13:51:50+08:00] WAIT qwen3_4b train=3719725 state=RUNNING for global_step_100
[2026-09-17T13:51:50+08:00] progress done=0/1 pending=1 failed=0
[2026-09-17T13:53:50+08:00] WAIT qwen3_4b train=3719725 state=RUNNING for global_step_100
[2026-09-17T13:53:50+08:00] progress done=0/1 pending=1 failed=0
[2026-09-17T13:55:50+08:00] WAIT qwen3_4b train=3719725 state=RUNNING for global_step_100
[2026-09-17T13:55:50+08:00] progress done=0/1 pending=1 failed=0
[2026-09-17T13:57:50+08:00] WAIT qwen3_4b train=3719725 state=RUNNING for global_step_100
[2026-09-17T13:57:50+08:00] progress done=0/1 pending=1 failed=0
[2026-09-17T13:59:50+08:00] WAIT qwen3_4b train=3719725 state=RUNNING for global_step_100
[2026-09-17T13:59:50+08:00] progress done=0/1 pending=1 failed=0
[2026-09-17T14:01:50+08:00] WAIT qwen3_4b train=3719725 state=RUNNING for global_step_100
[2026-09-17T14:01:50+08:00] progress done=0/1 pending=1 failed=0
[2026-09-17T14:03:50+08:00] WAIT qwen3_4b train=3719725 state=RUNNING for global_step_100
[2026-09-17T14:03:50+08:00] progress done=0/1 pending=1 failed=0
[2026-09-17T14:05:50+08:00] WAIT qwen3_4b train=3719725 state=RUNNING for global_step_100
[2026-09-17T14:05:50+08:00] progress done=0/1 pending=1 failed=0
[2026-09-17T14:07:50+08:00] WAIT qwen3_4b train=3719725 state=RUNNING for global_step_100
[2026-09-17T14:07:50+08:00] progress done=0/1 pending=1 failed=0
[2026-09-17T14:09:50+08:00] WAIT qwen3_4b train=3719725 state=RUNNING for global_step_100
[2026-09-17T14:09:50+08:00] progress done=0/1 pending=1 failed=0
[2026-09-17T14:11:50+08:00] WAIT qwen3_4b train=3719725 state=RUNNING for global_step_100
[2026-09-17T14:11:50+08:00] progress done=0/1 pending=1 failed=0
[2026-09-17T14:13:50+08:00] WAIT qwen3_4b train=3719725 state=RUNNING for global_step_100
[2026-09-17T14:13:50+08:00] progress done=0/1 pending=1 failed=0
[2026-09-17T14:15:50+08:00] WAIT qwen3_4b train=3719725 state=RUNNING for global_step_100
[2026-09-17T14:15:50+08:00] progress done=0/1 pending=1 failed=0
[2026-09-17T14:17:50+08:00] WAIT qwen3_4b train=3719725 state=RUNNING for global_step_100
[2026-09-17T14:17:50+08:00] progress done=0/1 pending=1 failed=0
[2026-09-17T14:19:50+08:00] WAIT qwen3_4b train=3719725 state=RUNNING for global_step_100
[2026-09-17T14:19:50+08:00] progress done=0/1 pending=1 failed=0
[2026-09-17T14:21:50+08:00] WAIT qwen3_4b train=3719725 state=RUNNING for global_step_100
[2026-09-17T14:21:50+08:00] progress done=0/1 pending=1 failed=0
[2026-09-17T14:23:50+08:00] WAIT qwen3_4b train=3719725 state=RUNNING for global_step_100
[2026-09-17T14:23:50+08:00] progress done=0/1 pending=1 failed=0
[2026-09-17T14:25:50+08:00] WAIT qwen3_4b train=3719725 state=RUNNING for global_step_100
[2026-09-17T14:25:50+08:00] progress done=0/1 pending=1 failed=0
[2026-09-17T14:27:50+08:00] WAIT qwen3_4b train=3719725 state=RUNNING for global_step_100
[2026-09-17T14:27:50+08:00] progress done=0/1 pending=1 failed=0
[2026-09-17T14:29:50+08:00] WAIT qwen3_4b train=3719725 state=RUNNING for global_step_100
[2026-09-17T14:29:50+08:00] progress done=0/1 pending=1 failed=0
[2026-09-17T14:31:50+08:00] WAIT qwen3_4b train=3719725 state=RUNNING for global_step_100
[2026-09-17T14:31:50+08:00] progress done=0/1 pending=1 failed=0
[2026-09-17T14:33:50+08:00] WAIT qwen3_4b train=3719725 state=RUNNING for global_step_100
[2026-09-17T14:33:50+08:00] progress done=0/1 pending=1 failed=0
[2026-09-17T14:35:50+08:00] WAIT qwen3_4b train=3719725 state=RUNNING for global_step_100
[2026-09-17T14:35:50+08:00] progress done=0/1 pending=1 failed=0
[2026-09-17T14:37:50+08:00] WAIT qwen3_4b train=3719725 state=RUNNING for global_step_100
[2026-09-17T14:37:50+08:00] progress done=0/1 pending=1 failed=0
[2026-09-17T14:39:50+08:00] WAIT qwen3_4b train=3719725 state=RUNNING for global_step_100
[2026-09-17T14:39:50+08:00] progress done=0/1 pending=1 failed=0
[2026-09-17T14:41:50+08:00] WAIT qwen3_4b train=3719725 state=RUNNING for global_step_100
[2026-09-17T14:41:50+08:00] progress done=0/1 pending=1 failed=0
[2026-09-17T14:43:50+08:00] WAIT qwen3_4b train=3719725 state=RUNNING for global_step_100
[2026-09-17T14:43:50+08:00] progress done=0/1 pending=1 failed=0
[2026-09-17T14:45:50+08:00] WAIT qwen3_4b train=3719725 state=RUNNING for global_step_100
[2026-09-17T14:45:50+08:00] progress done=0/1 pending=1 failed=0
[2026-09-17T14:47:50+08:00] WAIT qwen3_4b train=3719725 state=RUNNING for global_step_100
[2026-09-17T14:47:50+08:00] progress done=0/1 pending=1 failed=0
[2026-09-17T14:49:50+08:00] WAIT qwen3_4b train=3719725 state=RUNNING for global_step_100
[2026-09-17T14:49:50+08:00] progress done=0/1 pending=1 failed=0
[2026-09-17T14:51:50+08:00] WAIT qwen3_4b train=3719725 state=RUNNING for global_step_100
[2026-09-17T14:51:50+08:00] progress done=0/1 pending=1 failed=0
[2026-09-17T14:53:50+08:00] WAIT qwen3_4b train=3719725 state=RUNNING for global_step_100
[2026-09-17T14:53:50+08:00] progress done=0/1 pending=1 failed=0
[2026-09-17T14:55:50+08:00] WAIT qwen3_4b train=3719725 state=RUNNING for global_step_100
[2026-09-17T14:55:50+08:00] progress done=0/1 pending=1 failed=0
[2026-09-17T14:57:50+08:00] WAIT qwen3_4b train=3719725 state=RUNNING for global_step_100
[2026-09-17T14:57:50+08:00] progress done=0/1 pending=1 failed=0
[2026-09-17T14:59:51+08:00] WAIT qwen3_4b train=3719725 state=RUNNING for global_step_100
[2026-09-17T14:59:51+08:00] progress done=0/1 pending=1 failed=0
[2026-09-17T15:01:51+08:00] WAIT qwen3_4b train=3719725 state=RUNNING for global_step_100
[2026-09-17T15:01:51+08:00] progress done=0/1 pending=1 failed=0
[2026-09-17T15:03:51+08:00] WAIT qwen3_4b train=3719725 state=RUNNING for global_step_100
[2026-09-17T15:03:51+08:00] progress done=0/1 pending=1 failed=0
[2026-09-17T15:05:51+08:00] WAIT qwen3_4b train=3719725 state=RUNNING for global_step_100
[2026-09-17T15:05:51+08:00] progress done=0/1 pending=1 failed=0
[2026-09-17T15:07:51+08:00] WAIT qwen3_4b train=3719725 state=RUNNING for global_step_100
[2026-09-17T15:07:51+08:00] progress done=0/1 pending=1 failed=0
[2026-09-17T15:09:51+08:00] WAIT qwen3_4b train=3719725 state=RUNNING for global_step_100
[2026-09-17T15:09:51+08:00] progress done=0/1 pending=1 failed=0
[2026-09-17T15:11:51+08:00] WAIT qwen3_4b train=3719725 state=RUNNING for global_step_100
[2026-09-17T15:11:51+08:00] progress done=0/1 pending=1 failed=0
[2026-09-17T15:13:51+08:00] WAIT qwen3_4b train=3719725 state=RUNNING for global_step_100
[2026-09-17T15:13:51+08:00] progress done=0/1 pending=1 failed=0
[2026-09-17T15:15:51+08:00] WAIT qwen3_4b train=3719725 state=RUNNING for global_step_100
[2026-09-17T15:15:51+08:00] progress done=0/1 pending=1 failed=0
[2026-09-17T15:17:51+08:00] WAIT qwen3_4b train=3719725 state=RUNNING for global_step_100
[2026-09-17T15:17:51+08:00] progress done=0/1 pending=1 failed=0
[2026-09-17T15:19:51+08:00] WAIT qwen3_4b train=3719725 state=RUNNING for global_step_100
[2026-09-17T15:19:51+08:00] progress done=0/1 pending=1 failed=0
[2026-09-17T15:21:51+08:00] WAIT qwen3_4b train=3719725 state=RUNNING for global_step_100
[2026-09-17T15:21:51+08:00] progress done=0/1 pending=1 failed=0
[2026-09-17T15:23:51+08:00] WAIT qwen3_4b train=3719725 state=RUNNING for global_step_100
[2026-09-17T15:23:51+08:00] progress done=0/1 pending=1 failed=0
[2026-09-17T15:25:51+08:00] WAIT qwen3_4b train=3719725 state=RUNNING for global_step_100
[2026-09-17T15:25:51+08:00] progress done=0/1 pending=1 failed=0
[2026-09-17T15:27:51+08:00] WAIT qwen3_4b train=3719725 state=RUNNING for global_step_100
[2026-09-17T15:27:51+08:00] progress done=0/1 pending=1 failed=0
[2026-09-17T15:29:51+08:00] WAIT qwen3_4b train=3719725 state=RUNNING for global_step_100
[2026-09-17T15:29:51+08:00] progress done=0/1 pending=1 failed=0
[2026-09-17T15:31:51+08:00] WAIT qwen3_4b train=3719725 state=RUNNING for global_step_100
[2026-09-17T15:31:51+08:00] progress done=0/1 pending=1 failed=0
[2026-09-17T15:33:51+08:00] WAIT qwen3_4b train=3719725 state=RUNNING for global_step_100
[2026-09-17T15:33:51+08:00] progress done=0/1 pending=1 failed=0
[2026-09-17T15:35:51+08:00] WAIT qwen3_4b train=3719725 state=RUNNING for global_step_100
[2026-09-17T15:35:51+08:00] progress done=0/1 pending=1 failed=0
[2026-09-17T15:37:51+08:00] WAIT qwen3_4b train=3719725 state=RUNNING for global_step_100
[2026-09-17T15:37:51+08:00] progress done=0/1 pending=1 failed=0
[2026-09-17T15:39:51+08:00] WAIT qwen3_4b train=3719725 state=RUNNING for global_step_100
[2026-09-17T15:39:51+08:00] progress done=0/1 pending=1 failed=0
[2026-09-17T15:41:51+08:00] WAIT qwen3_4b train=3719725 state=RUNNING for global_step_100
[2026-09-17T15:41:51+08:00] progress done=0/1 pending=1 failed=0
[2026-09-17T15:43:51+08:00] WAIT qwen3_4b train=3719725 state=RUNNING for global_step_100
[2026-09-17T15:43:51+08:00] progress done=0/1 pending=1 failed=0
[2026-09-17T15:45:51+08:00] WAIT qwen3_4b train=3719725 state=RUNNING for global_step_100
[2026-09-17T15:45:51+08:00] progress done=0/1 pending=1 failed=0
[2026-09-17T15:47:51+08:00] WAIT qwen3_4b train=3719725 state=RUNNING for global_step_100
[2026-09-17T15:47:51+08:00] progress done=0/1 pending=1 failed=0
[2026-09-17T15:49:51+08:00] WAIT qwen3_4b train=3719725 state=RUNNING for global_step_100
[2026-09-17T15:49:51+08:00] progress done=0/1 pending=1 failed=0
[2026-09-17T15:51:51+08:00] WAIT qwen3_4b train=3719725 state=RUNNING for global_step_100
[2026-09-17T15:51:51+08:00] progress done=0/1 pending=1 failed=0
[2026-09-17T15:53:51+08:00] WAIT qwen3_4b train=3719725 state=RUNNING for global_step_100
[2026-09-17T15:53:51+08:00] progress done=0/1 pending=1 failed=0
[2026-09-17T15:55:51+08:00] WAIT qwen3_4b train=3719725 state=RUNNING for global_step_100
[2026-09-17T15:55:51+08:00] progress done=0/1 pending=1 failed=0
[2026-09-17T15:57:51+08:00] WAIT qwen3_4b train=3719725 state=RUNNING for global_step_100
[2026-09-17T15:57:51+08:00] progress done=0/1 pending=1 failed=0
[2026-09-17T15:59:51+08:00] WAIT qwen3_4b train=3719725 state=RUNNING for global_step_100
[2026-09-17T15:59:51+08:00] progress done=0/1 pending=1 failed=0
[2026-09-17T16:01:51+08:00] WAIT qwen3_4b train=3719725 state=RUNNING for global_step_100
[2026-09-17T16:01:51+08:00] progress done=0/1 pending=1 failed=0
[2026-09-17T16:03:51+08:00] WAIT qwen3_4b train=3719725 state=RUNNING for global_step_100
[2026-09-17T16:03:51+08:00] progress done=0/1 pending=1 failed=0
[2026-09-17T16:05:51+08:00] WAIT qwen3_4b train=3719725 state=RUNNING for global_step_100
[2026-09-17T16:05:51+08:00] progress done=0/1 pending=1 failed=0
[2026-09-17T16:07:51+08:00] WAIT qwen3_4b train=3719725 state=RUNNING for global_step_100
[2026-09-17T16:07:51+08:00] progress done=0/1 pending=1 failed=0
[2026-09-17T16:09:51+08:00] WAIT qwen3_4b train=3719725 state=RUNNING for global_step_100
[2026-09-17T16:09:51+08:00] progress done=0/1 pending=1 failed=0
[2026-09-17T16:11:51+08:00] WAIT qwen3_4b train=3719725 state=RUNNING for global_step_100
[2026-09-17T16:11:51+08:00] progress done=0/1 pending=1 failed=0
[2026-09-17T16:13:51+08:00] WAIT qwen3_4b train=3719725 state=RUNNING for global_step_100
[2026-09-17T16:13:51+08:00] progress done=0/1 pending=1 failed=0
[2026-09-17T16:15:51+08:00] WAIT qwen3_4b train=3719725 state=RUNNING for global_step_100
[2026-09-17T16:15:51+08:00] progress done=0/1 pending=1 failed=0
[2026-09-17T16:17:51+08:00] WAIT qwen3_4b train=3719725 state=RUNNING for global_step_100
[2026-09-17T16:17:51+08:00] progress done=0/1 pending=1 failed=0
[2026-09-17T16:19:51+08:00] WAIT qwen3_4b train=3719725 state=RUNNING for global_step_100
[2026-09-17T16:19:51+08:00] progress done=0/1 pending=1 failed=0
[2026-09-17T16:21:51+08:00] WAIT qwen3_4b train=3719725 state=RUNNING for global_step_100
[2026-09-17T16:21:51+08:00] progress done=0/1 pending=1 failed=0
[2026-09-17T16:23:51+08:00] WAIT qwen3_4b train=3719725 state=RUNNING for global_step_100
[2026-09-17T16:23:51+08:00] progress done=0/1 pending=1 failed=0
[2026-09-17T16:25:51+08:00] WAIT qwen3_4b train=3719725 state=RUNNING for global_step_100
[2026-09-17T16:25:51+08:00] progress done=0/1 pending=1 failed=0
[2026-09-17T16:27:51+08:00] WAIT qwen3_4b train=3719725 state=RUNNING for global_step_100
[2026-09-17T16:27:51+08:00] progress done=0/1 pending=1 failed=0
[2026-09-17T16:29:51+08:00] WAIT qwen3_4b train=3719725 state=RUNNING for global_step_100
[2026-09-17T16:29:51+08:00] progress done=0/1 pending=1 failed=0
[2026-09-17T16:31:51+08:00] WAIT qwen3_4b train=3719725 state=RUNNING for global_step_100
[2026-09-17T16:31:51+08:00] progress done=0/1 pending=1 failed=0
[2026-09-17T16:33:51+08:00] WAIT qwen3_4b train=3719725 state=RUNNING for global_step_100
[2026-09-17T16:33:51+08:00] progress done=0/1 pending=1 failed=0
[2026-09-17T16:35:51+08:00] WAIT qwen3_4b train=3719725 state=RUNNING for global_step_100
[2026-09-17T16:35:51+08:00] progress done=0/1 pending=1 failed=0
[2026-09-17T16:37:51+08:00] WAIT qwen3_4b train=3719725 state=RUNNING for global_step_100
[2026-09-17T16:37:51+08:00] progress done=0/1 pending=1 failed=0
[2026-09-17T16:39:51+08:00] WAIT qwen3_4b train=3719725 state=RUNNING for global_step_100
[2026-09-17T16:39:51+08:00] progress done=0/1 pending=1 failed=0
[2026-09-17T16:41:51+08:00] WAIT qwen3_4b train=3719725 state=RUNNING for global_step_100
[2026-09-17T16:41:51+08:00] progress done=0/1 pending=1 failed=0
[2026-09-17T16:43:51+08:00] WAIT qwen3_4b train=3719725 state=RUNNING for global_step_100
[2026-09-17T16:43:51+08:00] progress done=0/1 pending=1 failed=0
[2026-09-17T16:45:51+08:00] WAIT qwen3_4b train=3719725 state=RUNNING for global_step_100
[2026-09-17T16:45:51+08:00] progress done=0/1 pending=1 failed=0
[2026-09-17T16:47:51+08:00] WAIT qwen3_4b train=3719725 state=RUNNING for global_step_100
[2026-09-17T16:47:51+08:00] progress done=0/1 pending=1 failed=0
[2026-09-17T16:49:51+08:00] WAIT qwen3_4b train=3719725 state=RUNNING for global_step_100
[2026-09-17T16:49:51+08:00] progress done=0/1 pending=1 failed=0
[2026-09-17T16:51:51+08:00] WAIT qwen3_4b train=3719725 state=RUNNING for global_step_100
[2026-09-17T16:51:51+08:00] progress done=0/1 pending=1 failed=0
[2026-09-17T16:53:51+08:00] WAIT qwen3_4b train=3719725 state=RUNNING for global_step_100
[2026-09-17T16:53:51+08:00] progress done=0/1 pending=1 failed=0
[2026-09-17T16:55:51+08:00] WAIT qwen3_4b train=3719725 state=RUNNING for global_step_100
[2026-09-17T16:55:51+08:00] progress done=0/1 pending=1 failed=0
[2026-09-17T16:57:51+08:00] WAIT qwen3_4b train=3719725 state=RUNNING for global_step_100
[2026-09-17T16:57:51+08:00] progress done=0/1 pending=1 failed=0
[2026-09-17T16:59:51+08:00] WAIT qwen3_4b train=3719725 state=RUNNING for global_step_100
[2026-09-17T16:59:51+08:00] progress done=0/1 pending=1 failed=0
[2026-09-17T17:01:51+08:00] WAIT qwen3_4b train=3719725 state=RUNNING for global_step_100
[2026-09-17T17:01:51+08:00] progress done=0/1 pending=1 failed=0
[2026-09-17T17:03:51+08:00] WAIT qwen3_4b train=3719725 state=RUNNING for global_step_100
[2026-09-17T17:03:51+08:00] progress done=0/1 pending=1 failed=0
[2026-09-17T17:05:51+08:00] WAIT qwen3_4b train=3719725 state=RUNNING for global_step_100
[2026-09-17T17:05:51+08:00] progress done=0/1 pending=1 failed=0
[2026-09-17T17:07:51+08:00] WAIT qwen3_4b train=3719725 state=RUNNING for global_step_100
[2026-09-17T17:07:51+08:00] progress done=0/1 pending=1 failed=0
[2026-09-17T17:09:51+08:00] WAIT qwen3_4b train=3719725 state=RUNNING for global_step_100
[2026-09-17T17:09:51+08:00] progress done=0/1 pending=1 failed=0
[2026-09-17T17:11:51+08:00] WAIT qwen3_4b train=3719725 state=RUNNING for global_step_100
[2026-09-17T17:11:51+08:00] progress done=0/1 pending=1 failed=0
[2026-09-17T17:13:51+08:00] WAIT qwen3_4b train=3719725 state=RUNNING for global_step_100
[2026-09-17T17:13:51+08:00] progress done=0/1 pending=1 failed=0
[2026-09-17T17:15:51+08:00] WAIT qwen3_4b train=3719725 state=RUNNING for global_step_100
[2026-09-17T17:15:51+08:00] progress done=0/1 pending=1 failed=0
[2026-09-17T17:17:51+08:00] WAIT qwen3_4b train=3719725 state=RUNNING for global_step_100
[2026-09-17T17:17:51+08:00] progress done=0/1 pending=1 failed=0
[2026-09-17T17:19:51+08:00] WAIT qwen3_4b train=3719725 state=RUNNING for global_step_100
[2026-09-17T17:19:51+08:00] progress done=0/1 pending=1 failed=0
[2026-09-17T17:21:51+08:00] WAIT qwen3_4b train=3719725 state=RUNNING for global_step_100
[2026-09-17T17:21:51+08:00] progress done=0/1 pending=1 failed=0
[2026-09-17T17:23:51+08:00] WAIT qwen3_4b train=3719725 state=RUNNING for global_step_100
[2026-09-17T17:23:51+08:00] progress done=0/1 pending=1 failed=0
[2026-09-17T17:25:51+08:00] WAIT qwen3_4b train=3719725 state=RUNNING for global_step_100
[2026-09-17T17:25:51+08:00] progress done=0/1 pending=1 failed=0
[2026-09-17T17:27:51+08:00] WAIT qwen3_4b train=3719725 state=RUNNING for global_step_100
[2026-09-17T17:27:51+08:00] progress done=0/1 pending=1 failed=0
[2026-09-17T17:29:51+08:00] WAIT qwen3_4b train=3719725 state=RUNNING for global_step_100
[2026-09-17T17:29:51+08:00] progress done=0/1 pending=1 failed=0
[2026-09-17T17:31:51+08:00] WAIT qwen3_4b train=3719725 state=RUNNING for global_step_100
[2026-09-17T17:31:51+08:00] progress done=0/1 pending=1 failed=0
[2026-09-17T17:33:51+08:00] WAIT qwen3_4b train=3719725 state=RUNNING for global_step_100
[2026-09-17T17:33:51+08:00] progress done=0/1 pending=1 failed=0
[2026-09-17T17:35:51+08:00] WAIT qwen3_4b train=3719725 state=RUNNING for global_step_100
[2026-09-17T17:35:51+08:00] progress done=0/1 pending=1 failed=0
[2026-09-17T17:37:51+08:00] WAIT qwen3_4b train=3719725 state=RUNNING for global_step_100
[2026-09-17T17:37:51+08:00] progress done=0/1 pending=1 failed=0
[2026-09-17T17:39:51+08:00] WAIT qwen3_4b train=3719725 state=RUNNING for global_step_100
[2026-09-17T17:39:51+08:00] progress done=0/1 pending=1 failed=0
[2026-09-17T17:41:51+08:00] WAIT qwen3_4b train=3719725 state=RUNNING for global_step_100
[2026-09-17T17:41:51+08:00] progress done=0/1 pending=1 failed=0
[2026-09-17T17:43:51+08:00] WAIT qwen3_4b train=3719725 state=RUNNING for global_step_100
[2026-09-17T17:43:51+08:00] progress done=0/1 pending=1 failed=0
[2026-09-17T17:45:51+08:00] WAIT qwen3_4b train=3719725 state=RUNNING for global_step_100
[2026-09-17T17:45:51+08:00] progress done=0/1 pending=1 failed=0
[2026-09-17T17:47:51+08:00] WAIT qwen3_4b train=3719725 state=RUNNING for global_step_100
[2026-09-17T17:47:51+08:00] progress done=0/1 pending=1 failed=0
[2026-09-17T17:49:51+08:00] WAIT qwen3_4b train=3719725 state=RUNNING for global_step_100
[2026-09-17T17:49:51+08:00] progress done=0/1 pending=1 failed=0
[2026-09-17T17:51:51+08:00] WAIT qwen3_4b train=3719725 state=RUNNING for global_step_100
[2026-09-17T17:51:51+08:00] progress done=0/1 pending=1 failed=0
[2026-09-17T17:53:51+08:00] WAIT qwen3_4b train=3719725 state=RUNNING for global_step_100
[2026-09-17T17:53:51+08:00] progress done=0/1 pending=1 failed=0
[2026-09-17T17:55:51+08:00] WAIT qwen3_4b train=3719725 state=RUNNING for global_step_100
[2026-09-17T17:55:51+08:00] progress done=0/1 pending=1 failed=0
[2026-09-17T17:57:51+08:00] WAIT qwen3_4b train=3719725 state=RUNNING for global_step_100
[2026-09-17T17:57:51+08:00] progress done=0/1 pending=1 failed=0
[2026-09-17T17:59:51+08:00] WAIT qwen3_4b train=3719725 state=RUNNING for global_step_100
[2026-09-17T17:59:51+08:00] progress done=0/1 pending=1 failed=0
[2026-09-17T18:01:51+08:00] WAIT qwen3_4b train=3719725 state=RUNNING for global_step_100
[2026-09-17T18:01:51+08:00] progress done=0/1 pending=1 failed=0
[2026-09-17T18:03:51+08:00] WAIT qwen3_4b train=3719725 state=RUNNING for global_step_100
[2026-09-17T18:03:51+08:00] progress done=0/1 pending=1 failed=0
[2026-09-17T18:05:51+08:00] WAIT qwen3_4b train=3719725 state=RUNNING for global_step_100
[2026-09-17T18:05:51+08:00] progress done=0/1 pending=1 failed=0
[2026-09-17T18:07:51+08:00] WAIT qwen3_4b train=3719725 state=RUNNING for global_step_100
[2026-09-17T18:07:52+08:00] progress done=0/1 pending=1 failed=0
[2026-09-17T18:09:52+08:00] WAIT qwen3_4b train=3719725 state=RUNNING for global_step_100
[2026-09-17T18:09:52+08:00] progress done=0/1 pending=1 failed=0
[2026-09-17T18:11:52+08:00] WAIT qwen3_4b train=3719725 state=RUNNING for global_step_100
[2026-09-17T18:11:52+08:00] progress done=0/1 pending=1 failed=0
[2026-09-17T18:13:52+08:00] WAIT qwen3_4b train=3719725 state=RUNNING for global_step_100
[2026-09-17T18:13:52+08:00] progress done=0/1 pending=1 failed=0
[2026-09-17T18:15:52+08:00] WAIT qwen3_4b train=3719725 state=RUNNING for global_step_100
[2026-09-17T18:15:52+08:00] progress done=0/1 pending=1 failed=0
[2026-09-17T18:17:52+08:00] WAIT qwen3_4b train=3719725 state=RUNNING for global_step_100
[2026-09-17T18:17:52+08:00] progress done=0/1 pending=1 failed=0
[2026-09-17T18:19:52+08:00] WAIT qwen3_4b train=3719725 state=RUNNING for global_step_100
[2026-09-17T18:19:52+08:00] progress done=0/1 pending=1 failed=0
[2026-09-17T18:21:52+08:00] WAIT qwen3_4b train=3719725 state=RUNNING for global_step_100
[2026-09-17T18:21:52+08:00] progress done=0/1 pending=1 failed=0
[2026-09-17T18:23:52+08:00] WAIT qwen3_4b train=3719725 state=RUNNING for global_step_100
[2026-09-17T18:23:52+08:00] progress done=0/1 pending=1 failed=0
[2026-09-17T18:25:52+08:00] WAIT qwen3_4b train=3719725 state=RUNNING for global_step_100
[2026-09-17T18:25:52+08:00] progress done=0/1 pending=1 failed=0
[2026-09-17T18:27:52+08:00] WAIT qwen3_4b train=3719725 state=RUNNING for global_step_100
[2026-09-17T18:27:52+08:00] progress done=0/1 pending=1 failed=0
[2026-09-17T18:29:52+08:00] WAIT qwen3_4b train=3719725 state=RUNNING for global_step_100
[2026-09-17T18:29:52+08:00] progress done=0/1 pending=1 failed=0
[2026-09-17T18:31:52+08:00] WAIT qwen3_4b train=3719725 state=RUNNING for global_step_100
[2026-09-17T18:31:52+08:00] progress done=0/1 pending=1 failed=0
[2026-09-17T18:33:52+08:00] WAIT qwen3_4b train=3719725 state=RUNNING for global_step_100
[2026-09-17T18:33:52+08:00] progress done=0/1 pending=1 failed=0
[2026-09-17T18:35:52+08:00] WAIT qwen3_4b train=3719725 state=RUNNING for global_step_100
[2026-09-17T18:35:52+08:00] progress done=0/1 pending=1 failed=0
[2026-09-17T18:37:52+08:00] WAIT qwen3_4b train=3719725 state=RUNNING for global_step_100
[2026-09-17T18:37:52+08:00] progress done=0/1 pending=1 failed=0
[2026-09-17T18:39:52+08:00] WAIT qwen3_4b train=3719725 state=RUNNING for global_step_100
[2026-09-17T18:39:52+08:00] progress done=0/1 pending=1 failed=0
[2026-09-17T18:41:52+08:00] WAIT qwen3_4b train=3719725 state=RUNNING for global_step_100
[2026-09-17T18:41:52+08:00] progress done=0/1 pending=1 failed=0
[2026-09-17T18:43:52+08:00] WAIT qwen3_4b train=3719725 state=RUNNING for global_step_100
[2026-09-17T18:43:52+08:00] progress done=0/1 pending=1 failed=0
[2026-09-17T18:45:52+08:00] WAIT qwen3_4b train=3719725 state=RUNNING for global_step_100
[2026-09-17T18:45:52+08:00] progress done=0/1 pending=1 failed=0
[2026-09-17T18:47:52+08:00] WAIT qwen3_4b train=3719725 state=RUNNING for global_step_100
[2026-09-17T18:47:52+08:00] progress done=0/1 pending=1 failed=0
[2026-09-17T18:49:52+08:00] WAIT qwen3_4b train=3719725 state=RUNNING for global_step_100
[2026-09-17T18:49:52+08:00] progress done=0/1 pending=1 failed=0
[2026-09-17T18:51:52+08:00] WAIT qwen3_4b train=3719725 state=RUNNING for global_step_100
[2026-09-17T18:51:52+08:00] progress done=0/1 pending=1 failed=0
[2026-09-17T18:53:52+08:00] WAIT qwen3_4b train=3719725 state=RUNNING for global_step_100
[2026-09-17T18:53:52+08:00] progress done=0/1 pending=1 failed=0
[2026-09-17T18:55:52+08:00] WAIT qwen3_4b train=3719725 state=RUNNING for global_step_100
[2026-09-17T18:55:52+08:00] progress done=0/1 pending=1 failed=0
[2026-09-17T18:57:52+08:00] WAIT qwen3_4b train=3719725 state=RUNNING for global_step_100
[2026-09-17T18:57:52+08:00] progress done=0/1 pending=1 failed=0
[2026-09-17T18:59:52+08:00] WAIT qwen3_4b train=3719725 state=RUNNING for global_step_100
[2026-09-17T18:59:52+08:00] progress done=0/1 pending=1 failed=0
[2026-09-17T19:01:52+08:00] WAIT qwen3_4b train=3719725 state=RUNNING for global_step_100
[2026-09-17T19:01:52+08:00] progress done=0/1 pending=1 failed=0
[2026-09-17T19:03:52+08:00] WAIT qwen3_4b train=3719725 state=RUNNING for global_step_100
[2026-09-17T19:03:52+08:00] progress done=0/1 pending=1 failed=0
[2026-09-17T19:05:52+08:00] WAIT qwen3_4b train=3719725 state=RUNNING for global_step_100
[2026-09-17T19:05:52+08:00] progress done=0/1 pending=1 failed=0
[2026-09-17T19:07:52+08:00] WAIT qwen3_4b train=3719725 state=RUNNING for global_step_100
[2026-09-17T19:07:52+08:00] progress done=0/1 pending=1 failed=0
[2026-09-17T19:09:52+08:00] WAIT qwen3_4b train=3719725 state=RUNNING for global_step_100
[2026-09-17T19:09:52+08:00] progress done=0/1 pending=1 failed=0
[2026-09-17T19:11:52+08:00] WAIT qwen3_4b train=3719725 state=RUNNING for global_step_100
[2026-09-17T19:11:52+08:00] progress done=0/1 pending=1 failed=0
[2026-09-17T19:13:52+08:00] WAIT qwen3_4b train=3719725 state=RUNNING for global_step_100
[2026-09-17T19:13:52+08:00] progress done=0/1 pending=1 failed=0
[2026-09-17T19:15:52+08:00] WAIT qwen3_4b train=3719725 state=RUNNING for global_step_100
[2026-09-17T19:15:52+08:00] progress done=0/1 pending=1 failed=0
[2026-09-17T19:17:52+08:00] WAIT qwen3_4b train=3719725 state=RUNNING for global_step_100
[2026-09-17T19:17:52+08:00] progress done=0/1 pending=1 failed=0
[2026-09-17T19:19:52+08:00] WAIT qwen3_4b train=3719725 state=RUNNING for global_step_100
[2026-09-17T19:19:52+08:00] progress done=0/1 pending=1 failed=0
[2026-09-17T19:21:52+08:00] WAIT qwen3_4b train=3719725 state=RUNNING for global_step_100
[2026-09-17T19:21:52+08:00] progress done=0/1 pending=1 failed=0
[2026-09-17T19:23:52+08:00] WAIT qwen3_4b train=3719725 state=RUNNING for global_step_100
[2026-09-17T19:23:52+08:00] progress done=0/1 pending=1 failed=0
[2026-09-17T19:25:52+08:00] WAIT qwen3_4b train=3719725 state=RUNNING for global_step_100
[2026-09-17T19:25:52+08:00] progress done=0/1 pending=1 failed=0
[2026-09-17T19:27:52+08:00] WAIT qwen3_4b train=3719725 state=RUNNING for global_step_100
[2026-09-17T19:27:52+08:00] progress done=0/1 pending=1 failed=0
[2026-09-17T19:29:52+08:00] WAIT qwen3_4b train=3719725 state=RUNNING for global_step_100
[2026-09-17T19:29:52+08:00] progress done=0/1 pending=1 failed=0
[2026-09-17T19:31:52+08:00] WAIT qwen3_4b train=3719725 state=RUNNING for global_step_100
[2026-09-17T19:31:52+08:00] progress done=0/1 pending=1 failed=0
[2026-09-17T19:33:52+08:00] WAIT qwen3_4b train=3719725 state=RUNNING for global_step_100
[2026-09-17T19:33:52+08:00] progress done=0/1 pending=1 failed=0
[2026-09-17T19:35:52+08:00] WAIT qwen3_4b train=3719725 state=RUNNING for global_step_100
[2026-09-17T19:35:52+08:00] progress done=0/1 pending=1 failed=0
[2026-09-17T19:37:52+08:00] WAIT qwen3_4b train=3719725 state=RUNNING for global_step_100
[2026-09-17T19:37:52+08:00] progress done=0/1 pending=1 failed=0
[2026-09-17T19:39:52+08:00] WAIT qwen3_4b train=3719725 state=RUNNING for global_step_100
[2026-09-17T19:39:52+08:00] progress done=0/1 pending=1 failed=0
[2026-09-17T19:41:52+08:00] WAIT qwen3_4b train=3719725 state=RUNNING for global_step_100
[2026-09-17T19:41:52+08:00] progress done=0/1 pending=1 failed=0
[2026-09-17T19:43:52+08:00] WAIT qwen3_4b train=3719725 state=RUNNING for global_step_100
[2026-09-17T19:43:52+08:00] progress done=0/1 pending=1 failed=0
[2026-09-17T19:45:52+08:00] WAIT qwen3_4b train=3719725 state=RUNNING for global_step_100
[2026-09-17T19:45:52+08:00] progress done=0/1 pending=1 failed=0
[2026-09-17T19:47:52+08:00] WAIT qwen3_4b train=3719725 state=RUNNING for global_step_100
[2026-09-17T19:47:52+08:00] progress done=0/1 pending=1 failed=0
[2026-09-17T19:49:52+08:00] WAIT qwen3_4b train=3719725 state=RUNNING for global_step_100
[2026-09-17T19:49:52+08:00] progress done=0/1 pending=1 failed=0
[2026-09-17T19:52:50+08:00] WAIT qwen3_4b train=3719725 state=RUNNING for global_step_100
[2026-09-17T19:52:50+08:00] progress done=0/1 pending=1 failed=0
[2026-09-17T19:54:50+08:00] WAIT qwen3_4b train=3719725 state=RUNNING for global_step_100
[2026-09-17T19:54:50+08:00] progress done=0/1 pending=1 failed=0
[2026-09-17T19:56:50+08:00] WAIT qwen3_4b train=3719725 state=RUNNING for global_step_100
[2026-09-17T19:56:50+08:00] progress done=0/1 pending=1 failed=0
[2026-09-17T19:58:50+08:00] WAIT qwen3_4b train=3719725 state=RUNNING for global_step_100
[2026-09-17T19:58:50+08:00] progress done=0/1 pending=1 failed=0
[2026-09-17T20:00:50+08:00] WAIT qwen3_4b train=3719725 state=RUNNING for global_step_100
[2026-09-17T20:00:50+08:00] progress done=0/1 pending=1 failed=0
[2026-09-17T20:02:50+08:00] WAIT qwen3_4b train=3719725 state=RUNNING for global_step_100
[2026-09-17T20:02:50+08:00] progress done=0/1 pending=1 failed=0
[2026-09-17T20:04:50+08:00] WAIT qwen3_4b train=3719725 state=RUNNING for global_step_100
[2026-09-17T20:04:50+08:00] progress done=0/1 pending=1 failed=0
[2026-09-17T20:06:50+08:00] WAIT qwen3_4b train=3719725 state=RUNNING for global_step_100
[2026-09-17T20:06:50+08:00] progress done=0/1 pending=1 failed=0
[2026-09-17T20:08:50+08:00] WAIT qwen3_4b train=3719725 state=RUNNING for global_step_100
[2026-09-17T20:08:50+08:00] progress done=0/1 pending=1 failed=0
[2026-09-17T20:10:50+08:00] WAIT qwen3_4b train=3719725 state=RUNNING for global_step_100
[2026-09-17T20:10:50+08:00] progress done=0/1 pending=1 failed=0
[2026-09-17T20:12:50+08:00] WAIT qwen3_4b train=3719725 state=RUNNING for global_step_100
[2026-09-17T20:12:50+08:00] progress done=0/1 pending=1 failed=0
[2026-09-17T20:14:50+08:00] WAIT qwen3_4b train=3719725 state=RUNNING for global_step_100
[2026-09-17T20:14:50+08:00] progress done=0/1 pending=1 failed=0
[2026-09-17T20:16:50+08:00] WAIT qwen3_4b train=3719725 state=RUNNING for global_step_100
[2026-09-17T20:16:50+08:00] progress done=0/1 pending=1 failed=0
[2026-09-17T20:18:50+08:00] WAIT qwen3_4b train=3719725 state=RUNNING for global_step_100
[2026-09-17T20:18:50+08:00] progress done=0/1 pending=1 failed=0
[2026-09-17T20:20:50+08:00] WAIT qwen3_4b train=3719725 state=RUNNING for global_step_100
[2026-09-17T20:20:50+08:00] progress done=0/1 pending=1 failed=0
[2026-09-17T20:22:50+08:00] WAIT qwen3_4b train=3719725 state=RUNNING for global_step_100
[2026-09-17T20:22:50+08:00] progress done=0/1 pending=1 failed=0
[2026-09-17T20:24:50+08:00] WAIT qwen3_4b train=3719725 state=RUNNING for global_step_100
[2026-09-17T20:24:50+08:00] progress done=0/1 pending=1 failed=0
[2026-09-17T20:26:50+08:00] WAIT qwen3_4b train=3719725 state=RUNNING for global_step_100
[2026-09-17T20:26:50+08:00] progress done=0/1 pending=1 failed=0
[2026-09-17T20:28:50+08:00] WAIT qwen3_4b train=3719725 state=RUNNING for global_step_100
[2026-09-17T20:28:50+08:00] progress done=0/1 pending=1 failed=0
[2026-09-17T20:30:50+08:00] WAIT qwen3_4b train=3719725 state=RUNNING for global_step_100
[2026-09-17T20:30:50+08:00] progress done=0/1 pending=1 failed=0
[2026-09-17T20:32:50+08:00] WAIT qwen3_4b train=3719725 state=RUNNING for global_step_100
[2026-09-17T20:32:50+08:00] progress done=0/1 pending=1 failed=0
[2026-09-17T20:34:50+08:00] WAIT qwen3_4b train=3719725 state=RUNNING for global_step_100
[2026-09-17T20:34:50+08:00] progress done=0/1 pending=1 failed=0
[2026-09-17T20:36:50+08:00] WAIT qwen3_4b train=3719725 state=RUNNING for global_step_100
[2026-09-17T20:36:50+08:00] progress done=0/1 pending=1 failed=0
[2026-09-17T20:38:50+08:00] WAIT qwen3_4b train=3719725 state=RUNNING for global_step_100
[2026-09-17T20:38:50+08:00] progress done=0/1 pending=1 failed=0
[2026-09-17T20:40:50+08:00] WAIT qwen3_4b train=3719725 state=RUNNING for global_step_100
[2026-09-17T20:40:50+08:00] progress done=0/1 pending=1 failed=0
[2026-09-17T20:42:50+08:00] WAIT qwen3_4b train=3719725 state=RUNNING for global_step_100
[2026-09-17T20:42:50+08:00] progress done=0/1 pending=1 failed=0
[2026-09-17T20:44:50+08:00] WAIT qwen3_4b train=3719725 state=RUNNING for global_step_100
[2026-09-17T20:44:50+08:00] progress done=0/1 pending=1 failed=0
[2026-09-17T20:46:50+08:00] WAIT qwen3_4b train=3719725 state=RUNNING for global_step_100
[2026-09-17T20:46:50+08:00] progress done=0/1 pending=1 failed=0
[2026-09-17T20:48:50+08:00] WAIT qwen3_4b train=3719725 state=RUNNING for global_step_100
[2026-09-17T20:48:50+08:00] progress done=0/1 pending=1 failed=0
[2026-09-17T20:50:50+08:00] WAIT qwen3_4b train=3719725 state=RUNNING for global_step_100
[2026-09-17T20:50:50+08:00] progress done=0/1 pending=1 failed=0
[2026-09-17T20:52:50+08:00] WAIT qwen3_4b train=3719725 state=RUNNING for global_step_100
[2026-09-17T20:52:50+08:00] progress done=0/1 pending=1 failed=0
[2026-09-17T20:54:50+08:00] WAIT qwen3_4b train=3719725 state=RUNNING for global_step_100
[2026-09-17T20:54:50+08:00] progress done=0/1 pending=1 failed=0
[2026-09-17T20:56:50+08:00] WAIT qwen3_4b train=3719725 state=RUNNING for global_step_100
[2026-09-17T20:56:50+08:00] progress done=0/1 pending=1 failed=0
[2026-09-17T20:58:50+08:00] WAIT qwen3_4b train=3719725 state=RUNNING for global_step_100
[2026-09-17T20:58:50+08:00] progress done=0/1 pending=1 failed=0
[2026-09-17T21:00:50+08:00] WAIT qwen3_4b train=3719725 state=RUNNING for global_step_100
[2026-09-17T21:00:50+08:00] progress done=0/1 pending=1 failed=0
[2026-09-17T21:02:50+08:00] WAIT qwen3_4b train=3719725 state=RUNNING for global_step_100
[2026-09-17T21:02:50+08:00] progress done=0/1 pending=1 failed=0
[2026-09-17T21:04:50+08:00] WAIT qwen3_4b train=3719725 state=RUNNING for global_step_100
[2026-09-17T21:04:50+08:00] progress done=0/1 pending=1 failed=0
[2026-09-17T21:06:50+08:00] WAIT qwen3_4b train=3719725 state=RUNNING for global_step_100
[2026-09-17T21:06:50+08:00] progress done=0/1 pending=1 failed=0
[2026-09-17T21:08:50+08:00] WAIT qwen3_4b train=3719725 state=RUNNING for global_step_100
[2026-09-17T21:08:50+08:00] progress done=0/1 pending=1 failed=0
[2026-09-17T21:10:50+08:00] WAIT qwen3_4b train=3719725 state=RUNNING for global_step_100
[2026-09-17T21:10:50+08:00] progress done=0/1 pending=1 failed=0
[2026-09-17T21:12:50+08:00] WAIT qwen3_4b train=3719725 state=RUNNING for global_step_100
[2026-09-17T21:12:50+08:00] progress done=0/1 pending=1 failed=0
[2026-09-17T21:14:50+08:00] WAIT qwen3_4b train=3719725 state=RUNNING for global_step_100
[2026-09-17T21:14:50+08:00] progress done=0/1 pending=1 failed=0
[2026-09-17T21:16:50+08:00] WAIT qwen3_4b train=3719725 state=RUNNING for global_step_100
[2026-09-17T21:16:50+08:00] progress done=0/1 pending=1 failed=0
[2026-09-17T21:18:50+08:00] WAIT qwen3_4b train=3719725 state=RUNNING for global_step_100
[2026-09-17T21:18:50+08:00] progress done=0/1 pending=1 failed=0
[2026-09-17T21:20:50+08:00] WAIT qwen3_4b train=3719725 state=RUNNING for global_step_100
[2026-09-17T21:20:50+08:00] progress done=0/1 pending=1 failed=0
[2026-09-17T21:22:50+08:00] WAIT qwen3_4b train=3719725 state=RUNNING for global_step_100
[2026-09-17T21:22:50+08:00] progress done=0/1 pending=1 failed=0
[2026-09-17T21:24:50+08:00] WAIT qwen3_4b train=3719725 state=RUNNING for global_step_100
[2026-09-17T21:24:50+08:00] progress done=0/1 pending=1 failed=0
[2026-09-17T21:26:50+08:00] WAIT qwen3_4b train=3719725 state=RUNNING for global_step_100
[2026-09-17T21:26:50+08:00] progress done=0/1 pending=1 failed=0
[2026-09-17T21:28:50+08:00] WAIT qwen3_4b train=3719725 state=RUNNING for global_step_100
[2026-09-17T21:28:50+08:00] progress done=0/1 pending=1 failed=0
[2026-09-17T21:30:50+08:00] WAIT qwen3_4b train=3719725 state=RUNNING for global_step_100
[2026-09-17T21:30:50+08:00] progress done=0/1 pending=1 failed=0
[2026-09-17T21:32:50+08:00] WAIT qwen3_4b train=3719725 state=RUNNING for global_step_100
[2026-09-17T21:32:50+08:00] progress done=0/1 pending=1 failed=0
[2026-09-17T21:34:50+08:00] WAIT qwen3_4b train=3719725 state=RUNNING for global_step_100
[2026-09-17T21:34:50+08:00] progress done=0/1 pending=1 failed=0
[2026-09-17T21:36:50+08:00] WAIT qwen3_4b train=3719725 state=RUNNING for global_step_100
[2026-09-17T21:36:50+08:00] progress done=0/1 pending=1 failed=0
[2026-09-17T21:38:50+08:00] WAIT qwen3_4b train=3719725 state=RUNNING for global_step_100
[2026-09-17T21:38:50+08:00] progress done=0/1 pending=1 failed=0
[2026-09-17T21:40:50+08:00] WAIT qwen3_4b train=3719725 state=RUNNING for global_step_100
[2026-09-17T21:40:50+08:00] progress done=0/1 pending=1 failed=0
[2026-09-17T21:42:50+08:00] WAIT qwen3_4b train=3719725 state=RUNNING for global_step_100
[2026-09-17T21:42:50+08:00] progress done=0/1 pending=1 failed=0
[2026-09-17T21:44:50+08:00] WAIT qwen3_4b train=3719725 state=RUNNING for global_step_100
[2026-09-17T21:44:50+08:00] progress done=0/1 pending=1 failed=0
[2026-09-17T21:46:50+08:00] WAIT qwen3_4b train=3719725 state=RUNNING for global_step_100
[2026-09-17T21:46:50+08:00] progress done=0/1 pending=1 failed=0
[2026-09-17T21:48:50+08:00] WAIT qwen3_4b train=3719725 state=RUNNING for global_step_100
[2026-09-17T21:48:50+08:00] progress done=0/1 pending=1 failed=0
[2026-09-17T21:50:50+08:00] WAIT qwen3_4b train=3719725 state=RUNNING for global_step_100
[2026-09-17T21:50:50+08:00] progress done=0/1 pending=1 failed=0
[2026-09-17T21:52:50+08:00] WAIT qwen3_4b train=3719725 state=RUNNING for global_step_100
[2026-09-17T21:52:50+08:00] progress done=0/1 pending=1 failed=0
[2026-09-17T21:54:50+08:00] WAIT qwen3_4b train=3719725 state=RUNNING for global_step_100
[2026-09-17T21:54:50+08:00] progress done=0/1 pending=1 failed=0
[2026-09-17T21:56:50+08:00] WAIT qwen3_4b train=3719725 state=RUNNING for global_step_100
[2026-09-17T21:56:50+08:00] progress done=0/1 pending=1 failed=0
[2026-09-17T21:58:50+08:00] WAIT qwen3_4b train=3719725 state=RUNNING for global_step_100
[2026-09-17T21:58:50+08:00] progress done=0/1 pending=1 failed=0
[2026-09-17T22:00:50+08:00] WAIT qwen3_4b train=3719725 state=RUNNING for global_step_100
[2026-09-17T22:00:50+08:00] progress done=0/1 pending=1 failed=0
[2026-09-17T22:02:50+08:00] WAIT qwen3_4b train=3719725 state=RUNNING for global_step_100
[2026-09-17T22:02:50+08:00] progress done=0/1 pending=1 failed=0
[2026-09-17T22:04:50+08:00] WAIT qwen3_4b train=3719725 state=RUNNING for global_step_100
[2026-09-17T22:04:50+08:00] progress done=0/1 pending=1 failed=0
[2026-09-17T22:06:50+08:00] WAIT qwen3_4b train=3719725 state=RUNNING for global_step_100
[2026-09-17T22:06:50+08:00] progress done=0/1 pending=1 failed=0
[2026-09-17T22:08:50+08:00] WAIT qwen3_4b train=3719725 state=RUNNING for global_step_100
[2026-09-17T22:08:50+08:00] progress done=0/1 pending=1 failed=0
[2026-09-17T22:10:50+08:00] WAIT qwen3_4b train=3719725 state=RUNNING for global_step_100
[2026-09-17T22:10:50+08:00] progress done=0/1 pending=1 failed=0
[2026-09-17T22:12:50+08:00] WAIT qwen3_4b train=3719725 state=RUNNING for global_step_100
[2026-09-17T22:12:50+08:00] progress done=0/1 pending=1 failed=0
[2026-09-17T22:14:50+08:00] WAIT qwen3_4b train=3719725 state=RUNNING for global_step_100
[2026-09-17T22:14:50+08:00] progress done=0/1 pending=1 failed=0
[2026-09-17T22:16:50+08:00] WAIT qwen3_4b train=3719725 state=RUNNING for global_step_100
[2026-09-17T22:16:50+08:00] progress done=0/1 pending=1 failed=0
[2026-09-17T22:18:50+08:00] WAIT qwen3_4b train=3719725 state=RUNNING for global_step_100
[2026-09-17T22:18:50+08:00] progress done=0/1 pending=1 failed=0
[2026-09-17T22:20:50+08:00] WAIT qwen3_4b train=3719725 state=RUNNING for global_step_100
[2026-09-17T22:20:50+08:00] progress done=0/1 pending=1 failed=0
[2026-09-17T22:22:50+08:00] WAIT qwen3_4b train=3719725 state=RUNNING for global_step_100
[2026-09-17T22:22:50+08:00] progress done=0/1 pending=1 failed=0
[2026-09-17T22:24:50+08:00] WAIT qwen3_4b train=3719725 state=RUNNING for global_step_100
[2026-09-17T22:24:50+08:00] progress done=0/1 pending=1 failed=0
[2026-09-17T22:26:50+08:00] WAIT qwen3_4b train=3719725 state=RUNNING for global_step_100
[2026-09-17T22:26:50+08:00] progress done=0/1 pending=1 failed=0
[2026-09-17T22:28:50+08:00] WAIT qwen3_4b train=3719725 state=RUNNING for global_step_100
[2026-09-17T22:28:50+08:00] progress done=0/1 pending=1 failed=0
[2026-09-17T22:30:50+08:00] WAIT qwen3_4b train=3719725 state=RUNNING for global_step_100
[2026-09-17T22:30:50+08:00] progress done=0/1 pending=1 failed=0
[2026-09-17T22:32:50+08:00] WAIT qwen3_4b train=3719725 state=RUNNING for global_step_100
[2026-09-17T22:32:50+08:00] progress done=0/1 pending=1 failed=0
[2026-09-17T22:34:50+08:00] WAIT qwen3_4b train=3719725 state=RUNNING for global_step_100
[2026-09-17T22:34:50+08:00] progress done=0/1 pending=1 failed=0
[2026-09-17T22:36:50+08:00] WAIT qwen3_4b train=3719725 state=RUNNING for global_step_100
[2026-09-17T22:36:50+08:00] progress done=0/1 pending=1 failed=0
[2026-09-17T22:38:50+08:00] WAIT qwen3_4b train=3719725 state=RUNNING for global_step_100
[2026-09-17T22:38:50+08:00] progress done=0/1 pending=1 failed=0
[2026-09-17T22:40:50+08:00] WAIT qwen3_4b train=3719725 state=RUNNING for global_step_100
[2026-09-17T22:40:50+08:00] progress done=0/1 pending=1 failed=0
[2026-09-17T22:42:50+08:00] WAIT qwen3_4b train=3719725 state=RUNNING for global_step_100
[2026-09-17T22:42:50+08:00] progress done=0/1 pending=1 failed=0
[2026-09-17T22:44:50+08:00] WAIT qwen3_4b train=3719725 state=RUNNING for global_step_100
[2026-09-17T22:44:50+08:00] progress done=0/1 pending=1 failed=0
[2026-09-17T22:46:50+08:00] WAIT qwen3_4b train=3719725 state=RUNNING for global_step_100
[2026-09-17T22:46:50+08:00] progress done=0/1 pending=1 failed=0
[2026-09-17T22:48:50+08:00] WAIT qwen3_4b train=3719725 state=RUNNING for global_step_100
[2026-09-17T22:48:50+08:00] progress done=0/1 pending=1 failed=0
[2026-09-17T22:50:51+08:00] WAIT qwen3_4b train=3719725 state=RUNNING for global_step_100
[2026-09-17T22:50:51+08:00] progress done=0/1 pending=1 failed=0
[2026-09-17T22:52:51+08:00] WAIT qwen3_4b train=3719725 state=RUNNING for global_step_100
[2026-09-17T22:52:51+08:00] progress done=0/1 pending=1 failed=0
[2026-09-17T22:54:51+08:00] WAIT qwen3_4b train=3719725 state=RUNNING for global_step_100
[2026-09-17T22:54:51+08:00] progress done=0/1 pending=1 failed=0
[2026-09-17T22:56:51+08:00] WAIT qwen3_4b train=3719725 state=RUNNING for global_step_100
[2026-09-17T22:56:51+08:00] progress done=0/1 pending=1 failed=0
[2026-09-17T22:58:51+08:00] WAIT qwen3_4b train=3719725 state=RUNNING for global_step_100
[2026-09-17T22:58:51+08:00] progress done=0/1 pending=1 failed=0
[2026-09-17T23:00:51+08:00] WAIT qwen3_4b train=3719725 state=RUNNING for global_step_100
[2026-09-17T23:00:51+08:00] progress done=0/1 pending=1 failed=0
[2026-09-17T23:02:51+08:00] WAIT qwen3_4b train=3719725 state=RUNNING for global_step_100
[2026-09-17T23:02:51+08:00] progress done=0/1 pending=1 failed=0
[2026-09-17T23:04:51+08:00] WAIT qwen3_4b train=3719725 state=RUNNING for global_step_100
[2026-09-17T23:04:51+08:00] progress done=0/1 pending=1 failed=0
[2026-09-17T23:06:51+08:00] WAIT qwen3_4b train=3719725 state=RUNNING for global_step_100
[2026-09-17T23:06:51+08:00] progress done=0/1 pending=1 failed=0
[2026-09-17T23:08:51+08:00] WAIT qwen3_4b train=3719725 state=RUNNING for global_step_100
[2026-09-17T23:08:51+08:00] progress done=0/1 pending=1 failed=0
[2026-09-17T23:10:51+08:00] WAIT qwen3_4b train=3719725 state=RUNNING for global_step_100
[2026-09-17T23:10:51+08:00] progress done=0/1 pending=1 failed=0
[2026-09-17T23:12:51+08:00] WAIT qwen3_4b train=3719725 state=RUNNING for global_step_100
[2026-09-17T23:12:51+08:00] progress done=0/1 pending=1 failed=0
[2026-09-17T23:14:51+08:00] WAIT qwen3_4b train=3719725 state=RUNNING for global_step_100
[2026-09-17T23:14:51+08:00] progress done=0/1 pending=1 failed=0
[2026-09-17T23:16:51+08:00] WAIT qwen3_4b train=3719725 state=RUNNING for global_step_100
[2026-09-17T23:16:51+08:00] progress done=0/1 pending=1 failed=0
[2026-09-17T23:18:51+08:00] WAIT qwen3_4b train=3719725 state=RUNNING for global_step_100
[2026-09-17T23:18:51+08:00] progress done=0/1 pending=1 failed=0
[2026-09-17T23:20:51+08:00] WAIT qwen3_4b train=3719725 state=RUNNING for global_step_100
[2026-09-17T23:20:51+08:00] progress done=0/1 pending=1 failed=0
[2026-09-17T23:22:51+08:00] WAIT qwen3_4b train=3719725 state=RUNNING for global_step_100
[2026-09-17T23:22:51+08:00] progress done=0/1 pending=1 failed=0
[2026-09-17T23:24:51+08:00] WAIT qwen3_4b train=3719725 state=RUNNING for global_step_100
[2026-09-17T23:24:51+08:00] progress done=0/1 pending=1 failed=0
[2026-09-17T23:26:51+08:00] WAIT qwen3_4b train=3719725 state=RUNNING for global_step_100
[2026-09-17T23:26:51+08:00] progress done=0/1 pending=1 failed=0
[2026-09-17T23:28:51+08:00] WAIT qwen3_4b train=3719725 state=RUNNING for global_step_100
[2026-09-17T23:28:51+08:00] progress done=0/1 pending=1 failed=0
[2026-09-17T23:30:51+08:00] WAIT qwen3_4b train=3719725 state=RUNNING for global_step_100
[2026-09-17T23:30:51+08:00] progress done=0/1 pending=1 failed=0
[2026-09-17T23:32:51+08:00] WAIT qwen3_4b train=3719725 state=RUNNING for global_step_100
[2026-09-17T23:32:51+08:00] progress done=0/1 pending=1 failed=0
[2026-09-17T23:34:51+08:00] WAIT qwen3_4b train=3719725 state=RUNNING for global_step_100
[2026-09-17T23:34:51+08:00] progress done=0/1 pending=1 failed=0
