[2026-09-18T10:41:00+08:00] host=a2n17c2 job=3750650 wait_for=3749337 interval=60s
[2026-09-18T10:41:00+08:00] ckpt=/gpfs/share/home/2501210611/opsd_analysis/OPSD_Analysis/outputs/qwen3_4b/grpo_think_4b_omr_int_8gpu_bs64_24k_6400/3719725/global_step_50/actor/hf_merged tag=grpo_omr_int_4b_8gpu_bs64_24k_gs50
[2026-09-18T10:41:00+08:00] HOLD until 3749337 is RUNNING (now PENDING)
[2026-09-18T10:42:00+08:00] HOLD until 3749337 is RUNNING (now PENDING)
[2026-09-18T10:43:00+08:00] HOLD until 3749337 is RUNNING (now PENDING)
[2026-09-18T10:44:00+08:00] HOLD until 3749337 is RUNNING (now PENDING)
[2026-09-18T10:45:00+08:00] HOLD until 3749337 is RUNNING (now PENDING)
[2026-09-18T10:46:00+08:00] HOLD until 3749337 is RUNNING (now PENDING)
[2026-09-18T10:47:00+08:00] HOLD until 3749337 is RUNNING (now PENDING)
[2026-09-18T10:48:00+08:00] HOLD until 3749337 is RUNNING (now PENDING)
[2026-09-18T10:49:00+08:00] HOLD until 3749337 is RUNNING (now PENDING)
[2026-09-18T10:50:00+08:00] HOLD until 3749337 is RUNNING (now PENDING)
[2026-09-18T10:51:00+08:00] HOLD until 3749337 is RUNNING (now PENDING)
[2026-09-18T10:52:00+08:00] HOLD until 3749337 is RUNNING (now PENDING)
[2026-09-18T10:53:00+08:00] HOLD until 3749337 is RUNNING (now PENDING)
[2026-09-18T10:54:00+08:00] HOLD until 3749337 is RUNNING (now PENDING)
[2026-09-18T10:55:00+08:00] HOLD until 3749337 is RUNNING (now PENDING)
[2026-09-18T10:56:00+08:00] HOLD until 3749337 is RUNNING (now PENDING)
[2026-09-18T10:57:00+08:00] HOLD until 3749337 is RUNNING (now PENDING)
[2026-09-18T10:58:00+08:00] HOLD until 3749337 is RUNNING (now PENDING)
[2026-09-18T10:59:00+08:00] HOLD until 3749337 is RUNNING (now PENDING)
[2026-09-18T11:00:00+08:00] HOLD until 3749337 is RUNNING (now PENDING)
[2026-09-18T11:01:00+08:00] HOLD until 3749337 is RUNNING (now PENDING)
[2026-09-18T11:02:00+08:00] HOLD until 3749337 is RUNNING (now PENDING)
[2026-09-18T11:03:00+08:00] HOLD until 3749337 is RUNNING (now PENDING)
[2026-09-18T11:04:00+08:00] HOLD until 3749337 is RUNNING (now PENDING)
[2026-09-18T11:05:00+08:00] HOLD until 3749337 is RUNNING (now PENDING)
[2026-09-18T11:06:00+08:00] HOLD until 3749337 is RUNNING (now PENDING)
[2026-09-18T11:07:00+08:00] HOLD until 3749337 is RUNNING (now PENDING)
[2026-09-18T11:08:00+08:00] HOLD until 3749337 is RUNNING (now PENDING)
[2026-09-18T11:09:00+08:00] HOLD until 3749337 is RUNNING (now PENDING)
[2026-09-18T11:10:00+08:00] HOLD until 3749337 is RUNNING (now PENDING)
[2026-09-18T11:11:00+08:00] HOLD until 3749337 is RUNNING (now PENDING)
[2026-09-18T11:12:00+08:00] HOLD until 3749337 is RUNNING (now PENDING)
[2026-09-18T11:13:00+08:00] HOLD until 3749337 is RUNNING (now PENDING)
[2026-09-18T11:14:00+08:00] HOLD until 3749337 is RUNNING (now PENDING)
[2026-09-18T11:15:00+08:00] HOLD until 3749337 is RUNNING (now PENDING)
[2026-09-18T11:16:00+08:00] HOLD until 3749337 is RUNNING (now PENDING)
[2026-09-18T11:17:00+08:00] HOLD until 3749337 is RUNNING (now PENDING)
[2026-09-18T11:18:00+08:00] HOLD until 3749337 is RUNNING (now PENDING)
[2026-09-18T11:19:00+08:00] HOLD until 3749337 is RUNNING (now PENDING)
[2026-09-18T11:20:00+08:00] HOLD until 3749337 is RUNNING (now PENDING)
[2026-09-18T11:21:00+08:00] HOLD until 3749337 is RUNNING (now PENDING)
[2026-09-18T11:22:00+08:00] WAIT_FOR 3749337 state=RUNNING — submit evals
[2026-09-18T11:22:00+08:00] SUBMIT evals ckpt=/gpfs/share/home/2501210611/opsd_analysis/OPSD_Analysis/outputs/qwen3_4b/grpo_think_4b_omr_int_8gpu_bs64_24k_6400/3719725/global_step_50/actor/hf_merged tag=grpo_omr_int_4b_8gpu_bs64_24k_gs50
sbatch: ╔════════════════════════════════════════════════════════════╗
sbatch: ║ 装置四 - 参数检查脚本
sbatch: ║ Device IV - Parameter Checking Script
sbatch: ╠════════════════════════════════════════════════════════════╣
sbatch: ║ 版本: v1.0.5
sbatch: ║ 时间: 2026-09-18 11:22:00
sbatch: ╚════════════════════════════════════════════════════════════╝
sbatch: [提示] 您可在提交作业时通过-p/--partition参数指定分区，可用逗号分开，指定多个分区，如 -p GPUA800,GPUA800L,GPUA40S
sbatch: [提示] 您可在提交作业时通过--mem(min_mem_per_node)或--mem-per-cpu(min_mem_per_cpu)或--mem-per-gpu(mem_per_tres)参数指定内存
sbatch: [提示] 您可在提交作业时通过-c/--cpus-per-task(cpus_per_task)或者--cpus-per-gpu=(cpus_per_tres)参数指定CPU
sbatch: [提示] 您可在提交作业时通过--gres或-G/--gpus或--gpus-per-node或--gpus-per-socket或--gpus-per-task或--tres-per-task参数指定GPU
sbatch: [提示] 您可在提交作业时通过-n/--ntasks(num_tasks)或--ntasks-per-node或--ntasks-per-socket或--ntasks-per-core或--ntasks-per-gpu参数指定task
sbatch: [提示] 您可在提交作业时通过-N/--nodes参数指定node
sbatch: [提示] 您可在提交作业时通过-t/--time(任务最大运行时限time_limit)或--time-min(任务最少需要运行多久,任务可比最少运行时间提前结束)或参数指定任务时长
sbatch: [装置四->参数检查->多分区] partition: GPUA800,GPUA800S,GPUA800L
sbatch: [装置四->参数检查->内存] min_mem_per_node: 81920
sbatch: [装置四->参数检查->内存] min_mem_per_cpu: 未设置
sbatch: [装置四->参数检查->内存] mem_per_tres: nil MB
sbatch: [装置四->参数检查->CPU] min_cpus: 7
sbatch: [装置四->参数检查->CPU] cpus_per_task: 7
sbatch: [装置四->参数检查->CPU] max_cpus: NO_VAL
sbatch: [装置四->参数检查->CPU] cpus_per_tres: 未设置
sbatch: [装置四->参数检查->gres] gres: gres:gpu:1
sbatch: [装置四->参数检查->gres] tres_per_node: gres:gpu:1
sbatch: [装置四->参数检查->gres] tres_per_task: 未设置
sbatch: [装置四->参数检查->gres] tres_per_socket: 未设置
sbatch: [装置四->参数检查->gres] tres_per_job: 未设置
sbatch: [装置四->参数检查->task] num_tasks: NO_VAL
sbatch: [装置四->参数检查->task] ntasks_per_node: 1
sbatch: [装置四->参数检查->task] ntasks_per_socket: NO_VAL
sbatch: [装置四->参数检查->task] ntasks_per_core: NO_VAL
sbatch: [装置四->参数检查->task] ntasks_per_gpu: NO_VAL
sbatch: [装置四->参数检查->task] ntasks_per_tres: NO_VAL
sbatch: [装置四->参数检查->task] tres_per_task: 未设置
sbatch: [装置四->参数检查->node] min_nodes: 1
sbatch: [装置四->参数检查->node] max_nodes: 1
sbatch: [装置四->参数检查->time] time_limit: 1440 Min
sbatch: [装置四->参数检查->time] time_min: NO_VAL
sbatch: [装置四->参数检查->合理性检查->说明]
sbatch: [装置四->参数检查->合理性检查->说明] 为给大家提供更好的作业运行体验，我们对作业参数进行了合理性检查，方案如下：
sbatch: [装置四->参数检查->合理性检查->说明] 1、任务最大运行时长参数强制要求为必填项(调度算法使用)
sbatch: [装置四->参数检查->合理性检查->说明]    用户必须通过-t/--time参数指定任务最大运行时长，否则作业将被拒绝
sbatch: [装置四->参数检查->合理性检查->说明]    用户可设置的任务最大运行时长，为任务提交到的分区所允许的最大时长
sbatch: [装置四->参数检查->合理性检查->说明] 2、建议用户填写作业预估的最小运行时间(调度算法使用)--time-min，用户填写数量越多，任务调度效率越高
sbatch: [装置四->参数检查->合理性检查->说明] 3、用户填写的参数或未填写的参数，如未特别说明，此拦截脚本不做任何更改，将由slurm默认分配
sbatch: [装置四->参数检查->合理性检查->说明] 4、slurm将根据节点上CPU、内存、GPU等资源按比例分配或按固定数量分配给您提交的任务
sbatch: [装置四->参数检查->合理性检查->说明]    您提交的值ReqTRES，不一定与slurm实际为您分配到的值AllocTRES相同
sbatch: [装置四->参数检查->合理性检查->说明] 5、交互式任务的最大运行时间，已限制为不超过6小时，若在GPU分区运行，最大使用GPU卡数为2张
sbatch: [装置四->参数检查->合理性检查->说明] 6、slurm已开启Slurm Priority Multifactor（官方多因子优先级调度算法），动态调整任务的优先级，以实现更好的作业运行体验
sbatch: [装置四->参数检查->合理性检查->说明]    用户公平因子（Fairshare）：基于用户历史消耗资源 / 运行时长扣分（历史占资源越多，优先级越低）
sbatch: [装置四->参数检查->合理性检查->说明]    资源大小因子（Size Factor）：小任务优先 / 大任务加权可调
sbatch: [装置四->参数检查->合理性检查->说明]    任务等待时长（Age Factor）：排队越久加分，防饥饿
sbatch: [装置四->参数检查->合理性检查->说明]    QOS / 锁定标记区分权重（QOS Factor）：给锁定用户单独 QOS，设置独立权重
sbatch: [装置四->参数检查->合理性检查->说明] 如您执行遇到拦截脚本的问题，请及时反馈，我们会尽快修复！同时也谢谢大家提的宝贵意见
sbatch: [装置四->参数检查->合理性检查->说明]
sbatch: [装置四->参数检查->合理性检查->GPU分区] 当前分区为GPU分区
sbatch: [装置四->参数检查->合理性检查->资源配比->GPU] tres_per_node解析出: 1
sbatch: [装置四->参数检查->合理性检查->资源配比->GPU] tres_per_job解析出: 0 (num_nodes=1)
sbatch: [装置四->参数检查->合理性检查->资源配比->GPU] tres_per_socket解析出: 0
sbatch: [装置四->参数检查->合理性检查->资源配比->GPU] tres_per_task解析出: 0
sbatch: [装置四->参数检查->合理性检查->资源配比->CPU] 从cpus_per_task获取: 7
sbatch: [装置四->参数检查->合理性检查->资源配比->内存] 从min_mem_per_node获取: 81920
sbatch: [装置四->参数检查->合理性检查->GPU资源配比] num_nodes: 1
sbatch: [装置四->参数检查->合理性检查->GPU资源配比] num_cpus_per_node: 7
sbatch: [装置四->参数检查->合理性检查->GPU资源配比] num_mems_per_node: 81920
sbatch: [装置四->参数检查->合理性检查->GPU资源配比] mem_per_cpu: 11702.857142857 MB
sbatch: [装置四->参数检查->合理性检查->GPU资源配比] 分区 GPUA800 的 DefMemPerCPU: 16093 MB
sbatch: [装置四->参数检查->合理性检查->GPU资源配比] 分区 GPUA800 检查通过：mem_per_cpu(11702.857142857 MB) <= DefMemPerCPU(16093 MB)
sbatch: [装置四->参数检查->合理性检查->GPU资源配比] 分区 GPUA800S 的 DefMemPerCPU: 16093 MB
sbatch: [装置四->参数检查->合理性检查->GPU资源配比] 分区 GPUA800S 检查通过：mem_per_cpu(11702.857142857 MB) <= DefMemPerCPU(16093 MB)
sbatch: [装置四->参数检查->合理性检查->GPU资源配比] 分区 GPUA800L 的 DefMemPerCPU: 16093 MB
sbatch: [装置四->参数检查->合理性检查->GPU资源配比] 分区 GPUA800L 检查通过：mem_per_cpu(11702.857142857 MB) <= DefMemPerCPU(16093 MB)
sbatch: [装置四->参数检查->合理性检查->GPU资源配比] cpu_per_gpu: 7
sbatch: [装置四->参数检查->合理性检查->GPU资源配比] 分区 GPUA800 的 DefCpuPerGPU: 7
sbatch: [装置四->参数检查->合理性检查->GPU资源配比] 分区 GPUA800 检查通过：cpu_per_gpu(7) <= DefCpuPerGPU(7)
sbatch: [装置四->参数检查->合理性检查->GPU资源配比] 分区 GPUA800S 的 DefCpuPerGPU: 7
sbatch: [装置四->参数检查->合理性检查->GPU资源配比] 分区 GPUA800S 检查通过：cpu_per_gpu(7) <= DefCpuPerGPU(7)
sbatch: [装置四->参数检查->合理性检查->GPU资源配比] 分区 GPUA800L 的 DefCpuPerGPU: 7
sbatch: [装置四->参数检查->合理性检查->GPU资源配比] 分区 GPUA800L 检查通过：cpu_per_gpu(7) <= DefCpuPerGPU(7)
sbatch: [装置四->参数检查->合理性检查->GPU资源配比] mem_per_gpu: 81920 MB
sbatch: [装置四->参数检查->合理性检查->GPU资源配比] 分区 GPUA800 的 DefCpuPerGPU: 7, DefMemPerCPU: 16093 MB, DefMemPerGPU: 112651 MB
sbatch: [装置四->参数检查->合理性检查->GPU资源配比] 分区 GPUA800 检查通过：mem_per_gpu(81920 MB) 在 [0 MB, 112651 MB] 范围内
sbatch: [装置四->参数检查->合理性检查->GPU资源配比] 分区 GPUA800S 的 DefCpuPerGPU: 7, DefMemPerCPU: 16093 MB, DefMemPerGPU: 112651 MB
sbatch: [装置四->参数检查->合理性检查->GPU资源配比] 分区 GPUA800S 检查通过：mem_per_gpu(81920 MB) 在 [0 MB, 112651 MB] 范围内
sbatch: [装置四->参数检查->合理性检查->GPU资源配比] 分区 GPUA800L 的 DefCpuPerGPU: 7, DefMemPerCPU: 16093 MB, DefMemPerGPU: 112651 MB
sbatch: [装置四->参数检查->合理性检查->GPU资源配比] 分区 GPUA800L 检查通过：mem_per_gpu(81920 MB) 在 [0 MB, 112651 MB] 范围内
sbatch: [装置四->参数检查->合理性检查->GPU资源配比] 检查通过，最终资源以slurm自动分配结果为准
sbatch: ╔════════════════════════════════════════════════════════════╗
sbatch: ║ 参数检查完成
sbatch: ║ All Checks Passed
sbatch: ╚════════════════════════════════════════════════════════════╝
[2026-09-18T11:22:00+08:00] SUBMITTED eval_array=3751032 tasks=0-3
[2026-09-18T11:22:00+08:00] stamp=/gpfs/share/home/2501210611/opsd_analysis/OPSD_Analysis/log/train/rl/qwen3_4b_think/watch_state/qwen3_4b_3719725_gs50.submitted
[2026-09-18T11:22:00+08:00] watch_gs50 finished
