[watch-slurm] host=a3n05c2 job=3706470
[watch-slurm] manifest=/gpfs/share/home/2501210611/opsd_analysis/OPSD_Analysis/log/train/rl/qwen3_4b_think/watch_grpo_latest.tsv
[watch-slurm] interval=120s post_done_wait=90s
[2026-09-16T16:03:53+08:00] host=a3n05c2 job=3706470 interval=120s post_wait=90s
[2026-09-16T16:03:53+08:00] manifest=/gpfs/share/home/2501210611/opsd_analysis/OPSD_Analysis/log/train/rl/qwen3_4b_think/watch_grpo_latest.tsv rows=1
[2026-09-16T16:03:53+08:00] WAIT qwen3_4b train=3706469 state=PENDING for global_step_100
[2026-09-16T16:03:53+08:00] progress done=0/1 pending=1 failed=0
[2026-09-16T16:05:53+08:00] WAIT qwen3_4b train=3706469 state=PENDING for global_step_100
[2026-09-16T16:05:53+08:00] progress done=0/1 pending=1 failed=0
[2026-09-16T16:07:53+08:00] WAIT qwen3_4b train=3706469 state=PENDING for global_step_100
[2026-09-16T16:07:53+08:00] progress done=0/1 pending=1 failed=0
[2026-09-16T16:09:53+08:00] WAIT qwen3_4b train=3706469 state=PENDING for global_step_100
[2026-09-16T16:09:53+08:00] progress done=0/1 pending=1 failed=0
[2026-09-16T16:11:53+08:00] WAIT qwen3_4b train=3706469 state=PENDING for global_step_100
[2026-09-16T16:11:53+08:00] progress done=0/1 pending=1 failed=0
[2026-09-16T16:13:53+08:00] WAIT qwen3_4b train=3706469 state=PENDING for global_step_100
[2026-09-16T16:13:53+08:00] progress done=0/1 pending=1 failed=0
[2026-09-16T16:15:53+08:00] WAIT qwen3_4b train=3706469 state=PENDING for global_step_100
[2026-09-16T16:15:53+08:00] progress done=0/1 pending=1 failed=0
[2026-09-16T16:17:53+08:00] WAIT qwen3_4b train=3706469 state=PENDING for global_step_100
[2026-09-16T16:17:53+08:00] progress done=0/1 pending=1 failed=0
[2026-09-16T16:19:53+08:00] WAIT qwen3_4b train=3706469 state=PENDING for global_step_100
[2026-09-16T16:19:53+08:00] progress done=0/1 pending=1 failed=0
[2026-09-16T16:21:53+08:00] WAIT qwen3_4b train=3706469 state=PENDING for global_step_100
[2026-09-16T16:21:53+08:00] progress done=0/1 pending=1 failed=0
[2026-09-16T16:23:53+08:00] WAIT qwen3_4b train=3706469 state=PENDING for global_step_100
[2026-09-16T16:23:53+08:00] progress done=0/1 pending=1 failed=0
[2026-09-16T16:25:53+08:00] WAIT qwen3_4b train=3706469 state=PENDING for global_step_100
[2026-09-16T16:25:53+08:00] progress done=0/1 pending=1 failed=0
[2026-09-16T16:27:53+08:00] WAIT qwen3_4b train=3706469 state=PENDING for global_step_100
[2026-09-16T16:27:53+08:00] progress done=0/1 pending=1 failed=0
[2026-09-16T16:29:53+08:00] WAIT qwen3_4b train=3706469 state=PENDING for global_step_100
[2026-09-16T16:29:53+08:00] progress done=0/1 pending=1 failed=0
[2026-09-16T16:31:53+08:00] WAIT qwen3_4b train=3706469 state=PENDING for global_step_100
[2026-09-16T16:31:53+08:00] progress done=0/1 pending=1 failed=0
[2026-09-16T16:33:53+08:00] WAIT qwen3_4b train=3706469 state=PENDING for global_step_100
[2026-09-16T16:33:53+08:00] progress done=0/1 pending=1 failed=0
[2026-09-16T16:35:53+08:00] WAIT qwen3_4b train=3706469 state=PENDING for global_step_100
[2026-09-16T16:35:53+08:00] progress done=0/1 pending=1 failed=0
[2026-09-16T16:37:53+08:00] WAIT qwen3_4b train=3706469 state=PENDING for global_step_100
[2026-09-16T16:37:53+08:00] progress done=0/1 pending=1 failed=0
[2026-09-16T16:39:53+08:00] WAIT qwen3_4b train=3706469 state=PENDING for global_step_100
[2026-09-16T16:39:53+08:00] progress done=0/1 pending=1 failed=0
[2026-09-16T16:41:53+08:00] WAIT qwen3_4b train=3706469 state=PENDING for global_step_100
[2026-09-16T16:41:53+08:00] progress done=0/1 pending=1 failed=0
[2026-09-16T16:43:53+08:00] WAIT qwen3_4b train=3706469 state=PENDING for global_step_100
[2026-09-16T16:43:53+08:00] progress done=0/1 pending=1 failed=0
[2026-09-16T16:45:53+08:00] WAIT qwen3_4b train=3706469 state=PENDING for global_step_100
[2026-09-16T16:45:53+08:00] progress done=0/1 pending=1 failed=0
[2026-09-16T16:47:53+08:00] WAIT qwen3_4b train=3706469 state=PENDING for global_step_100
[2026-09-16T16:47:53+08:00] progress done=0/1 pending=1 failed=0
[2026-09-16T16:49:53+08:00] WAIT qwen3_4b train=3706469 state=PENDING for global_step_100
[2026-09-16T16:49:53+08:00] progress done=0/1 pending=1 failed=0
[2026-09-16T16:51:53+08:00] WAIT qwen3_4b train=3706469 state=PENDING for global_step_100
[2026-09-16T16:51:53+08:00] progress done=0/1 pending=1 failed=0
[2026-09-16T16:53:53+08:00] WAIT qwen3_4b train=3706469 state=PENDING for global_step_100
[2026-09-16T16:53:53+08:00] progress done=0/1 pending=1 failed=0
[2026-09-16T16:55:53+08:00] WAIT qwen3_4b train=3706469 state=PENDING for global_step_100
[2026-09-16T16:55:53+08:00] progress done=0/1 pending=1 failed=0
[2026-09-16T16:57:53+08:00] WAIT qwen3_4b train=3706469 state=PENDING for global_step_100
[2026-09-16T16:57:53+08:00] progress done=0/1 pending=1 failed=0
[2026-09-16T16:59:53+08:00] WAIT qwen3_4b train=3706469 state=PENDING for global_step_100
[2026-09-16T16:59:53+08:00] progress done=0/1 pending=1 failed=0
[2026-09-16T17:01:53+08:00] WAIT qwen3_4b train=3706469 state=PENDING for global_step_100
[2026-09-16T17:01:53+08:00] progress done=0/1 pending=1 failed=0
[2026-09-16T17:03:53+08:00] WAIT qwen3_4b train=3706469 state=PENDING for global_step_100
[2026-09-16T17:03:53+08:00] progress done=0/1 pending=1 failed=0
[2026-09-16T17:05:53+08:00] WAIT qwen3_4b train=3706469 state=PENDING for global_step_100
[2026-09-16T17:05:53+08:00] progress done=0/1 pending=1 failed=0
[2026-09-16T17:07:53+08:00] WAIT qwen3_4b train=3706469 state=PENDING for global_step_100
[2026-09-16T17:07:53+08:00] progress done=0/1 pending=1 failed=0
[2026-09-16T17:09:53+08:00] WAIT qwen3_4b train=3706469 state=PENDING for global_step_100
[2026-09-16T17:09:53+08:00] progress done=0/1 pending=1 failed=0
[2026-09-16T17:11:53+08:00] WAIT qwen3_4b train=3706469 state=PENDING for global_step_100
[2026-09-16T17:11:53+08:00] progress done=0/1 pending=1 failed=0
[2026-09-16T17:13:53+08:00] WAIT qwen3_4b train=3706469 state=PENDING for global_step_100
[2026-09-16T17:13:53+08:00] progress done=0/1 pending=1 failed=0
[2026-09-16T17:15:53+08:00] WAIT qwen3_4b train=3706469 state=PENDING for global_step_100
[2026-09-16T17:15:53+08:00] progress done=0/1 pending=1 failed=0
[2026-09-16T17:17:53+08:00] WAIT qwen3_4b train=3706469 state=PENDING for global_step_100
[2026-09-16T17:17:53+08:00] progress done=0/1 pending=1 failed=0
[2026-09-16T17:19:53+08:00] WAIT qwen3_4b train=3706469 state=PENDING for global_step_100
[2026-09-16T17:19:53+08:00] progress done=0/1 pending=1 failed=0
[2026-09-16T17:21:53+08:00] WAIT qwen3_4b train=3706469 state=PENDING for global_step_100
[2026-09-16T17:21:53+08:00] progress done=0/1 pending=1 failed=0
[2026-09-16T17:23:53+08:00] WAIT qwen3_4b train=3706469 state=PENDING for global_step_100
[2026-09-16T17:23:53+08:00] progress done=0/1 pending=1 failed=0
[2026-09-16T17:25:53+08:00] WAIT qwen3_4b train=3706469 state=PENDING for global_step_100
[2026-09-16T17:25:53+08:00] progress done=0/1 pending=1 failed=0
[2026-09-16T17:27:53+08:00] WAIT qwen3_4b train=3706469 state=PENDING for global_step_100
[2026-09-16T17:27:53+08:00] progress done=0/1 pending=1 failed=0
[2026-09-16T17:29:53+08:00] WAIT qwen3_4b train=3706469 state=PENDING for global_step_100
[2026-09-16T17:29:53+08:00] progress done=0/1 pending=1 failed=0
[2026-09-16T17:31:53+08:00] WAIT qwen3_4b train=3706469 state=PENDING for global_step_100
[2026-09-16T17:31:53+08:00] progress done=0/1 pending=1 failed=0
[2026-09-16T17:33:53+08:00] WAIT qwen3_4b train=3706469 state=PENDING for global_step_100
[2026-09-16T17:33:53+08:00] progress done=0/1 pending=1 failed=0
[2026-09-16T17:35:53+08:00] WAIT qwen3_4b train=3706469 state=PENDING for global_step_100
[2026-09-16T17:35:53+08:00] progress done=0/1 pending=1 failed=0
[2026-09-16T17:37:53+08:00] WAIT qwen3_4b train=3706469 state=PENDING for global_step_100
[2026-09-16T17:37:53+08:00] progress done=0/1 pending=1 failed=0
[2026-09-16T17:39:53+08:00] WAIT qwen3_4b train=3706469 state=PENDING for global_step_100
[2026-09-16T17:39:53+08:00] progress done=0/1 pending=1 failed=0
[2026-09-16T17:41:53+08:00] WAIT qwen3_4b train=3706469 state=PENDING for global_step_100
[2026-09-16T17:41:53+08:00] progress done=0/1 pending=1 failed=0
[2026-09-16T17:43:53+08:00] WAIT qwen3_4b train=3706469 state=PENDING for global_step_100
[2026-09-16T17:43:53+08:00] progress done=0/1 pending=1 failed=0
[2026-09-16T17:45:53+08:00] WAIT qwen3_4b train=3706469 state=PENDING for global_step_100
[2026-09-16T17:45:53+08:00] progress done=0/1 pending=1 failed=0
[2026-09-16T17:47:53+08:00] WAIT qwen3_4b train=3706469 state=PENDING for global_step_100
[2026-09-16T17:47:53+08:00] progress done=0/1 pending=1 failed=0
[2026-09-16T17:49:53+08:00] WAIT qwen3_4b train=3706469 state=PENDING for global_step_100
[2026-09-16T17:49:53+08:00] progress done=0/1 pending=1 failed=0
[2026-09-16T17:51:53+08:00] WAIT qwen3_4b train=3706469 state=PENDING for global_step_100
[2026-09-16T17:51:53+08:00] progress done=0/1 pending=1 failed=0
[2026-09-16T17:53:53+08:00] WAIT qwen3_4b train=3706469 state=PENDING for global_step_100
[2026-09-16T17:53:53+08:00] progress done=0/1 pending=1 failed=0
[2026-09-16T17:55:53+08:00] WAIT qwen3_4b train=3706469 state=PENDING for global_step_100
[2026-09-16T17:55:53+08:00] progress done=0/1 pending=1 failed=0
[2026-09-16T17:57:54+08:00] WAIT qwen3_4b train=3706469 state=PENDING for global_step_100
[2026-09-16T17:57:54+08:00] progress done=0/1 pending=1 failed=0
[2026-09-16T17:59:54+08:00] WAIT qwen3_4b train=3706469 state=PENDING for global_step_100
[2026-09-16T17:59:54+08:00] progress done=0/1 pending=1 failed=0
[2026-09-16T18:01:54+08:00] WAIT qwen3_4b train=3706469 state=PENDING for global_step_100
[2026-09-16T18:01:54+08:00] progress done=0/1 pending=1 failed=0
[2026-09-16T18:03:54+08:00] WAIT qwen3_4b train=3706469 state=PENDING for global_step_100
[2026-09-16T18:03:54+08:00] progress done=0/1 pending=1 failed=0
[2026-09-16T18:05:54+08:00] WAIT qwen3_4b train=3706469 state=PENDING for global_step_100
[2026-09-16T18:05:54+08:00] progress done=0/1 pending=1 failed=0
[2026-09-16T18:07:54+08:00] WAIT qwen3_4b train=3706469 state=PENDING for global_step_100
[2026-09-16T18:07:54+08:00] progress done=0/1 pending=1 failed=0
[2026-09-16T18:09:54+08:00] WAIT qwen3_4b train=3706469 state=PENDING for global_step_100
[2026-09-16T18:09:54+08:00] progress done=0/1 pending=1 failed=0
[2026-09-16T18:11:54+08:00] WAIT qwen3_4b train=3706469 state=PENDING for global_step_100
[2026-09-16T18:11:54+08:00] progress done=0/1 pending=1 failed=0
[2026-09-16T18:13:54+08:00] WAIT qwen3_4b train=3706469 state=PENDING for global_step_100
[2026-09-16T18:13:54+08:00] progress done=0/1 pending=1 failed=0
[2026-09-16T18:15:54+08:00] WAIT qwen3_4b train=3706469 state=PENDING for global_step_100
[2026-09-16T18:15:54+08:00] progress done=0/1 pending=1 failed=0
[2026-09-16T18:17:54+08:00] WAIT qwen3_4b train=3706469 state=PENDING for global_step_100
[2026-09-16T18:17:54+08:00] progress done=0/1 pending=1 failed=0
[2026-09-16T18:19:54+08:00] WAIT qwen3_4b train=3706469 state=PENDING for global_step_100
[2026-09-16T18:19:54+08:00] progress done=0/1 pending=1 failed=0
[2026-09-16T18:21:54+08:00] WAIT qwen3_4b train=3706469 state=PENDING for global_step_100
[2026-09-16T18:21:54+08:00] progress done=0/1 pending=1 failed=0
[2026-09-16T18:23:54+08:00] WAIT qwen3_4b train=3706469 state=PENDING for global_step_100
[2026-09-16T18:23:54+08:00] progress done=0/1 pending=1 failed=0
[2026-09-16T18:25:54+08:00] WAIT qwen3_4b train=3706469 state=PENDING for global_step_100
[2026-09-16T18:25:54+08:00] progress done=0/1 pending=1 failed=0
[2026-09-16T18:27:54+08:00] WAIT qwen3_4b train=3706469 state=PENDING for global_step_100
[2026-09-16T18:27:54+08:00] progress done=0/1 pending=1 failed=0
[2026-09-16T18:29:54+08:00] WAIT qwen3_4b train=3706469 state=PENDING for global_step_100
[2026-09-16T18:29:54+08:00] progress done=0/1 pending=1 failed=0
[2026-09-16T18:31:54+08:00] WAIT qwen3_4b train=3706469 state=PENDING for global_step_100
[2026-09-16T18:31:54+08:00] progress done=0/1 pending=1 failed=0
[2026-09-16T18:33:54+08:00] WAIT qwen3_4b train=3706469 state=PENDING for global_step_100
[2026-09-16T18:33:54+08:00] progress done=0/1 pending=1 failed=0
[2026-09-16T18:35:54+08:00] WAIT qwen3_4b train=3706469 state=PENDING for global_step_100
[2026-09-16T18:35:54+08:00] progress done=0/1 pending=1 failed=0
[2026-09-16T18:37:54+08:00] WAIT qwen3_4b train=3706469 state=PENDING for global_step_100
[2026-09-16T18:37:54+08:00] progress done=0/1 pending=1 failed=0
[2026-09-16T18:39:54+08:00] WAIT qwen3_4b train=3706469 state=PENDING for global_step_100
[2026-09-16T18:39:54+08:00] progress done=0/1 pending=1 failed=0
[2026-09-16T18:41:54+08:00] WAIT qwen3_4b train=3706469 state=PENDING for global_step_100
[2026-09-16T18:41:54+08:00] progress done=0/1 pending=1 failed=0
[2026-09-16T18:43:54+08:00] WAIT qwen3_4b train=3706469 state=PENDING for global_step_100
[2026-09-16T18:43:54+08:00] progress done=0/1 pending=1 failed=0
[2026-09-16T18:45:54+08:00] WAIT qwen3_4b train=3706469 state=PENDING for global_step_100
[2026-09-16T18:45:54+08:00] progress done=0/1 pending=1 failed=0
[2026-09-16T18:47:54+08:00] WAIT qwen3_4b train=3706469 state=PENDING for global_step_100
[2026-09-16T18:47:54+08:00] progress done=0/1 pending=1 failed=0
[2026-09-16T18:49:54+08:00] WAIT qwen3_4b train=3706469 state=PENDING for global_step_100
[2026-09-16T18:49:54+08:00] progress done=0/1 pending=1 failed=0
[2026-09-16T18:51:54+08:00] WAIT qwen3_4b train=3706469 state=PENDING for global_step_100
[2026-09-16T18:51:54+08:00] progress done=0/1 pending=1 failed=0
[2026-09-16T18:53:54+08:00] WAIT qwen3_4b train=3706469 state=PENDING for global_step_100
[2026-09-16T18:53:54+08:00] progress done=0/1 pending=1 failed=0
[2026-09-16T18:55:54+08:00] WAIT qwen3_4b train=3706469 state=PENDING for global_step_100
[2026-09-16T18:55:54+08:00] progress done=0/1 pending=1 failed=0
[2026-09-16T18:57:54+08:00] WAIT qwen3_4b train=3706469 state=PENDING for global_step_100
[2026-09-16T18:57:54+08:00] progress done=0/1 pending=1 failed=0
[2026-09-16T18:59:54+08:00] WAIT qwen3_4b train=3706469 state=PENDING for global_step_100
[2026-09-16T18:59:54+08:00] progress done=0/1 pending=1 failed=0
[2026-09-16T19:01:54+08:00] WAIT qwen3_4b train=3706469 state=PENDING for global_step_100
[2026-09-16T19:01:54+08:00] progress done=0/1 pending=1 failed=0
[2026-09-16T19:03:54+08:00] WAIT qwen3_4b train=3706469 state=PENDING for global_step_100
[2026-09-16T19:03:54+08:00] progress done=0/1 pending=1 failed=0
[2026-09-16T19:05:54+08:00] WAIT qwen3_4b train=3706469 state=PENDING for global_step_100
[2026-09-16T19:05:54+08:00] progress done=0/1 pending=1 failed=0
[2026-09-16T19:07:54+08:00] WAIT qwen3_4b train=3706469 state=PENDING for global_step_100
[2026-09-16T19:07:54+08:00] progress done=0/1 pending=1 failed=0
[2026-09-16T19:09:54+08:00] WAIT qwen3_4b train=3706469 state=PENDING for global_step_100
[2026-09-16T19:09:54+08:00] progress done=0/1 pending=1 failed=0
[2026-09-16T19:11:54+08:00] WAIT qwen3_4b train=3706469 state=PENDING for global_step_100
[2026-09-16T19:11:54+08:00] progress done=0/1 pending=1 failed=0
[2026-09-16T19:13:54+08:00] WAIT qwen3_4b train=3706469 state=PENDING for global_step_100
[2026-09-16T19:13:54+08:00] progress done=0/1 pending=1 failed=0
[2026-09-16T19:15:54+08:00] WAIT qwen3_4b train=3706469 state=PENDING for global_step_100
[2026-09-16T19:15:54+08:00] progress done=0/1 pending=1 failed=0
[2026-09-16T19:17:54+08:00] WAIT qwen3_4b train=3706469 state=PENDING for global_step_100
[2026-09-16T19:17:54+08:00] progress done=0/1 pending=1 failed=0
[2026-09-16T19:19:54+08:00] WAIT qwen3_4b train=3706469 state=PENDING for global_step_100
[2026-09-16T19:19:54+08:00] progress done=0/1 pending=1 failed=0
[2026-09-16T19:21:54+08:00] WAIT qwen3_4b train=3706469 state=PENDING for global_step_100
[2026-09-16T19:21:54+08:00] progress done=0/1 pending=1 failed=0
[2026-09-16T19:23:54+08:00] WAIT qwen3_4b train=3706469 state=PENDING for global_step_100
[2026-09-16T19:23:54+08:00] progress done=0/1 pending=1 failed=0
[2026-09-16T19:25:54+08:00] WAIT qwen3_4b train=3706469 state=PENDING for global_step_100
[2026-09-16T19:25:54+08:00] progress done=0/1 pending=1 failed=0
[2026-09-16T19:27:54+08:00] WAIT qwen3_4b train=3706469 state=PENDING for global_step_100
[2026-09-16T19:27:54+08:00] progress done=0/1 pending=1 failed=0
[2026-09-16T19:29:54+08:00] WAIT qwen3_4b train=3706469 state=PENDING for global_step_100
[2026-09-16T19:29:54+08:00] progress done=0/1 pending=1 failed=0
[2026-09-16T19:31:54+08:00] WAIT qwen3_4b train=3706469 state=PENDING for global_step_100
[2026-09-16T19:31:54+08:00] progress done=0/1 pending=1 failed=0
[2026-09-16T19:33:54+08:00] WAIT qwen3_4b train=3706469 state=PENDING for global_step_100
[2026-09-16T19:33:54+08:00] progress done=0/1 pending=1 failed=0
[2026-09-16T19:35:54+08:00] WAIT qwen3_4b train=3706469 state=PENDING for global_step_100
[2026-09-16T19:35:54+08:00] progress done=0/1 pending=1 failed=0
[2026-09-16T19:37:54+08:00] WAIT qwen3_4b train=3706469 state=PENDING for global_step_100
[2026-09-16T19:37:54+08:00] progress done=0/1 pending=1 failed=0
[2026-09-16T19:39:54+08:00] WAIT qwen3_4b train=3706469 state=PENDING for global_step_100
[2026-09-16T19:39:54+08:00] progress done=0/1 pending=1 failed=0
[2026-09-16T19:41:54+08:00] WAIT qwen3_4b train=3706469 state=PENDING for global_step_100
[2026-09-16T19:41:54+08:00] progress done=0/1 pending=1 failed=0
[2026-09-16T19:43:54+08:00] WAIT qwen3_4b train=3706469 state=PENDING for global_step_100
[2026-09-16T19:43:54+08:00] progress done=0/1 pending=1 failed=0
[2026-09-16T19:45:54+08:00] WAIT qwen3_4b train=3706469 state=PENDING for global_step_100
[2026-09-16T19:45:54+08:00] progress done=0/1 pending=1 failed=0
[2026-09-16T19:47:54+08:00] WAIT qwen3_4b train=3706469 state=PENDING for global_step_100
[2026-09-16T19:47:54+08:00] progress done=0/1 pending=1 failed=0
[2026-09-16T19:49:54+08:00] WAIT qwen3_4b train=3706469 state=PENDING for global_step_100
[2026-09-16T19:49:54+08:00] progress done=0/1 pending=1 failed=0
[2026-09-16T19:51:54+08:00] WAIT qwen3_4b train=3706469 state=PENDING for global_step_100
[2026-09-16T19:51:54+08:00] progress done=0/1 pending=1 failed=0
[2026-09-16T19:53:54+08:00] WAIT qwen3_4b train=3706469 state=PENDING for global_step_100
[2026-09-16T19:53:54+08:00] progress done=0/1 pending=1 failed=0
[2026-09-16T19:55:54+08:00] WAIT qwen3_4b train=3706469 state=PENDING for global_step_100
[2026-09-16T19:55:54+08:00] progress done=0/1 pending=1 failed=0
[2026-09-16T19:57:54+08:00] WAIT qwen3_4b train=3706469 state=PENDING for global_step_100
[2026-09-16T19:57:54+08:00] progress done=0/1 pending=1 failed=0
[2026-09-16T19:59:54+08:00] WAIT qwen3_4b train=3706469 state=PENDING for global_step_100
[2026-09-16T19:59:54+08:00] progress done=0/1 pending=1 failed=0
[2026-09-16T20:01:54+08:00] WAIT qwen3_4b train=3706469 state=PENDING for global_step_100
[2026-09-16T20:01:54+08:00] progress done=0/1 pending=1 failed=0
[2026-09-16T20:03:54+08:00] WAIT qwen3_4b train=3706469 state=PENDING for global_step_100
[2026-09-16T20:03:54+08:00] progress done=0/1 pending=1 failed=0
[2026-09-16T20:05:54+08:00] WAIT qwen3_4b train=3706469 state=PENDING for global_step_100
[2026-09-16T20:05:54+08:00] progress done=0/1 pending=1 failed=0
[2026-09-16T20:07:54+08:00] WAIT qwen3_4b train=3706469 state=PENDING for global_step_100
[2026-09-16T20:07:54+08:00] progress done=0/1 pending=1 failed=0
[2026-09-16T20:09:54+08:00] WAIT qwen3_4b train=3706469 state=PENDING for global_step_100
[2026-09-16T20:09:54+08:00] progress done=0/1 pending=1 failed=0
[2026-09-16T20:11:54+08:00] WAIT qwen3_4b train=3706469 state=PENDING for global_step_100
[2026-09-16T20:11:54+08:00] progress done=0/1 pending=1 failed=0
[2026-09-16T20:13:54+08:00] WAIT qwen3_4b train=3706469 state=PENDING for global_step_100
[2026-09-16T20:13:54+08:00] progress done=0/1 pending=1 failed=0
[2026-09-16T20:15:54+08:00] WAIT qwen3_4b train=3706469 state=PENDING for global_step_100
[2026-09-16T20:15:54+08:00] progress done=0/1 pending=1 failed=0
[2026-09-16T20:17:54+08:00] WAIT qwen3_4b train=3706469 state=PENDING for global_step_100
[2026-09-16T20:17:54+08:00] progress done=0/1 pending=1 failed=0
[2026-09-16T20:19:54+08:00] WAIT qwen3_4b train=3706469 state=PENDING for global_step_100
[2026-09-16T20:19:54+08:00] progress done=0/1 pending=1 failed=0
[2026-09-16T20:21:54+08:00] WAIT qwen3_4b train=3706469 state=PENDING for global_step_100
[2026-09-16T20:21:54+08:00] progress done=0/1 pending=1 failed=0
[2026-09-16T20:23:54+08:00] WAIT qwen3_4b train=3706469 state=PENDING for global_step_100
[2026-09-16T20:23:54+08:00] progress done=0/1 pending=1 failed=0
[2026-09-16T20:25:54+08:00] WAIT qwen3_4b train=3706469 state=PENDING for global_step_100
[2026-09-16T20:25:54+08:00] progress done=0/1 pending=1 failed=0
[2026-09-16T20:27:54+08:00] WAIT qwen3_4b train=3706469 state=PENDING for global_step_100
[2026-09-16T20:27:54+08:00] progress done=0/1 pending=1 failed=0
[2026-09-16T20:29:54+08:00] WAIT qwen3_4b train=3706469 state=PENDING for global_step_100
[2026-09-16T20:29:54+08:00] progress done=0/1 pending=1 failed=0
[2026-09-16T20:31:54+08:00] WAIT qwen3_4b train=3706469 state=PENDING for global_step_100
[2026-09-16T20:31:54+08:00] progress done=0/1 pending=1 failed=0
[2026-09-16T20:33:54+08:00] WAIT qwen3_4b train=3706469 state=PENDING for global_step_100
[2026-09-16T20:33:54+08:00] progress done=0/1 pending=1 failed=0
[2026-09-16T20:35:54+08:00] WAIT qwen3_4b train=3706469 state=PENDING for global_step_100
[2026-09-16T20:35:54+08:00] progress done=0/1 pending=1 failed=0
[2026-09-16T20:37:54+08:00] WAIT qwen3_4b train=3706469 state=PENDING for global_step_100
[2026-09-16T20:37:54+08:00] progress done=0/1 pending=1 failed=0
[2026-09-16T20:39:54+08:00] WAIT qwen3_4b train=3706469 state=PENDING for global_step_100
[2026-09-16T20:39:54+08:00] progress done=0/1 pending=1 failed=0
[2026-09-16T20:41:54+08:00] WAIT qwen3_4b train=3706469 state=PENDING for global_step_100
[2026-09-16T20:41:54+08:00] progress done=0/1 pending=1 failed=0
[2026-09-16T20:43:54+08:00] WAIT qwen3_4b train=3706469 state=PENDING for global_step_100
[2026-09-16T20:43:54+08:00] progress done=0/1 pending=1 failed=0
[2026-09-16T20:45:54+08:00] WAIT qwen3_4b train=3706469 state=PENDING for global_step_100
[2026-09-16T20:45:54+08:00] progress done=0/1 pending=1 failed=0
[2026-09-16T20:47:54+08:00] WAIT qwen3_4b train=3706469 state=PENDING for global_step_100
[2026-09-16T20:47:54+08:00] progress done=0/1 pending=1 failed=0
[2026-09-16T20:49:54+08:00] WAIT qwen3_4b train=3706469 state=PENDING for global_step_100
[2026-09-16T20:49:54+08:00] progress done=0/1 pending=1 failed=0
[2026-09-16T20:51:54+08:00] WAIT qwen3_4b train=3706469 state=PENDING for global_step_100
[2026-09-16T20:51:54+08:00] progress done=0/1 pending=1 failed=0
[2026-09-16T20:53:54+08:00] WAIT qwen3_4b train=3706469 state=PENDING for global_step_100
[2026-09-16T20:53:54+08:00] progress done=0/1 pending=1 failed=0
[2026-09-16T20:55:54+08:00] WAIT qwen3_4b train=3706469 state=PENDING for global_step_100
[2026-09-16T20:55:54+08:00] progress done=0/1 pending=1 failed=0
[2026-09-16T20:57:54+08:00] WAIT qwen3_4b train=3706469 state=PENDING for global_step_100
[2026-09-16T20:57:54+08:00] progress done=0/1 pending=1 failed=0
[2026-09-16T20:59:54+08:00] WAIT qwen3_4b train=3706469 state=PENDING for global_step_100
[2026-09-16T20:59:54+08:00] progress done=0/1 pending=1 failed=0
[2026-09-16T21:01:54+08:00] WAIT qwen3_4b train=3706469 state=PENDING for global_step_100
[2026-09-16T21:01:54+08:00] progress done=0/1 pending=1 failed=0
[2026-09-16T21:03:54+08:00] WAIT qwen3_4b train=3706469 state=PENDING for global_step_100
[2026-09-16T21:03:54+08:00] progress done=0/1 pending=1 failed=0
[2026-09-16T21:05:54+08:00] WAIT qwen3_4b train=3706469 state=PENDING for global_step_100
[2026-09-16T21:05:54+08:00] progress done=0/1 pending=1 failed=0
[2026-09-16T21:07:54+08:00] WAIT qwen3_4b train=3706469 state=PENDING for global_step_100
[2026-09-16T21:07:54+08:00] progress done=0/1 pending=1 failed=0
[2026-09-16T21:09:54+08:00] WAIT qwen3_4b train=3706469 state=PENDING for global_step_100
[2026-09-16T21:09:54+08:00] progress done=0/1 pending=1 failed=0
[2026-09-16T21:11:54+08:00] WAIT qwen3_4b train=3706469 state=PENDING for global_step_100
[2026-09-16T21:11:54+08:00] progress done=0/1 pending=1 failed=0
[2026-09-16T21:13:54+08:00] WAIT qwen3_4b train=3706469 state=PENDING for global_step_100
[2026-09-16T21:13:54+08:00] progress done=0/1 pending=1 failed=0
[2026-09-16T21:15:54+08:00] WAIT qwen3_4b train=3706469 state=PENDING for global_step_100
[2026-09-16T21:15:54+08:00] progress done=0/1 pending=1 failed=0
[2026-09-16T21:17:54+08:00] WAIT qwen3_4b train=3706469 state=PENDING for global_step_100
[2026-09-16T21:17:54+08:00] progress done=0/1 pending=1 failed=0
[2026-09-16T21:19:54+08:00] WAIT qwen3_4b train=3706469 state=PENDING for global_step_100
[2026-09-16T21:19:54+08:00] progress done=0/1 pending=1 failed=0
[2026-09-16T21:21:54+08:00] WAIT qwen3_4b train=3706469 state=PENDING for global_step_100
[2026-09-16T21:21:54+08:00] progress done=0/1 pending=1 failed=0
[2026-09-16T21:23:54+08:00] WAIT qwen3_4b train=3706469 state=PENDING for global_step_100
[2026-09-16T21:23:54+08:00] progress done=0/1 pending=1 failed=0
[2026-09-16T21:25:54+08:00] WAIT qwen3_4b train=3706469 state=PENDING for global_step_100
[2026-09-16T21:25:54+08:00] progress done=0/1 pending=1 failed=0
[2026-09-16T21:27:55+08:00] WAIT qwen3_4b train=3706469 state=RUNNING for global_step_100
[2026-09-16T21:27:55+08:00] progress done=0/1 pending=1 failed=0
[2026-09-16T21:29:55+08:00] WAIT qwen3_4b train=3706469 state=RUNNING for global_step_100
[2026-09-16T21:29:55+08:00] progress done=0/1 pending=1 failed=0
[2026-09-16T21:31:55+08:00] WAIT qwen3_4b train=3706469 state=RUNNING for global_step_100
[2026-09-16T21:31:55+08:00] progress done=0/1 pending=1 failed=0
[2026-09-16T21:33:55+08:00] WAIT qwen3_4b train=3706469 state=RUNNING for global_step_100
[2026-09-16T21:33:55+08:00] progress done=0/1 pending=1 failed=0
[2026-09-16T21:35:55+08:00] WAIT qwen3_4b train=3706469 state=RUNNING for global_step_100
[2026-09-16T21:35:55+08:00] progress done=0/1 pending=1 failed=0
[2026-09-16T21:37:55+08:00] WAIT qwen3_4b train=3706469 state=RUNNING for global_step_100
[2026-09-16T21:37:55+08:00] progress done=0/1 pending=1 failed=0
[2026-09-16T21:39:55+08:00] WAIT qwen3_4b train=3706469 state=RUNNING for global_step_100
[2026-09-16T21:39:55+08:00] progress done=0/1 pending=1 failed=0
[2026-09-16T21:41:55+08:00] WAIT qwen3_4b train=3706469 state=RUNNING for global_step_100
[2026-09-16T21:41:55+08:00] progress done=0/1 pending=1 failed=0
[2026-09-16T21:43:55+08:00] WAIT qwen3_4b train=3706469 state=RUNNING for global_step_100
[2026-09-16T21:43:55+08:00] progress done=0/1 pending=1 failed=0
[2026-09-16T21:45:55+08:00] WAIT qwen3_4b train=3706469 state=RUNNING for global_step_100
[2026-09-16T21:45:55+08:00] progress done=0/1 pending=1 failed=0
[2026-09-16T21:47:55+08:00] WAIT qwen3_4b train=3706469 state=RUNNING for global_step_100
[2026-09-16T21:47:55+08:00] progress done=0/1 pending=1 failed=0
[2026-09-16T21:49:55+08:00] WAIT qwen3_4b train=3706469 state=RUNNING for global_step_100
[2026-09-16T21:49:55+08:00] progress done=0/1 pending=1 failed=0
[2026-09-16T21:51:55+08:00] WAIT qwen3_4b train=3706469 state=RUNNING for global_step_100
[2026-09-16T21:51:55+08:00] progress done=0/1 pending=1 failed=0
[2026-09-16T21:53:55+08:00] WAIT qwen3_4b train=3706469 state=RUNNING for global_step_100
[2026-09-16T21:53:55+08:00] progress done=0/1 pending=1 failed=0
[2026-09-16T21:55:55+08:00] WAIT qwen3_4b train=3706469 state=RUNNING for global_step_100
[2026-09-16T21:55:55+08:00] progress done=0/1 pending=1 failed=0
[2026-09-16T21:57:55+08:00] WAIT qwen3_4b train=3706469 state=RUNNING for global_step_100
[2026-09-16T21:57:55+08:00] progress done=0/1 pending=1 failed=0
[2026-09-16T21:59:55+08:00] WAIT qwen3_4b train=3706469 state=RUNNING for global_step_100
[2026-09-16T21:59:55+08:00] progress done=0/1 pending=1 failed=0
[2026-09-16T22:01:55+08:00] WAIT qwen3_4b train=3706469 state=RUNNING for global_step_100
[2026-09-16T22:01:55+08:00] progress done=0/1 pending=1 failed=0
[2026-09-16T22:03:55+08:00] WAIT qwen3_4b train=3706469 state=RUNNING for global_step_100
[2026-09-16T22:03:55+08:00] progress done=0/1 pending=1 failed=0
[2026-09-16T22:05:55+08:00] WAIT qwen3_4b train=3706469 state=RUNNING for global_step_100
[2026-09-16T22:05:55+08:00] progress done=0/1 pending=1 failed=0
[2026-09-16T22:07:55+08:00] WAIT qwen3_4b train=3706469 state=RUNNING for global_step_100
[2026-09-16T22:07:55+08:00] progress done=0/1 pending=1 failed=0
[2026-09-16T22:09:55+08:00] WAIT qwen3_4b train=3706469 state=RUNNING for global_step_100
[2026-09-16T22:09:55+08:00] progress done=0/1 pending=1 failed=0
[2026-09-16T22:11:55+08:00] WAIT qwen3_4b train=3706469 state=RUNNING for global_step_100
[2026-09-16T22:11:55+08:00] progress done=0/1 pending=1 failed=0
[2026-09-16T22:13:55+08:00] WAIT qwen3_4b train=3706469 state=RUNNING for global_step_100
[2026-09-16T22:13:55+08:00] progress done=0/1 pending=1 failed=0
[2026-09-16T22:15:55+08:00] WAIT qwen3_4b train=3706469 state=RUNNING for global_step_100
[2026-09-16T22:15:55+08:00] progress done=0/1 pending=1 failed=0
[2026-09-16T22:17:55+08:00] WAIT qwen3_4b train=3706469 state=RUNNING for global_step_100
[2026-09-16T22:17:55+08:00] progress done=0/1 pending=1 failed=0
[2026-09-16T22:19:55+08:00] WAIT qwen3_4b train=3706469 state=RUNNING for global_step_100
[2026-09-16T22:19:55+08:00] progress done=0/1 pending=1 failed=0
[2026-09-16T22:21:55+08:00] WAIT qwen3_4b train=3706469 state=RUNNING for global_step_100
[2026-09-16T22:21:55+08:00] progress done=0/1 pending=1 failed=0
[2026-09-16T22:23:55+08:00] WAIT qwen3_4b train=3706469 state=RUNNING for global_step_100
[2026-09-16T22:23:55+08:00] progress done=0/1 pending=1 failed=0
[2026-09-16T22:25:55+08:00] WAIT qwen3_4b train=3706469 state=RUNNING for global_step_100
[2026-09-16T22:25:55+08:00] progress done=0/1 pending=1 failed=0
[2026-09-16T22:27:55+08:00] WAIT qwen3_4b train=3706469 state=RUNNING for global_step_100
[2026-09-16T22:27:55+08:00] progress done=0/1 pending=1 failed=0
[2026-09-16T22:29:55+08:00] WAIT qwen3_4b train=3706469 state=RUNNING for global_step_100
[2026-09-16T22:29:55+08:00] progress done=0/1 pending=1 failed=0
[2026-09-16T22:31:55+08:00] WAIT qwen3_4b train=3706469 state=RUNNING for global_step_100
[2026-09-16T22:31:55+08:00] progress done=0/1 pending=1 failed=0
[2026-09-16T22:33:55+08:00] WAIT qwen3_4b train=3706469 state=RUNNING for global_step_100
[2026-09-16T22:33:55+08:00] progress done=0/1 pending=1 failed=0
[2026-09-16T22:35:55+08:00] WAIT qwen3_4b train=3706469 state=RUNNING for global_step_100
[2026-09-16T22:35:55+08:00] progress done=0/1 pending=1 failed=0
[2026-09-16T22:37:55+08:00] WAIT qwen3_4b train=3706469 state=RUNNING for global_step_100
[2026-09-16T22:37:55+08:00] progress done=0/1 pending=1 failed=0
[2026-09-16T22:39:55+08:00] WAIT qwen3_4b train=3706469 state=RUNNING for global_step_100
[2026-09-16T22:39:55+08:00] progress done=0/1 pending=1 failed=0
[2026-09-16T22:41:55+08:00] WAIT qwen3_4b train=3706469 state=RUNNING for global_step_100
[2026-09-16T22:41:55+08:00] progress done=0/1 pending=1 failed=0
[2026-09-16T22:43:55+08:00] WAIT qwen3_4b train=3706469 state=RUNNING for global_step_100
[2026-09-16T22:43:55+08:00] progress done=0/1 pending=1 failed=0
[2026-09-16T22:45:55+08:00] WAIT qwen3_4b train=3706469 state=RUNNING for global_step_100
[2026-09-16T22:45:55+08:00] progress done=0/1 pending=1 failed=0
[2026-09-16T22:47:55+08:00] WAIT qwen3_4b train=3706469 state=RUNNING for global_step_100
[2026-09-16T22:47:55+08:00] progress done=0/1 pending=1 failed=0
[2026-09-16T22:49:55+08:00] WAIT qwen3_4b train=3706469 state=RUNNING for global_step_100
[2026-09-16T22:49:55+08:00] progress done=0/1 pending=1 failed=0
[2026-09-16T22:51:55+08:00] WAIT qwen3_4b train=3706469 state=RUNNING for global_step_100
[2026-09-16T22:51:55+08:00] progress done=0/1 pending=1 failed=0
[2026-09-16T22:53:55+08:00] WAIT qwen3_4b train=3706469 state=RUNNING for global_step_100
[2026-09-16T22:53:55+08:00] progress done=0/1 pending=1 failed=0
[2026-09-16T22:55:55+08:00] WAIT qwen3_4b train=3706469 state=RUNNING for global_step_100
[2026-09-16T22:55:55+08:00] progress done=0/1 pending=1 failed=0
[2026-09-16T22:57:55+08:00] WAIT qwen3_4b train=3706469 state=RUNNING for global_step_100
[2026-09-16T22:57:55+08:00] progress done=0/1 pending=1 failed=0
[2026-09-16T22:59:55+08:00] WAIT qwen3_4b train=3706469 state=RUNNING for global_step_100
[2026-09-16T22:59:55+08:00] progress done=0/1 pending=1 failed=0
[2026-09-16T23:01:55+08:00] WAIT qwen3_4b train=3706469 state=RUNNING for global_step_100
[2026-09-16T23:01:55+08:00] progress done=0/1 pending=1 failed=0
[2026-09-16T23:03:55+08:00] WAIT qwen3_4b train=3706469 state=RUNNING for global_step_100
[2026-09-16T23:03:55+08:00] progress done=0/1 pending=1 failed=0
[2026-09-16T23:05:55+08:00] WAIT qwen3_4b train=3706469 state=RUNNING for global_step_100
[2026-09-16T23:05:55+08:00] progress done=0/1 pending=1 failed=0
[2026-09-16T23:07:55+08:00] WAIT qwen3_4b train=3706469 state=RUNNING for global_step_100
[2026-09-16T23:07:55+08:00] progress done=0/1 pending=1 failed=0
[2026-09-16T23:09:55+08:00] WAIT qwen3_4b train=3706469 state=RUNNING for global_step_100
[2026-09-16T23:09:55+08:00] progress done=0/1 pending=1 failed=0
[2026-09-16T23:11:55+08:00] WAIT qwen3_4b train=3706469 state=RUNNING for global_step_100
[2026-09-16T23:11:55+08:00] progress done=0/1 pending=1 failed=0
[2026-09-16T23:13:55+08:00] WAIT qwen3_4b train=3706469 state=RUNNING for global_step_100
[2026-09-16T23:13:55+08:00] progress done=0/1 pending=1 failed=0
[2026-09-16T23:15:55+08:00] WAIT qwen3_4b train=3706469 state=RUNNING for global_step_100
[2026-09-16T23:15:55+08:00] progress done=0/1 pending=1 failed=0
[2026-09-16T23:17:55+08:00] WAIT qwen3_4b train=3706469 state=RUNNING for global_step_100
[2026-09-16T23:17:55+08:00] progress done=0/1 pending=1 failed=0
[2026-09-16T23:19:55+08:00] WAIT qwen3_4b train=3706469 state=RUNNING for global_step_100
[2026-09-16T23:19:55+08:00] progress done=0/1 pending=1 failed=0
[2026-09-16T23:21:55+08:00] WAIT qwen3_4b train=3706469 state=RUNNING for global_step_100
[2026-09-16T23:21:55+08:00] progress done=0/1 pending=1 failed=0
[2026-09-16T23:23:55+08:00] WAIT qwen3_4b train=3706469 state=RUNNING for global_step_100
[2026-09-16T23:23:55+08:00] progress done=0/1 pending=1 failed=0
[2026-09-16T23:25:55+08:00] WAIT qwen3_4b train=3706469 state=RUNNING for global_step_100
[2026-09-16T23:25:55+08:00] progress done=0/1 pending=1 failed=0
[2026-09-16T23:27:55+08:00] WAIT qwen3_4b train=3706469 state=RUNNING for global_step_100
[2026-09-16T23:27:55+08:00] progress done=0/1 pending=1 failed=0
[2026-09-16T23:29:55+08:00] WAIT qwen3_4b train=3706469 state=RUNNING for global_step_100
[2026-09-16T23:29:55+08:00] progress done=0/1 pending=1 failed=0
[2026-09-16T23:31:55+08:00] WAIT qwen3_4b train=3706469 state=RUNNING for global_step_100
[2026-09-16T23:31:55+08:00] progress done=0/1 pending=1 failed=0
[2026-09-16T23:33:55+08:00] WAIT qwen3_4b train=3706469 state=RUNNING for global_step_100
[2026-09-16T23:33:55+08:00] progress done=0/1 pending=1 failed=0
[2026-09-16T23:35:55+08:00] WAIT qwen3_4b train=3706469 state=RUNNING for global_step_100
[2026-09-16T23:35:55+08:00] progress done=0/1 pending=1 failed=0
[2026-09-16T23:37:55+08:00] WAIT qwen3_4b train=3706469 state=RUNNING for global_step_100
[2026-09-16T23:37:55+08:00] progress done=0/1 pending=1 failed=0
[2026-09-16T23:39:55+08:00] WAIT qwen3_4b train=3706469 state=RUNNING for global_step_100
[2026-09-16T23:39:55+08:00] progress done=0/1 pending=1 failed=0
[2026-09-16T23:41:55+08:00] WAIT qwen3_4b train=3706469 state=RUNNING for global_step_100
[2026-09-16T23:41:55+08:00] progress done=0/1 pending=1 failed=0
[2026-09-16T23:43:55+08:00] WAIT qwen3_4b train=3706469 state=RUNNING for global_step_100
[2026-09-16T23:43:55+08:00] progress done=0/1 pending=1 failed=0
[2026-09-16T23:45:55+08:00] WAIT qwen3_4b train=3706469 state=RUNNING for global_step_100
[2026-09-16T23:45:55+08:00] progress done=0/1 pending=1 failed=0
[2026-09-16T23:47:55+08:00] WAIT qwen3_4b train=3706469 state=RUNNING for global_step_100
[2026-09-16T23:47:55+08:00] progress done=0/1 pending=1 failed=0
[2026-09-16T23:49:55+08:00] WAIT qwen3_4b train=3706469 state=RUNNING for global_step_100
[2026-09-16T23:49:55+08:00] progress done=0/1 pending=1 failed=0
[2026-09-16T23:51:55+08:00] WAIT qwen3_4b train=3706469 state=RUNNING for global_step_100
[2026-09-16T23:51:55+08:00] progress done=0/1 pending=1 failed=0
[2026-09-16T23:53:55+08:00] WAIT qwen3_4b train=3706469 state=RUNNING for global_step_100
[2026-09-16T23:53:55+08:00] progress done=0/1 pending=1 failed=0
[2026-09-16T23:55:55+08:00] WAIT qwen3_4b train=3706469 state=RUNNING for global_step_100
[2026-09-16T23:55:55+08:00] progress done=0/1 pending=1 failed=0
[2026-09-16T23:57:55+08:00] WAIT qwen3_4b train=3706469 state=RUNNING for global_step_100
[2026-09-16T23:57:55+08:00] progress done=0/1 pending=1 failed=0
[2026-09-16T23:59:55+08:00] WAIT qwen3_4b train=3706469 state=RUNNING for global_step_100
[2026-09-16T23:59:55+08:00] progress done=0/1 pending=1 failed=0
[2026-09-17T00:01:55+08:00] WAIT qwen3_4b train=3706469 state=RUNNING for global_step_100
[2026-09-17T00:01:55+08:00] progress done=0/1 pending=1 failed=0
[2026-09-17T00:03:55+08:00] WAIT qwen3_4b train=3706469 state=RUNNING for global_step_100
[2026-09-17T00:03:55+08:00] progress done=0/1 pending=1 failed=0
[2026-09-17T00:05:55+08:00] WAIT qwen3_4b train=3706469 state=RUNNING for global_step_100
[2026-09-17T00:05:55+08:00] progress done=0/1 pending=1 failed=0
[2026-09-17T00:07:55+08:00] WAIT qwen3_4b train=3706469 state=RUNNING for global_step_100
[2026-09-17T00:07:55+08:00] progress done=0/1 pending=1 failed=0
[2026-09-17T00:09:55+08:00] WAIT qwen3_4b train=3706469 state=RUNNING for global_step_100
[2026-09-17T00:09:55+08:00] progress done=0/1 pending=1 failed=0
[2026-09-17T00:11:55+08:00] WAIT qwen3_4b train=3706469 state=RUNNING for global_step_100
[2026-09-17T00:11:55+08:00] progress done=0/1 pending=1 failed=0
[2026-09-17T00:13:55+08:00] WAIT qwen3_4b train=3706469 state=RUNNING for global_step_100
[2026-09-17T00:13:55+08:00] progress done=0/1 pending=1 failed=0
[2026-09-17T00:15:55+08:00] WAIT qwen3_4b train=3706469 state=RUNNING for global_step_100
[2026-09-17T00:15:55+08:00] progress done=0/1 pending=1 failed=0
[2026-09-17T00:17:55+08:00] WAIT qwen3_4b train=3706469 state=RUNNING for global_step_100
[2026-09-17T00:17:55+08:00] progress done=0/1 pending=1 failed=0
[2026-09-17T00:19:55+08:00] WAIT qwen3_4b train=3706469 state=RUNNING for global_step_100
[2026-09-17T00:19:55+08:00] progress done=0/1 pending=1 failed=0
[2026-09-17T00:21:55+08:00] WAIT qwen3_4b train=3706469 state=RUNNING for global_step_100
[2026-09-17T00:21:55+08:00] progress done=0/1 pending=1 failed=0
[2026-09-17T00:23:55+08:00] WAIT qwen3_4b train=3706469 state=RUNNING for global_step_100
[2026-09-17T00:23:55+08:00] progress done=0/1 pending=1 failed=0
[2026-09-17T00:25:55+08:00] WAIT qwen3_4b train=3706469 state=RUNNING for global_step_100
[2026-09-17T00:25:55+08:00] progress done=0/1 pending=1 failed=0
[2026-09-17T00:27:55+08:00] WAIT qwen3_4b train=3706469 state=RUNNING for global_step_100
[2026-09-17T00:27:55+08:00] progress done=0/1 pending=1 failed=0
[2026-09-17T00:29:55+08:00] WAIT qwen3_4b train=3706469 state=RUNNING for global_step_100
[2026-09-17T00:29:55+08:00] progress done=0/1 pending=1 failed=0
[2026-09-17T00:31:55+08:00] WAIT qwen3_4b train=3706469 state=RUNNING for global_step_100
[2026-09-17T00:31:55+08:00] progress done=0/1 pending=1 failed=0
[2026-09-17T00:33:55+08:00] WAIT qwen3_4b train=3706469 state=RUNNING for global_step_100
[2026-09-17T00:33:55+08:00] progress done=0/1 pending=1 failed=0
[2026-09-17T00:35:55+08:00] WAIT qwen3_4b train=3706469 state=RUNNING for global_step_100
[2026-09-17T00:35:55+08:00] progress done=0/1 pending=1 failed=0
[2026-09-17T00:37:55+08:00] WAIT qwen3_4b train=3706469 state=RUNNING for global_step_100
[2026-09-17T00:37:55+08:00] progress done=0/1 pending=1 failed=0
[2026-09-17T00:39:55+08:00] WAIT qwen3_4b train=3706469 state=RUNNING for global_step_100
[2026-09-17T00:39:55+08:00] progress done=0/1 pending=1 failed=0
[2026-09-17T00:41:55+08:00] WAIT qwen3_4b train=3706469 state=RUNNING for global_step_100
[2026-09-17T00:41:55+08:00] progress done=0/1 pending=1 failed=0
[2026-09-17T00:43:55+08:00] WAIT qwen3_4b train=3706469 state=RUNNING for global_step_100
[2026-09-17T00:43:55+08:00] progress done=0/1 pending=1 failed=0
[2026-09-17T00:45:55+08:00] WAIT qwen3_4b train=3706469 state=RUNNING for global_step_100
[2026-09-17T00:45:55+08:00] progress done=0/1 pending=1 failed=0
[2026-09-17T00:47:55+08:00] WAIT qwen3_4b train=3706469 state=RUNNING for global_step_100
[2026-09-17T00:47:55+08:00] progress done=0/1 pending=1 failed=0
[2026-09-17T00:49:56+08:00] WAIT qwen3_4b train=3706469 state=RUNNING for global_step_100
[2026-09-17T00:49:56+08:00] progress done=0/1 pending=1 failed=0
[2026-09-17T00:51:56+08:00] WAIT qwen3_4b train=3706469 state=RUNNING for global_step_100
[2026-09-17T00:51:56+08:00] progress done=0/1 pending=1 failed=0
[2026-09-17T00:53:56+08:00] WAIT qwen3_4b train=3706469 state=RUNNING for global_step_100
[2026-09-17T00:53:56+08:00] progress done=0/1 pending=1 failed=0
[2026-09-17T00:55:56+08:00] WAIT qwen3_4b train=3706469 state=RUNNING for global_step_100
[2026-09-17T00:55:56+08:00] progress done=0/1 pending=1 failed=0
[2026-09-17T00:57:56+08:00] WAIT qwen3_4b train=3706469 state=RUNNING for global_step_100
[2026-09-17T00:57:56+08:00] progress done=0/1 pending=1 failed=0
[2026-09-17T00:59:56+08:00] WAIT qwen3_4b train=3706469 state=RUNNING for global_step_100
[2026-09-17T00:59:56+08:00] progress done=0/1 pending=1 failed=0
[2026-09-17T01:01:56+08:00] WAIT qwen3_4b train=3706469 state=RUNNING for global_step_100
[2026-09-17T01:01:56+08:00] progress done=0/1 pending=1 failed=0
[2026-09-17T01:03:56+08:00] WAIT qwen3_4b train=3706469 state=RUNNING for global_step_100
[2026-09-17T01:03:56+08:00] progress done=0/1 pending=1 failed=0
[2026-09-17T01:05:56+08:00] WAIT qwen3_4b train=3706469 state=RUNNING for global_step_100
[2026-09-17T01:05:56+08:00] progress done=0/1 pending=1 failed=0
[2026-09-17T01:07:56+08:00] WAIT qwen3_4b train=3706469 state=RUNNING for global_step_100
[2026-09-17T01:07:56+08:00] progress done=0/1 pending=1 failed=0
[2026-09-17T01:09:56+08:00] WAIT qwen3_4b train=3706469 state=RUNNING for global_step_100
[2026-09-17T01:09:56+08:00] progress done=0/1 pending=1 failed=0
[2026-09-17T01:11:56+08:00] WAIT qwen3_4b train=3706469 state=RUNNING for global_step_100
[2026-09-17T01:11:56+08:00] progress done=0/1 pending=1 failed=0
[2026-09-17T01:13:56+08:00] WAIT qwen3_4b train=3706469 state=RUNNING for global_step_100
[2026-09-17T01:13:56+08:00] progress done=0/1 pending=1 failed=0
[2026-09-17T01:15:56+08:00] WAIT qwen3_4b train=3706469 state=RUNNING for global_step_100
[2026-09-17T01:15:56+08:00] progress done=0/1 pending=1 failed=0
[2026-09-17T01:17:56+08:00] WAIT qwen3_4b train=3706469 state=RUNNING for global_step_100
[2026-09-17T01:17:56+08:00] progress done=0/1 pending=1 failed=0
[2026-09-17T01:19:56+08:00] WAIT qwen3_4b train=3706469 state=RUNNING for global_step_100
[2026-09-17T01:19:56+08:00] progress done=0/1 pending=1 failed=0
[2026-09-17T01:21:56+08:00] WAIT qwen3_4b train=3706469 state=RUNNING for global_step_100
[2026-09-17T01:21:56+08:00] progress done=0/1 pending=1 failed=0
[2026-09-17T01:23:56+08:00] WAIT qwen3_4b train=3706469 state=RUNNING for global_step_100
[2026-09-17T01:23:56+08:00] progress done=0/1 pending=1 failed=0
[2026-09-17T01:25:56+08:00] WAIT qwen3_4b train=3706469 state=RUNNING for global_step_100
[2026-09-17T01:25:56+08:00] progress done=0/1 pending=1 failed=0
[2026-09-17T01:27:56+08:00] WAIT qwen3_4b train=3706469 state=RUNNING for global_step_100
[2026-09-17T01:27:56+08:00] progress done=0/1 pending=1 failed=0
[2026-09-17T01:29:56+08:00] WAIT qwen3_4b train=3706469 state=RUNNING for global_step_100
[2026-09-17T01:29:56+08:00] progress done=0/1 pending=1 failed=0
[2026-09-17T01:31:56+08:00] WAIT qwen3_4b train=3706469 state=RUNNING for global_step_100
[2026-09-17T01:31:56+08:00] progress done=0/1 pending=1 failed=0
[2026-09-17T01:33:56+08:00] WAIT qwen3_4b train=3706469 state=RUNNING for global_step_100
[2026-09-17T01:33:56+08:00] progress done=0/1 pending=1 failed=0
[2026-09-17T01:35:56+08:00] WAIT qwen3_4b train=3706469 state=RUNNING for global_step_100
[2026-09-17T01:35:56+08:00] progress done=0/1 pending=1 failed=0
[2026-09-17T01:37:56+08:00] WAIT qwen3_4b train=3706469 state=RUNNING for global_step_100
[2026-09-17T01:37:56+08:00] progress done=0/1 pending=1 failed=0
[2026-09-17T01:39:56+08:00] WAIT qwen3_4b train=3706469 state=RUNNING for global_step_100
[2026-09-17T01:39:56+08:00] progress done=0/1 pending=1 failed=0
[2026-09-17T01:41:56+08:00] WAIT qwen3_4b train=3706469 state=RUNNING for global_step_100
[2026-09-17T01:41:56+08:00] progress done=0/1 pending=1 failed=0
[2026-09-17T01:43:56+08:00] WAIT qwen3_4b train=3706469 state=RUNNING for global_step_100
[2026-09-17T01:43:56+08:00] progress done=0/1 pending=1 failed=0
[2026-09-17T01:45:56+08:00] WAIT qwen3_4b train=3706469 state=RUNNING for global_step_100
[2026-09-17T01:45:56+08:00] progress done=0/1 pending=1 failed=0
[2026-09-17T01:47:56+08:00] WAIT qwen3_4b train=3706469 state=RUNNING for global_step_100
[2026-09-17T01:47:56+08:00] progress done=0/1 pending=1 failed=0
[2026-09-17T01:49:56+08:00] WAIT qwen3_4b train=3706469 state=RUNNING for global_step_100
[2026-09-17T01:49:56+08:00] progress done=0/1 pending=1 failed=0
[2026-09-17T01:51:56+08:00] WAIT qwen3_4b train=3706469 state=RUNNING for global_step_100
[2026-09-17T01:51:56+08:00] progress done=0/1 pending=1 failed=0
[2026-09-17T01:53:56+08:00] WAIT qwen3_4b train=3706469 state=RUNNING for global_step_100
[2026-09-17T01:53:56+08:00] progress done=0/1 pending=1 failed=0
[2026-09-17T01:55:56+08:00] WAIT qwen3_4b train=3706469 state=RUNNING for global_step_100
[2026-09-17T01:55:56+08:00] progress done=0/1 pending=1 failed=0
[2026-09-17T01:57:56+08:00] WAIT qwen3_4b train=3706469 state=RUNNING for global_step_100
[2026-09-17T01:57:56+08:00] progress done=0/1 pending=1 failed=0
[2026-09-17T01:59:56+08:00] WAIT qwen3_4b train=3706469 state=RUNNING for global_step_100
[2026-09-17T01:59:56+08:00] progress done=0/1 pending=1 failed=0
[2026-09-17T02:01:56+08:00] WAIT qwen3_4b train=3706469 state=RUNNING for global_step_100
[2026-09-17T02:01:56+08:00] progress done=0/1 pending=1 failed=0
[2026-09-17T02:03:56+08:00] WAIT qwen3_4b train=3706469 state=RUNNING for global_step_100
[2026-09-17T02:03:56+08:00] progress done=0/1 pending=1 failed=0
[2026-09-17T02:05:56+08:00] WAIT qwen3_4b train=3706469 state=RUNNING for global_step_100
[2026-09-17T02:05:56+08:00] progress done=0/1 pending=1 failed=0
[2026-09-17T02:07:56+08:00] WAIT qwen3_4b train=3706469 state=RUNNING for global_step_100
[2026-09-17T02:07:56+08:00] progress done=0/1 pending=1 failed=0
[2026-09-17T02:09:56+08:00] WAIT qwen3_4b train=3706469 state=RUNNING for global_step_100
[2026-09-17T02:09:56+08:00] progress done=0/1 pending=1 failed=0
[2026-09-17T02:11:56+08:00] WAIT qwen3_4b train=3706469 state=RUNNING for global_step_100
[2026-09-17T02:11:56+08:00] progress done=0/1 pending=1 failed=0
[2026-09-17T02:13:56+08:00] WAIT qwen3_4b train=3706469 state=RUNNING for global_step_100
[2026-09-17T02:13:56+08:00] progress done=0/1 pending=1 failed=0
[2026-09-17T02:15:56+08:00] WAIT qwen3_4b train=3706469 state=RUNNING for global_step_100
[2026-09-17T02:15:56+08:00] progress done=0/1 pending=1 failed=0
[2026-09-17T02:17:56+08:00] WAIT qwen3_4b train=3706469 state=RUNNING for global_step_100
[2026-09-17T02:17:56+08:00] progress done=0/1 pending=1 failed=0
[2026-09-17T02:19:56+08:00] WAIT qwen3_4b train=3706469 state=RUNNING for global_step_100
[2026-09-17T02:19:56+08:00] progress done=0/1 pending=1 failed=0
[2026-09-17T02:21:56+08:00] WAIT qwen3_4b train=3706469 state=RUNNING for global_step_100
[2026-09-17T02:21:56+08:00] progress done=0/1 pending=1 failed=0
[2026-09-17T02:23:56+08:00] WAIT qwen3_4b train=3706469 state=RUNNING for global_step_100
[2026-09-17T02:23:56+08:00] progress done=0/1 pending=1 failed=0
[2026-09-17T02:25:56+08:00] WAIT qwen3_4b train=3706469 state=RUNNING for global_step_100
[2026-09-17T02:25:56+08:00] progress done=0/1 pending=1 failed=0
[2026-09-17T02:27:56+08:00] WAIT qwen3_4b train=3706469 state=RUNNING for global_step_100
[2026-09-17T02:27:56+08:00] progress done=0/1 pending=1 failed=0
[2026-09-17T02:29:56+08:00] WAIT qwen3_4b train=3706469 state=RUNNING for global_step_100
[2026-09-17T02:29:56+08:00] progress done=0/1 pending=1 failed=0
[2026-09-17T02:31:56+08:00] WAIT qwen3_4b train=3706469 state=RUNNING for global_step_100
[2026-09-17T02:31:56+08:00] progress done=0/1 pending=1 failed=0
[2026-09-17T02:33:56+08:00] WAIT qwen3_4b train=3706469 state=RUNNING for global_step_100
[2026-09-17T02:33:56+08:00] progress done=0/1 pending=1 failed=0
[2026-09-17T02:35:56+08:00] WAIT qwen3_4b train=3706469 state=RUNNING for global_step_100
[2026-09-17T02:35:56+08:00] progress done=0/1 pending=1 failed=0
[2026-09-17T02:37:56+08:00] WAIT qwen3_4b train=3706469 state=RUNNING for global_step_100
[2026-09-17T02:37:56+08:00] progress done=0/1 pending=1 failed=0
[2026-09-17T02:39:56+08:00] WAIT qwen3_4b train=3706469 state=RUNNING for global_step_100
[2026-09-17T02:39:56+08:00] progress done=0/1 pending=1 failed=0
[2026-09-17T02:41:56+08:00] WAIT qwen3_4b train=3706469 state=RUNNING for global_step_100
[2026-09-17T02:41:56+08:00] progress done=0/1 pending=1 failed=0
[2026-09-17T02:43:56+08:00] WAIT qwen3_4b train=3706469 state=RUNNING for global_step_100
[2026-09-17T02:43:56+08:00] progress done=0/1 pending=1 failed=0
[2026-09-17T02:45:56+08:00] WAIT qwen3_4b train=3706469 state=RUNNING for global_step_100
[2026-09-17T02:45:56+08:00] progress done=0/1 pending=1 failed=0
[2026-09-17T02:47:56+08:00] WAIT qwen3_4b train=3706469 state=RUNNING for global_step_100
[2026-09-17T02:47:56+08:00] progress done=0/1 pending=1 failed=0
[2026-09-17T02:49:56+08:00] WAIT qwen3_4b train=3706469 state=RUNNING for global_step_100
[2026-09-17T02:49:56+08:00] progress done=0/1 pending=1 failed=0
[2026-09-17T02:51:56+08:00] WAIT qwen3_4b train=3706469 state=RUNNING for global_step_100
[2026-09-17T02:51:56+08:00] progress done=0/1 pending=1 failed=0
[2026-09-17T02:53:56+08:00] WAIT qwen3_4b train=3706469 state=RUNNING for global_step_100
[2026-09-17T02:53:56+08:00] progress done=0/1 pending=1 failed=0
[2026-09-17T02:55:56+08:00] WAIT qwen3_4b train=3706469 state=RUNNING for global_step_100
[2026-09-17T02:55:56+08:00] progress done=0/1 pending=1 failed=0
[2026-09-17T02:57:56+08:00] WAIT qwen3_4b train=3706469 state=RUNNING for global_step_100
[2026-09-17T02:57:56+08:00] progress done=0/1 pending=1 failed=0
[2026-09-17T02:59:56+08:00] WAIT qwen3_4b train=3706469 state=RUNNING for global_step_100
[2026-09-17T02:59:56+08:00] progress done=0/1 pending=1 failed=0
[2026-09-17T03:01:56+08:00] WAIT qwen3_4b train=3706469 state=RUNNING for global_step_100
[2026-09-17T03:01:56+08:00] progress done=0/1 pending=1 failed=0
[2026-09-17T03:03:56+08:00] WAIT qwen3_4b train=3706469 state=RUNNING for global_step_100
[2026-09-17T03:03:56+08:00] progress done=0/1 pending=1 failed=0
[2026-09-17T03:05:56+08:00] WAIT qwen3_4b train=3706469 state=RUNNING for global_step_100
[2026-09-17T03:05:56+08:00] progress done=0/1 pending=1 failed=0
[2026-09-17T03:07:56+08:00] WAIT qwen3_4b train=3706469 state=RUNNING for global_step_100
[2026-09-17T03:07:56+08:00] progress done=0/1 pending=1 failed=0
[2026-09-17T03:09:56+08:00] WAIT qwen3_4b train=3706469 state=RUNNING for global_step_100
[2026-09-17T03:09:56+08:00] progress done=0/1 pending=1 failed=0
[2026-09-17T03:11:56+08:00] WAIT qwen3_4b train=3706469 state=RUNNING for global_step_100
[2026-09-17T03:11:56+08:00] progress done=0/1 pending=1 failed=0
[2026-09-17T03:13:56+08:00] WAIT qwen3_4b train=3706469 state=RUNNING for global_step_100
[2026-09-17T03:13:56+08:00] progress done=0/1 pending=1 failed=0
[2026-09-17T03:15:56+08:00] WAIT qwen3_4b train=3706469 state=RUNNING for global_step_100
[2026-09-17T03:15:56+08:00] progress done=0/1 pending=1 failed=0
[2026-09-17T03:17:56+08:00] WAIT qwen3_4b train=3706469 state=RUNNING for global_step_100
[2026-09-17T03:17:56+08:00] progress done=0/1 pending=1 failed=0
[2026-09-17T03:19:56+08:00] WAIT qwen3_4b train=3706469 state=RUNNING for global_step_100
[2026-09-17T03:19:56+08:00] progress done=0/1 pending=1 failed=0
[2026-09-17T03:21:56+08:00] WAIT qwen3_4b train=3706469 state=RUNNING for global_step_100
[2026-09-17T03:21:56+08:00] progress done=0/1 pending=1 failed=0
[2026-09-17T03:23:56+08:00] WAIT qwen3_4b train=3706469 state=RUNNING for global_step_100
[2026-09-17T03:23:56+08:00] progress done=0/1 pending=1 failed=0
[2026-09-17T03:25:56+08:00] WAIT qwen3_4b train=3706469 state=RUNNING for global_step_100
[2026-09-17T03:25:56+08:00] progress done=0/1 pending=1 failed=0
[2026-09-17T03:27:56+08:00] WAIT qwen3_4b train=3706469 state=RUNNING for global_step_100
[2026-09-17T03:27:56+08:00] progress done=0/1 pending=1 failed=0
[2026-09-17T03:29:56+08:00] WAIT qwen3_4b train=3706469 state=RUNNING for global_step_100
[2026-09-17T03:29:56+08:00] progress done=0/1 pending=1 failed=0
[2026-09-17T03:31:56+08:00] WAIT qwen3_4b train=3706469 state=RUNNING for global_step_100
[2026-09-17T03:31:56+08:00] progress done=0/1 pending=1 failed=0
[2026-09-17T03:33:56+08:00] WAIT qwen3_4b train=3706469 state=RUNNING for global_step_100
[2026-09-17T03:33:56+08:00] progress done=0/1 pending=1 failed=0
[2026-09-17T03:35:56+08:00] WAIT qwen3_4b train=3706469 state=RUNNING for global_step_100
[2026-09-17T03:35:56+08:00] progress done=0/1 pending=1 failed=0
[2026-09-17T03:37:56+08:00] WAIT qwen3_4b train=3706469 state=RUNNING for global_step_100
[2026-09-17T03:37:56+08:00] progress done=0/1 pending=1 failed=0
[2026-09-17T03:39:56+08:00] WAIT qwen3_4b train=3706469 state=RUNNING for global_step_100
[2026-09-17T03:39:56+08:00] progress done=0/1 pending=1 failed=0
[2026-09-17T03:41:56+08:00] WAIT qwen3_4b train=3706469 state=RUNNING for global_step_100
[2026-09-17T03:41:56+08:00] progress done=0/1 pending=1 failed=0
[2026-09-17T03:43:56+08:00] WAIT qwen3_4b train=3706469 state=RUNNING for global_step_100
[2026-09-17T03:43:56+08:00] progress done=0/1 pending=1 failed=0
[2026-09-17T03:45:56+08:00] WAIT qwen3_4b train=3706469 state=RUNNING for global_step_100
[2026-09-17T03:45:56+08:00] progress done=0/1 pending=1 failed=0
[2026-09-17T03:47:56+08:00] WAIT qwen3_4b train=3706469 state=RUNNING for global_step_100
[2026-09-17T03:47:56+08:00] progress done=0/1 pending=1 failed=0
[2026-09-17T03:49:56+08:00] WAIT qwen3_4b train=3706469 state=RUNNING for global_step_100
[2026-09-17T03:49:56+08:00] progress done=0/1 pending=1 failed=0
[2026-09-17T03:51:56+08:00] WAIT qwen3_4b train=3706469 state=RUNNING for global_step_100
[2026-09-17T03:51:56+08:00] progress done=0/1 pending=1 failed=0
[2026-09-17T03:53:56+08:00] WAIT qwen3_4b train=3706469 state=RUNNING for global_step_100
[2026-09-17T03:53:56+08:00] progress done=0/1 pending=1 failed=0
[2026-09-17T03:55:56+08:00] WAIT qwen3_4b train=3706469 state=RUNNING for global_step_100
[2026-09-17T03:55:56+08:00] progress done=0/1 pending=1 failed=0
[2026-09-17T03:57:56+08:00] WAIT qwen3_4b train=3706469 state=RUNNING for global_step_100
[2026-09-17T03:57:56+08:00] progress done=0/1 pending=1 failed=0
[2026-09-17T03:59:56+08:00] WAIT qwen3_4b train=3706469 state=RUNNING for global_step_100
[2026-09-17T03:59:56+08:00] progress done=0/1 pending=1 failed=0
[2026-09-17T04:01:56+08:00] WAIT qwen3_4b train=3706469 state=RUNNING for global_step_100
[2026-09-17T04:01:56+08:00] progress done=0/1 pending=1 failed=0
[2026-09-17T04:03:56+08:00] WAIT qwen3_4b train=3706469 state=RUNNING for global_step_100
[2026-09-17T04:03:56+08:00] progress done=0/1 pending=1 failed=0
[2026-09-17T04:05:56+08:00] WAIT qwen3_4b train=3706469 state=RUNNING for global_step_100
[2026-09-17T04:05:56+08:00] progress done=0/1 pending=1 failed=0
[2026-09-17T04:07:56+08:00] WAIT qwen3_4b train=3706469 state=RUNNING for global_step_100
[2026-09-17T04:07:56+08:00] progress done=0/1 pending=1 failed=0
[2026-09-17T04:09:56+08:00] WAIT qwen3_4b train=3706469 state=RUNNING for global_step_100
[2026-09-17T04:09:56+08:00] progress done=0/1 pending=1 failed=0
[2026-09-17T04:11:56+08:00] WAIT qwen3_4b train=3706469 state=RUNNING for global_step_100
[2026-09-17T04:11:56+08:00] progress done=0/1 pending=1 failed=0
[2026-09-17T04:13:56+08:00] WAIT qwen3_4b train=3706469 state=RUNNING for global_step_100
[2026-09-17T04:13:56+08:00] progress done=0/1 pending=1 failed=0
[2026-09-17T04:15:57+08:00] WAIT qwen3_4b train=3706469 state=RUNNING for global_step_100
[2026-09-17T04:15:57+08:00] progress done=0/1 pending=1 failed=0
[2026-09-17T04:17:57+08:00] WAIT qwen3_4b train=3706469 state=RUNNING for global_step_100
[2026-09-17T04:17:57+08:00] progress done=0/1 pending=1 failed=0
[2026-09-17T04:19:57+08:00] WAIT qwen3_4b train=3706469 state=RUNNING for global_step_100
[2026-09-17T04:19:57+08:00] progress done=0/1 pending=1 failed=0
[2026-09-17T04:21:57+08:00] WAIT qwen3_4b train=3706469 state=RUNNING for global_step_100
[2026-09-17T04:21:57+08:00] progress done=0/1 pending=1 failed=0
[2026-09-17T04:23:57+08:00] WAIT qwen3_4b train=3706469 state=RUNNING for global_step_100
[2026-09-17T04:23:57+08:00] progress done=0/1 pending=1 failed=0
[2026-09-17T04:25:57+08:00] WAIT qwen3_4b train=3706469 state=RUNNING for global_step_100
[2026-09-17T04:25:57+08:00] progress done=0/1 pending=1 failed=0
[2026-09-17T04:27:57+08:00] WAIT qwen3_4b train=3706469 state=RUNNING for global_step_100
[2026-09-17T04:27:57+08:00] progress done=0/1 pending=1 failed=0
[2026-09-17T04:29:57+08:00] WAIT qwen3_4b train=3706469 state=RUNNING for global_step_100
[2026-09-17T04:29:57+08:00] progress done=0/1 pending=1 failed=0
[2026-09-17T04:31:57+08:00] WAIT qwen3_4b train=3706469 state=RUNNING for global_step_100
[2026-09-17T04:31:57+08:00] progress done=0/1 pending=1 failed=0
[2026-09-17T04:33:57+08:00] WAIT qwen3_4b train=3706469 state=RUNNING for global_step_100
[2026-09-17T04:33:57+08:00] progress done=0/1 pending=1 failed=0
[2026-09-17T04:35:57+08:00] WAIT qwen3_4b train=3706469 state=RUNNING for global_step_100
[2026-09-17T04:35:57+08:00] progress done=0/1 pending=1 failed=0
[2026-09-17T04:37:57+08:00] WAIT qwen3_4b train=3706469 state=RUNNING for global_step_100
[2026-09-17T04:37:57+08:00] progress done=0/1 pending=1 failed=0
[2026-09-17T04:39:57+08:00] WAIT qwen3_4b train=3706469 state=RUNNING for global_step_100
[2026-09-17T04:39:57+08:00] progress done=0/1 pending=1 failed=0
[2026-09-17T04:41:57+08:00] WAIT qwen3_4b train=3706469 state=RUNNING for global_step_100
[2026-09-17T04:41:57+08:00] progress done=0/1 pending=1 failed=0
[2026-09-17T04:43:57+08:00] WAIT qwen3_4b train=3706469 state=RUNNING for global_step_100
[2026-09-17T04:43:57+08:00] progress done=0/1 pending=1 failed=0
[2026-09-17T04:45:57+08:00] WAIT qwen3_4b train=3706469 state=RUNNING for global_step_100
[2026-09-17T04:45:57+08:00] progress done=0/1 pending=1 failed=0
[2026-09-17T04:47:57+08:00] WAIT qwen3_4b train=3706469 state=RUNNING for global_step_100
[2026-09-17T04:47:57+08:00] progress done=0/1 pending=1 failed=0
[2026-09-17T04:49:57+08:00] WAIT qwen3_4b train=3706469 state=RUNNING for global_step_100
[2026-09-17T04:49:57+08:00] progress done=0/1 pending=1 failed=0
[2026-09-17T04:51:57+08:00] WAIT qwen3_4b train=3706469 state=RUNNING for global_step_100
[2026-09-17T04:51:57+08:00] progress done=0/1 pending=1 failed=0
[2026-09-17T04:53:57+08:00] WAIT qwen3_4b train=3706469 state=RUNNING for global_step_100
[2026-09-17T04:53:57+08:00] progress done=0/1 pending=1 failed=0
[2026-09-17T04:55:57+08:00] WAIT qwen3_4b train=3706469 state=RUNNING for global_step_100
[2026-09-17T04:55:57+08:00] progress done=0/1 pending=1 failed=0
[2026-09-17T04:57:57+08:00] WAIT qwen3_4b train=3706469 state=RUNNING for global_step_100
[2026-09-17T04:57:57+08:00] progress done=0/1 pending=1 failed=0
[2026-09-17T04:59:57+08:00] WAIT qwen3_4b train=3706469 state=RUNNING for global_step_100
[2026-09-17T04:59:57+08:00] progress done=0/1 pending=1 failed=0
[2026-09-17T05:01:57+08:00] WAIT qwen3_4b train=3706469 state=RUNNING for global_step_100
[2026-09-17T05:01:57+08:00] progress done=0/1 pending=1 failed=0
[2026-09-17T05:03:57+08:00] WAIT qwen3_4b train=3706469 state=RUNNING for global_step_100
[2026-09-17T05:03:57+08:00] progress done=0/1 pending=1 failed=0
[2026-09-17T05:05:57+08:00] WAIT qwen3_4b train=3706469 state=RUNNING for global_step_100
[2026-09-17T05:05:57+08:00] progress done=0/1 pending=1 failed=0
[2026-09-17T05:07:57+08:00] WAIT qwen3_4b train=3706469 state=RUNNING for global_step_100
[2026-09-17T05:07:57+08:00] progress done=0/1 pending=1 failed=0
[2026-09-17T05:09:57+08:00] WAIT qwen3_4b train=3706469 state=RUNNING for global_step_100
[2026-09-17T05:09:57+08:00] progress done=0/1 pending=1 failed=0
[2026-09-17T05:11:57+08:00] WAIT qwen3_4b train=3706469 state=RUNNING for global_step_100
[2026-09-17T05:11:57+08:00] progress done=0/1 pending=1 failed=0
[2026-09-17T05:13:57+08:00] WAIT qwen3_4b train=3706469 state=RUNNING for global_step_100
[2026-09-17T05:13:57+08:00] progress done=0/1 pending=1 failed=0
[2026-09-17T05:15:57+08:00] WAIT qwen3_4b train=3706469 state=RUNNING for global_step_100
[2026-09-17T05:15:57+08:00] progress done=0/1 pending=1 failed=0
[2026-09-17T05:17:57+08:00] WAIT qwen3_4b train=3706469 state=RUNNING for global_step_100
[2026-09-17T05:17:57+08:00] progress done=0/1 pending=1 failed=0
[2026-09-17T05:19:57+08:00] WAIT qwen3_4b train=3706469 state=RUNNING for global_step_100
[2026-09-17T05:19:57+08:00] progress done=0/1 pending=1 failed=0
[2026-09-17T05:21:57+08:00] WAIT qwen3_4b train=3706469 state=RUNNING for global_step_100
[2026-09-17T05:21:57+08:00] progress done=0/1 pending=1 failed=0
[2026-09-17T05:23:57+08:00] WAIT qwen3_4b train=3706469 state=RUNNING for global_step_100
[2026-09-17T05:23:57+08:00] progress done=0/1 pending=1 failed=0
[2026-09-17T05:25:57+08:00] WAIT qwen3_4b train=3706469 state=RUNNING for global_step_100
[2026-09-17T05:25:57+08:00] progress done=0/1 pending=1 failed=0
[2026-09-17T05:27:57+08:00] WAIT qwen3_4b train=3706469 state=RUNNING for global_step_100
[2026-09-17T05:27:57+08:00] progress done=0/1 pending=1 failed=0
[2026-09-17T05:29:57+08:00] WAIT qwen3_4b train=3706469 state=RUNNING for global_step_100
[2026-09-17T05:29:57+08:00] progress done=0/1 pending=1 failed=0
[2026-09-17T05:31:57+08:00] WAIT qwen3_4b train=3706469 state=RUNNING for global_step_100
[2026-09-17T05:31:57+08:00] progress done=0/1 pending=1 failed=0
[2026-09-17T05:33:57+08:00] WAIT qwen3_4b train=3706469 state=RUNNING for global_step_100
[2026-09-17T05:33:57+08:00] progress done=0/1 pending=1 failed=0
[2026-09-17T05:35:57+08:00] WAIT qwen3_4b train=3706469 state=RUNNING for global_step_100
[2026-09-17T05:35:57+08:00] progress done=0/1 pending=1 failed=0
[2026-09-17T05:37:57+08:00] WAIT qwen3_4b train=3706469 state=RUNNING for global_step_100
[2026-09-17T05:37:57+08:00] progress done=0/1 pending=1 failed=0
[2026-09-17T05:39:57+08:00] WAIT qwen3_4b train=3706469 state=RUNNING for global_step_100
[2026-09-17T05:39:57+08:00] progress done=0/1 pending=1 failed=0
[2026-09-17T05:41:57+08:00] WAIT qwen3_4b train=3706469 state=RUNNING for global_step_100
[2026-09-17T05:41:57+08:00] progress done=0/1 pending=1 failed=0
[2026-09-17T05:43:57+08:00] WAIT qwen3_4b train=3706469 state=RUNNING for global_step_100
[2026-09-17T05:43:57+08:00] progress done=0/1 pending=1 failed=0
[2026-09-17T05:45:57+08:00] WAIT qwen3_4b train=3706469 state=RUNNING for global_step_100
[2026-09-17T05:45:57+08:00] progress done=0/1 pending=1 failed=0
[2026-09-17T05:47:57+08:00] WAIT qwen3_4b train=3706469 state=RUNNING for global_step_100
[2026-09-17T05:47:57+08:00] progress done=0/1 pending=1 failed=0
[2026-09-17T05:49:57+08:00] WAIT qwen3_4b train=3706469 state=RUNNING for global_step_100
[2026-09-17T05:49:57+08:00] progress done=0/1 pending=1 failed=0
[2026-09-17T05:51:57+08:00] WAIT qwen3_4b train=3706469 state=RUNNING for global_step_100
[2026-09-17T05:51:57+08:00] progress done=0/1 pending=1 failed=0
[2026-09-17T05:53:57+08:00] WAIT qwen3_4b train=3706469 state=RUNNING for global_step_100
[2026-09-17T05:53:57+08:00] progress done=0/1 pending=1 failed=0
[2026-09-17T05:55:57+08:00] WAIT qwen3_4b train=3706469 state=RUNNING for global_step_100
[2026-09-17T05:55:57+08:00] progress done=0/1 pending=1 failed=0
[2026-09-17T05:57:57+08:00] WAIT qwen3_4b train=3706469 state=RUNNING for global_step_100
[2026-09-17T05:57:57+08:00] progress done=0/1 pending=1 failed=0
[2026-09-17T05:59:57+08:00] WAIT qwen3_4b train=3706469 state=RUNNING for global_step_100
[2026-09-17T05:59:57+08:00] progress done=0/1 pending=1 failed=0
[2026-09-17T06:01:57+08:00] WAIT qwen3_4b train=3706469 state=RUNNING for global_step_100
[2026-09-17T06:01:57+08:00] progress done=0/1 pending=1 failed=0
[2026-09-17T06:03:57+08:00] WAIT qwen3_4b train=3706469 state=RUNNING for global_step_100
[2026-09-17T06:03:57+08:00] progress done=0/1 pending=1 failed=0
[2026-09-17T06:05:57+08:00] WAIT qwen3_4b train=3706469 state=RUNNING for global_step_100
[2026-09-17T06:05:57+08:00] progress done=0/1 pending=1 failed=0
[2026-09-17T06:07:57+08:00] WAIT qwen3_4b train=3706469 state=RUNNING for global_step_100
[2026-09-17T06:07:57+08:00] progress done=0/1 pending=1 failed=0
[2026-09-17T06:09:57+08:00] WAIT qwen3_4b train=3706469 state=RUNNING for global_step_100
[2026-09-17T06:09:57+08:00] progress done=0/1 pending=1 failed=0
[2026-09-17T06:11:57+08:00] WAIT qwen3_4b train=3706469 state=RUNNING for global_step_100
[2026-09-17T06:11:57+08:00] progress done=0/1 pending=1 failed=0
[2026-09-17T06:13:57+08:00] WAIT qwen3_4b train=3706469 state=RUNNING for global_step_100
[2026-09-17T06:13:57+08:00] progress done=0/1 pending=1 failed=0
[2026-09-17T06:15:57+08:00] WAIT qwen3_4b train=3706469 state=RUNNING for global_step_100
[2026-09-17T06:15:57+08:00] progress done=0/1 pending=1 failed=0
[2026-09-17T06:17:57+08:00] WAIT qwen3_4b train=3706469 state=RUNNING for global_step_100
[2026-09-17T06:17:57+08:00] progress done=0/1 pending=1 failed=0
[2026-09-17T06:19:57+08:00] WAIT qwen3_4b train=3706469 state=RUNNING for global_step_100
[2026-09-17T06:19:57+08:00] progress done=0/1 pending=1 failed=0
[2026-09-17T06:21:57+08:00] WAIT qwen3_4b train=3706469 state=RUNNING for global_step_100
[2026-09-17T06:21:57+08:00] progress done=0/1 pending=1 failed=0
[2026-09-17T06:23:57+08:00] WAIT qwen3_4b train=3706469 state=RUNNING for global_step_100
[2026-09-17T06:23:57+08:00] progress done=0/1 pending=1 failed=0
[2026-09-17T06:25:57+08:00] WAIT qwen3_4b train=3706469 state=RUNNING for global_step_100
[2026-09-17T06:25:57+08:00] progress done=0/1 pending=1 failed=0
[2026-09-17T06:27:57+08:00] WAIT qwen3_4b train=3706469 state=RUNNING for global_step_100
[2026-09-17T06:27:57+08:00] progress done=0/1 pending=1 failed=0
[2026-09-17T06:29:57+08:00] WAIT qwen3_4b train=3706469 state=RUNNING for global_step_100
[2026-09-17T06:29:57+08:00] progress done=0/1 pending=1 failed=0
[2026-09-17T06:31:57+08:00] WAIT qwen3_4b train=3706469 state=RUNNING for global_step_100
[2026-09-17T06:31:57+08:00] progress done=0/1 pending=1 failed=0
[2026-09-17T06:33:57+08:00] WAIT qwen3_4b train=3706469 state=RUNNING for global_step_100
[2026-09-17T06:33:57+08:00] progress done=0/1 pending=1 failed=0
[2026-09-17T06:35:57+08:00] WAIT qwen3_4b train=3706469 state=RUNNING for global_step_100
[2026-09-17T06:35:57+08:00] progress done=0/1 pending=1 failed=0
[2026-09-17T06:37:57+08:00] WAIT qwen3_4b train=3706469 state=RUNNING for global_step_100
[2026-09-17T06:37:57+08:00] progress done=0/1 pending=1 failed=0
[2026-09-17T06:39:57+08:00] WAIT qwen3_4b train=3706469 state=RUNNING for global_step_100
[2026-09-17T06:39:57+08:00] progress done=0/1 pending=1 failed=0
[2026-09-17T06:41:57+08:00] WAIT qwen3_4b train=3706469 state=RUNNING for global_step_100
[2026-09-17T06:41:57+08:00] progress done=0/1 pending=1 failed=0
[2026-09-17T06:43:57+08:00] WAIT qwen3_4b train=3706469 state=RUNNING for global_step_100
[2026-09-17T06:43:57+08:00] progress done=0/1 pending=1 failed=0
[2026-09-17T06:45:57+08:00] WAIT qwen3_4b train=3706469 state=RUNNING for global_step_100
[2026-09-17T06:45:57+08:00] progress done=0/1 pending=1 failed=0
[2026-09-17T06:47:57+08:00] WAIT qwen3_4b train=3706469 state=RUNNING for global_step_100
[2026-09-17T06:47:57+08:00] progress done=0/1 pending=1 failed=0
[2026-09-17T06:49:57+08:00] WAIT qwen3_4b train=3706469 state=RUNNING for global_step_100
[2026-09-17T06:49:57+08:00] progress done=0/1 pending=1 failed=0
[2026-09-17T06:51:57+08:00] WAIT qwen3_4b train=3706469 state=RUNNING for global_step_100
[2026-09-17T06:51:57+08:00] progress done=0/1 pending=1 failed=0
[2026-09-17T06:53:57+08:00] WAIT qwen3_4b train=3706469 state=RUNNING for global_step_100
[2026-09-17T06:53:57+08:00] progress done=0/1 pending=1 failed=0
[2026-09-17T06:55:57+08:00] WAIT qwen3_4b train=3706469 state=RUNNING for global_step_100
[2026-09-17T06:55:57+08:00] progress done=0/1 pending=1 failed=0
[2026-09-17T06:57:57+08:00] WAIT qwen3_4b train=3706469 state=RUNNING for global_step_100
[2026-09-17T06:57:57+08:00] progress done=0/1 pending=1 failed=0
[2026-09-17T06:59:57+08:00] WAIT qwen3_4b train=3706469 state=RUNNING for global_step_100
[2026-09-17T06:59:57+08:00] progress done=0/1 pending=1 failed=0
[2026-09-17T07:01:57+08:00] WAIT qwen3_4b train=3706469 state=RUNNING for global_step_100
[2026-09-17T07:01:57+08:00] progress done=0/1 pending=1 failed=0
[2026-09-17T07:03:57+08:00] WAIT qwen3_4b train=3706469 state=RUNNING for global_step_100
[2026-09-17T07:03:57+08:00] progress done=0/1 pending=1 failed=0
[2026-09-17T07:05:57+08:00] WAIT qwen3_4b train=3706469 state=RUNNING for global_step_100
[2026-09-17T07:05:57+08:00] progress done=0/1 pending=1 failed=0
[2026-09-17T07:07:57+08:00] WAIT qwen3_4b train=3706469 state=RUNNING for global_step_100
[2026-09-17T07:07:57+08:00] progress done=0/1 pending=1 failed=0
[2026-09-17T07:09:57+08:00] WAIT qwen3_4b train=3706469 state=RUNNING for global_step_100
[2026-09-17T07:09:57+08:00] progress done=0/1 pending=1 failed=0
[2026-09-17T07:11:57+08:00] WAIT qwen3_4b train=3706469 state=RUNNING for global_step_100
[2026-09-17T07:11:57+08:00] progress done=0/1 pending=1 failed=0
[2026-09-17T07:13:57+08:00] WAIT qwen3_4b train=3706469 state=RUNNING for global_step_100
[2026-09-17T07:13:57+08:00] progress done=0/1 pending=1 failed=0
[2026-09-17T07:15:57+08:00] WAIT qwen3_4b train=3706469 state=RUNNING for global_step_100
[2026-09-17T07:15:57+08:00] progress done=0/1 pending=1 failed=0
[2026-09-17T07:17:57+08:00] WAIT qwen3_4b train=3706469 state=RUNNING for global_step_100
[2026-09-17T07:17:57+08:00] progress done=0/1 pending=1 failed=0
[2026-09-17T07:19:57+08:00] WAIT qwen3_4b train=3706469 state=RUNNING for global_step_100
[2026-09-17T07:19:57+08:00] progress done=0/1 pending=1 failed=0
[2026-09-17T07:21:57+08:00] WAIT qwen3_4b train=3706469 state=RUNNING for global_step_100
[2026-09-17T07:21:57+08:00] progress done=0/1 pending=1 failed=0
[2026-09-17T07:23:57+08:00] WAIT qwen3_4b train=3706469 state=RUNNING for global_step_100
[2026-09-17T07:23:57+08:00] progress done=0/1 pending=1 failed=0
[2026-09-17T07:25:57+08:00] WAIT qwen3_4b train=3706469 state=RUNNING for global_step_100
[2026-09-17T07:25:57+08:00] progress done=0/1 pending=1 failed=0
[2026-09-17T07:27:57+08:00] WAIT qwen3_4b train=3706469 state=RUNNING for global_step_100
[2026-09-17T07:27:57+08:00] progress done=0/1 pending=1 failed=0
[2026-09-17T07:29:57+08:00] WAIT qwen3_4b train=3706469 state=RUNNING for global_step_100
[2026-09-17T07:29:57+08:00] progress done=0/1 pending=1 failed=0
[2026-09-17T07:31:57+08:00] WAIT qwen3_4b train=3706469 state=RUNNING for global_step_100
[2026-09-17T07:31:57+08:00] progress done=0/1 pending=1 failed=0
[2026-09-17T07:33:57+08:00] WAIT qwen3_4b train=3706469 state=RUNNING for global_step_100
[2026-09-17T07:33:57+08:00] progress done=0/1 pending=1 failed=0
[2026-09-17T07:35:57+08:00] WAIT qwen3_4b train=3706469 state=RUNNING for global_step_100
[2026-09-17T07:35:57+08:00] progress done=0/1 pending=1 failed=0
[2026-09-17T07:37:57+08:00] WAIT qwen3_4b train=3706469 state=RUNNING for global_step_100
[2026-09-17T07:37:57+08:00] progress done=0/1 pending=1 failed=0
[2026-09-17T07:39:57+08:00] WAIT qwen3_4b train=3706469 state=RUNNING for global_step_100
[2026-09-17T07:39:57+08:00] progress done=0/1 pending=1 failed=0
[2026-09-17T07:41:57+08:00] WAIT qwen3_4b train=3706469 state=RUNNING for global_step_100
[2026-09-17T07:41:57+08:00] progress done=0/1 pending=1 failed=0
[2026-09-17T07:43:58+08:00] WAIT qwen3_4b train=3706469 state=RUNNING for global_step_100
[2026-09-17T07:43:58+08:00] progress done=0/1 pending=1 failed=0
[2026-09-17T07:45:58+08:00] WAIT qwen3_4b train=3706469 state=RUNNING for global_step_100
[2026-09-17T07:45:58+08:00] progress done=0/1 pending=1 failed=0
[2026-09-17T07:47:58+08:00] WAIT qwen3_4b train=3706469 state=RUNNING for global_step_100
[2026-09-17T07:47:58+08:00] progress done=0/1 pending=1 failed=0
[2026-09-17T07:49:58+08:00] WAIT qwen3_4b train=3706469 state=RUNNING for global_step_100
[2026-09-17T07:49:58+08:00] progress done=0/1 pending=1 failed=0
[2026-09-17T07:51:58+08:00] WAIT qwen3_4b train=3706469 state=RUNNING for global_step_100
[2026-09-17T07:51:58+08:00] progress done=0/1 pending=1 failed=0
[2026-09-17T07:53:58+08:00] WAIT qwen3_4b train=3706469 state=RUNNING for global_step_100
[2026-09-17T07:53:58+08:00] progress done=0/1 pending=1 failed=0
[2026-09-17T07:55:58+08:00] WAIT qwen3_4b train=3706469 state=RUNNING for global_step_100
[2026-09-17T07:55:58+08:00] progress done=0/1 pending=1 failed=0
[2026-09-17T07:57:58+08:00] WAIT qwen3_4b train=3706469 state=RUNNING for global_step_100
[2026-09-17T07:57:58+08:00] progress done=0/1 pending=1 failed=0
[2026-09-17T07:59:58+08:00] WAIT qwen3_4b train=3706469 state=RUNNING for global_step_100
[2026-09-17T07:59:58+08:00] progress done=0/1 pending=1 failed=0
[2026-09-17T08:01:58+08:00] WAIT qwen3_4b train=3706469 state=RUNNING for global_step_100
[2026-09-17T08:01:58+08:00] progress done=0/1 pending=1 failed=0
[2026-09-17T08:03:58+08:00] WAIT qwen3_4b train=3706469 state=RUNNING for global_step_100
[2026-09-17T08:03:58+08:00] progress done=0/1 pending=1 failed=0
[2026-09-17T08:05:58+08:00] WAIT qwen3_4b train=3706469 state=RUNNING for global_step_100
[2026-09-17T08:05:58+08:00] progress done=0/1 pending=1 failed=0
[2026-09-17T08:07:58+08:00] WAIT qwen3_4b train=3706469 state=RUNNING for global_step_100
[2026-09-17T08:07:58+08:00] progress done=0/1 pending=1 failed=0
[2026-09-17T08:09:58+08:00] WAIT qwen3_4b train=3706469 state=RUNNING for global_step_100
[2026-09-17T08:09:58+08:00] progress done=0/1 pending=1 failed=0
[2026-09-17T08:11:58+08:00] WAIT qwen3_4b train=3706469 state=RUNNING for global_step_100
[2026-09-17T08:11:58+08:00] progress done=0/1 pending=1 failed=0
[2026-09-17T08:13:58+08:00] WAIT qwen3_4b train=3706469 state=RUNNING for global_step_100
[2026-09-17T08:13:58+08:00] progress done=0/1 pending=1 failed=0
[2026-09-17T08:15:58+08:00] WAIT qwen3_4b train=3706469 state=RUNNING for global_step_100
[2026-09-17T08:15:58+08:00] progress done=0/1 pending=1 failed=0
[2026-09-17T08:17:58+08:00] WAIT qwen3_4b train=3706469 state=RUNNING for global_step_100
[2026-09-17T08:17:58+08:00] progress done=0/1 pending=1 failed=0
[2026-09-17T08:19:58+08:00] WAIT qwen3_4b train=3706469 state=RUNNING for global_step_100
[2026-09-17T08:19:58+08:00] progress done=0/1 pending=1 failed=0
[2026-09-17T08:21:58+08:00] WAIT qwen3_4b train=3706469 state=RUNNING for global_step_100
[2026-09-17T08:21:58+08:00] progress done=0/1 pending=1 failed=0
[2026-09-17T08:23:58+08:00] WAIT qwen3_4b train=3706469 state=RUNNING for global_step_100
[2026-09-17T08:23:58+08:00] progress done=0/1 pending=1 failed=0
[2026-09-17T08:25:58+08:00] WAIT qwen3_4b train=3706469 state=RUNNING for global_step_100
[2026-09-17T08:25:58+08:00] progress done=0/1 pending=1 failed=0
[2026-09-17T08:27:58+08:00] WAIT qwen3_4b train=3706469 state=RUNNING for global_step_100
[2026-09-17T08:27:58+08:00] progress done=0/1 pending=1 failed=0
[2026-09-17T08:29:58+08:00] WAIT qwen3_4b train=3706469 state=RUNNING for global_step_100
[2026-09-17T08:29:58+08:00] progress done=0/1 pending=1 failed=0
[2026-09-17T08:31:58+08:00] WAIT qwen3_4b train=3706469 state=RUNNING for global_step_100
[2026-09-17T08:31:58+08:00] progress done=0/1 pending=1 failed=0
[2026-09-17T08:33:58+08:00] WAIT qwen3_4b train=3706469 state=RUNNING for global_step_100
[2026-09-17T08:33:58+08:00] progress done=0/1 pending=1 failed=0
[2026-09-17T08:35:58+08:00] WAIT qwen3_4b train=3706469 state=RUNNING for global_step_100
[2026-09-17T08:35:58+08:00] progress done=0/1 pending=1 failed=0
[2026-09-17T08:37:58+08:00] WAIT qwen3_4b train=3706469 state=RUNNING for global_step_100
[2026-09-17T08:37:58+08:00] progress done=0/1 pending=1 failed=0
[2026-09-17T08:39:58+08:00] FAIL qwen3_4b train=3706469 state=FAILED no global_step_100
[2026-09-17T08:39:58+08:00] progress done=0/1 pending=0 failed=1
[2026-09-17T08:39:58+08:00] ALL trains handled (done=0 failed=1); exiting
[2026-09-17T08:39:58+08:00] watch finished
