[watch-slurm] host=a2n17c3 job=3562928
[watch-slurm] manifest=/gpfs/share/home/2501210611/opsd_analysis/OPSD_Analysis/log/train/jsd005_extend300/submit_latest.tsv
[watch-slurm] interval=120s post_done_wait=90s
[2026-09-09T17:35:19+08:00] host=a2n17c3 job=3562928 interval=120s post_wait=90s
[2026-09-09T17:35:19+08:00] manifest=/gpfs/share/home/2501210611/opsd_analysis/OPSD_Analysis/log/train/jsd005_extend300/submit_latest.tsv runs=2 targets=8
[2026-09-09T17:35:19+08:00] WAIT qwen3_1.7b tag=st_tt_clip005_1e6_ot_1p7b_ckpt150 train=3562926 state=RUNNING
[2026-09-09T17:35:19+08:00] WAIT qwen3_1.7b tag=st_tt_clip005_1e6_ot_1p7b_ckpt200 train=3562926 state=RUNNING
[2026-09-09T17:35:19+08:00] WAIT qwen3_1.7b tag=st_tt_clip005_1e6_ot_1p7b_ckpt250 train=3562926 state=RUNNING
[2026-09-09T17:35:19+08:00] WAIT qwen3_1.7b tag=st_tt_clip005_1e6_ot_1p7b_ckpt300 train=3562926 state=RUNNING
[2026-09-09T17:35:19+08:00] WAIT olmo3_7b_think tag=st_tt_clip005_1e6_olmo7bt_ckpt150 train=3562927 state=PENDING
[2026-09-09T17:35:19+08:00] WAIT olmo3_7b_think tag=st_tt_clip005_1e6_olmo7bt_ckpt200 train=3562927 state=PENDING
[2026-09-09T17:35:19+08:00] WAIT olmo3_7b_think tag=st_tt_clip005_1e6_olmo7bt_ckpt250 train=3562927 state=PENDING
[2026-09-09T17:35:19+08:00] WAIT olmo3_7b_think tag=st_tt_clip005_1e6_olmo7bt_ckpt300 train=3562927 state=PENDING
[2026-09-09T17:35:19+08:00] progress done=0/8 pending=8 failed=0
[2026-09-09T17:37:19+08:00] WAIT qwen3_1.7b tag=st_tt_clip005_1e6_ot_1p7b_ckpt150 train=3562926 state=RUNNING
[2026-09-09T17:37:19+08:00] WAIT qwen3_1.7b tag=st_tt_clip005_1e6_ot_1p7b_ckpt200 train=3562926 state=RUNNING
[2026-09-09T17:37:19+08:00] WAIT qwen3_1.7b tag=st_tt_clip005_1e6_ot_1p7b_ckpt250 train=3562926 state=RUNNING
[2026-09-09T17:37:19+08:00] WAIT qwen3_1.7b tag=st_tt_clip005_1e6_ot_1p7b_ckpt300 train=3562926 state=RUNNING
[2026-09-09T17:37:19+08:00] WAIT olmo3_7b_think tag=st_tt_clip005_1e6_olmo7bt_ckpt150 train=3562927 state=PENDING
[2026-09-09T17:37:19+08:00] WAIT olmo3_7b_think tag=st_tt_clip005_1e6_olmo7bt_ckpt200 train=3562927 state=PENDING
[2026-09-09T17:37:19+08:00] WAIT olmo3_7b_think tag=st_tt_clip005_1e6_olmo7bt_ckpt250 train=3562927 state=PENDING
[2026-09-09T17:37:19+08:00] WAIT olmo3_7b_think tag=st_tt_clip005_1e6_olmo7bt_ckpt300 train=3562927 state=PENDING
[2026-09-09T17:37:19+08:00] progress done=0/8 pending=8 failed=0
[2026-09-09T17:39:19+08:00] WAIT qwen3_1.7b tag=st_tt_clip005_1e6_ot_1p7b_ckpt150 train=3562926 state=RUNNING
[2026-09-09T17:39:19+08:00] WAIT qwen3_1.7b tag=st_tt_clip005_1e6_ot_1p7b_ckpt200 train=3562926 state=RUNNING
[2026-09-09T17:39:19+08:00] WAIT qwen3_1.7b tag=st_tt_clip005_1e6_ot_1p7b_ckpt250 train=3562926 state=RUNNING
[2026-09-09T17:39:19+08:00] WAIT qwen3_1.7b tag=st_tt_clip005_1e6_ot_1p7b_ckpt300 train=3562926 state=RUNNING
[2026-09-09T17:39:19+08:00] WAIT olmo3_7b_think tag=st_tt_clip005_1e6_olmo7bt_ckpt150 train=3562927 state=PENDING
[2026-09-09T17:39:19+08:00] WAIT olmo3_7b_think tag=st_tt_clip005_1e6_olmo7bt_ckpt200 train=3562927 state=PENDING
[2026-09-09T17:39:19+08:00] WAIT olmo3_7b_think tag=st_tt_clip005_1e6_olmo7bt_ckpt250 train=3562927 state=PENDING
[2026-09-09T17:39:19+08:00] WAIT olmo3_7b_think tag=st_tt_clip005_1e6_olmo7bt_ckpt300 train=3562927 state=PENDING
[2026-09-09T17:39:19+08:00] progress done=0/8 pending=8 failed=0
[2026-09-09T17:41:19+08:00] WAIT qwen3_1.7b tag=st_tt_clip005_1e6_ot_1p7b_ckpt150 train=3562926 state=RUNNING
[2026-09-09T17:41:19+08:00] WAIT qwen3_1.7b tag=st_tt_clip005_1e6_ot_1p7b_ckpt200 train=3562926 state=RUNNING
[2026-09-09T17:41:20+08:00] WAIT qwen3_1.7b tag=st_tt_clip005_1e6_ot_1p7b_ckpt250 train=3562926 state=RUNNING
[2026-09-09T17:41:20+08:00] WAIT qwen3_1.7b tag=st_tt_clip005_1e6_ot_1p7b_ckpt300 train=3562926 state=RUNNING
[2026-09-09T17:41:20+08:00] WAIT olmo3_7b_think tag=st_tt_clip005_1e6_olmo7bt_ckpt150 train=3562927 state=PENDING
[2026-09-09T17:41:20+08:00] WAIT olmo3_7b_think tag=st_tt_clip005_1e6_olmo7bt_ckpt200 train=3562927 state=PENDING
[2026-09-09T17:41:20+08:00] WAIT olmo3_7b_think tag=st_tt_clip005_1e6_olmo7bt_ckpt250 train=3562927 state=PENDING
[2026-09-09T17:41:20+08:00] WAIT olmo3_7b_think tag=st_tt_clip005_1e6_olmo7bt_ckpt300 train=3562927 state=PENDING
[2026-09-09T17:41:20+08:00] progress done=0/8 pending=8 failed=0
[2026-09-09T17:43:20+08:00] WAIT qwen3_1.7b tag=st_tt_clip005_1e6_ot_1p7b_ckpt150 train=3562926 state=RUNNING
[2026-09-09T17:43:20+08:00] WAIT qwen3_1.7b tag=st_tt_clip005_1e6_ot_1p7b_ckpt200 train=3562926 state=RUNNING
[2026-09-09T17:43:20+08:00] WAIT qwen3_1.7b tag=st_tt_clip005_1e6_ot_1p7b_ckpt250 train=3562926 state=RUNNING
[2026-09-09T17:43:20+08:00] WAIT qwen3_1.7b tag=st_tt_clip005_1e6_ot_1p7b_ckpt300 train=3562926 state=RUNNING
[2026-09-09T17:43:20+08:00] WAIT olmo3_7b_think tag=st_tt_clip005_1e6_olmo7bt_ckpt150 train=3562927 state=PENDING
[2026-09-09T17:43:20+08:00] WAIT olmo3_7b_think tag=st_tt_clip005_1e6_olmo7bt_ckpt200 train=3562927 state=PENDING
[2026-09-09T17:43:20+08:00] WAIT olmo3_7b_think tag=st_tt_clip005_1e6_olmo7bt_ckpt250 train=3562927 state=PENDING
[2026-09-09T17:43:20+08:00] WAIT olmo3_7b_think tag=st_tt_clip005_1e6_olmo7bt_ckpt300 train=3562927 state=PENDING
[2026-09-09T17:43:20+08:00] progress done=0/8 pending=8 failed=0
[2026-09-09T17:45:20+08:00] WAIT qwen3_1.7b tag=st_tt_clip005_1e6_ot_1p7b_ckpt150 train=3562926 state=RUNNING
[2026-09-09T17:45:20+08:00] WAIT qwen3_1.7b tag=st_tt_clip005_1e6_ot_1p7b_ckpt200 train=3562926 state=RUNNING
[2026-09-09T17:45:20+08:00] WAIT qwen3_1.7b tag=st_tt_clip005_1e6_ot_1p7b_ckpt250 train=3562926 state=RUNNING
[2026-09-09T17:45:20+08:00] WAIT qwen3_1.7b tag=st_tt_clip005_1e6_ot_1p7b_ckpt300 train=3562926 state=RUNNING
[2026-09-09T17:45:20+08:00] WAIT olmo3_7b_think tag=st_tt_clip005_1e6_olmo7bt_ckpt150 train=3562927 state=PENDING
[2026-09-09T17:45:20+08:00] WAIT olmo3_7b_think tag=st_tt_clip005_1e6_olmo7bt_ckpt200 train=3562927 state=PENDING
[2026-09-09T17:45:20+08:00] WAIT olmo3_7b_think tag=st_tt_clip005_1e6_olmo7bt_ckpt250 train=3562927 state=PENDING
[2026-09-09T17:45:20+08:00] WAIT olmo3_7b_think tag=st_tt_clip005_1e6_olmo7bt_ckpt300 train=3562927 state=PENDING
[2026-09-09T17:45:20+08:00] progress done=0/8 pending=8 failed=0
[2026-09-09T17:47:20+08:00] WAIT qwen3_1.7b tag=st_tt_clip005_1e6_ot_1p7b_ckpt150 train=3562926 state=RUNNING
[2026-09-09T17:47:20+08:00] WAIT qwen3_1.7b tag=st_tt_clip005_1e6_ot_1p7b_ckpt200 train=3562926 state=RUNNING
[2026-09-09T17:47:20+08:00] WAIT qwen3_1.7b tag=st_tt_clip005_1e6_ot_1p7b_ckpt250 train=3562926 state=RUNNING
[2026-09-09T17:47:20+08:00] WAIT qwen3_1.7b tag=st_tt_clip005_1e6_ot_1p7b_ckpt300 train=3562926 state=RUNNING
[2026-09-09T17:47:20+08:00] WAIT olmo3_7b_think tag=st_tt_clip005_1e6_olmo7bt_ckpt150 train=3562927 state=PENDING
[2026-09-09T17:47:20+08:00] WAIT olmo3_7b_think tag=st_tt_clip005_1e6_olmo7bt_ckpt200 train=3562927 state=PENDING
[2026-09-09T17:47:20+08:00] WAIT olmo3_7b_think tag=st_tt_clip005_1e6_olmo7bt_ckpt250 train=3562927 state=PENDING
[2026-09-09T17:47:20+08:00] WAIT olmo3_7b_think tag=st_tt_clip005_1e6_olmo7bt_ckpt300 train=3562927 state=PENDING
[2026-09-09T17:47:20+08:00] progress done=0/8 pending=8 failed=0
[2026-09-09T17:49:20+08:00] WAIT qwen3_1.7b tag=st_tt_clip005_1e6_ot_1p7b_ckpt150 train=3562926 state=RUNNING
[2026-09-09T17:49:20+08:00] WAIT qwen3_1.7b tag=st_tt_clip005_1e6_ot_1p7b_ckpt200 train=3562926 state=RUNNING
[2026-09-09T17:49:20+08:00] WAIT qwen3_1.7b tag=st_tt_clip005_1e6_ot_1p7b_ckpt250 train=3562926 state=RUNNING
[2026-09-09T17:49:20+08:00] WAIT qwen3_1.7b tag=st_tt_clip005_1e6_ot_1p7b_ckpt300 train=3562926 state=RUNNING
[2026-09-09T17:49:20+08:00] WAIT olmo3_7b_think tag=st_tt_clip005_1e6_olmo7bt_ckpt150 train=3562927 state=PENDING
[2026-09-09T17:49:20+08:00] WAIT olmo3_7b_think tag=st_tt_clip005_1e6_olmo7bt_ckpt200 train=3562927 state=PENDING
[2026-09-09T17:49:20+08:00] WAIT olmo3_7b_think tag=st_tt_clip005_1e6_olmo7bt_ckpt250 train=3562927 state=PENDING
[2026-09-09T17:49:20+08:00] WAIT olmo3_7b_think tag=st_tt_clip005_1e6_olmo7bt_ckpt300 train=3562927 state=PENDING
[2026-09-09T17:49:20+08:00] progress done=0/8 pending=8 failed=0
[2026-09-09T17:51:20+08:00] WAIT qwen3_1.7b tag=st_tt_clip005_1e6_ot_1p7b_ckpt150 train=3562926 state=RUNNING
[2026-09-09T17:51:20+08:00] WAIT qwen3_1.7b tag=st_tt_clip005_1e6_ot_1p7b_ckpt200 train=3562926 state=RUNNING
[2026-09-09T17:51:20+08:00] WAIT qwen3_1.7b tag=st_tt_clip005_1e6_ot_1p7b_ckpt250 train=3562926 state=RUNNING
[2026-09-09T17:51:20+08:00] WAIT qwen3_1.7b tag=st_tt_clip005_1e6_ot_1p7b_ckpt300 train=3562926 state=RUNNING
[2026-09-09T17:51:20+08:00] WAIT olmo3_7b_think tag=st_tt_clip005_1e6_olmo7bt_ckpt150 train=3562927 state=PENDING
[2026-09-09T17:51:20+08:00] WAIT olmo3_7b_think tag=st_tt_clip005_1e6_olmo7bt_ckpt200 train=3562927 state=PENDING
[2026-09-09T17:51:20+08:00] WAIT olmo3_7b_think tag=st_tt_clip005_1e6_olmo7bt_ckpt250 train=3562927 state=PENDING
[2026-09-09T17:51:20+08:00] WAIT olmo3_7b_think tag=st_tt_clip005_1e6_olmo7bt_ckpt300 train=3562927 state=PENDING
[2026-09-09T17:51:20+08:00] progress done=0/8 pending=8 failed=0
[2026-09-09T17:53:20+08:00] WAIT qwen3_1.7b tag=st_tt_clip005_1e6_ot_1p7b_ckpt150 train=3562926 state=RUNNING
[2026-09-09T17:53:20+08:00] WAIT qwen3_1.7b tag=st_tt_clip005_1e6_ot_1p7b_ckpt200 train=3562926 state=RUNNING
[2026-09-09T17:53:20+08:00] WAIT qwen3_1.7b tag=st_tt_clip005_1e6_ot_1p7b_ckpt250 train=3562926 state=RUNNING
[2026-09-09T17:53:20+08:00] WAIT qwen3_1.7b tag=st_tt_clip005_1e6_ot_1p7b_ckpt300 train=3562926 state=RUNNING
[2026-09-09T17:53:20+08:00] WAIT olmo3_7b_think tag=st_tt_clip005_1e6_olmo7bt_ckpt150 train=3562927 state=PENDING
[2026-09-09T17:53:20+08:00] WAIT olmo3_7b_think tag=st_tt_clip005_1e6_olmo7bt_ckpt200 train=3562927 state=PENDING
[2026-09-09T17:53:20+08:00] WAIT olmo3_7b_think tag=st_tt_clip005_1e6_olmo7bt_ckpt250 train=3562927 state=PENDING
[2026-09-09T17:53:20+08:00] WAIT olmo3_7b_think tag=st_tt_clip005_1e6_olmo7bt_ckpt300 train=3562927 state=PENDING
[2026-09-09T17:53:20+08:00] progress done=0/8 pending=8 failed=0
[2026-09-09T17:55:20+08:00] WAIT qwen3_1.7b tag=st_tt_clip005_1e6_ot_1p7b_ckpt150 train=3562926 state=RUNNING
[2026-09-09T17:55:20+08:00] WAIT qwen3_1.7b tag=st_tt_clip005_1e6_ot_1p7b_ckpt200 train=3562926 state=RUNNING
[2026-09-09T17:55:20+08:00] WAIT qwen3_1.7b tag=st_tt_clip005_1e6_ot_1p7b_ckpt250 train=3562926 state=RUNNING
[2026-09-09T17:55:20+08:00] WAIT qwen3_1.7b tag=st_tt_clip005_1e6_ot_1p7b_ckpt300 train=3562926 state=RUNNING
[2026-09-09T17:55:20+08:00] WAIT olmo3_7b_think tag=st_tt_clip005_1e6_olmo7bt_ckpt150 train=3562927 state=PENDING
[2026-09-09T17:55:20+08:00] WAIT olmo3_7b_think tag=st_tt_clip005_1e6_olmo7bt_ckpt200 train=3562927 state=PENDING
[2026-09-09T17:55:20+08:00] WAIT olmo3_7b_think tag=st_tt_clip005_1e6_olmo7bt_ckpt250 train=3562927 state=PENDING
[2026-09-09T17:55:20+08:00] WAIT olmo3_7b_think tag=st_tt_clip005_1e6_olmo7bt_ckpt300 train=3562927 state=PENDING
[2026-09-09T17:55:20+08:00] progress done=0/8 pending=8 failed=0
[2026-09-09T17:57:20+08:00] READY qwen3_1.7b -> /gpfs/share/home/2501210611/opsd_analysis/OPSD_Analysis/outputs/qwen3_1.7b/st_tt_clip005_1e_6_openthoughts_1p7b/3212996/checkpoint-150
[2026-09-09T17:58:50+08:00] SUBMITTED evals for qwen3_1.7b tag=st_tt_clip005_1e6_ot_1p7b_ckpt150
[2026-09-09T17:58:50+08:00] WAIT qwen3_1.7b tag=st_tt_clip005_1e6_ot_1p7b_ckpt200 train=3562926 state=RUNNING
[2026-09-09T17:58:50+08:00] WAIT qwen3_1.7b tag=st_tt_clip005_1e6_ot_1p7b_ckpt250 train=3562926 state=RUNNING
[2026-09-09T17:58:50+08:00] WAIT qwen3_1.7b tag=st_tt_clip005_1e6_ot_1p7b_ckpt300 train=3562926 state=RUNNING
[2026-09-09T17:58:50+08:00] WAIT olmo3_7b_think tag=st_tt_clip005_1e6_olmo7bt_ckpt150 train=3562927 state=PENDING
[2026-09-09T17:58:50+08:00] WAIT olmo3_7b_think tag=st_tt_clip005_1e6_olmo7bt_ckpt200 train=3562927 state=PENDING
[2026-09-09T17:58:51+08:00] WAIT olmo3_7b_think tag=st_tt_clip005_1e6_olmo7bt_ckpt250 train=3562927 state=PENDING
[2026-09-09T17:58:51+08:00] WAIT olmo3_7b_think tag=st_tt_clip005_1e6_olmo7bt_ckpt300 train=3562927 state=PENDING
[2026-09-09T17:58:51+08:00] progress done=1/8 pending=7 failed=0
[2026-09-09T18:00:51+08:00] WAIT qwen3_1.7b tag=st_tt_clip005_1e6_ot_1p7b_ckpt200 train=3562926 state=RUNNING
[2026-09-09T18:00:51+08:00] WAIT qwen3_1.7b tag=st_tt_clip005_1e6_ot_1p7b_ckpt250 train=3562926 state=RUNNING
[2026-09-09T18:00:51+08:00] WAIT qwen3_1.7b tag=st_tt_clip005_1e6_ot_1p7b_ckpt300 train=3562926 state=RUNNING
[2026-09-09T18:00:51+08:00] WAIT olmo3_7b_think tag=st_tt_clip005_1e6_olmo7bt_ckpt150 train=3562927 state=PENDING
[2026-09-09T18:00:51+08:00] WAIT olmo3_7b_think tag=st_tt_clip005_1e6_olmo7bt_ckpt200 train=3562927 state=PENDING
[2026-09-09T18:00:51+08:00] WAIT olmo3_7b_think tag=st_tt_clip005_1e6_olmo7bt_ckpt250 train=3562927 state=PENDING
[2026-09-09T18:00:51+08:00] WAIT olmo3_7b_think tag=st_tt_clip005_1e6_olmo7bt_ckpt300 train=3562927 state=PENDING
[2026-09-09T18:00:51+08:00] progress done=1/8 pending=7 failed=0
[2026-09-09T18:02:51+08:00] WAIT qwen3_1.7b tag=st_tt_clip005_1e6_ot_1p7b_ckpt200 train=3562926 state=RUNNING
[2026-09-09T18:02:51+08:00] WAIT qwen3_1.7b tag=st_tt_clip005_1e6_ot_1p7b_ckpt250 train=3562926 state=RUNNING
[2026-09-09T18:02:51+08:00] WAIT qwen3_1.7b tag=st_tt_clip005_1e6_ot_1p7b_ckpt300 train=3562926 state=RUNNING
[2026-09-09T18:02:51+08:00] WAIT olmo3_7b_think tag=st_tt_clip005_1e6_olmo7bt_ckpt150 train=3562927 state=PENDING
[2026-09-09T18:02:51+08:00] WAIT olmo3_7b_think tag=st_tt_clip005_1e6_olmo7bt_ckpt200 train=3562927 state=PENDING
[2026-09-09T18:02:51+08:00] WAIT olmo3_7b_think tag=st_tt_clip005_1e6_olmo7bt_ckpt250 train=3562927 state=PENDING
[2026-09-09T18:02:51+08:00] WAIT olmo3_7b_think tag=st_tt_clip005_1e6_olmo7bt_ckpt300 train=3562927 state=PENDING
[2026-09-09T18:02:51+08:00] progress done=1/8 pending=7 failed=0
[2026-09-09T18:04:51+08:00] WAIT qwen3_1.7b tag=st_tt_clip005_1e6_ot_1p7b_ckpt200 train=3562926 state=RUNNING
[2026-09-09T18:04:51+08:00] WAIT qwen3_1.7b tag=st_tt_clip005_1e6_ot_1p7b_ckpt250 train=3562926 state=RUNNING
[2026-09-09T18:04:51+08:00] WAIT qwen3_1.7b tag=st_tt_clip005_1e6_ot_1p7b_ckpt300 train=3562926 state=RUNNING
[2026-09-09T18:04:51+08:00] WAIT olmo3_7b_think tag=st_tt_clip005_1e6_olmo7bt_ckpt150 train=3562927 state=PENDING
[2026-09-09T18:04:51+08:00] WAIT olmo3_7b_think tag=st_tt_clip005_1e6_olmo7bt_ckpt200 train=3562927 state=PENDING
[2026-09-09T18:04:51+08:00] WAIT olmo3_7b_think tag=st_tt_clip005_1e6_olmo7bt_ckpt250 train=3562927 state=PENDING
[2026-09-09T18:04:51+08:00] WAIT olmo3_7b_think tag=st_tt_clip005_1e6_olmo7bt_ckpt300 train=3562927 state=PENDING
[2026-09-09T18:04:51+08:00] progress done=1/8 pending=7 failed=0
[2026-09-09T18:06:51+08:00] WAIT qwen3_1.7b tag=st_tt_clip005_1e6_ot_1p7b_ckpt200 train=3562926 state=RUNNING
[2026-09-09T18:06:51+08:00] WAIT qwen3_1.7b tag=st_tt_clip005_1e6_ot_1p7b_ckpt250 train=3562926 state=RUNNING
[2026-09-09T18:06:51+08:00] WAIT qwen3_1.7b tag=st_tt_clip005_1e6_ot_1p7b_ckpt300 train=3562926 state=RUNNING
[2026-09-09T18:06:51+08:00] WAIT olmo3_7b_think tag=st_tt_clip005_1e6_olmo7bt_ckpt150 train=3562927 state=PENDING
[2026-09-09T18:06:51+08:00] WAIT olmo3_7b_think tag=st_tt_clip005_1e6_olmo7bt_ckpt200 train=3562927 state=PENDING
[2026-09-09T18:06:51+08:00] WAIT olmo3_7b_think tag=st_tt_clip005_1e6_olmo7bt_ckpt250 train=3562927 state=PENDING
[2026-09-09T18:06:51+08:00] WAIT olmo3_7b_think tag=st_tt_clip005_1e6_olmo7bt_ckpt300 train=3562927 state=PENDING
[2026-09-09T18:06:51+08:00] progress done=1/8 pending=7 failed=0
[2026-09-09T18:08:51+08:00] WAIT qwen3_1.7b tag=st_tt_clip005_1e6_ot_1p7b_ckpt200 train=3562926 state=RUNNING
[2026-09-09T18:08:51+08:00] WAIT qwen3_1.7b tag=st_tt_clip005_1e6_ot_1p7b_ckpt250 train=3562926 state=RUNNING
[2026-09-09T18:08:51+08:00] WAIT qwen3_1.7b tag=st_tt_clip005_1e6_ot_1p7b_ckpt300 train=3562926 state=RUNNING
[2026-09-09T18:08:51+08:00] WAIT olmo3_7b_think tag=st_tt_clip005_1e6_olmo7bt_ckpt150 train=3562927 state=PENDING
[2026-09-09T18:08:51+08:00] WAIT olmo3_7b_think tag=st_tt_clip005_1e6_olmo7bt_ckpt200 train=3562927 state=PENDING
[2026-09-09T18:08:51+08:00] WAIT olmo3_7b_think tag=st_tt_clip005_1e6_olmo7bt_ckpt250 train=3562927 state=PENDING
[2026-09-09T18:08:51+08:00] WAIT olmo3_7b_think tag=st_tt_clip005_1e6_olmo7bt_ckpt300 train=3562927 state=PENDING
[2026-09-09T18:08:51+08:00] progress done=1/8 pending=7 failed=0
[2026-09-09T18:10:51+08:00] WAIT qwen3_1.7b tag=st_tt_clip005_1e6_ot_1p7b_ckpt200 train=3562926 state=RUNNING
[2026-09-09T18:10:51+08:00] WAIT qwen3_1.7b tag=st_tt_clip005_1e6_ot_1p7b_ckpt250 train=3562926 state=RUNNING
[2026-09-09T18:10:51+08:00] WAIT qwen3_1.7b tag=st_tt_clip005_1e6_ot_1p7b_ckpt300 train=3562926 state=RUNNING
[2026-09-09T18:10:51+08:00] WAIT olmo3_7b_think tag=st_tt_clip005_1e6_olmo7bt_ckpt150 train=3562927 state=PENDING
[2026-09-09T18:10:51+08:00] WAIT olmo3_7b_think tag=st_tt_clip005_1e6_olmo7bt_ckpt200 train=3562927 state=PENDING
[2026-09-09T18:10:51+08:00] WAIT olmo3_7b_think tag=st_tt_clip005_1e6_olmo7bt_ckpt250 train=3562927 state=PENDING
[2026-09-09T18:10:51+08:00] WAIT olmo3_7b_think tag=st_tt_clip005_1e6_olmo7bt_ckpt300 train=3562927 state=PENDING
[2026-09-09T18:10:51+08:00] progress done=1/8 pending=7 failed=0
[2026-09-09T18:12:51+08:00] WAIT qwen3_1.7b tag=st_tt_clip005_1e6_ot_1p7b_ckpt200 train=3562926 state=RUNNING
[2026-09-09T18:12:51+08:00] WAIT qwen3_1.7b tag=st_tt_clip005_1e6_ot_1p7b_ckpt250 train=3562926 state=RUNNING
[2026-09-09T18:12:51+08:00] WAIT qwen3_1.7b tag=st_tt_clip005_1e6_ot_1p7b_ckpt300 train=3562926 state=RUNNING
[2026-09-09T18:12:51+08:00] WAIT olmo3_7b_think tag=st_tt_clip005_1e6_olmo7bt_ckpt150 train=3562927 state=PENDING
[2026-09-09T18:12:51+08:00] WAIT olmo3_7b_think tag=st_tt_clip005_1e6_olmo7bt_ckpt200 train=3562927 state=PENDING
[2026-09-09T18:12:51+08:00] WAIT olmo3_7b_think tag=st_tt_clip005_1e6_olmo7bt_ckpt250 train=3562927 state=PENDING
[2026-09-09T18:12:51+08:00] WAIT olmo3_7b_think tag=st_tt_clip005_1e6_olmo7bt_ckpt300 train=3562927 state=PENDING
[2026-09-09T18:12:51+08:00] progress done=1/8 pending=7 failed=0
[2026-09-09T18:14:51+08:00] READY qwen3_1.7b -> /gpfs/share/home/2501210611/opsd_analysis/OPSD_Analysis/outputs/qwen3_1.7b/st_tt_clip005_1e_6_openthoughts_1p7b/3212996/checkpoint-200
[2026-09-09T18:16:21+08:00] SUBMITTED evals for qwen3_1.7b tag=st_tt_clip005_1e6_ot_1p7b_ckpt200
[2026-09-09T18:16:21+08:00] WAIT qwen3_1.7b tag=st_tt_clip005_1e6_ot_1p7b_ckpt250 train=3562926 state=RUNNING
[2026-09-09T18:16:21+08:00] WAIT qwen3_1.7b tag=st_tt_clip005_1e6_ot_1p7b_ckpt300 train=3562926 state=RUNNING
[2026-09-09T18:16:21+08:00] WAIT olmo3_7b_think tag=st_tt_clip005_1e6_olmo7bt_ckpt150 train=3562927 state=PENDING
[2026-09-09T18:16:21+08:00] WAIT olmo3_7b_think tag=st_tt_clip005_1e6_olmo7bt_ckpt200 train=3562927 state=PENDING
[2026-09-09T18:16:21+08:00] WAIT olmo3_7b_think tag=st_tt_clip005_1e6_olmo7bt_ckpt250 train=3562927 state=PENDING
[2026-09-09T18:16:21+08:00] WAIT olmo3_7b_think tag=st_tt_clip005_1e6_olmo7bt_ckpt300 train=3562927 state=PENDING
[2026-09-09T18:16:21+08:00] progress done=2/8 pending=6 failed=0
[2026-09-09T18:18:21+08:00] WAIT qwen3_1.7b tag=st_tt_clip005_1e6_ot_1p7b_ckpt250 train=3562926 state=RUNNING
[2026-09-09T18:18:21+08:00] WAIT qwen3_1.7b tag=st_tt_clip005_1e6_ot_1p7b_ckpt300 train=3562926 state=RUNNING
[2026-09-09T18:18:21+08:00] WAIT olmo3_7b_think tag=st_tt_clip005_1e6_olmo7bt_ckpt150 train=3562927 state=PENDING
[2026-09-09T18:18:21+08:00] WAIT olmo3_7b_think tag=st_tt_clip005_1e6_olmo7bt_ckpt200 train=3562927 state=PENDING
[2026-09-09T18:18:21+08:00] WAIT olmo3_7b_think tag=st_tt_clip005_1e6_olmo7bt_ckpt250 train=3562927 state=PENDING
[2026-09-09T18:18:21+08:00] WAIT olmo3_7b_think tag=st_tt_clip005_1e6_olmo7bt_ckpt300 train=3562927 state=PENDING
[2026-09-09T18:18:21+08:00] progress done=2/8 pending=6 failed=0
[2026-09-09T18:20:21+08:00] WAIT qwen3_1.7b tag=st_tt_clip005_1e6_ot_1p7b_ckpt250 train=3562926 state=RUNNING
[2026-09-09T18:20:21+08:00] WAIT qwen3_1.7b tag=st_tt_clip005_1e6_ot_1p7b_ckpt300 train=3562926 state=RUNNING
[2026-09-09T18:20:21+08:00] WAIT olmo3_7b_think tag=st_tt_clip005_1e6_olmo7bt_ckpt150 train=3562927 state=PENDING
[2026-09-09T18:20:21+08:00] WAIT olmo3_7b_think tag=st_tt_clip005_1e6_olmo7bt_ckpt200 train=3562927 state=PENDING
[2026-09-09T18:20:22+08:00] WAIT olmo3_7b_think tag=st_tt_clip005_1e6_olmo7bt_ckpt250 train=3562927 state=PENDING
[2026-09-09T18:20:22+08:00] WAIT olmo3_7b_think tag=st_tt_clip005_1e6_olmo7bt_ckpt300 train=3562927 state=PENDING
[2026-09-09T18:20:22+08:00] progress done=2/8 pending=6 failed=0
[2026-09-09T18:22:22+08:00] WAIT qwen3_1.7b tag=st_tt_clip005_1e6_ot_1p7b_ckpt250 train=3562926 state=RUNNING
[2026-09-09T18:22:22+08:00] WAIT qwen3_1.7b tag=st_tt_clip005_1e6_ot_1p7b_ckpt300 train=3562926 state=RUNNING
[2026-09-09T18:22:22+08:00] WAIT olmo3_7b_think tag=st_tt_clip005_1e6_olmo7bt_ckpt150 train=3562927 state=PENDING
[2026-09-09T18:22:22+08:00] WAIT olmo3_7b_think tag=st_tt_clip005_1e6_olmo7bt_ckpt200 train=3562927 state=PENDING
[2026-09-09T18:22:22+08:00] WAIT olmo3_7b_think tag=st_tt_clip005_1e6_olmo7bt_ckpt250 train=3562927 state=PENDING
[2026-09-09T18:22:22+08:00] WAIT olmo3_7b_think tag=st_tt_clip005_1e6_olmo7bt_ckpt300 train=3562927 state=PENDING
[2026-09-09T18:22:22+08:00] progress done=2/8 pending=6 failed=0
[2026-09-09T18:24:22+08:00] WAIT qwen3_1.7b tag=st_tt_clip005_1e6_ot_1p7b_ckpt250 train=3562926 state=RUNNING
[2026-09-09T18:24:22+08:00] WAIT qwen3_1.7b tag=st_tt_clip005_1e6_ot_1p7b_ckpt300 train=3562926 state=RUNNING
[2026-09-09T18:24:22+08:00] WAIT olmo3_7b_think tag=st_tt_clip005_1e6_olmo7bt_ckpt150 train=3562927 state=PENDING
[2026-09-09T18:24:22+08:00] WAIT olmo3_7b_think tag=st_tt_clip005_1e6_olmo7bt_ckpt200 train=3562927 state=PENDING
[2026-09-09T18:24:22+08:00] WAIT olmo3_7b_think tag=st_tt_clip005_1e6_olmo7bt_ckpt250 train=3562927 state=PENDING
[2026-09-09T18:24:22+08:00] WAIT olmo3_7b_think tag=st_tt_clip005_1e6_olmo7bt_ckpt300 train=3562927 state=PENDING
[2026-09-09T18:24:22+08:00] progress done=2/8 pending=6 failed=0
[2026-09-09T18:26:22+08:00] WAIT qwen3_1.7b tag=st_tt_clip005_1e6_ot_1p7b_ckpt250 train=3562926 state=RUNNING
[2026-09-09T18:26:22+08:00] WAIT qwen3_1.7b tag=st_tt_clip005_1e6_ot_1p7b_ckpt300 train=3562926 state=RUNNING
[2026-09-09T18:26:22+08:00] WAIT olmo3_7b_think tag=st_tt_clip005_1e6_olmo7bt_ckpt150 train=3562927 state=PENDING
[2026-09-09T18:26:22+08:00] WAIT olmo3_7b_think tag=st_tt_clip005_1e6_olmo7bt_ckpt200 train=3562927 state=PENDING
[2026-09-09T18:26:22+08:00] WAIT olmo3_7b_think tag=st_tt_clip005_1e6_olmo7bt_ckpt250 train=3562927 state=PENDING
[2026-09-09T18:26:22+08:00] WAIT olmo3_7b_think tag=st_tt_clip005_1e6_olmo7bt_ckpt300 train=3562927 state=PENDING
[2026-09-09T18:26:22+08:00] progress done=2/8 pending=6 failed=0
[2026-09-09T18:28:22+08:00] WAIT qwen3_1.7b tag=st_tt_clip005_1e6_ot_1p7b_ckpt250 train=3562926 state=RUNNING
[2026-09-09T18:28:22+08:00] WAIT qwen3_1.7b tag=st_tt_clip005_1e6_ot_1p7b_ckpt300 train=3562926 state=RUNNING
[2026-09-09T18:28:22+08:00] WAIT olmo3_7b_think tag=st_tt_clip005_1e6_olmo7bt_ckpt150 train=3562927 state=PENDING
[2026-09-09T18:28:22+08:00] WAIT olmo3_7b_think tag=st_tt_clip005_1e6_olmo7bt_ckpt200 train=3562927 state=PENDING
[2026-09-09T18:28:22+08:00] WAIT olmo3_7b_think tag=st_tt_clip005_1e6_olmo7bt_ckpt250 train=3562927 state=PENDING
[2026-09-09T18:28:22+08:00] WAIT olmo3_7b_think tag=st_tt_clip005_1e6_olmo7bt_ckpt300 train=3562927 state=PENDING
[2026-09-09T18:28:22+08:00] progress done=2/8 pending=6 failed=0
[2026-09-09T18:30:22+08:00] WAIT qwen3_1.7b tag=st_tt_clip005_1e6_ot_1p7b_ckpt250 train=3562926 state=RUNNING
[2026-09-09T18:30:22+08:00] WAIT qwen3_1.7b tag=st_tt_clip005_1e6_ot_1p7b_ckpt300 train=3562926 state=RUNNING
[2026-09-09T18:30:22+08:00] WAIT olmo3_7b_think tag=st_tt_clip005_1e6_olmo7bt_ckpt150 train=3562927 state=PENDING
[2026-09-09T18:30:22+08:00] WAIT olmo3_7b_think tag=st_tt_clip005_1e6_olmo7bt_ckpt200 train=3562927 state=PENDING
[2026-09-09T18:30:22+08:00] WAIT olmo3_7b_think tag=st_tt_clip005_1e6_olmo7bt_ckpt250 train=3562927 state=PENDING
[2026-09-09T18:30:22+08:00] WAIT olmo3_7b_think tag=st_tt_clip005_1e6_olmo7bt_ckpt300 train=3562927 state=PENDING
[2026-09-09T18:30:22+08:00] progress done=2/8 pending=6 failed=0
[2026-09-09T18:32:22+08:00] READY qwen3_1.7b -> /gpfs/share/home/2501210611/opsd_analysis/OPSD_Analysis/outputs/qwen3_1.7b/st_tt_clip005_1e_6_openthoughts_1p7b/3212996/checkpoint-250
[2026-09-09T18:33:52+08:00] SUBMITTED evals for qwen3_1.7b tag=st_tt_clip005_1e6_ot_1p7b_ckpt250
[2026-09-09T18:33:52+08:00] WAIT qwen3_1.7b tag=st_tt_clip005_1e6_ot_1p7b_ckpt300 train=3562926 state=RUNNING
[2026-09-09T18:33:52+08:00] WAIT olmo3_7b_think tag=st_tt_clip005_1e6_olmo7bt_ckpt150 train=3562927 state=PENDING
[2026-09-09T18:33:52+08:00] WAIT olmo3_7b_think tag=st_tt_clip005_1e6_olmo7bt_ckpt200 train=3562927 state=PENDING
[2026-09-09T18:33:52+08:00] WAIT olmo3_7b_think tag=st_tt_clip005_1e6_olmo7bt_ckpt250 train=3562927 state=PENDING
[2026-09-09T18:33:52+08:00] WAIT olmo3_7b_think tag=st_tt_clip005_1e6_olmo7bt_ckpt300 train=3562927 state=PENDING
[2026-09-09T18:33:52+08:00] progress done=3/8 pending=5 failed=0
[2026-09-09T18:35:52+08:00] WAIT qwen3_1.7b tag=st_tt_clip005_1e6_ot_1p7b_ckpt300 train=3562926 state=RUNNING
[2026-09-09T18:35:52+08:00] WAIT olmo3_7b_think tag=st_tt_clip005_1e6_olmo7bt_ckpt150 train=3562927 state=PENDING
[2026-09-09T18:35:52+08:00] WAIT olmo3_7b_think tag=st_tt_clip005_1e6_olmo7bt_ckpt200 train=3562927 state=PENDING
[2026-09-09T18:35:52+08:00] WAIT olmo3_7b_think tag=st_tt_clip005_1e6_olmo7bt_ckpt250 train=3562927 state=PENDING
[2026-09-09T18:35:52+08:00] WAIT olmo3_7b_think tag=st_tt_clip005_1e6_olmo7bt_ckpt300 train=3562927 state=PENDING
[2026-09-09T18:35:52+08:00] progress done=3/8 pending=5 failed=0
[2026-09-09T18:37:52+08:00] WAIT qwen3_1.7b tag=st_tt_clip005_1e6_ot_1p7b_ckpt300 train=3562926 state=RUNNING
[2026-09-09T18:37:52+08:00] WAIT olmo3_7b_think tag=st_tt_clip005_1e6_olmo7bt_ckpt150 train=3562927 state=PENDING
[2026-09-09T18:37:52+08:00] WAIT olmo3_7b_think tag=st_tt_clip005_1e6_olmo7bt_ckpt200 train=3562927 state=PENDING
[2026-09-09T18:37:52+08:00] WAIT olmo3_7b_think tag=st_tt_clip005_1e6_olmo7bt_ckpt250 train=3562927 state=PENDING
[2026-09-09T18:37:52+08:00] WAIT olmo3_7b_think tag=st_tt_clip005_1e6_olmo7bt_ckpt300 train=3562927 state=PENDING
[2026-09-09T18:37:52+08:00] progress done=3/8 pending=5 failed=0
[2026-09-09T18:39:52+08:00] WAIT qwen3_1.7b tag=st_tt_clip005_1e6_ot_1p7b_ckpt300 train=3562926 state=RUNNING
[2026-09-09T18:39:52+08:00] WAIT olmo3_7b_think tag=st_tt_clip005_1e6_olmo7bt_ckpt150 train=3562927 state=PENDING
[2026-09-09T18:39:52+08:00] WAIT olmo3_7b_think tag=st_tt_clip005_1e6_olmo7bt_ckpt200 train=3562927 state=PENDING
[2026-09-09T18:39:52+08:00] WAIT olmo3_7b_think tag=st_tt_clip005_1e6_olmo7bt_ckpt250 train=3562927 state=PENDING
[2026-09-09T18:39:52+08:00] WAIT olmo3_7b_think tag=st_tt_clip005_1e6_olmo7bt_ckpt300 train=3562927 state=PENDING
[2026-09-09T18:39:52+08:00] progress done=3/8 pending=5 failed=0
[2026-09-09T18:41:52+08:00] WAIT qwen3_1.7b tag=st_tt_clip005_1e6_ot_1p7b_ckpt300 train=3562926 state=RUNNING
[2026-09-09T18:41:53+08:00] WAIT olmo3_7b_think tag=st_tt_clip005_1e6_olmo7bt_ckpt150 train=3562927 state=PENDING
[2026-09-09T18:41:53+08:00] WAIT olmo3_7b_think tag=st_tt_clip005_1e6_olmo7bt_ckpt200 train=3562927 state=PENDING
[2026-09-09T18:41:53+08:00] WAIT olmo3_7b_think tag=st_tt_clip005_1e6_olmo7bt_ckpt250 train=3562927 state=PENDING
[2026-09-09T18:41:53+08:00] WAIT olmo3_7b_think tag=st_tt_clip005_1e6_olmo7bt_ckpt300 train=3562927 state=PENDING
[2026-09-09T18:41:53+08:00] progress done=3/8 pending=5 failed=0
[2026-09-09T18:43:53+08:00] WAIT qwen3_1.7b tag=st_tt_clip005_1e6_ot_1p7b_ckpt300 train=3562926 state=RUNNING
[2026-09-09T18:43:53+08:00] WAIT olmo3_7b_think tag=st_tt_clip005_1e6_olmo7bt_ckpt150 train=3562927 state=PENDING
[2026-09-09T18:43:53+08:00] WAIT olmo3_7b_think tag=st_tt_clip005_1e6_olmo7bt_ckpt200 train=3562927 state=PENDING
[2026-09-09T18:43:53+08:00] WAIT olmo3_7b_think tag=st_tt_clip005_1e6_olmo7bt_ckpt250 train=3562927 state=PENDING
[2026-09-09T18:43:53+08:00] WAIT olmo3_7b_think tag=st_tt_clip005_1e6_olmo7bt_ckpt300 train=3562927 state=PENDING
[2026-09-09T18:43:53+08:00] progress done=3/8 pending=5 failed=0
[2026-09-09T18:45:53+08:00] WAIT qwen3_1.7b tag=st_tt_clip005_1e6_ot_1p7b_ckpt300 train=3562926 state=RUNNING
[2026-09-09T18:45:53+08:00] WAIT olmo3_7b_think tag=st_tt_clip005_1e6_olmo7bt_ckpt150 train=3562927 state=PENDING
[2026-09-09T18:45:53+08:00] WAIT olmo3_7b_think tag=st_tt_clip005_1e6_olmo7bt_ckpt200 train=3562927 state=PENDING
[2026-09-09T18:45:53+08:00] WAIT olmo3_7b_think tag=st_tt_clip005_1e6_olmo7bt_ckpt250 train=3562927 state=PENDING
[2026-09-09T18:45:53+08:00] WAIT olmo3_7b_think tag=st_tt_clip005_1e6_olmo7bt_ckpt300 train=3562927 state=PENDING
[2026-09-09T18:45:53+08:00] progress done=3/8 pending=5 failed=0
[2026-09-09T18:47:53+08:00] WAIT qwen3_1.7b tag=st_tt_clip005_1e6_ot_1p7b_ckpt300 train=3562926 state=RUNNING
[2026-09-09T18:47:53+08:00] WAIT olmo3_7b_think tag=st_tt_clip005_1e6_olmo7bt_ckpt150 train=3562927 state=PENDING
[2026-09-09T18:47:53+08:00] WAIT olmo3_7b_think tag=st_tt_clip005_1e6_olmo7bt_ckpt200 train=3562927 state=PENDING
[2026-09-09T18:47:53+08:00] WAIT olmo3_7b_think tag=st_tt_clip005_1e6_olmo7bt_ckpt250 train=3562927 state=PENDING
[2026-09-09T18:47:53+08:00] WAIT olmo3_7b_think tag=st_tt_clip005_1e6_olmo7bt_ckpt300 train=3562927 state=PENDING
[2026-09-09T18:47:53+08:00] progress done=3/8 pending=5 failed=0
[2026-09-09T18:49:53+08:00] READY qwen3_1.7b -> /gpfs/share/home/2501210611/opsd_analysis/OPSD_Analysis/outputs/qwen3_1.7b/st_tt_clip005_1e_6_openthoughts_1p7b/3212996/checkpoint-300
[2026-09-09T18:51:23+08:00] SUBMITTED evals for qwen3_1.7b tag=st_tt_clip005_1e6_ot_1p7b_ckpt300
[2026-09-09T18:51:23+08:00] WAIT olmo3_7b_think tag=st_tt_clip005_1e6_olmo7bt_ckpt150 train=3562927 state=PENDING
[2026-09-09T18:51:23+08:00] WAIT olmo3_7b_think tag=st_tt_clip005_1e6_olmo7bt_ckpt200 train=3562927 state=PENDING
[2026-09-09T18:51:23+08:00] WAIT olmo3_7b_think tag=st_tt_clip005_1e6_olmo7bt_ckpt250 train=3562927 state=PENDING
[2026-09-09T18:51:23+08:00] WAIT olmo3_7b_think tag=st_tt_clip005_1e6_olmo7bt_ckpt300 train=3562927 state=PENDING
[2026-09-09T18:51:23+08:00] progress done=4/8 pending=4 failed=0
[2026-09-09T18:53:23+08:00] WAIT olmo3_7b_think tag=st_tt_clip005_1e6_olmo7bt_ckpt150 train=3562927 state=PENDING
[2026-09-09T18:53:23+08:00] WAIT olmo3_7b_think tag=st_tt_clip005_1e6_olmo7bt_ckpt200 train=3562927 state=PENDING
[2026-09-09T18:53:23+08:00] WAIT olmo3_7b_think tag=st_tt_clip005_1e6_olmo7bt_ckpt250 train=3562927 state=PENDING
[2026-09-09T18:53:23+08:00] WAIT olmo3_7b_think tag=st_tt_clip005_1e6_olmo7bt_ckpt300 train=3562927 state=PENDING
[2026-09-09T18:53:23+08:00] progress done=4/8 pending=4 failed=0
[2026-09-09T18:55:23+08:00] WAIT olmo3_7b_think tag=st_tt_clip005_1e6_olmo7bt_ckpt150 train=3562927 state=PENDING
[2026-09-09T18:55:23+08:00] WAIT olmo3_7b_think tag=st_tt_clip005_1e6_olmo7bt_ckpt200 train=3562927 state=PENDING
[2026-09-09T18:55:23+08:00] WAIT olmo3_7b_think tag=st_tt_clip005_1e6_olmo7bt_ckpt250 train=3562927 state=PENDING
[2026-09-09T18:55:23+08:00] WAIT olmo3_7b_think tag=st_tt_clip005_1e6_olmo7bt_ckpt300 train=3562927 state=PENDING
[2026-09-09T18:55:23+08:00] progress done=4/8 pending=4 failed=0
[2026-09-09T18:57:23+08:00] WAIT olmo3_7b_think tag=st_tt_clip005_1e6_olmo7bt_ckpt150 train=3562927 state=PENDING
[2026-09-09T18:57:23+08:00] WAIT olmo3_7b_think tag=st_tt_clip005_1e6_olmo7bt_ckpt200 train=3562927 state=PENDING
[2026-09-09T18:57:23+08:00] WAIT olmo3_7b_think tag=st_tt_clip005_1e6_olmo7bt_ckpt250 train=3562927 state=PENDING
[2026-09-09T18:57:23+08:00] WAIT olmo3_7b_think tag=st_tt_clip005_1e6_olmo7bt_ckpt300 train=3562927 state=PENDING
[2026-09-09T18:57:23+08:00] progress done=4/8 pending=4 failed=0
[2026-09-09T18:59:24+08:00] WAIT olmo3_7b_think tag=st_tt_clip005_1e6_olmo7bt_ckpt150 train=3562927 state=PENDING
[2026-09-09T18:59:24+08:00] WAIT olmo3_7b_think tag=st_tt_clip005_1e6_olmo7bt_ckpt200 train=3562927 state=PENDING
[2026-09-09T18:59:24+08:00] WAIT olmo3_7b_think tag=st_tt_clip005_1e6_olmo7bt_ckpt250 train=3562927 state=PENDING
[2026-09-09T18:59:24+08:00] WAIT olmo3_7b_think tag=st_tt_clip005_1e6_olmo7bt_ckpt300 train=3562927 state=PENDING
[2026-09-09T18:59:24+08:00] progress done=4/8 pending=4 failed=0
[2026-09-09T19:01:24+08:00] WAIT olmo3_7b_think tag=st_tt_clip005_1e6_olmo7bt_ckpt150 train=3562927 state=PENDING
[2026-09-09T19:01:24+08:00] WAIT olmo3_7b_think tag=st_tt_clip005_1e6_olmo7bt_ckpt200 train=3562927 state=PENDING
[2026-09-09T19:01:24+08:00] WAIT olmo3_7b_think tag=st_tt_clip005_1e6_olmo7bt_ckpt250 train=3562927 state=PENDING
[2026-09-09T19:01:24+08:00] WAIT olmo3_7b_think tag=st_tt_clip005_1e6_olmo7bt_ckpt300 train=3562927 state=PENDING
[2026-09-09T19:01:24+08:00] progress done=4/8 pending=4 failed=0
[2026-09-09T19:03:24+08:00] WAIT olmo3_7b_think tag=st_tt_clip005_1e6_olmo7bt_ckpt150 train=3562927 state=PENDING
[2026-09-09T19:03:24+08:00] WAIT olmo3_7b_think tag=st_tt_clip005_1e6_olmo7bt_ckpt200 train=3562927 state=PENDING
[2026-09-09T19:03:24+08:00] WAIT olmo3_7b_think tag=st_tt_clip005_1e6_olmo7bt_ckpt250 train=3562927 state=PENDING
[2026-09-09T19:03:24+08:00] WAIT olmo3_7b_think tag=st_tt_clip005_1e6_olmo7bt_ckpt300 train=3562927 state=PENDING
[2026-09-09T19:03:24+08:00] progress done=4/8 pending=4 failed=0
[2026-09-09T19:05:24+08:00] WAIT olmo3_7b_think tag=st_tt_clip005_1e6_olmo7bt_ckpt150 train=3562927 state=PENDING
[2026-09-09T19:05:24+08:00] WAIT olmo3_7b_think tag=st_tt_clip005_1e6_olmo7bt_ckpt200 train=3562927 state=PENDING
[2026-09-09T19:05:24+08:00] WAIT olmo3_7b_think tag=st_tt_clip005_1e6_olmo7bt_ckpt250 train=3562927 state=PENDING
[2026-09-09T19:05:24+08:00] WAIT olmo3_7b_think tag=st_tt_clip005_1e6_olmo7bt_ckpt300 train=3562927 state=PENDING
[2026-09-09T19:05:24+08:00] progress done=4/8 pending=4 failed=0
[2026-09-09T19:07:24+08:00] WAIT olmo3_7b_think tag=st_tt_clip005_1e6_olmo7bt_ckpt150 train=3562927 state=PENDING
[2026-09-09T19:07:24+08:00] WAIT olmo3_7b_think tag=st_tt_clip005_1e6_olmo7bt_ckpt200 train=3562927 state=PENDING
[2026-09-09T19:07:24+08:00] WAIT olmo3_7b_think tag=st_tt_clip005_1e6_olmo7bt_ckpt250 train=3562927 state=PENDING
[2026-09-09T19:07:24+08:00] WAIT olmo3_7b_think tag=st_tt_clip005_1e6_olmo7bt_ckpt300 train=3562927 state=PENDING
[2026-09-09T19:07:24+08:00] progress done=4/8 pending=4 failed=0
[2026-09-09T19:09:24+08:00] WAIT olmo3_7b_think tag=st_tt_clip005_1e6_olmo7bt_ckpt150 train=3562927 state=PENDING
[2026-09-09T19:09:24+08:00] WAIT olmo3_7b_think tag=st_tt_clip005_1e6_olmo7bt_ckpt200 train=3562927 state=PENDING
[2026-09-09T19:09:24+08:00] WAIT olmo3_7b_think tag=st_tt_clip005_1e6_olmo7bt_ckpt250 train=3562927 state=PENDING
[2026-09-09T19:09:24+08:00] WAIT olmo3_7b_think tag=st_tt_clip005_1e6_olmo7bt_ckpt300 train=3562927 state=PENDING
[2026-09-09T19:09:24+08:00] progress done=4/8 pending=4 failed=0
[2026-09-09T19:11:24+08:00] WAIT olmo3_7b_think tag=st_tt_clip005_1e6_olmo7bt_ckpt150 train=3562927 state=PENDING
[2026-09-09T19:11:24+08:00] WAIT olmo3_7b_think tag=st_tt_clip005_1e6_olmo7bt_ckpt200 train=3562927 state=PENDING
[2026-09-09T19:11:24+08:00] WAIT olmo3_7b_think tag=st_tt_clip005_1e6_olmo7bt_ckpt250 train=3562927 state=PENDING
[2026-09-09T19:11:24+08:00] WAIT olmo3_7b_think tag=st_tt_clip005_1e6_olmo7bt_ckpt300 train=3562927 state=PENDING
[2026-09-09T19:11:24+08:00] progress done=4/8 pending=4 failed=0
[2026-09-09T19:13:24+08:00] WAIT olmo3_7b_think tag=st_tt_clip005_1e6_olmo7bt_ckpt150 train=3562927 state=PENDING
[2026-09-09T19:13:24+08:00] WAIT olmo3_7b_think tag=st_tt_clip005_1e6_olmo7bt_ckpt200 train=3562927 state=PENDING
[2026-09-09T19:13:24+08:00] WAIT olmo3_7b_think tag=st_tt_clip005_1e6_olmo7bt_ckpt250 train=3562927 state=PENDING
[2026-09-09T19:13:24+08:00] WAIT olmo3_7b_think tag=st_tt_clip005_1e6_olmo7bt_ckpt300 train=3562927 state=PENDING
[2026-09-09T19:13:24+08:00] progress done=4/8 pending=4 failed=0
[2026-09-09T19:15:24+08:00] WAIT olmo3_7b_think tag=st_tt_clip005_1e6_olmo7bt_ckpt150 train=3562927 state=PENDING
[2026-09-09T19:15:24+08:00] WAIT olmo3_7b_think tag=st_tt_clip005_1e6_olmo7bt_ckpt200 train=3562927 state=PENDING
[2026-09-09T19:15:24+08:00] WAIT olmo3_7b_think tag=st_tt_clip005_1e6_olmo7bt_ckpt250 train=3562927 state=PENDING
[2026-09-09T19:15:24+08:00] WAIT olmo3_7b_think tag=st_tt_clip005_1e6_olmo7bt_ckpt300 train=3562927 state=PENDING
[2026-09-09T19:15:24+08:00] progress done=4/8 pending=4 failed=0
[2026-09-09T19:17:25+08:00] WAIT olmo3_7b_think tag=st_tt_clip005_1e6_olmo7bt_ckpt150 train=3562927 state=PENDING
[2026-09-09T19:17:25+08:00] WAIT olmo3_7b_think tag=st_tt_clip005_1e6_olmo7bt_ckpt200 train=3562927 state=PENDING
[2026-09-09T19:17:25+08:00] WAIT olmo3_7b_think tag=st_tt_clip005_1e6_olmo7bt_ckpt250 train=3562927 state=PENDING
[2026-09-09T19:17:25+08:00] WAIT olmo3_7b_think tag=st_tt_clip005_1e6_olmo7bt_ckpt300 train=3562927 state=PENDING
[2026-09-09T19:17:25+08:00] progress done=4/8 pending=4 failed=0
[2026-09-09T19:19:25+08:00] WAIT olmo3_7b_think tag=st_tt_clip005_1e6_olmo7bt_ckpt150 train=3562927 state=PENDING
[2026-09-09T19:19:25+08:00] WAIT olmo3_7b_think tag=st_tt_clip005_1e6_olmo7bt_ckpt200 train=3562927 state=PENDING
[2026-09-09T19:19:25+08:00] WAIT olmo3_7b_think tag=st_tt_clip005_1e6_olmo7bt_ckpt250 train=3562927 state=PENDING
[2026-09-09T19:19:25+08:00] WAIT olmo3_7b_think tag=st_tt_clip005_1e6_olmo7bt_ckpt300 train=3562927 state=PENDING
[2026-09-09T19:19:25+08:00] progress done=4/8 pending=4 failed=0
[2026-09-09T19:21:25+08:00] WAIT olmo3_7b_think tag=st_tt_clip005_1e6_olmo7bt_ckpt150 train=3562927 state=PENDING
[2026-09-09T19:21:25+08:00] WAIT olmo3_7b_think tag=st_tt_clip005_1e6_olmo7bt_ckpt200 train=3562927 state=PENDING
[2026-09-09T19:21:25+08:00] WAIT olmo3_7b_think tag=st_tt_clip005_1e6_olmo7bt_ckpt250 train=3562927 state=PENDING
[2026-09-09T19:21:25+08:00] WAIT olmo3_7b_think tag=st_tt_clip005_1e6_olmo7bt_ckpt300 train=3562927 state=PENDING
[2026-09-09T19:21:25+08:00] progress done=4/8 pending=4 failed=0
[2026-09-09T19:23:25+08:00] WAIT olmo3_7b_think tag=st_tt_clip005_1e6_olmo7bt_ckpt150 train=3562927 state=PENDING
[2026-09-09T19:23:25+08:00] WAIT olmo3_7b_think tag=st_tt_clip005_1e6_olmo7bt_ckpt200 train=3562927 state=PENDING
[2026-09-09T19:23:25+08:00] WAIT olmo3_7b_think tag=st_tt_clip005_1e6_olmo7bt_ckpt250 train=3562927 state=PENDING
[2026-09-09T19:23:25+08:00] WAIT olmo3_7b_think tag=st_tt_clip005_1e6_olmo7bt_ckpt300 train=3562927 state=PENDING
[2026-09-09T19:23:25+08:00] progress done=4/8 pending=4 failed=0
[2026-09-09T19:25:25+08:00] WAIT olmo3_7b_think tag=st_tt_clip005_1e6_olmo7bt_ckpt150 train=3562927 state=PENDING
[2026-09-09T19:25:25+08:00] WAIT olmo3_7b_think tag=st_tt_clip005_1e6_olmo7bt_ckpt200 train=3562927 state=PENDING
[2026-09-09T19:25:25+08:00] WAIT olmo3_7b_think tag=st_tt_clip005_1e6_olmo7bt_ckpt250 train=3562927 state=PENDING
[2026-09-09T19:25:25+08:00] WAIT olmo3_7b_think tag=st_tt_clip005_1e6_olmo7bt_ckpt300 train=3562927 state=PENDING
[2026-09-09T19:25:25+08:00] progress done=4/8 pending=4 failed=0
[2026-09-09T19:27:25+08:00] WAIT olmo3_7b_think tag=st_tt_clip005_1e6_olmo7bt_ckpt150 train=3562927 state=PENDING
[2026-09-09T19:27:25+08:00] WAIT olmo3_7b_think tag=st_tt_clip005_1e6_olmo7bt_ckpt200 train=3562927 state=PENDING
[2026-09-09T19:27:25+08:00] WAIT olmo3_7b_think tag=st_tt_clip005_1e6_olmo7bt_ckpt250 train=3562927 state=PENDING
[2026-09-09T19:27:25+08:00] WAIT olmo3_7b_think tag=st_tt_clip005_1e6_olmo7bt_ckpt300 train=3562927 state=PENDING
[2026-09-09T19:27:25+08:00] progress done=4/8 pending=4 failed=0
[2026-09-09T19:29:25+08:00] WAIT olmo3_7b_think tag=st_tt_clip005_1e6_olmo7bt_ckpt150 train=3562927 state=PENDING
[2026-09-09T19:29:25+08:00] WAIT olmo3_7b_think tag=st_tt_clip005_1e6_olmo7bt_ckpt200 train=3562927 state=PENDING
[2026-09-09T19:29:25+08:00] WAIT olmo3_7b_think tag=st_tt_clip005_1e6_olmo7bt_ckpt250 train=3562927 state=PENDING
[2026-09-09T19:29:25+08:00] WAIT olmo3_7b_think tag=st_tt_clip005_1e6_olmo7bt_ckpt300 train=3562927 state=PENDING
[2026-09-09T19:29:25+08:00] progress done=4/8 pending=4 failed=0
[2026-09-09T19:31:25+08:00] WAIT olmo3_7b_think tag=st_tt_clip005_1e6_olmo7bt_ckpt150 train=3562927 state=PENDING
[2026-09-09T19:31:25+08:00] WAIT olmo3_7b_think tag=st_tt_clip005_1e6_olmo7bt_ckpt200 train=3562927 state=PENDING
[2026-09-09T19:31:25+08:00] WAIT olmo3_7b_think tag=st_tt_clip005_1e6_olmo7bt_ckpt250 train=3562927 state=PENDING
[2026-09-09T19:31:25+08:00] WAIT olmo3_7b_think tag=st_tt_clip005_1e6_olmo7bt_ckpt300 train=3562927 state=PENDING
[2026-09-09T19:31:25+08:00] progress done=4/8 pending=4 failed=0
[2026-09-09T19:33:25+08:00] WAIT olmo3_7b_think tag=st_tt_clip005_1e6_olmo7bt_ckpt150 train=3562927 state=PENDING
[2026-09-09T19:33:25+08:00] WAIT olmo3_7b_think tag=st_tt_clip005_1e6_olmo7bt_ckpt200 train=3562927 state=PENDING
[2026-09-09T19:33:25+08:00] WAIT olmo3_7b_think tag=st_tt_clip005_1e6_olmo7bt_ckpt250 train=3562927 state=PENDING
[2026-09-09T19:33:25+08:00] WAIT olmo3_7b_think tag=st_tt_clip005_1e6_olmo7bt_ckpt300 train=3562927 state=PENDING
[2026-09-09T19:33:25+08:00] progress done=4/8 pending=4 failed=0
[2026-09-09T19:35:25+08:00] WAIT olmo3_7b_think tag=st_tt_clip005_1e6_olmo7bt_ckpt150 train=3562927 state=PENDING
[2026-09-09T19:35:25+08:00] WAIT olmo3_7b_think tag=st_tt_clip005_1e6_olmo7bt_ckpt200 train=3562927 state=PENDING
[2026-09-09T19:35:25+08:00] WAIT olmo3_7b_think tag=st_tt_clip005_1e6_olmo7bt_ckpt250 train=3562927 state=PENDING
[2026-09-09T19:35:25+08:00] WAIT olmo3_7b_think tag=st_tt_clip005_1e6_olmo7bt_ckpt300 train=3562927 state=PENDING
[2026-09-09T19:35:26+08:00] progress done=4/8 pending=4 failed=0
[2026-09-09T19:37:26+08:00] WAIT olmo3_7b_think tag=st_tt_clip005_1e6_olmo7bt_ckpt150 train=3562927 state=PENDING
[2026-09-09T19:37:26+08:00] WAIT olmo3_7b_think tag=st_tt_clip005_1e6_olmo7bt_ckpt200 train=3562927 state=PENDING
[2026-09-09T19:37:26+08:00] WAIT olmo3_7b_think tag=st_tt_clip005_1e6_olmo7bt_ckpt250 train=3562927 state=PENDING
[2026-09-09T19:37:26+08:00] WAIT olmo3_7b_think tag=st_tt_clip005_1e6_olmo7bt_ckpt300 train=3562927 state=PENDING
[2026-09-09T19:37:26+08:00] progress done=4/8 pending=4 failed=0
[2026-09-09T19:39:26+08:00] WAIT olmo3_7b_think tag=st_tt_clip005_1e6_olmo7bt_ckpt150 train=3562927 state=PENDING
[2026-09-09T19:39:26+08:00] WAIT olmo3_7b_think tag=st_tt_clip005_1e6_olmo7bt_ckpt200 train=3562927 state=PENDING
[2026-09-09T19:39:26+08:00] WAIT olmo3_7b_think tag=st_tt_clip005_1e6_olmo7bt_ckpt250 train=3562927 state=PENDING
[2026-09-09T19:39:26+08:00] WAIT olmo3_7b_think tag=st_tt_clip005_1e6_olmo7bt_ckpt300 train=3562927 state=PENDING
[2026-09-09T19:39:26+08:00] progress done=4/8 pending=4 failed=0
[2026-09-09T19:41:26+08:00] WAIT olmo3_7b_think tag=st_tt_clip005_1e6_olmo7bt_ckpt150 train=3562927 state=PENDING
[2026-09-09T19:41:26+08:00] WAIT olmo3_7b_think tag=st_tt_clip005_1e6_olmo7bt_ckpt200 train=3562927 state=PENDING
[2026-09-09T19:41:26+08:00] WAIT olmo3_7b_think tag=st_tt_clip005_1e6_olmo7bt_ckpt250 train=3562927 state=PENDING
[2026-09-09T19:41:26+08:00] WAIT olmo3_7b_think tag=st_tt_clip005_1e6_olmo7bt_ckpt300 train=3562927 state=PENDING
[2026-09-09T19:41:26+08:00] progress done=4/8 pending=4 failed=0
[2026-09-09T19:43:26+08:00] WAIT olmo3_7b_think tag=st_tt_clip005_1e6_olmo7bt_ckpt150 train=3562927 state=PENDING
[2026-09-09T19:43:26+08:00] WAIT olmo3_7b_think tag=st_tt_clip005_1e6_olmo7bt_ckpt200 train=3562927 state=PENDING
[2026-09-09T19:43:26+08:00] WAIT olmo3_7b_think tag=st_tt_clip005_1e6_olmo7bt_ckpt250 train=3562927 state=PENDING
[2026-09-09T19:43:26+08:00] WAIT olmo3_7b_think tag=st_tt_clip005_1e6_olmo7bt_ckpt300 train=3562927 state=PENDING
[2026-09-09T19:43:26+08:00] progress done=4/8 pending=4 failed=0
[2026-09-09T19:45:26+08:00] WAIT olmo3_7b_think tag=st_tt_clip005_1e6_olmo7bt_ckpt150 train=3562927 state=PENDING
[2026-09-09T19:45:26+08:00] WAIT olmo3_7b_think tag=st_tt_clip005_1e6_olmo7bt_ckpt200 train=3562927 state=PENDING
[2026-09-09T19:45:26+08:00] WAIT olmo3_7b_think tag=st_tt_clip005_1e6_olmo7bt_ckpt250 train=3562927 state=PENDING
[2026-09-09T19:45:26+08:00] WAIT olmo3_7b_think tag=st_tt_clip005_1e6_olmo7bt_ckpt300 train=3562927 state=PENDING
[2026-09-09T19:45:26+08:00] progress done=4/8 pending=4 failed=0
[2026-09-09T19:47:26+08:00] WAIT olmo3_7b_think tag=st_tt_clip005_1e6_olmo7bt_ckpt150 train=3562927 state=PENDING
[2026-09-09T19:47:26+08:00] WAIT olmo3_7b_think tag=st_tt_clip005_1e6_olmo7bt_ckpt200 train=3562927 state=PENDING
[2026-09-09T19:47:26+08:00] WAIT olmo3_7b_think tag=st_tt_clip005_1e6_olmo7bt_ckpt250 train=3562927 state=PENDING
[2026-09-09T19:47:26+08:00] WAIT olmo3_7b_think tag=st_tt_clip005_1e6_olmo7bt_ckpt300 train=3562927 state=PENDING
[2026-09-09T19:47:26+08:00] progress done=4/8 pending=4 failed=0
[2026-09-09T19:49:26+08:00] WAIT olmo3_7b_think tag=st_tt_clip005_1e6_olmo7bt_ckpt150 train=3562927 state=PENDING
[2026-09-09T19:49:26+08:00] WAIT olmo3_7b_think tag=st_tt_clip005_1e6_olmo7bt_ckpt200 train=3562927 state=PENDING
[2026-09-09T19:49:26+08:00] WAIT olmo3_7b_think tag=st_tt_clip005_1e6_olmo7bt_ckpt250 train=3562927 state=PENDING
[2026-09-09T19:49:26+08:00] WAIT olmo3_7b_think tag=st_tt_clip005_1e6_olmo7bt_ckpt300 train=3562927 state=PENDING
[2026-09-09T19:49:26+08:00] progress done=4/8 pending=4 failed=0
[2026-09-09T19:51:26+08:00] WAIT olmo3_7b_think tag=st_tt_clip005_1e6_olmo7bt_ckpt150 train=3562927 state=PENDING
[2026-09-09T19:51:26+08:00] WAIT olmo3_7b_think tag=st_tt_clip005_1e6_olmo7bt_ckpt200 train=3562927 state=PENDING
[2026-09-09T19:51:26+08:00] WAIT olmo3_7b_think tag=st_tt_clip005_1e6_olmo7bt_ckpt250 train=3562927 state=PENDING
[2026-09-09T19:51:26+08:00] WAIT olmo3_7b_think tag=st_tt_clip005_1e6_olmo7bt_ckpt300 train=3562927 state=PENDING
[2026-09-09T19:51:26+08:00] progress done=4/8 pending=4 failed=0
[2026-09-09T19:53:26+08:00] WAIT olmo3_7b_think tag=st_tt_clip005_1e6_olmo7bt_ckpt150 train=3562927 state=PENDING
[2026-09-09T19:53:26+08:00] WAIT olmo3_7b_think tag=st_tt_clip005_1e6_olmo7bt_ckpt200 train=3562927 state=PENDING
[2026-09-09T19:53:26+08:00] WAIT olmo3_7b_think tag=st_tt_clip005_1e6_olmo7bt_ckpt250 train=3562927 state=PENDING
[2026-09-09T19:53:26+08:00] WAIT olmo3_7b_think tag=st_tt_clip005_1e6_olmo7bt_ckpt300 train=3562927 state=PENDING
[2026-09-09T19:53:26+08:00] progress done=4/8 pending=4 failed=0
[2026-09-09T19:55:26+08:00] WAIT olmo3_7b_think tag=st_tt_clip005_1e6_olmo7bt_ckpt150 train=3562927 state=PENDING
[2026-09-09T19:55:26+08:00] WAIT olmo3_7b_think tag=st_tt_clip005_1e6_olmo7bt_ckpt200 train=3562927 state=PENDING
[2026-09-09T19:55:26+08:00] WAIT olmo3_7b_think tag=st_tt_clip005_1e6_olmo7bt_ckpt250 train=3562927 state=PENDING
[2026-09-09T19:55:26+08:00] WAIT olmo3_7b_think tag=st_tt_clip005_1e6_olmo7bt_ckpt300 train=3562927 state=PENDING
[2026-09-09T19:55:26+08:00] progress done=4/8 pending=4 failed=0
[2026-09-09T19:57:26+08:00] WAIT olmo3_7b_think tag=st_tt_clip005_1e6_olmo7bt_ckpt150 train=3562927 state=PENDING
[2026-09-09T19:57:26+08:00] WAIT olmo3_7b_think tag=st_tt_clip005_1e6_olmo7bt_ckpt200 train=3562927 state=PENDING
[2026-09-09T19:57:26+08:00] WAIT olmo3_7b_think tag=st_tt_clip005_1e6_olmo7bt_ckpt250 train=3562927 state=PENDING
[2026-09-09T19:57:26+08:00] WAIT olmo3_7b_think tag=st_tt_clip005_1e6_olmo7bt_ckpt300 train=3562927 state=PENDING
[2026-09-09T19:57:26+08:00] progress done=4/8 pending=4 failed=0
[2026-09-09T19:59:26+08:00] WAIT olmo3_7b_think tag=st_tt_clip005_1e6_olmo7bt_ckpt150 train=3562927 state=PENDING
[2026-09-09T19:59:26+08:00] WAIT olmo3_7b_think tag=st_tt_clip005_1e6_olmo7bt_ckpt200 train=3562927 state=PENDING
[2026-09-09T19:59:26+08:00] WAIT olmo3_7b_think tag=st_tt_clip005_1e6_olmo7bt_ckpt250 train=3562927 state=PENDING
[2026-09-09T19:59:26+08:00] WAIT olmo3_7b_think tag=st_tt_clip005_1e6_olmo7bt_ckpt300 train=3562927 state=PENDING
[2026-09-09T19:59:26+08:00] progress done=4/8 pending=4 failed=0
[2026-09-09T20:01:26+08:00] WAIT olmo3_7b_think tag=st_tt_clip005_1e6_olmo7bt_ckpt150 train=3562927 state=PENDING
[2026-09-09T20:01:26+08:00] WAIT olmo3_7b_think tag=st_tt_clip005_1e6_olmo7bt_ckpt200 train=3562927 state=PENDING
[2026-09-09T20:01:26+08:00] WAIT olmo3_7b_think tag=st_tt_clip005_1e6_olmo7bt_ckpt250 train=3562927 state=PENDING
[2026-09-09T20:01:26+08:00] WAIT olmo3_7b_think tag=st_tt_clip005_1e6_olmo7bt_ckpt300 train=3562927 state=PENDING
[2026-09-09T20:01:26+08:00] progress done=4/8 pending=4 failed=0
[2026-09-09T20:03:26+08:00] WAIT olmo3_7b_think tag=st_tt_clip005_1e6_olmo7bt_ckpt150 train=3562927 state=PENDING
[2026-09-09T20:03:26+08:00] WAIT olmo3_7b_think tag=st_tt_clip005_1e6_olmo7bt_ckpt200 train=3562927 state=PENDING
[2026-09-09T20:03:26+08:00] WAIT olmo3_7b_think tag=st_tt_clip005_1e6_olmo7bt_ckpt250 train=3562927 state=PENDING
[2026-09-09T20:03:26+08:00] WAIT olmo3_7b_think tag=st_tt_clip005_1e6_olmo7bt_ckpt300 train=3562927 state=PENDING
[2026-09-09T20:03:26+08:00] progress done=4/8 pending=4 failed=0
[2026-09-09T20:05:26+08:00] WAIT olmo3_7b_think tag=st_tt_clip005_1e6_olmo7bt_ckpt150 train=3562927 state=PENDING
[2026-09-09T20:05:26+08:00] WAIT olmo3_7b_think tag=st_tt_clip005_1e6_olmo7bt_ckpt200 train=3562927 state=PENDING
[2026-09-09T20:05:26+08:00] WAIT olmo3_7b_think tag=st_tt_clip005_1e6_olmo7bt_ckpt250 train=3562927 state=PENDING
[2026-09-09T20:05:26+08:00] WAIT olmo3_7b_think tag=st_tt_clip005_1e6_olmo7bt_ckpt300 train=3562927 state=PENDING
[2026-09-09T20:05:26+08:00] progress done=4/8 pending=4 failed=0
[2026-09-09T20:07:26+08:00] WAIT olmo3_7b_think tag=st_tt_clip005_1e6_olmo7bt_ckpt150 train=3562927 state=PENDING
[2026-09-09T20:07:26+08:00] WAIT olmo3_7b_think tag=st_tt_clip005_1e6_olmo7bt_ckpt200 train=3562927 state=PENDING
[2026-09-09T20:07:26+08:00] WAIT olmo3_7b_think tag=st_tt_clip005_1e6_olmo7bt_ckpt250 train=3562927 state=PENDING
[2026-09-09T20:07:27+08:00] WAIT olmo3_7b_think tag=st_tt_clip005_1e6_olmo7bt_ckpt300 train=3562927 state=PENDING
[2026-09-09T20:07:27+08:00] progress done=4/8 pending=4 failed=0
[2026-09-09T20:09:27+08:00] WAIT olmo3_7b_think tag=st_tt_clip005_1e6_olmo7bt_ckpt150 train=3562927 state=PENDING
[2026-09-09T20:09:27+08:00] WAIT olmo3_7b_think tag=st_tt_clip005_1e6_olmo7bt_ckpt200 train=3562927 state=PENDING
[2026-09-09T20:09:27+08:00] WAIT olmo3_7b_think tag=st_tt_clip005_1e6_olmo7bt_ckpt250 train=3562927 state=PENDING
[2026-09-09T20:09:27+08:00] WAIT olmo3_7b_think tag=st_tt_clip005_1e6_olmo7bt_ckpt300 train=3562927 state=PENDING
[2026-09-09T20:09:27+08:00] progress done=4/8 pending=4 failed=0
[2026-09-09T20:11:27+08:00] WAIT olmo3_7b_think tag=st_tt_clip005_1e6_olmo7bt_ckpt150 train=3562927 state=PENDING
[2026-09-09T20:11:27+08:00] WAIT olmo3_7b_think tag=st_tt_clip005_1e6_olmo7bt_ckpt200 train=3562927 state=PENDING
[2026-09-09T20:11:27+08:00] WAIT olmo3_7b_think tag=st_tt_clip005_1e6_olmo7bt_ckpt250 train=3562927 state=PENDING
[2026-09-09T20:11:27+08:00] WAIT olmo3_7b_think tag=st_tt_clip005_1e6_olmo7bt_ckpt300 train=3562927 state=PENDING
[2026-09-09T20:11:27+08:00] progress done=4/8 pending=4 failed=0
[2026-09-09T20:13:27+08:00] WAIT olmo3_7b_think tag=st_tt_clip005_1e6_olmo7bt_ckpt150 train=3562927 state=PENDING
[2026-09-09T20:13:27+08:00] WAIT olmo3_7b_think tag=st_tt_clip005_1e6_olmo7bt_ckpt200 train=3562927 state=PENDING
[2026-09-09T20:13:27+08:00] WAIT olmo3_7b_think tag=st_tt_clip005_1e6_olmo7bt_ckpt250 train=3562927 state=PENDING
[2026-09-09T20:13:27+08:00] WAIT olmo3_7b_think tag=st_tt_clip005_1e6_olmo7bt_ckpt300 train=3562927 state=PENDING
[2026-09-09T20:13:27+08:00] progress done=4/8 pending=4 failed=0
[2026-09-09T20:15:27+08:00] WAIT olmo3_7b_think tag=st_tt_clip005_1e6_olmo7bt_ckpt150 train=3562927 state=PENDING
[2026-09-09T20:15:27+08:00] WAIT olmo3_7b_think tag=st_tt_clip005_1e6_olmo7bt_ckpt200 train=3562927 state=PENDING
[2026-09-09T20:15:27+08:00] WAIT olmo3_7b_think tag=st_tt_clip005_1e6_olmo7bt_ckpt250 train=3562927 state=PENDING
[2026-09-09T20:15:27+08:00] WAIT olmo3_7b_think tag=st_tt_clip005_1e6_olmo7bt_ckpt300 train=3562927 state=PENDING
[2026-09-09T20:15:27+08:00] progress done=4/8 pending=4 failed=0
[2026-09-09T20:17:27+08:00] WAIT olmo3_7b_think tag=st_tt_clip005_1e6_olmo7bt_ckpt150 train=3562927 state=PENDING
[2026-09-09T20:17:27+08:00] WAIT olmo3_7b_think tag=st_tt_clip005_1e6_olmo7bt_ckpt200 train=3562927 state=PENDING
[2026-09-09T20:17:27+08:00] WAIT olmo3_7b_think tag=st_tt_clip005_1e6_olmo7bt_ckpt250 train=3562927 state=PENDING
[2026-09-09T20:17:27+08:00] WAIT olmo3_7b_think tag=st_tt_clip005_1e6_olmo7bt_ckpt300 train=3562927 state=PENDING
[2026-09-09T20:17:27+08:00] progress done=4/8 pending=4 failed=0
[2026-09-09T20:19:27+08:00] WAIT olmo3_7b_think tag=st_tt_clip005_1e6_olmo7bt_ckpt150 train=3562927 state=PENDING
[2026-09-09T20:19:27+08:00] WAIT olmo3_7b_think tag=st_tt_clip005_1e6_olmo7bt_ckpt200 train=3562927 state=PENDING
[2026-09-09T20:19:27+08:00] WAIT olmo3_7b_think tag=st_tt_clip005_1e6_olmo7bt_ckpt250 train=3562927 state=PENDING
[2026-09-09T20:19:27+08:00] WAIT olmo3_7b_think tag=st_tt_clip005_1e6_olmo7bt_ckpt300 train=3562927 state=PENDING
[2026-09-09T20:19:27+08:00] progress done=4/8 pending=4 failed=0
[2026-09-09T20:21:27+08:00] WAIT olmo3_7b_think tag=st_tt_clip005_1e6_olmo7bt_ckpt150 train=3562927 state=PENDING
[2026-09-09T20:21:27+08:00] WAIT olmo3_7b_think tag=st_tt_clip005_1e6_olmo7bt_ckpt200 train=3562927 state=PENDING
[2026-09-09T20:21:27+08:00] WAIT olmo3_7b_think tag=st_tt_clip005_1e6_olmo7bt_ckpt250 train=3562927 state=PENDING
[2026-09-09T20:21:27+08:00] WAIT olmo3_7b_think tag=st_tt_clip005_1e6_olmo7bt_ckpt300 train=3562927 state=PENDING
[2026-09-09T20:21:27+08:00] progress done=4/8 pending=4 failed=0
[2026-09-09T20:23:27+08:00] WAIT olmo3_7b_think tag=st_tt_clip005_1e6_olmo7bt_ckpt150 train=3562927 state=PENDING
[2026-09-09T20:23:27+08:00] WAIT olmo3_7b_think tag=st_tt_clip005_1e6_olmo7bt_ckpt200 train=3562927 state=PENDING
[2026-09-09T20:23:27+08:00] WAIT olmo3_7b_think tag=st_tt_clip005_1e6_olmo7bt_ckpt250 train=3562927 state=PENDING
[2026-09-09T20:23:27+08:00] WAIT olmo3_7b_think tag=st_tt_clip005_1e6_olmo7bt_ckpt300 train=3562927 state=PENDING
[2026-09-09T20:23:27+08:00] progress done=4/8 pending=4 failed=0
[2026-09-09T20:25:27+08:00] WAIT olmo3_7b_think tag=st_tt_clip005_1e6_olmo7bt_ckpt150 train=3562927 state=PENDING
[2026-09-09T20:25:27+08:00] WAIT olmo3_7b_think tag=st_tt_clip005_1e6_olmo7bt_ckpt200 train=3562927 state=PENDING
[2026-09-09T20:25:27+08:00] WAIT olmo3_7b_think tag=st_tt_clip005_1e6_olmo7bt_ckpt250 train=3562927 state=PENDING
[2026-09-09T20:25:27+08:00] WAIT olmo3_7b_think tag=st_tt_clip005_1e6_olmo7bt_ckpt300 train=3562927 state=PENDING
[2026-09-09T20:25:27+08:00] progress done=4/8 pending=4 failed=0
[2026-09-09T20:27:27+08:00] WAIT olmo3_7b_think tag=st_tt_clip005_1e6_olmo7bt_ckpt150 train=3562927 state=PENDING
[2026-09-09T20:27:27+08:00] WAIT olmo3_7b_think tag=st_tt_clip005_1e6_olmo7bt_ckpt200 train=3562927 state=PENDING
[2026-09-09T20:27:27+08:00] WAIT olmo3_7b_think tag=st_tt_clip005_1e6_olmo7bt_ckpt250 train=3562927 state=PENDING
[2026-09-09T20:27:27+08:00] WAIT olmo3_7b_think tag=st_tt_clip005_1e6_olmo7bt_ckpt300 train=3562927 state=PENDING
[2026-09-09T20:27:27+08:00] progress done=4/8 pending=4 failed=0
[2026-09-09T20:29:27+08:00] WAIT olmo3_7b_think tag=st_tt_clip005_1e6_olmo7bt_ckpt150 train=3562927 state=PENDING
[2026-09-09T20:29:27+08:00] WAIT olmo3_7b_think tag=st_tt_clip005_1e6_olmo7bt_ckpt200 train=3562927 state=PENDING
[2026-09-09T20:29:27+08:00] WAIT olmo3_7b_think tag=st_tt_clip005_1e6_olmo7bt_ckpt250 train=3562927 state=PENDING
[2026-09-09T20:29:27+08:00] WAIT olmo3_7b_think tag=st_tt_clip005_1e6_olmo7bt_ckpt300 train=3562927 state=PENDING
[2026-09-09T20:29:27+08:00] progress done=4/8 pending=4 failed=0
[2026-09-09T20:31:27+08:00] WAIT olmo3_7b_think tag=st_tt_clip005_1e6_olmo7bt_ckpt150 train=3562927 state=PENDING
[2026-09-09T20:31:27+08:00] WAIT olmo3_7b_think tag=st_tt_clip005_1e6_olmo7bt_ckpt200 train=3562927 state=PENDING
[2026-09-09T20:31:27+08:00] WAIT olmo3_7b_think tag=st_tt_clip005_1e6_olmo7bt_ckpt250 train=3562927 state=PENDING
[2026-09-09T20:31:27+08:00] WAIT olmo3_7b_think tag=st_tt_clip005_1e6_olmo7bt_ckpt300 train=3562927 state=PENDING
[2026-09-09T20:31:27+08:00] progress done=4/8 pending=4 failed=0
[2026-09-09T20:33:27+08:00] WAIT olmo3_7b_think tag=st_tt_clip005_1e6_olmo7bt_ckpt150 train=3562927 state=PENDING
[2026-09-09T20:33:27+08:00] WAIT olmo3_7b_think tag=st_tt_clip005_1e6_olmo7bt_ckpt200 train=3562927 state=PENDING
[2026-09-09T20:33:27+08:00] WAIT olmo3_7b_think tag=st_tt_clip005_1e6_olmo7bt_ckpt250 train=3562927 state=PENDING
[2026-09-09T20:33:27+08:00] WAIT olmo3_7b_think tag=st_tt_clip005_1e6_olmo7bt_ckpt300 train=3562927 state=PENDING
[2026-09-09T20:33:27+08:00] progress done=4/8 pending=4 failed=0
[2026-09-09T20:35:27+08:00] WAIT olmo3_7b_think tag=st_tt_clip005_1e6_olmo7bt_ckpt150 train=3562927 state=PENDING
[2026-09-09T20:35:27+08:00] WAIT olmo3_7b_think tag=st_tt_clip005_1e6_olmo7bt_ckpt200 train=3562927 state=PENDING
[2026-09-09T20:35:27+08:00] WAIT olmo3_7b_think tag=st_tt_clip005_1e6_olmo7bt_ckpt250 train=3562927 state=PENDING
[2026-09-09T20:35:27+08:00] WAIT olmo3_7b_think tag=st_tt_clip005_1e6_olmo7bt_ckpt300 train=3562927 state=PENDING
[2026-09-09T20:35:27+08:00] progress done=4/8 pending=4 failed=0
[2026-09-09T20:37:27+08:00] WAIT olmo3_7b_think tag=st_tt_clip005_1e6_olmo7bt_ckpt150 train=3562927 state=PENDING
[2026-09-09T20:37:27+08:00] WAIT olmo3_7b_think tag=st_tt_clip005_1e6_olmo7bt_ckpt200 train=3562927 state=PENDING
[2026-09-09T20:37:27+08:00] WAIT olmo3_7b_think tag=st_tt_clip005_1e6_olmo7bt_ckpt250 train=3562927 state=PENDING
[2026-09-09T20:37:28+08:00] WAIT olmo3_7b_think tag=st_tt_clip005_1e6_olmo7bt_ckpt300 train=3562927 state=PENDING
[2026-09-09T20:37:28+08:00] progress done=4/8 pending=4 failed=0
[2026-09-09T20:39:28+08:00] WAIT olmo3_7b_think tag=st_tt_clip005_1e6_olmo7bt_ckpt150 train=3562927 state=PENDING
[2026-09-09T20:39:28+08:00] WAIT olmo3_7b_think tag=st_tt_clip005_1e6_olmo7bt_ckpt200 train=3562927 state=PENDING
[2026-09-09T20:39:28+08:00] WAIT olmo3_7b_think tag=st_tt_clip005_1e6_olmo7bt_ckpt250 train=3562927 state=PENDING
[2026-09-09T20:39:28+08:00] WAIT olmo3_7b_think tag=st_tt_clip005_1e6_olmo7bt_ckpt300 train=3562927 state=PENDING
[2026-09-09T20:39:28+08:00] progress done=4/8 pending=4 failed=0
[2026-09-09T20:41:28+08:00] WAIT olmo3_7b_think tag=st_tt_clip005_1e6_olmo7bt_ckpt150 train=3562927 state=PENDING
[2026-09-09T20:41:28+08:00] WAIT olmo3_7b_think tag=st_tt_clip005_1e6_olmo7bt_ckpt200 train=3562927 state=PENDING
[2026-09-09T20:41:28+08:00] WAIT olmo3_7b_think tag=st_tt_clip005_1e6_olmo7bt_ckpt250 train=3562927 state=PENDING
[2026-09-09T20:41:28+08:00] WAIT olmo3_7b_think tag=st_tt_clip005_1e6_olmo7bt_ckpt300 train=3562927 state=PENDING
[2026-09-09T20:41:28+08:00] progress done=4/8 pending=4 failed=0
[2026-09-09T20:43:28+08:00] WAIT olmo3_7b_think tag=st_tt_clip005_1e6_olmo7bt_ckpt150 train=3562927 state=PENDING
[2026-09-09T20:43:28+08:00] WAIT olmo3_7b_think tag=st_tt_clip005_1e6_olmo7bt_ckpt200 train=3562927 state=PENDING
[2026-09-09T20:43:28+08:00] WAIT olmo3_7b_think tag=st_tt_clip005_1e6_olmo7bt_ckpt250 train=3562927 state=PENDING
[2026-09-09T20:43:28+08:00] WAIT olmo3_7b_think tag=st_tt_clip005_1e6_olmo7bt_ckpt300 train=3562927 state=PENDING
[2026-09-09T20:43:28+08:00] progress done=4/8 pending=4 failed=0
[2026-09-09T20:45:28+08:00] WAIT olmo3_7b_think tag=st_tt_clip005_1e6_olmo7bt_ckpt150 train=3562927 state=PENDING
[2026-09-09T20:45:28+08:00] WAIT olmo3_7b_think tag=st_tt_clip005_1e6_olmo7bt_ckpt200 train=3562927 state=PENDING
[2026-09-09T20:45:28+08:00] WAIT olmo3_7b_think tag=st_tt_clip005_1e6_olmo7bt_ckpt250 train=3562927 state=PENDING
[2026-09-09T20:45:28+08:00] WAIT olmo3_7b_think tag=st_tt_clip005_1e6_olmo7bt_ckpt300 train=3562927 state=PENDING
[2026-09-09T20:45:28+08:00] progress done=4/8 pending=4 failed=0
[2026-09-09T20:47:28+08:00] WAIT olmo3_7b_think tag=st_tt_clip005_1e6_olmo7bt_ckpt150 train=3562927 state=PENDING
[2026-09-09T20:47:28+08:00] WAIT olmo3_7b_think tag=st_tt_clip005_1e6_olmo7bt_ckpt200 train=3562927 state=PENDING
[2026-09-09T20:47:28+08:00] WAIT olmo3_7b_think tag=st_tt_clip005_1e6_olmo7bt_ckpt250 train=3562927 state=PENDING
[2026-09-09T20:47:28+08:00] WAIT olmo3_7b_think tag=st_tt_clip005_1e6_olmo7bt_ckpt300 train=3562927 state=PENDING
[2026-09-09T20:47:28+08:00] progress done=4/8 pending=4 failed=0
[2026-09-09T20:49:28+08:00] WAIT olmo3_7b_think tag=st_tt_clip005_1e6_olmo7bt_ckpt150 train=3562927 state=PENDING
[2026-09-09T20:49:28+08:00] WAIT olmo3_7b_think tag=st_tt_clip005_1e6_olmo7bt_ckpt200 train=3562927 state=PENDING
[2026-09-09T20:49:28+08:00] WAIT olmo3_7b_think tag=st_tt_clip005_1e6_olmo7bt_ckpt250 train=3562927 state=PENDING
[2026-09-09T20:49:28+08:00] WAIT olmo3_7b_think tag=st_tt_clip005_1e6_olmo7bt_ckpt300 train=3562927 state=PENDING
[2026-09-09T20:49:28+08:00] progress done=4/8 pending=4 failed=0
[2026-09-09T20:51:28+08:00] WAIT olmo3_7b_think tag=st_tt_clip005_1e6_olmo7bt_ckpt150 train=3562927 state=PENDING
[2026-09-09T20:51:28+08:00] WAIT olmo3_7b_think tag=st_tt_clip005_1e6_olmo7bt_ckpt200 train=3562927 state=PENDING
[2026-09-09T20:51:28+08:00] WAIT olmo3_7b_think tag=st_tt_clip005_1e6_olmo7bt_ckpt250 train=3562927 state=PENDING
[2026-09-09T20:51:28+08:00] WAIT olmo3_7b_think tag=st_tt_clip005_1e6_olmo7bt_ckpt300 train=3562927 state=PENDING
[2026-09-09T20:51:28+08:00] progress done=4/8 pending=4 failed=0
[2026-09-09T20:53:28+08:00] WAIT olmo3_7b_think tag=st_tt_clip005_1e6_olmo7bt_ckpt150 train=3562927 state=PENDING
[2026-09-09T20:53:28+08:00] WAIT olmo3_7b_think tag=st_tt_clip005_1e6_olmo7bt_ckpt200 train=3562927 state=PENDING
[2026-09-09T20:53:28+08:00] WAIT olmo3_7b_think tag=st_tt_clip005_1e6_olmo7bt_ckpt250 train=3562927 state=PENDING
[2026-09-09T20:53:28+08:00] WAIT olmo3_7b_think tag=st_tt_clip005_1e6_olmo7bt_ckpt300 train=3562927 state=PENDING
[2026-09-09T20:53:28+08:00] progress done=4/8 pending=4 failed=0
[2026-09-09T20:55:28+08:00] WAIT olmo3_7b_think tag=st_tt_clip005_1e6_olmo7bt_ckpt150 train=3562927 state=PENDING
[2026-09-09T20:55:28+08:00] WAIT olmo3_7b_think tag=st_tt_clip005_1e6_olmo7bt_ckpt200 train=3562927 state=PENDING
[2026-09-09T20:55:28+08:00] WAIT olmo3_7b_think tag=st_tt_clip005_1e6_olmo7bt_ckpt250 train=3562927 state=PENDING
[2026-09-09T20:55:28+08:00] WAIT olmo3_7b_think tag=st_tt_clip005_1e6_olmo7bt_ckpt300 train=3562927 state=PENDING
[2026-09-09T20:55:28+08:00] progress done=4/8 pending=4 failed=0
[2026-09-09T20:57:28+08:00] WAIT olmo3_7b_think tag=st_tt_clip005_1e6_olmo7bt_ckpt150 train=3562927 state=PENDING
[2026-09-09T20:57:28+08:00] WAIT olmo3_7b_think tag=st_tt_clip005_1e6_olmo7bt_ckpt200 train=3562927 state=PENDING
[2026-09-09T20:57:28+08:00] WAIT olmo3_7b_think tag=st_tt_clip005_1e6_olmo7bt_ckpt250 train=3562927 state=PENDING
[2026-09-09T20:57:28+08:00] WAIT olmo3_7b_think tag=st_tt_clip005_1e6_olmo7bt_ckpt300 train=3562927 state=PENDING
[2026-09-09T20:57:28+08:00] progress done=4/8 pending=4 failed=0
[2026-09-09T20:59:28+08:00] WAIT olmo3_7b_think tag=st_tt_clip005_1e6_olmo7bt_ckpt150 train=3562927 state=PENDING
[2026-09-09T20:59:28+08:00] WAIT olmo3_7b_think tag=st_tt_clip005_1e6_olmo7bt_ckpt200 train=3562927 state=PENDING
[2026-09-09T20:59:28+08:00] WAIT olmo3_7b_think tag=st_tt_clip005_1e6_olmo7bt_ckpt250 train=3562927 state=PENDING
[2026-09-09T20:59:28+08:00] WAIT olmo3_7b_think tag=st_tt_clip005_1e6_olmo7bt_ckpt300 train=3562927 state=PENDING
[2026-09-09T20:59:28+08:00] progress done=4/8 pending=4 failed=0
[2026-09-09T21:01:28+08:00] WAIT olmo3_7b_think tag=st_tt_clip005_1e6_olmo7bt_ckpt150 train=3562927 state=PENDING
[2026-09-09T21:01:28+08:00] WAIT olmo3_7b_think tag=st_tt_clip005_1e6_olmo7bt_ckpt200 train=3562927 state=PENDING
[2026-09-09T21:01:28+08:00] WAIT olmo3_7b_think tag=st_tt_clip005_1e6_olmo7bt_ckpt250 train=3562927 state=PENDING
[2026-09-09T21:01:28+08:00] WAIT olmo3_7b_think tag=st_tt_clip005_1e6_olmo7bt_ckpt300 train=3562927 state=PENDING
[2026-09-09T21:01:28+08:00] progress done=4/8 pending=4 failed=0
[2026-09-09T21:03:28+08:00] WAIT olmo3_7b_think tag=st_tt_clip005_1e6_olmo7bt_ckpt150 train=3562927 state=PENDING
[2026-09-09T21:03:28+08:00] WAIT olmo3_7b_think tag=st_tt_clip005_1e6_olmo7bt_ckpt200 train=3562927 state=PENDING
[2026-09-09T21:03:28+08:00] WAIT olmo3_7b_think tag=st_tt_clip005_1e6_olmo7bt_ckpt250 train=3562927 state=PENDING
[2026-09-09T21:03:28+08:00] WAIT olmo3_7b_think tag=st_tt_clip005_1e6_olmo7bt_ckpt300 train=3562927 state=PENDING
[2026-09-09T21:03:28+08:00] progress done=4/8 pending=4 failed=0
