[build] le12k.all from /gpfs/share/home/2501210611/opsd_analysis/OPSD_Analysis/data/openmathreasoning/preprocessed/_tmp_shards_3920179 -> /gpfs/share/home/2501210611/opsd_analysis/OPSD_Analysis/data/openmathreasoning/preprocessed/omr.cot.think.le12k.all.parquet
[build] tmp=/gpfs/share/home/2501210611/opsd_analysis/OPSD_Analysis/data/openmathreasoning/preprocessed/_tmp_shards_3920179
[build] output=/gpfs/share/home/2501210611/opsd_analysis/OPSD_Analysis/data/openmathreasoning/preprocessed/omr.cot.think.le12k.all.parquet max_tokens=12288 seed=42
[build] eval AIME24: rows=30 new_keys=30
[build] eval AIME25: rows=30 new_keys=30
[build] eval AIME26: rows=30 new_keys=30
[build] eval HMMT25: rows=30 new_keys=30
[build] banned eval keys total=120
[build] shards=144
[build] index 20/144 kept=360448 eval_drop=0 unique=163858
[build] index 40/144 kept=721473 eval_drop=0 unique=203693
[build] index 60/144 kept=1082738 eval_drop=0 unique=220954
[build] index 80/144 kept=1443648 eval_drop=0 unique=231443
[build] index 100/144 kept=1804538 eval_drop=0 unique=238579
[build] index 120/144 kept=2165471 eval_drop=0 unique=243947
[build] index 140/144 kept=2526037 eval_drop=0 unique=248169
[build] index 144/144 kept=2598095 eval_drop=0 unique=248910
[build] index_stats={"n_scanned": 2598095, "n_token_ok": 2598095, "n_missing_problem": 0, "n_eval_dropped": 0, "n_kept": 2598095}
[build] spread_stats={"n_unique_problems": 248910, "n_ordered": 2598095, "max_copies": 190, "mean_first_dup_gap": 236020.02081726716, "n_problems_with_dup": 223036}
[build] wrote 4000/2598095
slurmstepd: error: *** JOB 3298403 ON a6n18c2 CANCELLED AT 2026-08-21T00:26:39 ***
