[preprocess] stream mix/write from /gpfs/share/home/2501210611/opsd_analysis/OPSD_Analysis/data/openmathreasoning/preprocessed/_tmp_shards_3920179
/gpfs/share/home/2501210611/miniconda3/envs/anchor/lib/python3.10/site-packages/requests/__init__.py:113: RequestsDependencyWarning: urllib3 (2.4.0) or chardet (7.4.3)/charset_normalizer (3.4.2) doesn't match a supported version!
  warnings.warn(
[preprocess] RESUME mix/write from /gpfs/share/home/2501210611/opsd_analysis/OPSD_Analysis/data/openmathreasoning/preprocessed/_tmp_shards_3920179 shards=144
[preprocess] mix mid:short target=1:2 (short<= 8192, mid<= 12288)
[preprocess] indexed shards 20/144 short=256340 mid=104108
[preprocess] indexed shards 40/144 short=512425 mid=209048
[preprocess] indexed shards 60/144 short=769242 mid=313496
[preprocess] indexed shards 80/144 short=1025754 mid=417894
[preprocess] indexed shards 100/144 short=1281751 mid=522787
[preprocess] indexed shards 120/144 short=1538271 mid=627200
[preprocess] indexed shards 140/144 short=1794401 mid=731636
[preprocess] indexed shards 144/144 short=1845467 mid=752628
[preprocess] buckets: short=1845467 mid=752628
[preprocess] mix stats: {"n_mid_available": 752628, "n_short_available": 1845467, "n_mid_in_le12k": 752628, "n_short_in_le12k": 1505256, "n_le12k": 2257884, "n_short_remain_le8k": 340211, "achieved_mid_short_ratio": "752628:1505256", "target_mid_short_ratio": "1:2", "want_short_for_ratio": 1505256}
[preprocess] writing omr.cot.think.le12k.r1to2.parquet: through shard 9 rows=156471
[preprocess] writing omr.cot.think.le12k.r1to2.parquet: through shard 19 rows=312977
[preprocess] writing omr.cot.think.le12k.r1to2.parquet: through shard 29 rows=469824
[preprocess] writing omr.cot.think.le12k.r1to2.parquet: through shard 39 rows=626848
[preprocess] writing omr.cot.think.le12k.r1to2.parquet: through shard 49 rows=783584
[preprocess] writing omr.cot.think.le12k.r1to2.parquet: through shard 59 rows=940804
[preprocess] writing omr.cot.think.le12k.r1to2.parquet: through shard 69 rows=1097521
[preprocess] writing omr.cot.think.le12k.r1to2.parquet: through shard 79 rows=1254310
[preprocess] writing omr.cot.think.le12k.r1to2.parquet: through shard 89 rows=1411320
[preprocess] writing omr.cot.think.le12k.r1to2.parquet: through shard 99 rows=1568019
[preprocess] writing omr.cot.think.le12k.r1to2.parquet: through shard 109 rows=1724465
[preprocess] writing omr.cot.think.le12k.r1to2.parquet: through shard 119 rows=1881587
[preprocess] writing omr.cot.think.le12k.r1to2.parquet: through shard 129 rows=2037998
[preprocess] writing omr.cot.think.le12k.r1to2.parquet: through shard 139 rows=2195227
[preprocess] wrote /gpfs/share/home/2501210611/opsd_analysis/OPSD_Analysis/data/openmathreasoning/preprocessed/omr.cot.think.le12k.r1to2.parquet rows=2257884
[preprocess] meta /gpfs/share/home/2501210611/opsd_analysis/OPSD_Analysis/data/openmathreasoning/preprocessed/omr.cot.think.le12k.r1to2.parquet.meta.json
[preprocess] writing omr.cot.think.le8k.remain.parquet: through shard 9 rows=23603
[preprocess] writing omr.cot.think.le8k.remain.parquet: through shard 19 rows=47471
[preprocess] writing omr.cot.think.le8k.remain.parquet: through shard 29 rows=71180
[preprocess] writing omr.cot.think.le8k.remain.parquet: through shard 39 rows=94625
[preprocess] writing omr.cot.think.le8k.remain.parquet: through shard 49 rows=118380
[preprocess] writing omr.cot.think.le8k.remain.parquet: through shard 59 rows=141934
[preprocess] writing omr.cot.think.le8k.remain.parquet: through shard 69 rows=165646
[preprocess] writing omr.cot.think.le8k.remain.parquet: through shard 79 rows=189338
[preprocess] writing omr.cot.think.le8k.remain.parquet: through shard 89 rows=212901
[preprocess] writing omr.cot.think.le8k.remain.parquet: through shard 99 rows=236519
[preprocess] writing omr.cot.think.le8k.remain.parquet: through shard 109 rows=260312
[preprocess] writing omr.cot.think.le8k.remain.parquet: through shard 119 rows=283884
[preprocess] writing omr.cot.think.le8k.remain.parquet: through shard 129 rows=307508
[preprocess] writing omr.cot.think.le8k.remain.parquet: through shard 139 rows=330810
[preprocess] wrote /gpfs/share/home/2501210611/opsd_analysis/OPSD_Analysis/data/openmathreasoning/preprocessed/omr.cot.think.le8k.remain.parquet rows=340211
[preprocess] meta /gpfs/share/home/2501210611/opsd_analysis/OPSD_Analysis/data/openmathreasoning/preprocessed/omr.cot.think.le8k.remain.parquet.meta.json
[preprocess] keeping tmp shards at /gpfs/share/home/2501210611/opsd_analysis/OPSD_Analysis/data/openmathreasoning/preprocessed/_tmp_shards_3920179
[preprocess] done
[preprocess] done
