[build] smoke first (3000) workers=8
[build] tmp=/gpfs/share/home/2501210611/opsd_analysis/OPSD_Analysis/data/openmathreasoning/preprocessed/_tmp_shards_3920179
[build] output=/gpfs/share/home/2501210611/opsd_analysis/OPSD_Analysis/data/openmathreasoning/preprocessed/omr.cot.think.le12k.all.smoke.parquet max_tokens=12288 seed=42 workers=8
[build] eval AIME24: rows=30 new_keys=30
[build] eval AIME25: rows=30 new_keys=30
[build] eval AIME26: rows=30 new_keys=30
[build] eval HMMT25: rows=30 new_keys=30
[build] banned eval keys total=120
[build] shards=144
[build] index 20/144 kept=360448 eval_drop=0 unique=163858
[build] index 40/144 kept=721473 eval_drop=0 unique=203693
[build] index 60/144 kept=1082738 eval_drop=0 unique=220954
[build] index 80/144 kept=1443648 eval_drop=0 unique=231443
[build] index 100/144 kept=1804538 eval_drop=0 unique=238579
[build] index 120/144 kept=2165471 eval_drop=0 unique=243947
[build] index 140/144 kept=2526037 eval_drop=0 unique=248169
[build] index 144/144 kept=2598095 eval_drop=0 unique=248910
[build] index_stats={"n_scanned": 2598095, "n_token_ok": 2598095, "n_missing_problem": 0, "n_eval_dropped": 0, "n_kept": 2598095}
[build] spread_stats={"n_unique_problems": 248910, "n_ordered": 3000, "max_copies": 190, "mean_first_dup_gap": null, "n_problems_with_dup": 0}
[build] parallel convert shards=144 workers=8
[build] converted parts 10/144 last_si=9 rows=14
[build] converted parts 20/144 last_si=19 rows=29
[build] converted parts 30/144 last_si=30 rows=23
[build] converted parts 40/144 last_si=39 rows=27
[build] converted parts 50/144 last_si=50 rows=15
[build] converted parts 60/144 last_si=59 rows=16
[build] converted parts 70/144 last_si=70 rows=17
[build] converted parts 80/144 last_si=79 rows=27
[build] converted parts 90/144 last_si=89 rows=16
[build] converted parts 100/144 last_si=99 rows=21
[build] converted parts 110/144 last_si=109 rows=20
[build] converted parts 120/144 last_si=119 rows=14
[build] converted parts 130/144 last_si=131 rows=18
[build] converted parts 140/144 last_si=139 rows=24
[build] converted parts 144/144 last_si=142 rows=11
[build] concat shard 0 total=19
[build] concat shard 1 total=35
[build] concat shard 2 total=52
[build] concat shard 3 total=76
[build] concat shard 4 total=106
[build] concat shard 5 total=127
[build] concat shard 6 total=146
[build] concat shard 7 total=164
[build] concat shard 8 total=184
[build] concat shard 9 total=198
[build] concat shard 10 total=218
[build] concat shard 11 total=237
[build] concat shard 12 total=254
[build] concat shard 13 total=281
[build] concat shard 14 total=309
[build] concat shard 15 total=335
[build] concat shard 16 total=357
[build] concat shard 17 total=381
[build] concat shard 18 total=396
[build] concat shard 19 total=425
[build] concat shard 20 total=443
[build] concat shard 21 total=464
[build] concat shard 22 total=481
[build] concat shard 23 total=497
[build] concat shard 24 total=514
[build] concat shard 25 total=534
[build] concat shard 26 total=554
[build] concat shard 27 total=566
[build] concat shard 28 total=587
[build] concat shard 29 total=613
[build] concat shard 30 total=636
[build] concat shard 31 total=654
[build] concat shard 32 total=685
[build] concat shard 33 total=708
[build] concat shard 34 total=732
[build] concat shard 35 total=751
[build] concat shard 36 total=770
[build] concat shard 37 total=789
[build] concat shard 38 total=812
[build] concat shard 39 total=839
[build] concat shard 40 total=861
[build] concat shard 41 total=883
[build] concat shard 42 total=902
[build] concat shard 43 total=922
[build] concat shard 44 total=943
[build] concat shard 45 total=957
[build] concat shard 46 total=990
[build] concat shard 47 total=1016
[build] concat shard 48 total=1036
[build] concat shard 49 total=1071
[build] concat shard 50 total=1086
[build] concat shard 51 total=1110
[build] concat shard 52 total=1127
[build] concat shard 53 total=1152
[build] concat shard 54 total=1168
[build] concat shard 55 total=1186
[build] concat shard 56 total=1209
[build] concat shard 57 total=1234
[build] concat shard 58 total=1254
[build] concat shard 59 total=1270
[build] concat shard 60 total=1289
[build] concat shard 61 total=1306
[build] concat shard 62 total=1325
[build] concat shard 63 total=1345
[build] concat shard 64 total=1373
[build] concat shard 65 total=1392
[build] concat shard 66 total=1411
[build] concat shard 67 total=1444
[build] concat shard 68 total=1458
[build] concat shard 69 total=1486
[build] concat shard 70 total=1503
[build] concat shard 71 total=1523
[build] concat shard 72 total=1541
[build] concat shard 73 total=1561
[build] concat shard 74 total=1586
[build] concat shard 75 total=1607
[build] concat shard 76 total=1625
[build] concat shard 77 total=1653
[build] concat shard 78 total=1680
[build] concat shard 79 total=1707
[build] concat shard 80 total=1718
[build] concat shard 81 total=1741
[build] concat shard 82 total=1757
[build] concat shard 83 total=1782
[build] concat shard 84 total=1802
[build] concat shard 85 total=1820
[build] concat shard 86 total=1837
[build] concat shard 87 total=1855
[build] concat shard 88 total=1885
[build] concat shard 89 total=1901
[build] concat shard 90 total=1923
[build] concat shard 91 total=1943
[build] concat shard 92 total=1958
[build] concat shard 93 total=1977
[build] concat shard 94 total=2007
[build] concat shard 95 total=2031
[build] concat shard 96 total=2055
[build] concat shard 97 total=2087
[build] concat shard 98 total=2102
[build] concat shard 99 total=2123
[build] concat shard 100 total=2133
[build] concat shard 101 total=2148
[build] concat shard 102 total=2172
[build] concat shard 103 total=2189
[build] concat shard 104 total=2207
[build] concat shard 105 total=2229
[build] concat shard 106 total=2251
[build] concat shard 107 total=2271
[build] concat shard 108 total=2288
[build] concat shard 109 total=2308
[build] concat shard 110 total=2330
[build] concat shard 111 total=2355
[build] concat shard 112 total=2367
[build] concat shard 113 total=2389
[build] concat shard 114 total=2411
[build] concat shard 115 total=2426
[build] concat shard 116 total=2437
[build] concat shard 117 total=2463
[build] concat shard 118 total=2481
[build] concat shard 119 total=2495
[build] concat shard 120 total=2522
[build] concat shard 121 total=2539
[build] concat shard 122 total=2566
[build] concat shard 123 total=2582
[build] concat shard 124 total=2600
[build] concat shard 125 total=2628
[build] concat shard 126 total=2648
[build] concat shard 127 total=2670
[build] concat shard 128 total=2688
[build] concat shard 129 total=2711
[build] concat shard 130 total=2730
[build] concat shard 131 total=2748
[build] concat shard 132 total=2770
[build] concat shard 133 total=2796
[build] concat shard 134 total=2819
[build] concat shard 135 total=2840
[build] concat shard 136 total=2863
[build] concat shard 137 total=2889
[build] concat shard 138 total=2912
[build] concat shard 139 total=2936
[build] concat shard 140 total=2953
[build] concat shard 141 total=2971
[build] concat shard 142 total=2982
[build] concat shard 143 total=3000
[build] spread_perm /gpfs/share/home/2501210611/opsd_analysis/OPSD_Analysis/data/openmathreasoning/preprocessed/omr.cot.think.le12k.all.smoke.parquet.spread_perm.npy len=3000
[build] wrote /gpfs/share/home/2501210611/opsd_analysis/OPSD_Analysis/data/openmathreasoning/preprocessed/omr.cot.think.le12k.all.smoke.parquet rows=3000
[build] meta /gpfs/share/home/2501210611/opsd_analysis/OPSD_Analysis/data/openmathreasoning/preprocessed/omr.cot.think.le12k.all.smoke.parquet.meta.json
[build] done
[build] full le12k.all workers=8
[build] tmp=/gpfs/share/home/2501210611/opsd_analysis/OPSD_Analysis/data/openmathreasoning/preprocessed/_tmp_shards_3920179
[build] output=/gpfs/share/home/2501210611/opsd_analysis/OPSD_Analysis/data/openmathreasoning/preprocessed/omr.cot.think.le12k.all.parquet max_tokens=12288 seed=42 workers=8
[build] eval AIME24: rows=30 new_keys=30
[build] eval AIME25: rows=30 new_keys=30
[build] eval AIME26: rows=30 new_keys=30
[build] eval HMMT25: rows=30 new_keys=30
[build] banned eval keys total=120
[build] shards=144
[build] index 20/144 kept=360448 eval_drop=0 unique=163858
[build] index 40/144 kept=721473 eval_drop=0 unique=203693
[build] index 60/144 kept=1082738 eval_drop=0 unique=220954
[build] index 80/144 kept=1443648 eval_drop=0 unique=231443
[build] index 100/144 kept=1804538 eval_drop=0 unique=238579
[build] index 120/144 kept=2165471 eval_drop=0 unique=243947
[build] index 140/144 kept=2526037 eval_drop=0 unique=248169
[build] index 144/144 kept=2598095 eval_drop=0 unique=248910
[build] index_stats={"n_scanned": 2598095, "n_token_ok": 2598095, "n_missing_problem": 0, "n_eval_dropped": 0, "n_kept": 2598095}
[build] spread_stats={"n_unique_problems": 248910, "n_ordered": 2598095, "max_copies": 190, "mean_first_dup_gap": 236020.02081726716, "n_problems_with_dup": 223036}
[build] parallel convert shards=144 workers=8
[build] converted parts 10/144 last_si=11 rows=18007
[build] converted parts 20/144 last_si=18 rows=17984
[build] converted parts 30/144 last_si=29 rows=17997
[build] converted parts 40/144 last_si=38 rows=18077
[build] converted parts 50/144 last_si=48 rows=18024
[build] converted parts 60/144 last_si=58 rows=18179
[build] converted parts 70/144 last_si=65 rows=18056
[build] converted parts 80/144 last_si=76 rows=18055
[build] converted parts 90/144 last_si=89 rows=18092
[build] converted parts 100/144 last_si=97 rows=18210
[build] converted parts 110/144 last_si=111 rows=18087
[build] converted parts 120/144 last_si=113 rows=18093
[build] converted parts 130/144 last_si=130 rows=18105
[build] converted parts 140/144 last_si=141 rows=17957
[build] converted parts 144/144 last_si=142 rows=18060
[build] concat shard 0 total=18058
[build] concat shard 1 total=36024
[build] concat shard 2 total=53991
[build] concat shard 3 total=71944
[build] concat shard 4 total=90062
[build] concat shard 5 total=108043
[build] concat shard 6 total=125958
[build] concat shard 7 total=144007
[build] concat shard 8 total=162015
[build] concat shard 9 total=180074
[build] concat shard 10 total=198111
[build] concat shard 11 total=216118
[build] concat shard 12 total=234165
[build] concat shard 13 total=252235
[build] concat shard 14 total=270245
[build] concat shard 15 total=288359
[build] concat shard 16 total=306343
[build] concat shard 17 total=324345
[build] concat shard 18 total=342329
[build] concat shard 19 total=360448
[build] concat shard 20 total=378412
[build] concat shard 21 total=396596
[build] concat shard 22 total=414685
[build] concat shard 23 total=432746
[build] concat shard 24 total=450807
[build] concat shard 25 total=468869
[build] concat shard 26 total=486903
[build] concat shard 27 total=504937
[build] concat shard 28 total=523007
[build] concat shard 29 total=541004
[build] concat shard 30 total=559147
[build] concat shard 31 total=577233
[build] concat shard 32 total=595221
[build] concat shard 33 total=613274
[build] concat shard 34 total=631241
[build] concat shard 35 total=649275
[build] concat shard 36 total=667281
[build] concat shard 37 total=685370
[build] concat shard 38 total=703447
[build] concat shard 39 total=721473
[build] concat shard 40 total=739486
[build] concat shard 41 total=757479
[build] concat shard 42 total=775584
[build] concat shard 43 total=793603
[build] concat shard 44 total=811648
[build] concat shard 45 total=829706
[build] concat shard 46 total=847736
[build] concat shard 47 total=865817
[build] concat shard 48 total=883841
[build] concat shard 49 total=901964
[build] concat shard 50 total=919942
[build] concat shard 51 total=938002
[build] concat shard 52 total=956037
[build] concat shard 53 total=974088
[build] concat shard 54 total=992177
[build] concat shard 55 total=1010224
[build] concat shard 56 total=1028365
[build] concat shard 57 total=1046484
[build] concat shard 58 total=1064663
[build] concat shard 59 total=1082738
[build] concat shard 60 total=1100754
[build] concat shard 61 total=1118773
[build] concat shard 62 total=1136846
[build] concat shard 63 total=1154848
[build] concat shard 64 total=1172871
[build] concat shard 65 total=1190927
[build] concat shard 66 total=1208893
[build] concat shard 67 total=1227045
[build] concat shard 68 total=1245139
[build] concat shard 69 total=1263167
[build] concat shard 70 total=1281190
[build] concat shard 71 total=1299257
[build] concat shard 72 total=1317222
[build] concat shard 73 total=1335322
[build] concat shard 74 total=1353335
[build] concat shard 75 total=1371458
[build] concat shard 76 total=1389513
[build] concat shard 77 total=1407606
[build] concat shard 78 total=1425584
[build] concat shard 79 total=1443648
[build] concat shard 80 total=1461742
[build] concat shard 81 total=1479835
[build] concat shard 82 total=1497903
[build] concat shard 83 total=1515918
[build] concat shard 84 total=1533910
[build] concat shard 85 total=1551939
[build] concat shard 86 total=1569927
[build] concat shard 87 total=1587947
[build] concat shard 88 total=1606129
[build] concat shard 89 total=1624221
[build] concat shard 90 total=1642233
[build] concat shard 91 total=1660266
[build] concat shard 92 total=1678271
[build] concat shard 93 total=1696228
[build] concat shard 94 total=1714154
[build] concat shard 95 total=1732199
[build] concat shard 96 total=1750222
[build] concat shard 97 total=1768432
[build] concat shard 98 total=1786462
[build] concat shard 99 total=1804538
[build] concat shard 100 total=1822581
[build] concat shard 101 total=1840644
[build] concat shard 102 total=1858706
[build] concat shard 103 total=1876757
[build] concat shard 104 total=1894757
[build] concat shard 105 total=1912788
[build] concat shard 106 total=1930853
[build] concat shard 107 total=1948891
[build] concat shard 108 total=1966813
[build] concat shard 109 total=1984777
[build] concat shard 110 total=2002855
[build] concat shard 111 total=2020942
[build] concat shard 112 total=2039048
[build] concat shard 113 total=2057141
[build] concat shard 114 total=2075166
[build] concat shard 115 total=2093246
[build] concat shard 116 total=2111287
[build] concat shard 117 total=2129337
[build] concat shard 118 total=2147417
[build] concat shard 119 total=2165471
[build] concat shard 120 total=2183457
[build] concat shard 121 total=2201476
[build] concat shard 122 total=2219498
[build] concat shard 123 total=2237536
[build] concat shard 124 total=2255494
[build] concat shard 125 total=2273497
[build] concat shard 126 total=2291479
[build] concat shard 127 total=2309472
[build] concat shard 128 total=2327489
[build] concat shard 129 total=2345506
[build] concat shard 130 total=2363611
[build] concat shard 131 total=2381668
[build] concat shard 132 total=2399614
[build] concat shard 133 total=2417640
[build] concat shard 134 total=2435713
[build] concat shard 135 total=2453707
[build] concat shard 136 total=2471778
[build] concat shard 137 total=2489939
[build] concat shard 138 total=2507928
[build] concat shard 139 total=2526037
[build] concat shard 140 total=2544084
[build] concat shard 141 total=2562041
[build] concat shard 142 total=2580101
[build] concat shard 143 total=2598095
[build] spread_perm /gpfs/share/home/2501210611/opsd_analysis/OPSD_Analysis/data/openmathreasoning/preprocessed/omr.cot.think.le12k.all.parquet.spread_perm.npy len=2598095
[build] wrote /gpfs/share/home/2501210611/opsd_analysis/OPSD_Analysis/data/openmathreasoning/preprocessed/omr.cot.think.le12k.all.parquet rows=2598095
[build] meta /gpfs/share/home/2501210611/opsd_analysis/OPSD_Analysis/data/openmathreasoning/preprocessed/omr.cot.think.le12k.all.parquet.meta.json
[build] done
[build] done
