[build] smoke first (3000) workers=32
[build] tmp=/gpfs/share/home/2501210611/opsd_analysis/OPSD_Analysis/data/openmathreasoning/preprocessed/_tmp_shards_3920179
[build] output=/gpfs/share/home/2501210611/opsd_analysis/OPSD_Analysis/data/openmathreasoning/preprocessed/omr.cot.think.le12k.all.smoke.parquet max_tokens=12288 seed=42 workers=32
[build] eval AIME24: rows=30 new_keys=30
[build] eval AIME25: rows=30 new_keys=30
[build] eval AIME26: rows=30 new_keys=30
[build] eval HMMT25: rows=30 new_keys=30
[build] banned eval keys total=120
[build] shards=144
[build] index 20/144 kept=360448 eval_drop=0 unique=163858
[build] index 40/144 kept=721473 eval_drop=0 unique=203693
[build] index 60/144 kept=1082738 eval_drop=0 unique=220954
[build] index 80/144 kept=1443648 eval_drop=0 unique=231443
[build] index 100/144 kept=1804538 eval_drop=0 unique=238579
[build] index 120/144 kept=2165471 eval_drop=0 unique=243947
[build] index 140/144 kept=2526037 eval_drop=0 unique=248169
[build] index 144/144 kept=2598095 eval_drop=0 unique=248910
[build] index_stats={"n_scanned": 2598095, "n_token_ok": 2598095, "n_missing_problem": 0, "n_eval_dropped": 0, "n_kept": 2598095}
[build] spread_stats={"n_unique_problems": 248910, "n_ordered": 3000, "max_copies": 190, "mean_first_dup_gap": null, "n_problems_with_dup": 0}
[build] parallel convert shards=144 workers=32
[build] converted parts 10/144 last_si=14 rows=28
[build] converted parts 20/144 last_si=23 rows=16
[build] converted parts 30/144 last_si=30 rows=23
[build] converted parts 40/144 last_si=42 rows=19
[build] converted parts 50/144 last_si=48 rows=20
[build] converted parts 60/144 last_si=67 rows=33
[build] converted parts 70/144 last_si=55 rows=18
[build] converted parts 80/144 last_si=79 rows=27
[build] converted parts 90/144 last_si=99 rows=21
[build] converted parts 100/144 last_si=92 rows=15
[build] converted parts 110/144 last_si=110 rows=22
[build] converted parts 120/144 last_si=116 rows=11
[build] converted parts 130/144 last_si=130 rows=19
[build] converted parts 140/144 last_si=129 rows=23
[build] converted parts 144/144 last_si=140 rows=17
[build] concat shard 0 total=19
[build] concat shard 1 total=35
[build] concat shard 2 total=52
[build] concat shard 3 total=76
[build] concat shard 4 total=106
[build] concat shard 5 total=127
[build] concat shard 6 total=146
[build] concat shard 7 total=164
[build] concat shard 8 total=184
[build] concat shard 9 total=198
[build] concat shard 10 total=218
[build] concat shard 11 total=237
[build] concat shard 12 total=254
[build] concat shard 13 total=281
[build] concat shard 14 total=309
[build] concat shard 15 total=335
[build] concat shard 16 total=357
[build] concat shard 17 total=381
[build] concat shard 18 total=396
[build] concat shard 19 total=425
[build] concat shard 20 total=443
[build] concat shard 21 total=464
[build] concat shard 22 total=481
[build] concat shard 23 total=497
[build] concat shard 24 total=514
[build] concat shard 25 total=534
[build] concat shard 26 total=554
[build] concat shard 27 total=566
[build] concat shard 28 total=587
[build] concat shard 29 total=613
[build] concat shard 30 total=636
[build] concat shard 31 total=654
[build] concat shard 32 total=685
[build] concat shard 33 total=708
[build] concat shard 34 total=732
[build] concat shard 35 total=751
[build] concat shard 36 total=770
[build] concat shard 37 total=789
[build] concat shard 38 total=812
[build] concat shard 39 total=839
[build] concat shard 40 total=861
[build] concat shard 41 total=883
[build] concat shard 42 total=902
[build] concat shard 43 total=922
[build] concat shard 44 total=943
[build] concat shard 45 total=957
[build] concat shard 46 total=990
[build] concat shard 47 total=1016
[build] concat shard 48 total=1036
[build] concat shard 49 total=1071
[build] concat shard 50 total=1086
[build] concat shard 51 total=1110
[build] concat shard 52 total=1127
[build] concat shard 53 total=1152
[build] concat shard 54 total=1168
[build] concat shard 55 total=1186
[build] concat shard 56 total=1209
[build] concat shard 57 total=1234
[build] concat shard 58 total=1254
[build] concat shard 59 total=1270
[build] concat shard 60 total=1289
[build] concat shard 61 total=1306
[build] concat shard 62 total=1325
[build] concat shard 63 total=1345
[build] concat shard 64 total=1373
[build] concat shard 65 total=1392
[build] concat shard 66 total=1411
[build] concat shard 67 total=1444
[build] concat shard 68 total=1458
[build] concat shard 69 total=1486
[build] concat shard 70 total=1503
[build] concat shard 71 total=1523
[build] concat shard 72 total=1541
[build] concat shard 73 total=1561
[build] concat shard 74 total=1586
[build] concat shard 75 total=1607
[build] concat shard 76 total=1625
[build] concat shard 77 total=1653
[build] concat shard 78 total=1680
[build] concat shard 79 total=1707
[build] concat shard 80 total=1718
[build] concat shard 81 total=1741
[build] concat shard 82 total=1757
[build] concat shard 83 total=1782
[build] concat shard 84 total=1802
[build] concat shard 85 total=1820
[build] concat shard 86 total=1837
[build] concat shard 87 total=1855
[build] concat shard 88 total=1885
[build] concat shard 89 total=1901
[build] concat shard 90 total=1923
[build] concat shard 91 total=1943
[build] concat shard 92 total=1958
[build] concat shard 93 total=1977
[build] concat shard 94 total=2007
[build] concat shard 95 total=2031
[build] concat shard 96 total=2055
[build] concat shard 97 total=2087
[build] concat shard 98 total=2102
[build] concat shard 99 total=2123
[build] concat shard 100 total=2133
[build] concat shard 101 total=2148
[build] concat shard 102 total=2172
[build] concat shard 103 total=2189
[build] concat shard 104 total=2207
[build] concat shard 105 total=2229
[build] concat shard 106 total=2251
[build] concat shard 107 total=2271
[build] concat shard 108 total=2288
[build] concat shard 109 total=2308
[build] concat shard 110 total=2330
[build] concat shard 111 total=2355
[build] concat shard 112 total=2367
[build] concat shard 113 total=2389
[build] concat shard 114 total=2411
[build] concat shard 115 total=2426
[build] concat shard 116 total=2437
[build] concat shard 117 total=2463
[build] concat shard 118 total=2481
[build] concat shard 119 total=2495
[build] concat shard 120 total=2522
[build] concat shard 121 total=2539
[build] concat shard 122 total=2566
[build] concat shard 123 total=2582
[build] concat shard 124 total=2600
[build] concat shard 125 total=2628
[build] concat shard 126 total=2648
[build] concat shard 127 total=2670
[build] concat shard 128 total=2688
[build] concat shard 129 total=2711
[build] concat shard 130 total=2730
[build] concat shard 131 total=2748
[build] concat shard 132 total=2770
[build] concat shard 133 total=2796
[build] concat shard 134 total=2819
[build] concat shard 135 total=2840
[build] concat shard 136 total=2863
[build] concat shard 137 total=2889
[build] concat shard 138 total=2912
[build] concat shard 139 total=2936
[build] concat shard 140 total=2953
[build] concat shard 141 total=2971
[build] concat shard 142 total=2982
[build] concat shard 143 total=3000
[build] spread_perm /gpfs/share/home/2501210611/opsd_analysis/OPSD_Analysis/data/openmathreasoning/preprocessed/omr.cot.think.le12k.all.smoke.parquet.spread_perm.npy len=3000
[build] wrote /gpfs/share/home/2501210611/opsd_analysis/OPSD_Analysis/data/openmathreasoning/preprocessed/omr.cot.think.le12k.all.smoke.parquet rows=3000
[build] meta /gpfs/share/home/2501210611/opsd_analysis/OPSD_Analysis/data/openmathreasoning/preprocessed/omr.cot.think.le12k.all.smoke.parquet.meta.json
[build] done
[build] full le12k.all workers=32
[build] tmp=/gpfs/share/home/2501210611/opsd_analysis/OPSD_Analysis/data/openmathreasoning/preprocessed/_tmp_shards_3920179
[build] output=/gpfs/share/home/2501210611/opsd_analysis/OPSD_Analysis/data/openmathreasoning/preprocessed/omr.cot.think.le12k.all.parquet max_tokens=12288 seed=42 workers=32
[build] eval AIME24: rows=30 new_keys=30
[build] eval AIME25: rows=30 new_keys=30
[build] eval AIME26: rows=30 new_keys=30
[build] eval HMMT25: rows=30 new_keys=30
[build] banned eval keys total=120
[build] shards=144
[build] index 20/144 kept=360448 eval_drop=0 unique=163858
[build] index 40/144 kept=721473 eval_drop=0 unique=203693
[build] index 60/144 kept=1082738 eval_drop=0 unique=220954
[build] index 80/144 kept=1443648 eval_drop=0 unique=231443
[build] index 100/144 kept=1804538 eval_drop=0 unique=238579
[build] index 120/144 kept=2165471 eval_drop=0 unique=243947
[build] index 140/144 kept=2526037 eval_drop=0 unique=248169
[build] index 144/144 kept=2598095 eval_drop=0 unique=248910
[build] index_stats={"n_scanned": 2598095, "n_token_ok": 2598095, "n_missing_problem": 0, "n_eval_dropped": 0, "n_kept": 2598095}
[build] spread_stats={"n_unique_problems": 248910, "n_ordered": 2598095, "max_copies": 190, "mean_first_dup_gap": 236020.02081726716, "n_problems_with_dup": 223036}
[build] parallel convert shards=144 workers=32
slurmstepd: error: *** JOB 3299081 ON a6n18c2 CANCELLED AT 2026-08-21T00:36:55 ***
slurmstepd: error: Detected 3 oom_kill events in StepId=3299081.batch. Some of the step tasks have been OOM Killed.
