[warmup] host=gpua800n02
/var/spool/slurmd/job2986925/slurm_script: line 22: nvcc: command not found
[warmup] clearing sampling JIT dir for clean rebuild: /gpfs/share/home/2501210611/.cache/flashinfer/0.6.7.post3/80/cached_ops/sampling
[warmup] torch.cuda 12.8 device NVIDIA A800-SXM4-80GB
Traceback (most recent call last):
  File "/gpfs/share/home/2501210611/miniconda3/envs/qwen3_5/lib/python3.11/site-packages/flashinfer/jit/cpp_ext.py", line 331, in run_ninja
    subprocess.run(
  File "/gpfs/share/home/2501210611/miniconda3/envs/qwen3_5/lib/python3.11/subprocess.py", line 571, in run
    raise CalledProcessError(retcode, process.args,
subprocess.CalledProcessError: Command '['ninja', '-v', '-C', '/gpfs/share/home/2501210611/.cache/flashinfer/0.6.7.post3/80/cached_ops/sampling', '-f', '/gpfs/share/home/2501210611/.cache/flashinfer/0.6.7.post3/80/cached_ops/sampling/build.ninja']' returned non-zero exit status 1.

The above exception was the direct cause of the following exception:

Traceback (most recent call last):
  File "<stdin>", line 5, in <module>
  File "/gpfs/share/home/2501210611/miniconda3/envs/qwen3_5/lib/python3.11/site-packages/flashinfer/sampling.py", line 54, in get_sampling_module
    module = gen_sampling_module().build_and_load()
             ^^^^^^^^^^^^^^^^^^^^^^^^^^^^^^^^^^^^^^
  File "/gpfs/share/home/2501210611/miniconda3/envs/qwen3_5/lib/python3.11/site-packages/flashinfer/jit/core.py", line 318, in build_and_load
    self.build(verbose, need_lock=False)
  File "/gpfs/share/home/2501210611/miniconda3/envs/qwen3_5/lib/python3.11/site-packages/flashinfer/jit/core.py", line 304, in build
    run_ninja(self.build_dir, self.ninja_path, verbose)
  File "/gpfs/share/home/2501210611/miniconda3/envs/qwen3_5/lib/python3.11/site-packages/flashinfer/jit/cpp_ext.py", line 343, in run_ninja
    raise RuntimeError(msg) from e
RuntimeError: Ninja build failed. Ninja output:
ninja: Entering directory `/gpfs/share/home/2501210611/.cache/flashinfer/0.6.7.post3/80/cached_ops/sampling'
[1/4] /usr/local/cuda/bin/nvcc --generate-dependencies-with-compile --dependency-output /gpfs/share/home/2501210611/.cache/flashinfer/0.6.7.post3/80/cached_ops/sampling/csrc_sampling.cuda.o.d -DPy_LIMITED_API=0x03090000 -D_GLIBCXX_USE_CXX11_ABI=1 -isystem /gpfs/share/home/2501210611/miniconda3/envs/qwen3_5/include/python3.11 -isystem /usr/local/cuda/include -isystem /usr/local/cuda/include/cccl -isystem /gpfs/share/home/2501210611/miniconda3/envs/qwen3_5/lib/python3.11/site-packages/tvm_ffi/include -isystem /gpfs/share/home/2501210611/miniconda3/envs/qwen3_5/lib/python3.11/site-packages/tvm_ffi/include -isystem /gpfs/share/home/2501210611/miniconda3/envs/qwen3_5/lib/python3.11/site-packages/flashinfer/data/include -isystem /gpfs/share/home/2501210611/miniconda3/envs/qwen3_5/lib/python3.11/site-packages/flashinfer/data/csrc -isystem /gpfs/share/home/2501210611/miniconda3/envs/qwen3_5/lib/python3.11/site-packages/flashinfer/data/cutlass/include -isystem /gpfs/share/home/2501210611/miniconda3/envs/qwen3_5/lib/python3.11/site-packages/flashinfer/data/cutlass/tools/util/include -isystem /gpfs/share/home/2501210611/miniconda3/envs/qwen3_5/lib/python3.11/site-packages/flashinfer/data/spdlog/include --compiler-options=-fPIC --expt-relaxed-constexpr -gencode=arch=compute_80,code=sm_80 -DFLASHINFER_ENABLE_FP8_E8M0 -DFLASHINFER_ENABLE_FP4_E2M1 -std=c++17 --threads=1 -use_fast_math -DFLASHINFER_ENABLE_F16 -DFLASHINFER_ENABLE_BF16 -DFLASHINFER_ENABLE_FP8_E4M3 -DFLASHINFER_ENABLE_FP8_E5M2 -DNDEBUG -O3 -c /gpfs/share/home/2501210611/miniconda3/envs/qwen3_5/lib/python3.11/site-packages/flashinfer/data/csrc/sampling.cu -o /gpfs/share/home/2501210611/.cache/flashinfer/0.6.7.post3/80/cached_ops/sampling/csrc_sampling.cuda.o 
FAILED: [code=1] /gpfs/share/home/2501210611/.cache/flashinfer/0.6.7.post3/80/cached_ops/sampling/csrc_sampling.cuda.o 
/usr/local/cuda/bin/nvcc --generate-dependencies-with-compile --dependency-output /gpfs/share/home/2501210611/.cache/flashinfer/0.6.7.post3/80/cached_ops/sampling/csrc_sampling.cuda.o.d -DPy_LIMITED_API=0x03090000 -D_GLIBCXX_USE_CXX11_ABI=1 -isystem /gpfs/share/home/2501210611/miniconda3/envs/qwen3_5/include/python3.11 -isystem /usr/local/cuda/include -isystem /usr/local/cuda/include/cccl -isystem /gpfs/share/home/2501210611/miniconda3/envs/qwen3_5/lib/python3.11/site-packages/tvm_ffi/include -isystem /gpfs/share/home/2501210611/miniconda3/envs/qwen3_5/lib/python3.11/site-packages/tvm_ffi/include -isystem /gpfs/share/home/2501210611/miniconda3/envs/qwen3_5/lib/python3.11/site-packages/flashinfer/data/include -isystem /gpfs/share/home/2501210611/miniconda3/envs/qwen3_5/lib/python3.11/site-packages/flashinfer/data/csrc -isystem /gpfs/share/home/2501210611/miniconda3/envs/qwen3_5/lib/python3.11/site-packages/flashinfer/data/cutlass/include -isystem /gpfs/share/home/2501210611/miniconda3/envs/qwen3_5/lib/python3.11/site-packages/flashinfer/data/cutlass/tools/util/include -isystem /gpfs/share/home/2501210611/miniconda3/envs/qwen3_5/lib/python3.11/site-packages/flashinfer/data/spdlog/include --compiler-options=-fPIC --expt-relaxed-constexpr -gencode=arch=compute_80,code=sm_80 -DFLASHINFER_ENABLE_FP8_E8M0 -DFLASHINFER_ENABLE_FP4_E2M1 -std=c++17 --threads=1 -use_fast_math -DFLASHINFER_ENABLE_F16 -DFLASHINFER_ENABLE_BF16 -DFLASHINFER_ENABLE_FP8_E4M3 -DFLASHINFER_ENABLE_FP8_E5M2 -DNDEBUG -O3 -c /gpfs/share/home/2501210611/miniconda3/envs/qwen3_5/lib/python3.11/site-packages/flashinfer/data/csrc/sampling.cu -o /gpfs/share/home/2501210611/.cache/flashinfer/0.6.7.post3/80/cached_ops/sampling/csrc_sampling.cuda.o 
In file included from /gpfs/share/home/2501210611/miniconda3/envs/qwen3_5/lib/python3.11/site-packages/flashinfer/data/csrc/sampling.cu:16:
/gpfs/share/home/2501210611/miniconda3/envs/qwen3_5/lib/python3.11/site-packages/flashinfer/data/include/flashinfer/sampling.cuh:27:10: fatal error: cuda/functional: No such file or directory
 #include <cuda/functional>
          ^~~~~~~~~~~~~~~~~
compilation terminated.
[2/4] /usr/local/cuda/bin/nvcc --generate-dependencies-with-compile --dependency-output /gpfs/share/home/2501210611/.cache/flashinfer/0.6.7.post3/80/cached_ops/sampling/csrc_renorm.cuda.o.d -DPy_LIMITED_API=0x03090000 -D_GLIBCXX_USE_CXX11_ABI=1 -isystem /gpfs/share/home/2501210611/miniconda3/envs/qwen3_5/include/python3.11 -isystem /usr/local/cuda/include -isystem /usr/local/cuda/include/cccl -isystem /gpfs/share/home/2501210611/miniconda3/envs/qwen3_5/lib/python3.11/site-packages/tvm_ffi/include -isystem /gpfs/share/home/2501210611/miniconda3/envs/qwen3_5/lib/python3.11/site-packages/tvm_ffi/include -isystem /gpfs/share/home/2501210611/miniconda3/envs/qwen3_5/lib/python3.11/site-packages/flashinfer/data/include -isystem /gpfs/share/home/2501210611/miniconda3/envs/qwen3_5/lib/python3.11/site-packages/flashinfer/data/csrc -isystem /gpfs/share/home/2501210611/miniconda3/envs/qwen3_5/lib/python3.11/site-packages/flashinfer/data/cutlass/include -isystem /gpfs/share/home/2501210611/miniconda3/envs/qwen3_5/lib/python3.11/site-packages/flashinfer/data/cutlass/tools/util/include -isystem /gpfs/share/home/2501210611/miniconda3/envs/qwen3_5/lib/python3.11/site-packages/flashinfer/data/spdlog/include --compiler-options=-fPIC --expt-relaxed-constexpr -gencode=arch=compute_80,code=sm_80 -DFLASHINFER_ENABLE_FP8_E8M0 -DFLASHINFER_ENABLE_FP4_E2M1 -std=c++17 --threads=1 -use_fast_math -DFLASHINFER_ENABLE_F16 -DFLASHINFER_ENABLE_BF16 -DFLASHINFER_ENABLE_FP8_E4M3 -DFLASHINFER_ENABLE_FP8_E5M2 -DNDEBUG -O3 -c /gpfs/share/home/2501210611/miniconda3/envs/qwen3_5/lib/python3.11/site-packages/flashinfer/data/csrc/renorm.cu -o /gpfs/share/home/2501210611/.cache/flashinfer/0.6.7.post3/80/cached_ops/sampling/csrc_renorm.cuda.o 
FAILED: [code=1] /gpfs/share/home/2501210611/.cache/flashinfer/0.6.7.post3/80/cached_ops/sampling/csrc_renorm.cuda.o 
/usr/local/cuda/bin/nvcc --generate-dependencies-with-compile --dependency-output /gpfs/share/home/2501210611/.cache/flashinfer/0.6.7.post3/80/cached_ops/sampling/csrc_renorm.cuda.o.d -DPy_LIMITED_API=0x03090000 -D_GLIBCXX_USE_CXX11_ABI=1 -isystem /gpfs/share/home/2501210611/miniconda3/envs/qwen3_5/include/python3.11 -isystem /usr/local/cuda/include -isystem /usr/local/cuda/include/cccl -isystem /gpfs/share/home/2501210611/miniconda3/envs/qwen3_5/lib/python3.11/site-packages/tvm_ffi/include -isystem /gpfs/share/home/2501210611/miniconda3/envs/qwen3_5/lib/python3.11/site-packages/tvm_ffi/include -isystem /gpfs/share/home/2501210611/miniconda3/envs/qwen3_5/lib/python3.11/site-packages/flashinfer/data/include -isystem /gpfs/share/home/2501210611/miniconda3/envs/qwen3_5/lib/python3.11/site-packages/flashinfer/data/csrc -isystem /gpfs/share/home/2501210611/miniconda3/envs/qwen3_5/lib/python3.11/site-packages/flashinfer/data/cutlass/include -isystem /gpfs/share/home/2501210611/miniconda3/envs/qwen3_5/lib/python3.11/site-packages/flashinfer/data/cutlass/tools/util/include -isystem /gpfs/share/home/2501210611/miniconda3/envs/qwen3_5/lib/python3.11/site-packages/flashinfer/data/spdlog/include --compiler-options=-fPIC --expt-relaxed-constexpr -gencode=arch=compute_80,code=sm_80 -DFLASHINFER_ENABLE_FP8_E8M0 -DFLASHINFER_ENABLE_FP4_E2M1 -std=c++17 --threads=1 -use_fast_math -DFLASHINFER_ENABLE_F16 -DFLASHINFER_ENABLE_BF16 -DFLASHINFER_ENABLE_FP8_E4M3 -DFLASHINFER_ENABLE_FP8_E5M2 -DNDEBUG -O3 -c /gpfs/share/home/2501210611/miniconda3/envs/qwen3_5/lib/python3.11/site-packages/flashinfer/data/csrc/renorm.cu -o /gpfs/share/home/2501210611/.cache/flashinfer/0.6.7.post3/80/cached_ops/sampling/csrc_renorm.cuda.o 
In file included from /gpfs/share/home/2501210611/miniconda3/envs/qwen3_5/lib/python3.11/site-packages/flashinfer/data/csrc/renorm.cu:17:
/gpfs/share/home/2501210611/miniconda3/envs/qwen3_5/lib/python3.11/site-packages/flashinfer/data/include/flashinfer/sampling.cuh:27:10: fatal error: cuda/functional: No such file or directory
 #include <cuda/functional>
          ^~~~~~~~~~~~~~~~~
compilation terminated.
[3/4] /usr/local/cuda/bin/nvcc --generate-dependencies-with-compile --dependency-output /gpfs/share/home/2501210611/.cache/flashinfer/0.6.7.post3/80/cached_ops/sampling/csrc_flashinfer_sampling_binding.cuda.o.d -DPy_LIMITED_API=0x03090000 -D_GLIBCXX_USE_CXX11_ABI=1 -isystem /gpfs/share/home/2501210611/miniconda3/envs/qwen3_5/include/python3.11 -isystem /usr/local/cuda/include -isystem /usr/local/cuda/include/cccl -isystem /gpfs/share/home/2501210611/miniconda3/envs/qwen3_5/lib/python3.11/site-packages/tvm_ffi/include -isystem /gpfs/share/home/2501210611/miniconda3/envs/qwen3_5/lib/python3.11/site-packages/tvm_ffi/include -isystem /gpfs/share/home/2501210611/miniconda3/envs/qwen3_5/lib/python3.11/site-packages/flashinfer/data/include -isystem /gpfs/share/home/2501210611/miniconda3/envs/qwen3_5/lib/python3.11/site-packages/flashinfer/data/csrc -isystem /gpfs/share/home/2501210611/miniconda3/envs/qwen3_5/lib/python3.11/site-packages/flashinfer/data/cutlass/include -isystem /gpfs/share/home/2501210611/miniconda3/envs/qwen3_5/lib/python3.11/site-packages/flashinfer/data/cutlass/tools/util/include -isystem /gpfs/share/home/2501210611/miniconda3/envs/qwen3_5/lib/python3.11/site-packages/flashinfer/data/spdlog/include --compiler-options=-fPIC --expt-relaxed-constexpr -gencode=arch=compute_80,code=sm_80 -DFLASHINFER_ENABLE_FP8_E8M0 -DFLASHINFER_ENABLE_FP4_E2M1 -std=c++17 --threads=1 -use_fast_math -DFLASHINFER_ENABLE_F16 -DFLASHINFER_ENABLE_BF16 -DFLASHINFER_ENABLE_FP8_E4M3 -DFLASHINFER_ENABLE_FP8_E5M2 -DNDEBUG -O3 -c /gpfs/share/home/2501210611/miniconda3/envs/qwen3_5/lib/python3.11/site-packages/flashinfer/data/csrc/flashinfer_sampling_binding.cu -o /gpfs/share/home/2501210611/.cache/flashinfer/0.6.7.post3/80/cached_ops/sampling/csrc_flashinfer_sampling_binding.cuda.o 
ninja: build stopped: subcommand failed.

