[watch-slurm] host=a2n16c1 job=3511688
[watch-slurm] manifest=/gpfs/share/home/2501210611/opsd_analysis/OPSD_Analysis/log/train/4b_grpo/submit_latest.tsv
[watch-slurm] interval=120s post_done_wait=60s
[2026-09-08T00:00:21+08:00] host=a2n16c1 job=3511688 interval=120s
[2026-09-08T00:00:21+08:00] manifest=/gpfs/share/home/2501210611/opsd_analysis/OPSD_Analysis/log/train/4b_grpo/submit_latest.tsv rows=1
[2026-09-08T00:00:21+08:00] WAIT qwen3_4b_base jid=3511687 state=PENDING
[2026-09-08T00:00:21+08:00] progress done=0/1 pending=1 failed=0
[2026-09-08T00:02:21+08:00] WAIT qwen3_4b_base jid=3511687 state=PENDING
[2026-09-08T00:02:21+08:00] progress done=0/1 pending=1 failed=0
[2026-09-08T00:04:21+08:00] WAIT qwen3_4b_base jid=3511687 state=PENDING
[2026-09-08T00:04:21+08:00] progress done=0/1 pending=1 failed=0
[2026-09-08T00:06:21+08:00] WAIT qwen3_4b_base jid=3511687 state=PENDING
[2026-09-08T00:06:21+08:00] progress done=0/1 pending=1 failed=0
[2026-09-08T00:08:21+08:00] WAIT qwen3_4b_base jid=3511687 state=PENDING
[2026-09-08T00:08:21+08:00] progress done=0/1 pending=1 failed=0
[2026-09-08T00:10:21+08:00] WAIT qwen3_4b_base jid=3511687 state=PENDING
[2026-09-08T00:10:21+08:00] progress done=0/1 pending=1 failed=0
[2026-09-08T00:12:21+08:00] WAIT qwen3_4b_base jid=3511687 state=PENDING
[2026-09-08T00:12:21+08:00] progress done=0/1 pending=1 failed=0
[2026-09-08T00:14:21+08:00] WAIT qwen3_4b_base jid=3511687 state=PENDING
[2026-09-08T00:14:21+08:00] progress done=0/1 pending=1 failed=0
[2026-09-08T00:16:21+08:00] WAIT qwen3_4b_base jid=3511687 state=PENDING
[2026-09-08T00:16:21+08:00] progress done=0/1 pending=1 failed=0
[2026-09-08T00:18:21+08:00] WAIT qwen3_4b_base jid=3511687 state=PENDING
[2026-09-08T00:18:21+08:00] progress done=0/1 pending=1 failed=0
[2026-09-08T00:20:21+08:00] WAIT qwen3_4b_base jid=3511687 state=PENDING
[2026-09-08T00:20:21+08:00] progress done=0/1 pending=1 failed=0
[2026-09-08T00:22:21+08:00] WAIT qwen3_4b_base jid=3511687 state=PENDING
[2026-09-08T00:22:21+08:00] progress done=0/1 pending=1 failed=0
[2026-09-08T00:24:21+08:00] WAIT qwen3_4b_base jid=3511687 state=PENDING
[2026-09-08T00:24:21+08:00] progress done=0/1 pending=1 failed=0
[2026-09-08T00:26:21+08:00] WAIT qwen3_4b_base jid=3511687 state=PENDING
[2026-09-08T00:26:21+08:00] progress done=0/1 pending=1 failed=0
[2026-09-08T00:28:21+08:00] WAIT qwen3_4b_base jid=3511687 state=PENDING
[2026-09-08T00:28:21+08:00] progress done=0/1 pending=1 failed=0
[2026-09-08T00:30:21+08:00] WAIT qwen3_4b_base jid=3511687 state=PENDING
[2026-09-08T00:30:21+08:00] progress done=0/1 pending=1 failed=0
[2026-09-08T00:32:21+08:00] WAIT qwen3_4b_base jid=3511687 state=PENDING
[2026-09-08T00:32:21+08:00] progress done=0/1 pending=1 failed=0
[2026-09-08T00:34:21+08:00] WAIT qwen3_4b_base jid=3511687 state=PENDING
[2026-09-08T00:34:21+08:00] progress done=0/1 pending=1 failed=0
[2026-09-08T00:36:21+08:00] WAIT qwen3_4b_base jid=3511687 state=PENDING
[2026-09-08T00:36:21+08:00] progress done=0/1 pending=1 failed=0
[2026-09-08T00:38:21+08:00] WAIT qwen3_4b_base jid=3511687 state=PENDING
[2026-09-08T00:38:21+08:00] progress done=0/1 pending=1 failed=0
[2026-09-08T00:40:21+08:00] WAIT qwen3_4b_base jid=3511687 state=PENDING
[2026-09-08T00:40:21+08:00] progress done=0/1 pending=1 failed=0
[2026-09-08T00:42:21+08:00] WAIT qwen3_4b_base jid=3511687 state=PENDING
[2026-09-08T00:42:21+08:00] progress done=0/1 pending=1 failed=0
[2026-09-08T00:44:21+08:00] WAIT qwen3_4b_base jid=3511687 state=PENDING
[2026-09-08T00:44:21+08:00] progress done=0/1 pending=1 failed=0
[2026-09-08T00:46:21+08:00] WAIT qwen3_4b_base jid=3511687 state=PENDING
[2026-09-08T00:46:21+08:00] progress done=0/1 pending=1 failed=0
[2026-09-08T00:48:21+08:00] WAIT qwen3_4b_base jid=3511687 state=PENDING
[2026-09-08T00:48:21+08:00] progress done=0/1 pending=1 failed=0
[2026-09-08T00:50:21+08:00] WAIT qwen3_4b_base jid=3511687 state=PENDING
[2026-09-08T00:50:21+08:00] progress done=0/1 pending=1 failed=0
[2026-09-08T00:52:21+08:00] WAIT qwen3_4b_base jid=3511687 state=PENDING
[2026-09-08T00:52:21+08:00] progress done=0/1 pending=1 failed=0
[2026-09-08T00:54:21+08:00] WAIT qwen3_4b_base jid=3511687 state=PENDING
[2026-09-08T00:54:21+08:00] progress done=0/1 pending=1 failed=0
[2026-09-08T00:56:21+08:00] WAIT qwen3_4b_base jid=3511687 state=PENDING
[2026-09-08T00:56:21+08:00] progress done=0/1 pending=1 failed=0
[2026-09-08T00:58:21+08:00] WAIT qwen3_4b_base jid=3511687 state=PENDING
[2026-09-08T00:58:21+08:00] progress done=0/1 pending=1 failed=0
[2026-09-08T01:00:21+08:00] WAIT qwen3_4b_base jid=3511687 state=PENDING
[2026-09-08T01:00:21+08:00] progress done=0/1 pending=1 failed=0
[2026-09-08T01:02:21+08:00] WAIT qwen3_4b_base jid=3511687 state=PENDING
[2026-09-08T01:02:21+08:00] progress done=0/1 pending=1 failed=0
[2026-09-08T01:04:21+08:00] WAIT qwen3_4b_base jid=3511687 state=PENDING
[2026-09-08T01:04:21+08:00] progress done=0/1 pending=1 failed=0
[2026-09-08T01:06:21+08:00] WAIT qwen3_4b_base jid=3511687 state=PENDING
[2026-09-08T01:06:21+08:00] progress done=0/1 pending=1 failed=0
[2026-09-08T01:08:21+08:00] WAIT qwen3_4b_base jid=3511687 state=PENDING
[2026-09-08T01:08:21+08:00] progress done=0/1 pending=1 failed=0
[2026-09-08T01:10:21+08:00] WAIT qwen3_4b_base jid=3511687 state=PENDING
[2026-09-08T01:10:21+08:00] progress done=0/1 pending=1 failed=0
[2026-09-08T01:12:21+08:00] WAIT qwen3_4b_base jid=3511687 state=PENDING
[2026-09-08T01:12:21+08:00] progress done=0/1 pending=1 failed=0
[2026-09-08T01:14:21+08:00] WAIT qwen3_4b_base jid=3511687 state=PENDING
[2026-09-08T01:14:21+08:00] progress done=0/1 pending=1 failed=0
[2026-09-08T01:16:21+08:00] WAIT qwen3_4b_base jid=3511687 state=PENDING
[2026-09-08T01:16:21+08:00] progress done=0/1 pending=1 failed=0
[2026-09-08T01:18:21+08:00] WAIT qwen3_4b_base jid=3511687 state=PENDING
[2026-09-08T01:18:21+08:00] progress done=0/1 pending=1 failed=0
[2026-09-08T01:20:21+08:00] WAIT qwen3_4b_base jid=3511687 state=PENDING
[2026-09-08T01:20:21+08:00] progress done=0/1 pending=1 failed=0
[2026-09-08T01:22:21+08:00] WAIT qwen3_4b_base jid=3511687 state=PENDING
[2026-09-08T01:22:21+08:00] progress done=0/1 pending=1 failed=0
[2026-09-08T01:24:21+08:00] WAIT qwen3_4b_base jid=3511687 state=PENDING
[2026-09-08T01:24:21+08:00] progress done=0/1 pending=1 failed=0
[2026-09-08T01:26:21+08:00] WAIT qwen3_4b_base jid=3511687 state=PENDING
[2026-09-08T01:26:21+08:00] progress done=0/1 pending=1 failed=0
[2026-09-08T01:28:21+08:00] WAIT qwen3_4b_base jid=3511687 state=PENDING
[2026-09-08T01:28:21+08:00] progress done=0/1 pending=1 failed=0
[2026-09-08T01:30:21+08:00] WAIT qwen3_4b_base jid=3511687 state=PENDING
[2026-09-08T01:30:21+08:00] progress done=0/1 pending=1 failed=0
[2026-09-08T01:32:21+08:00] WAIT qwen3_4b_base jid=3511687 state=PENDING
[2026-09-08T01:32:21+08:00] progress done=0/1 pending=1 failed=0
[2026-09-08T01:34:21+08:00] WAIT qwen3_4b_base jid=3511687 state=PENDING
[2026-09-08T01:34:21+08:00] progress done=0/1 pending=1 failed=0
[2026-09-08T01:36:21+08:00] WAIT qwen3_4b_base jid=3511687 state=PENDING
[2026-09-08T01:36:21+08:00] progress done=0/1 pending=1 failed=0
[2026-09-08T01:38:21+08:00] WAIT qwen3_4b_base jid=3511687 state=PENDING
[2026-09-08T01:38:21+08:00] progress done=0/1 pending=1 failed=0
[2026-09-08T01:40:21+08:00] WAIT qwen3_4b_base jid=3511687 state=PENDING
[2026-09-08T01:40:21+08:00] progress done=0/1 pending=1 failed=0
[2026-09-08T01:42:21+08:00] WAIT qwen3_4b_base jid=3511687 state=PENDING
[2026-09-08T01:42:21+08:00] progress done=0/1 pending=1 failed=0
[2026-09-08T01:44:21+08:00] WAIT qwen3_4b_base jid=3511687 state=PENDING
[2026-09-08T01:44:21+08:00] progress done=0/1 pending=1 failed=0
[2026-09-08T01:46:21+08:00] WAIT qwen3_4b_base jid=3511687 state=PENDING
[2026-09-08T01:46:21+08:00] progress done=0/1 pending=1 failed=0
[2026-09-08T01:48:21+08:00] WAIT qwen3_4b_base jid=3511687 state=PENDING
[2026-09-08T01:48:21+08:00] progress done=0/1 pending=1 failed=0
[2026-09-08T01:50:21+08:00] WAIT qwen3_4b_base jid=3511687 state=PENDING
[2026-09-08T01:50:21+08:00] progress done=0/1 pending=1 failed=0
[2026-09-08T01:52:21+08:00] WAIT qwen3_4b_base jid=3511687 state=PENDING
[2026-09-08T01:52:21+08:00] progress done=0/1 pending=1 failed=0
[2026-09-08T01:54:21+08:00] WAIT qwen3_4b_base jid=3511687 state=PENDING
[2026-09-08T01:54:21+08:00] progress done=0/1 pending=1 failed=0
[2026-09-08T01:56:21+08:00] WAIT qwen3_4b_base jid=3511687 state=PENDING
[2026-09-08T01:56:21+08:00] progress done=0/1 pending=1 failed=0
[2026-09-08T01:58:21+08:00] WAIT qwen3_4b_base jid=3511687 state=PENDING
[2026-09-08T01:58:21+08:00] progress done=0/1 pending=1 failed=0
[2026-09-08T02:00:21+08:00] WAIT qwen3_4b_base jid=3511687 state=PENDING
[2026-09-08T02:00:21+08:00] progress done=0/1 pending=1 failed=0
[2026-09-08T02:02:21+08:00] WAIT qwen3_4b_base jid=3511687 state=PENDING
[2026-09-08T02:02:21+08:00] progress done=0/1 pending=1 failed=0
[2026-09-08T02:04:21+08:00] WAIT qwen3_4b_base jid=3511687 state=PENDING
[2026-09-08T02:04:21+08:00] progress done=0/1 pending=1 failed=0
[2026-09-08T02:06:21+08:00] WAIT qwen3_4b_base jid=3511687 state=PENDING
[2026-09-08T02:06:21+08:00] progress done=0/1 pending=1 failed=0
[2026-09-08T02:08:21+08:00] WAIT qwen3_4b_base jid=3511687 state=PENDING
[2026-09-08T02:08:21+08:00] progress done=0/1 pending=1 failed=0
[2026-09-08T02:10:21+08:00] WAIT qwen3_4b_base jid=3511687 state=PENDING
[2026-09-08T02:10:21+08:00] progress done=0/1 pending=1 failed=0
[2026-09-08T02:12:21+08:00] WAIT qwen3_4b_base jid=3511687 state=PENDING
[2026-09-08T02:12:21+08:00] progress done=0/1 pending=1 failed=0
[2026-09-08T02:14:21+08:00] WAIT qwen3_4b_base jid=3511687 state=PENDING
[2026-09-08T02:14:21+08:00] progress done=0/1 pending=1 failed=0
[2026-09-08T02:16:22+08:00] WAIT qwen3_4b_base jid=3511687 state=PENDING
[2026-09-08T02:16:22+08:00] progress done=0/1 pending=1 failed=0
[2026-09-08T02:18:22+08:00] WAIT qwen3_4b_base jid=3511687 state=PENDING
[2026-09-08T02:18:22+08:00] progress done=0/1 pending=1 failed=0
[2026-09-08T02:20:22+08:00] WAIT qwen3_4b_base jid=3511687 state=PENDING
[2026-09-08T02:20:22+08:00] progress done=0/1 pending=1 failed=0
[2026-09-08T02:22:22+08:00] WAIT qwen3_4b_base jid=3511687 state=PENDING
[2026-09-08T02:22:22+08:00] progress done=0/1 pending=1 failed=0
[2026-09-08T02:24:22+08:00] WAIT qwen3_4b_base jid=3511687 state=PENDING
[2026-09-08T02:24:22+08:00] progress done=0/1 pending=1 failed=0
[2026-09-08T02:26:22+08:00] WAIT qwen3_4b_base jid=3511687 state=PENDING
[2026-09-08T02:26:22+08:00] progress done=0/1 pending=1 failed=0
[2026-09-08T02:28:22+08:00] WAIT qwen3_4b_base jid=3511687 state=PENDING
[2026-09-08T02:28:22+08:00] progress done=0/1 pending=1 failed=0
[2026-09-08T02:30:22+08:00] WAIT qwen3_4b_base jid=3511687 state=PENDING
[2026-09-08T02:30:22+08:00] progress done=0/1 pending=1 failed=0
[2026-09-08T02:32:22+08:00] WAIT qwen3_4b_base jid=3511687 state=PENDING
[2026-09-08T02:32:22+08:00] progress done=0/1 pending=1 failed=0
[2026-09-08T02:34:22+08:00] WAIT qwen3_4b_base jid=3511687 state=PENDING
[2026-09-08T02:34:22+08:00] progress done=0/1 pending=1 failed=0
[2026-09-08T02:36:22+08:00] WAIT qwen3_4b_base jid=3511687 state=PENDING
[2026-09-08T02:36:22+08:00] progress done=0/1 pending=1 failed=0
[2026-09-08T02:38:22+08:00] WAIT qwen3_4b_base jid=3511687 state=PENDING
[2026-09-08T02:38:22+08:00] progress done=0/1 pending=1 failed=0
[2026-09-08T02:40:22+08:00] WAIT qwen3_4b_base jid=3511687 state=PENDING
[2026-09-08T02:40:22+08:00] progress done=0/1 pending=1 failed=0
[2026-09-08T02:42:22+08:00] WAIT qwen3_4b_base jid=3511687 state=PENDING
[2026-09-08T02:42:22+08:00] progress done=0/1 pending=1 failed=0
[2026-09-08T02:44:22+08:00] WAIT qwen3_4b_base jid=3511687 state=PENDING
[2026-09-08T02:44:22+08:00] progress done=0/1 pending=1 failed=0
[2026-09-08T02:46:22+08:00] WAIT qwen3_4b_base jid=3511687 state=PENDING
[2026-09-08T02:46:22+08:00] progress done=0/1 pending=1 failed=0
[2026-09-08T02:48:22+08:00] WAIT qwen3_4b_base jid=3511687 state=PENDING
[2026-09-08T02:48:22+08:00] progress done=0/1 pending=1 failed=0
[2026-09-08T02:50:22+08:00] WAIT qwen3_4b_base jid=3511687 state=PENDING
[2026-09-08T02:50:22+08:00] progress done=0/1 pending=1 failed=0
[2026-09-08T02:52:22+08:00] WAIT qwen3_4b_base jid=3511687 state=PENDING
[2026-09-08T02:52:22+08:00] progress done=0/1 pending=1 failed=0
[2026-09-08T02:54:22+08:00] WAIT qwen3_4b_base jid=3511687 state=PENDING
[2026-09-08T02:54:22+08:00] progress done=0/1 pending=1 failed=0
[2026-09-08T02:56:22+08:00] WAIT qwen3_4b_base jid=3511687 state=PENDING
[2026-09-08T02:56:22+08:00] progress done=0/1 pending=1 failed=0
[2026-09-08T02:58:22+08:00] WAIT qwen3_4b_base jid=3511687 state=PENDING
[2026-09-08T02:58:22+08:00] progress done=0/1 pending=1 failed=0
[2026-09-08T03:00:22+08:00] WAIT qwen3_4b_base jid=3511687 state=PENDING
[2026-09-08T03:00:22+08:00] progress done=0/1 pending=1 failed=0
[2026-09-08T03:02:22+08:00] WAIT qwen3_4b_base jid=3511687 state=PENDING
[2026-09-08T03:02:22+08:00] progress done=0/1 pending=1 failed=0
[2026-09-08T03:04:22+08:00] WAIT qwen3_4b_base jid=3511687 state=PENDING
[2026-09-08T03:04:22+08:00] progress done=0/1 pending=1 failed=0
[2026-09-08T03:06:22+08:00] WAIT qwen3_4b_base jid=3511687 state=PENDING
[2026-09-08T03:06:22+08:00] progress done=0/1 pending=1 failed=0
[2026-09-08T03:08:22+08:00] WAIT qwen3_4b_base jid=3511687 state=PENDING
[2026-09-08T03:08:22+08:00] progress done=0/1 pending=1 failed=0
[2026-09-08T03:10:22+08:00] WAIT qwen3_4b_base jid=3511687 state=PENDING
[2026-09-08T03:10:22+08:00] progress done=0/1 pending=1 failed=0
[2026-09-08T03:12:22+08:00] WAIT qwen3_4b_base jid=3511687 state=PENDING
[2026-09-08T03:12:22+08:00] progress done=0/1 pending=1 failed=0
[2026-09-08T03:14:22+08:00] WAIT qwen3_4b_base jid=3511687 state=PENDING
[2026-09-08T03:14:22+08:00] progress done=0/1 pending=1 failed=0
[2026-09-08T03:16:22+08:00] WAIT qwen3_4b_base jid=3511687 state=PENDING
[2026-09-08T03:16:22+08:00] progress done=0/1 pending=1 failed=0
[2026-09-08T03:18:22+08:00] WAIT qwen3_4b_base jid=3511687 state=PENDING
[2026-09-08T03:18:22+08:00] progress done=0/1 pending=1 failed=0
[2026-09-08T03:20:22+08:00] WAIT qwen3_4b_base jid=3511687 state=PENDING
[2026-09-08T03:20:22+08:00] progress done=0/1 pending=1 failed=0
[2026-09-08T03:22:22+08:00] WAIT qwen3_4b_base jid=3511687 state=PENDING
[2026-09-08T03:22:22+08:00] progress done=0/1 pending=1 failed=0
[2026-09-08T03:24:22+08:00] WAIT qwen3_4b_base jid=3511687 state=PENDING
[2026-09-08T03:24:22+08:00] progress done=0/1 pending=1 failed=0
[2026-09-08T03:26:22+08:00] WAIT qwen3_4b_base jid=3511687 state=PENDING
[2026-09-08T03:26:22+08:00] progress done=0/1 pending=1 failed=0
[2026-09-08T03:28:22+08:00] WAIT qwen3_4b_base jid=3511687 state=PENDING
[2026-09-08T03:28:22+08:00] progress done=0/1 pending=1 failed=0
[2026-09-08T03:30:22+08:00] WAIT qwen3_4b_base jid=3511687 state=PENDING
[2026-09-08T03:30:22+08:00] progress done=0/1 pending=1 failed=0
[2026-09-08T03:32:22+08:00] WAIT qwen3_4b_base jid=3511687 state=PENDING
[2026-09-08T03:32:22+08:00] progress done=0/1 pending=1 failed=0
[2026-09-08T03:34:22+08:00] WAIT qwen3_4b_base jid=3511687 state=PENDING
[2026-09-08T03:34:22+08:00] progress done=0/1 pending=1 failed=0
[2026-09-08T03:36:22+08:00] WAIT qwen3_4b_base jid=3511687 state=PENDING
[2026-09-08T03:36:22+08:00] progress done=0/1 pending=1 failed=0
[2026-09-08T03:38:22+08:00] WAIT qwen3_4b_base jid=3511687 state=PENDING
[2026-09-08T03:38:22+08:00] progress done=0/1 pending=1 failed=0
[2026-09-08T03:40:22+08:00] WAIT qwen3_4b_base jid=3511687 state=PENDING
[2026-09-08T03:40:22+08:00] progress done=0/1 pending=1 failed=0
[2026-09-08T03:42:22+08:00] WAIT qwen3_4b_base jid=3511687 state=PENDING
[2026-09-08T03:42:22+08:00] progress done=0/1 pending=1 failed=0
[2026-09-08T03:44:22+08:00] WAIT qwen3_4b_base jid=3511687 state=PENDING
[2026-09-08T03:44:22+08:00] progress done=0/1 pending=1 failed=0
[2026-09-08T03:46:22+08:00] WAIT qwen3_4b_base jid=3511687 state=PENDING
[2026-09-08T03:46:22+08:00] progress done=0/1 pending=1 failed=0
[2026-09-08T03:48:22+08:00] WAIT qwen3_4b_base jid=3511687 state=PENDING
[2026-09-08T03:48:22+08:00] progress done=0/1 pending=1 failed=0
[2026-09-08T03:50:22+08:00] WAIT qwen3_4b_base jid=3511687 state=PENDING
[2026-09-08T03:50:22+08:00] progress done=0/1 pending=1 failed=0
[2026-09-08T03:52:22+08:00] WAIT qwen3_4b_base jid=3511687 state=PENDING
[2026-09-08T03:52:22+08:00] progress done=0/1 pending=1 failed=0
[2026-09-08T03:54:22+08:00] WAIT qwen3_4b_base jid=3511687 state=PENDING
[2026-09-08T03:54:22+08:00] progress done=0/1 pending=1 failed=0
[2026-09-08T03:56:22+08:00] WAIT qwen3_4b_base jid=3511687 state=PENDING
[2026-09-08T03:56:22+08:00] progress done=0/1 pending=1 failed=0
[2026-09-08T03:58:22+08:00] WAIT qwen3_4b_base jid=3511687 state=PENDING
[2026-09-08T03:58:22+08:00] progress done=0/1 pending=1 failed=0
[2026-09-08T04:00:22+08:00] WAIT qwen3_4b_base jid=3511687 state=PENDING
[2026-09-08T04:00:22+08:00] progress done=0/1 pending=1 failed=0
[2026-09-08T04:02:22+08:00] WAIT qwen3_4b_base jid=3511687 state=PENDING
[2026-09-08T04:02:22+08:00] progress done=0/1 pending=1 failed=0
[2026-09-08T04:04:22+08:00] WAIT qwen3_4b_base jid=3511687 state=PENDING
[2026-09-08T04:04:22+08:00] progress done=0/1 pending=1 failed=0
[2026-09-08T04:06:22+08:00] WAIT qwen3_4b_base jid=3511687 state=PENDING
[2026-09-08T04:06:22+08:00] progress done=0/1 pending=1 failed=0
[2026-09-08T04:08:22+08:00] WAIT qwen3_4b_base jid=3511687 state=PENDING
[2026-09-08T04:08:22+08:00] progress done=0/1 pending=1 failed=0
[2026-09-08T04:10:22+08:00] WAIT qwen3_4b_base jid=3511687 state=PENDING
[2026-09-08T04:10:22+08:00] progress done=0/1 pending=1 failed=0
[2026-09-08T04:12:22+08:00] WAIT qwen3_4b_base jid=3511687 state=PENDING
[2026-09-08T04:12:22+08:00] progress done=0/1 pending=1 failed=0
[2026-09-08T04:14:22+08:00] WAIT qwen3_4b_base jid=3511687 state=PENDING
[2026-09-08T04:14:22+08:00] progress done=0/1 pending=1 failed=0
[2026-09-08T04:16:22+08:00] WAIT qwen3_4b_base jid=3511687 state=PENDING
[2026-09-08T04:16:22+08:00] progress done=0/1 pending=1 failed=0
[2026-09-08T04:18:22+08:00] WAIT qwen3_4b_base jid=3511687 state=PENDING
[2026-09-08T04:18:22+08:00] progress done=0/1 pending=1 failed=0
[2026-09-08T04:20:22+08:00] WAIT qwen3_4b_base jid=3511687 state=PENDING
[2026-09-08T04:20:22+08:00] progress done=0/1 pending=1 failed=0
[2026-09-08T04:22:22+08:00] WAIT qwen3_4b_base jid=3511687 state=PENDING
[2026-09-08T04:22:22+08:00] progress done=0/1 pending=1 failed=0
[2026-09-08T04:24:22+08:00] WAIT qwen3_4b_base jid=3511687 state=PENDING
[2026-09-08T04:24:22+08:00] progress done=0/1 pending=1 failed=0
[2026-09-08T04:26:22+08:00] WAIT qwen3_4b_base jid=3511687 state=PENDING
[2026-09-08T04:26:22+08:00] progress done=0/1 pending=1 failed=0
[2026-09-08T04:28:22+08:00] WAIT qwen3_4b_base jid=3511687 state=PENDING
[2026-09-08T04:28:22+08:00] progress done=0/1 pending=1 failed=0
[2026-09-08T04:30:22+08:00] WAIT qwen3_4b_base jid=3511687 state=PENDING
[2026-09-08T04:30:22+08:00] progress done=0/1 pending=1 failed=0
[2026-09-08T04:32:22+08:00] WAIT qwen3_4b_base jid=3511687 state=PENDING
[2026-09-08T04:32:22+08:00] progress done=0/1 pending=1 failed=0
[2026-09-08T04:34:22+08:00] WAIT qwen3_4b_base jid=3511687 state=PENDING
[2026-09-08T04:34:22+08:00] progress done=0/1 pending=1 failed=0
[2026-09-08T04:36:22+08:00] WAIT qwen3_4b_base jid=3511687 state=PENDING
[2026-09-08T04:36:22+08:00] progress done=0/1 pending=1 failed=0
[2026-09-08T04:38:22+08:00] WAIT qwen3_4b_base jid=3511687 state=PENDING
[2026-09-08T04:38:22+08:00] progress done=0/1 pending=1 failed=0
[2026-09-08T04:40:22+08:00] WAIT qwen3_4b_base jid=3511687 state=PENDING
[2026-09-08T04:40:22+08:00] progress done=0/1 pending=1 failed=0
[2026-09-08T04:42:22+08:00] WAIT qwen3_4b_base jid=3511687 state=PENDING
[2026-09-08T04:42:22+08:00] progress done=0/1 pending=1 failed=0
[2026-09-08T04:44:23+08:00] WAIT qwen3_4b_base jid=3511687 state=PENDING
[2026-09-08T04:44:23+08:00] progress done=0/1 pending=1 failed=0
[2026-09-08T04:46:23+08:00] WAIT qwen3_4b_base jid=3511687 state=PENDING
[2026-09-08T04:46:23+08:00] progress done=0/1 pending=1 failed=0
[2026-09-08T04:48:23+08:00] WAIT qwen3_4b_base jid=3511687 state=PENDING
[2026-09-08T04:48:23+08:00] progress done=0/1 pending=1 failed=0
[2026-09-08T04:50:23+08:00] WAIT qwen3_4b_base jid=3511687 state=PENDING
[2026-09-08T04:50:23+08:00] progress done=0/1 pending=1 failed=0
[2026-09-08T04:52:23+08:00] WAIT qwen3_4b_base jid=3511687 state=PENDING
[2026-09-08T04:52:23+08:00] progress done=0/1 pending=1 failed=0
[2026-09-08T04:54:23+08:00] WAIT qwen3_4b_base jid=3511687 state=PENDING
[2026-09-08T04:54:23+08:00] progress done=0/1 pending=1 failed=0
[2026-09-08T04:56:23+08:00] WAIT qwen3_4b_base jid=3511687 state=PENDING
[2026-09-08T04:56:23+08:00] progress done=0/1 pending=1 failed=0
[2026-09-08T04:58:23+08:00] WAIT qwen3_4b_base jid=3511687 state=PENDING
[2026-09-08T04:58:23+08:00] progress done=0/1 pending=1 failed=0
[2026-09-08T05:00:23+08:00] WAIT qwen3_4b_base jid=3511687 state=PENDING
[2026-09-08T05:00:23+08:00] progress done=0/1 pending=1 failed=0
[2026-09-08T05:02:23+08:00] WAIT qwen3_4b_base jid=3511687 state=PENDING
[2026-09-08T05:02:23+08:00] progress done=0/1 pending=1 failed=0
[2026-09-08T05:04:23+08:00] WAIT qwen3_4b_base jid=3511687 state=PENDING
[2026-09-08T05:04:23+08:00] progress done=0/1 pending=1 failed=0
[2026-09-08T05:06:23+08:00] WAIT qwen3_4b_base jid=3511687 state=PENDING
[2026-09-08T05:06:23+08:00] progress done=0/1 pending=1 failed=0
[2026-09-08T05:08:23+08:00] WAIT qwen3_4b_base jid=3511687 state=PENDING
[2026-09-08T05:08:23+08:00] progress done=0/1 pending=1 failed=0
[2026-09-08T05:10:23+08:00] WAIT qwen3_4b_base jid=3511687 state=PENDING
[2026-09-08T05:10:23+08:00] progress done=0/1 pending=1 failed=0
[2026-09-08T05:12:23+08:00] WAIT qwen3_4b_base jid=3511687 state=PENDING
[2026-09-08T05:12:23+08:00] progress done=0/1 pending=1 failed=0
[2026-09-08T05:14:23+08:00] WAIT qwen3_4b_base jid=3511687 state=PENDING
[2026-09-08T05:14:23+08:00] progress done=0/1 pending=1 failed=0
[2026-09-08T05:16:23+08:00] WAIT qwen3_4b_base jid=3511687 state=PENDING
[2026-09-08T05:16:23+08:00] progress done=0/1 pending=1 failed=0
[2026-09-08T05:18:23+08:00] WAIT qwen3_4b_base jid=3511687 state=PENDING
[2026-09-08T05:18:23+08:00] progress done=0/1 pending=1 failed=0
[2026-09-08T05:20:23+08:00] WAIT qwen3_4b_base jid=3511687 state=PENDING
[2026-09-08T05:20:23+08:00] progress done=0/1 pending=1 failed=0
[2026-09-08T05:22:23+08:00] WAIT qwen3_4b_base jid=3511687 state=PENDING
[2026-09-08T05:22:23+08:00] progress done=0/1 pending=1 failed=0
[2026-09-08T05:24:23+08:00] WAIT qwen3_4b_base jid=3511687 state=PENDING
[2026-09-08T05:24:23+08:00] progress done=0/1 pending=1 failed=0
[2026-09-08T05:26:23+08:00] WAIT qwen3_4b_base jid=3511687 state=PENDING
[2026-09-08T05:26:23+08:00] progress done=0/1 pending=1 failed=0
[2026-09-08T05:28:23+08:00] WAIT qwen3_4b_base jid=3511687 state=PENDING
[2026-09-08T05:28:23+08:00] progress done=0/1 pending=1 failed=0
[2026-09-08T05:30:23+08:00] WAIT qwen3_4b_base jid=3511687 state=PENDING
[2026-09-08T05:30:23+08:00] progress done=0/1 pending=1 failed=0
[2026-09-08T05:32:23+08:00] WAIT qwen3_4b_base jid=3511687 state=PENDING
[2026-09-08T05:32:23+08:00] progress done=0/1 pending=1 failed=0
[2026-09-08T05:34:23+08:00] WAIT qwen3_4b_base jid=3511687 state=PENDING
[2026-09-08T05:34:23+08:00] progress done=0/1 pending=1 failed=0
[2026-09-08T05:36:23+08:00] WAIT qwen3_4b_base jid=3511687 state=PENDING
[2026-09-08T05:36:23+08:00] progress done=0/1 pending=1 failed=0
[2026-09-08T05:38:23+08:00] WAIT qwen3_4b_base jid=3511687 state=PENDING
[2026-09-08T05:38:23+08:00] progress done=0/1 pending=1 failed=0
[2026-09-08T05:40:23+08:00] WAIT qwen3_4b_base jid=3511687 state=PENDING
[2026-09-08T05:40:23+08:00] progress done=0/1 pending=1 failed=0
[2026-09-08T05:42:23+08:00] WAIT qwen3_4b_base jid=3511687 state=PENDING
[2026-09-08T05:42:23+08:00] progress done=0/1 pending=1 failed=0
[2026-09-08T05:44:23+08:00] WAIT qwen3_4b_base jid=3511687 state=PENDING
[2026-09-08T05:44:23+08:00] progress done=0/1 pending=1 failed=0
[2026-09-08T05:46:23+08:00] WAIT qwen3_4b_base jid=3511687 state=PENDING
[2026-09-08T05:46:23+08:00] progress done=0/1 pending=1 failed=0
[2026-09-08T05:48:23+08:00] WAIT qwen3_4b_base jid=3511687 state=PENDING
[2026-09-08T05:48:23+08:00] progress done=0/1 pending=1 failed=0
[2026-09-08T05:50:23+08:00] WAIT qwen3_4b_base jid=3511687 state=PENDING
[2026-09-08T05:50:23+08:00] progress done=0/1 pending=1 failed=0
[2026-09-08T05:52:23+08:00] WAIT qwen3_4b_base jid=3511687 state=PENDING
[2026-09-08T05:52:23+08:00] progress done=0/1 pending=1 failed=0
[2026-09-08T05:54:23+08:00] WAIT qwen3_4b_base jid=3511687 state=PENDING
[2026-09-08T05:54:23+08:00] progress done=0/1 pending=1 failed=0
[2026-09-08T05:56:23+08:00] WAIT qwen3_4b_base jid=3511687 state=PENDING
[2026-09-08T05:56:23+08:00] progress done=0/1 pending=1 failed=0
[2026-09-08T05:58:23+08:00] WAIT qwen3_4b_base jid=3511687 state=PENDING
[2026-09-08T05:58:23+08:00] progress done=0/1 pending=1 failed=0
[2026-09-08T06:00:23+08:00] WAIT qwen3_4b_base jid=3511687 state=PENDING
[2026-09-08T06:00:23+08:00] progress done=0/1 pending=1 failed=0
[2026-09-08T06:02:23+08:00] WAIT qwen3_4b_base jid=3511687 state=PENDING
[2026-09-08T06:02:23+08:00] progress done=0/1 pending=1 failed=0
[2026-09-08T06:04:23+08:00] WAIT qwen3_4b_base jid=3511687 state=PENDING
[2026-09-08T06:04:23+08:00] progress done=0/1 pending=1 failed=0
[2026-09-08T06:06:23+08:00] WAIT qwen3_4b_base jid=3511687 state=PENDING
[2026-09-08T06:06:23+08:00] progress done=0/1 pending=1 failed=0
[2026-09-08T06:08:23+08:00] WAIT qwen3_4b_base jid=3511687 state=PENDING
[2026-09-08T06:08:23+08:00] progress done=0/1 pending=1 failed=0
[2026-09-08T06:10:23+08:00] WAIT qwen3_4b_base jid=3511687 state=PENDING
[2026-09-08T06:10:23+08:00] progress done=0/1 pending=1 failed=0
[2026-09-08T06:12:23+08:00] WAIT qwen3_4b_base jid=3511687 state=PENDING
[2026-09-08T06:12:23+08:00] progress done=0/1 pending=1 failed=0
[2026-09-08T06:14:23+08:00] WAIT qwen3_4b_base jid=3511687 state=PENDING
[2026-09-08T06:14:23+08:00] progress done=0/1 pending=1 failed=0
[2026-09-08T06:16:23+08:00] WAIT qwen3_4b_base jid=3511687 state=PENDING
[2026-09-08T06:16:23+08:00] progress done=0/1 pending=1 failed=0
[2026-09-08T06:18:23+08:00] WAIT qwen3_4b_base jid=3511687 state=PENDING
[2026-09-08T06:18:23+08:00] progress done=0/1 pending=1 failed=0
[2026-09-08T06:20:23+08:00] WAIT qwen3_4b_base jid=3511687 state=PENDING
[2026-09-08T06:20:23+08:00] progress done=0/1 pending=1 failed=0
[2026-09-08T06:22:23+08:00] WAIT qwen3_4b_base jid=3511687 state=PENDING
[2026-09-08T06:22:23+08:00] progress done=0/1 pending=1 failed=0
[2026-09-08T06:24:23+08:00] WAIT qwen3_4b_base jid=3511687 state=PENDING
[2026-09-08T06:24:23+08:00] progress done=0/1 pending=1 failed=0
[2026-09-08T06:26:23+08:00] WAIT qwen3_4b_base jid=3511687 state=PENDING
[2026-09-08T06:26:23+08:00] progress done=0/1 pending=1 failed=0
[2026-09-08T06:28:23+08:00] WAIT qwen3_4b_base jid=3511687 state=PENDING
[2026-09-08T06:28:23+08:00] progress done=0/1 pending=1 failed=0
[2026-09-08T06:30:23+08:00] WAIT qwen3_4b_base jid=3511687 state=PENDING
[2026-09-08T06:30:23+08:00] progress done=0/1 pending=1 failed=0
[2026-09-08T06:32:23+08:00] WAIT qwen3_4b_base jid=3511687 state=PENDING
[2026-09-08T06:32:23+08:00] progress done=0/1 pending=1 failed=0
[2026-09-08T06:34:23+08:00] WAIT qwen3_4b_base jid=3511687 state=PENDING
[2026-09-08T06:34:23+08:00] progress done=0/1 pending=1 failed=0
[2026-09-08T06:36:23+08:00] WAIT qwen3_4b_base jid=3511687 state=PENDING
[2026-09-08T06:36:23+08:00] progress done=0/1 pending=1 failed=0
[2026-09-08T06:38:23+08:00] WAIT qwen3_4b_base jid=3511687 state=PENDING
[2026-09-08T06:38:23+08:00] progress done=0/1 pending=1 failed=0
[2026-09-08T06:40:23+08:00] WAIT qwen3_4b_base jid=3511687 state=PENDING
[2026-09-08T06:40:23+08:00] progress done=0/1 pending=1 failed=0
[2026-09-08T06:42:23+08:00] WAIT qwen3_4b_base jid=3511687 state=PENDING
[2026-09-08T06:42:23+08:00] progress done=0/1 pending=1 failed=0
[2026-09-08T06:44:23+08:00] WAIT qwen3_4b_base jid=3511687 state=PENDING
[2026-09-08T06:44:23+08:00] progress done=0/1 pending=1 failed=0
[2026-09-08T06:46:23+08:00] WAIT qwen3_4b_base jid=3511687 state=PENDING
[2026-09-08T06:46:23+08:00] progress done=0/1 pending=1 failed=0
[2026-09-08T06:48:23+08:00] WAIT qwen3_4b_base jid=3511687 state=PENDING
[2026-09-08T06:48:23+08:00] progress done=0/1 pending=1 failed=0
[2026-09-08T06:50:23+08:00] WAIT qwen3_4b_base jid=3511687 state=PENDING
[2026-09-08T06:50:23+08:00] progress done=0/1 pending=1 failed=0
[2026-09-08T06:52:23+08:00] WAIT qwen3_4b_base jid=3511687 state=PENDING
[2026-09-08T06:52:23+08:00] progress done=0/1 pending=1 failed=0
[2026-09-08T06:54:23+08:00] WAIT qwen3_4b_base jid=3511687 state=PENDING
[2026-09-08T06:54:23+08:00] progress done=0/1 pending=1 failed=0
[2026-09-08T06:56:23+08:00] WAIT qwen3_4b_base jid=3511687 state=PENDING
[2026-09-08T06:56:23+08:00] progress done=0/1 pending=1 failed=0
[2026-09-08T06:58:23+08:00] WAIT qwen3_4b_base jid=3511687 state=PENDING
[2026-09-08T06:58:23+08:00] progress done=0/1 pending=1 failed=0
[2026-09-08T07:00:23+08:00] WAIT qwen3_4b_base jid=3511687 state=PENDING
[2026-09-08T07:00:23+08:00] progress done=0/1 pending=1 failed=0
[2026-09-08T07:02:23+08:00] WAIT qwen3_4b_base jid=3511687 state=PENDING
[2026-09-08T07:02:23+08:00] progress done=0/1 pending=1 failed=0
[2026-09-08T07:04:23+08:00] WAIT qwen3_4b_base jid=3511687 state=PENDING
[2026-09-08T07:04:23+08:00] progress done=0/1 pending=1 failed=0
[2026-09-08T07:06:23+08:00] WAIT qwen3_4b_base jid=3511687 state=PENDING
[2026-09-08T07:06:23+08:00] progress done=0/1 pending=1 failed=0
[2026-09-08T07:08:24+08:00] WAIT qwen3_4b_base jid=3511687 state=PENDING
[2026-09-08T07:08:24+08:00] progress done=0/1 pending=1 failed=0
[2026-09-08T07:10:24+08:00] WAIT qwen3_4b_base jid=3511687 state=PENDING
[2026-09-08T07:10:24+08:00] progress done=0/1 pending=1 failed=0
[2026-09-08T07:12:24+08:00] WAIT qwen3_4b_base jid=3511687 state=PENDING
[2026-09-08T07:12:24+08:00] progress done=0/1 pending=1 failed=0
[2026-09-08T07:14:24+08:00] WAIT qwen3_4b_base jid=3511687 state=PENDING
[2026-09-08T07:14:24+08:00] progress done=0/1 pending=1 failed=0
[2026-09-08T07:16:24+08:00] WAIT qwen3_4b_base jid=3511687 state=PENDING
[2026-09-08T07:16:24+08:00] progress done=0/1 pending=1 failed=0
[2026-09-08T07:18:24+08:00] WAIT qwen3_4b_base jid=3511687 state=PENDING
[2026-09-08T07:18:24+08:00] progress done=0/1 pending=1 failed=0
[2026-09-08T07:20:24+08:00] WAIT qwen3_4b_base jid=3511687 state=PENDING
[2026-09-08T07:20:24+08:00] progress done=0/1 pending=1 failed=0
[2026-09-08T07:22:24+08:00] WAIT qwen3_4b_base jid=3511687 state=PENDING
[2026-09-08T07:22:24+08:00] progress done=0/1 pending=1 failed=0
[2026-09-08T07:24:24+08:00] WAIT qwen3_4b_base jid=3511687 state=PENDING
[2026-09-08T07:24:24+08:00] progress done=0/1 pending=1 failed=0
[2026-09-08T07:26:24+08:00] WAIT qwen3_4b_base jid=3511687 state=PENDING
[2026-09-08T07:26:24+08:00] progress done=0/1 pending=1 failed=0
[2026-09-08T07:28:24+08:00] WAIT qwen3_4b_base jid=3511687 state=PENDING
[2026-09-08T07:28:24+08:00] progress done=0/1 pending=1 failed=0
[2026-09-08T07:30:24+08:00] WAIT qwen3_4b_base jid=3511687 state=PENDING
[2026-09-08T07:30:24+08:00] progress done=0/1 pending=1 failed=0
[2026-09-08T07:32:24+08:00] WAIT qwen3_4b_base jid=3511687 state=PENDING
[2026-09-08T07:32:24+08:00] progress done=0/1 pending=1 failed=0
[2026-09-08T07:34:24+08:00] WAIT qwen3_4b_base jid=3511687 state=PENDING
[2026-09-08T07:34:24+08:00] progress done=0/1 pending=1 failed=0
[2026-09-08T07:36:24+08:00] WAIT qwen3_4b_base jid=3511687 state=PENDING
[2026-09-08T07:36:24+08:00] progress done=0/1 pending=1 failed=0
[2026-09-08T07:38:24+08:00] WAIT qwen3_4b_base jid=3511687 state=PENDING
[2026-09-08T07:38:24+08:00] progress done=0/1 pending=1 failed=0
[2026-09-08T07:40:24+08:00] WAIT qwen3_4b_base jid=3511687 state=PENDING
[2026-09-08T07:40:24+08:00] progress done=0/1 pending=1 failed=0
[2026-09-08T07:42:24+08:00] WAIT qwen3_4b_base jid=3511687 state=PENDING
[2026-09-08T07:42:24+08:00] progress done=0/1 pending=1 failed=0
[2026-09-08T07:44:24+08:00] WAIT qwen3_4b_base jid=3511687 state=PENDING
[2026-09-08T07:44:24+08:00] progress done=0/1 pending=1 failed=0
[2026-09-08T07:46:24+08:00] WAIT qwen3_4b_base jid=3511687 state=PENDING
[2026-09-08T07:46:24+08:00] progress done=0/1 pending=1 failed=0
[2026-09-08T07:48:24+08:00] WAIT qwen3_4b_base jid=3511687 state=PENDING
[2026-09-08T07:48:24+08:00] progress done=0/1 pending=1 failed=0
[2026-09-08T07:50:24+08:00] WAIT qwen3_4b_base jid=3511687 state=PENDING
[2026-09-08T07:50:24+08:00] progress done=0/1 pending=1 failed=0
[2026-09-08T07:52:24+08:00] WAIT qwen3_4b_base jid=3511687 state=PENDING
[2026-09-08T07:52:24+08:00] progress done=0/1 pending=1 failed=0
[2026-09-08T07:54:24+08:00] WAIT qwen3_4b_base jid=3511687 state=PENDING
[2026-09-08T07:54:24+08:00] progress done=0/1 pending=1 failed=0
[2026-09-08T07:56:24+08:00] WAIT qwen3_4b_base jid=3511687 state=PENDING
[2026-09-08T07:56:24+08:00] progress done=0/1 pending=1 failed=0
[2026-09-08T07:58:24+08:00] WAIT qwen3_4b_base jid=3511687 state=PENDING
[2026-09-08T07:58:24+08:00] progress done=0/1 pending=1 failed=0
[2026-09-08T08:00:24+08:00] WAIT qwen3_4b_base jid=3511687 state=PENDING
[2026-09-08T08:00:24+08:00] progress done=0/1 pending=1 failed=0
[2026-09-08T08:02:24+08:00] WAIT qwen3_4b_base jid=3511687 state=PENDING
[2026-09-08T08:02:24+08:00] progress done=0/1 pending=1 failed=0
[2026-09-08T08:04:24+08:00] WAIT qwen3_4b_base jid=3511687 state=PENDING
[2026-09-08T08:04:24+08:00] progress done=0/1 pending=1 failed=0
[2026-09-08T08:06:24+08:00] WAIT qwen3_4b_base jid=3511687 state=PENDING
[2026-09-08T08:06:24+08:00] progress done=0/1 pending=1 failed=0
[2026-09-08T08:08:24+08:00] WAIT qwen3_4b_base jid=3511687 state=PENDING
[2026-09-08T08:08:24+08:00] progress done=0/1 pending=1 failed=0
[2026-09-08T08:10:24+08:00] WAIT qwen3_4b_base jid=3511687 state=PENDING
[2026-09-08T08:10:24+08:00] progress done=0/1 pending=1 failed=0
[2026-09-08T08:12:24+08:00] WAIT qwen3_4b_base jid=3511687 state=PENDING
[2026-09-08T08:12:24+08:00] progress done=0/1 pending=1 failed=0
[2026-09-08T08:14:24+08:00] WAIT qwen3_4b_base jid=3511687 state=PENDING
[2026-09-08T08:14:24+08:00] progress done=0/1 pending=1 failed=0
[2026-09-08T08:16:24+08:00] WAIT qwen3_4b_base jid=3511687 state=PENDING
[2026-09-08T08:16:24+08:00] progress done=0/1 pending=1 failed=0
[2026-09-08T08:18:24+08:00] WAIT qwen3_4b_base jid=3511687 state=PENDING
[2026-09-08T08:18:24+08:00] progress done=0/1 pending=1 failed=0
[2026-09-08T08:20:24+08:00] WAIT qwen3_4b_base jid=3511687 state=PENDING
[2026-09-08T08:20:24+08:00] progress done=0/1 pending=1 failed=0
[2026-09-08T08:22:24+08:00] WAIT qwen3_4b_base jid=3511687 state=PENDING
[2026-09-08T08:22:24+08:00] progress done=0/1 pending=1 failed=0
[2026-09-08T08:24:24+08:00] WAIT qwen3_4b_base jid=3511687 state=PENDING
[2026-09-08T08:24:24+08:00] progress done=0/1 pending=1 failed=0
[2026-09-08T08:26:24+08:00] WAIT qwen3_4b_base jid=3511687 state=RUNNING
[2026-09-08T08:26:24+08:00] progress done=0/1 pending=1 failed=0
[2026-09-08T08:28:24+08:00] WAIT qwen3_4b_base jid=3511687 state=RUNNING
[2026-09-08T08:28:24+08:00] progress done=0/1 pending=1 failed=0
[2026-09-08T08:30:24+08:00] WAIT qwen3_4b_base jid=3511687 state=RUNNING
[2026-09-08T08:30:24+08:00] progress done=0/1 pending=1 failed=0
[2026-09-08T08:32:24+08:00] WAIT qwen3_4b_base jid=3511687 state=RUNNING
[2026-09-08T08:32:24+08:00] progress done=0/1 pending=1 failed=0
[2026-09-08T08:34:24+08:00] WAIT qwen3_4b_base jid=3511687 state=RUNNING
[2026-09-08T08:34:24+08:00] progress done=0/1 pending=1 failed=0
[2026-09-08T08:36:24+08:00] WAIT qwen3_4b_base jid=3511687 state=RUNNING
[2026-09-08T08:36:24+08:00] progress done=0/1 pending=1 failed=0
[2026-09-08T08:38:24+08:00] WAIT qwen3_4b_base jid=3511687 state=RUNNING
[2026-09-08T08:38:24+08:00] progress done=0/1 pending=1 failed=0
[2026-09-08T08:40:24+08:00] WAIT qwen3_4b_base jid=3511687 state=RUNNING
[2026-09-08T08:40:24+08:00] progress done=0/1 pending=1 failed=0
[2026-09-08T08:42:24+08:00] WAIT qwen3_4b_base jid=3511687 state=RUNNING
[2026-09-08T08:42:24+08:00] progress done=0/1 pending=1 failed=0
[2026-09-08T08:44:24+08:00] WAIT qwen3_4b_base jid=3511687 state=RUNNING
[2026-09-08T08:44:24+08:00] progress done=0/1 pending=1 failed=0
[2026-09-08T08:46:24+08:00] WAIT qwen3_4b_base jid=3511687 state=RUNNING
[2026-09-08T08:46:24+08:00] progress done=0/1 pending=1 failed=0
[2026-09-08T08:48:24+08:00] WAIT qwen3_4b_base jid=3511687 state=RUNNING
[2026-09-08T08:48:24+08:00] progress done=0/1 pending=1 failed=0
[2026-09-08T08:50:24+08:00] WAIT qwen3_4b_base jid=3511687 state=RUNNING
[2026-09-08T08:50:24+08:00] progress done=0/1 pending=1 failed=0
[2026-09-08T08:52:24+08:00] WAIT qwen3_4b_base jid=3511687 state=RUNNING
[2026-09-08T08:52:24+08:00] progress done=0/1 pending=1 failed=0
[2026-09-08T08:54:24+08:00] WAIT qwen3_4b_base jid=3511687 state=RUNNING
[2026-09-08T08:54:24+08:00] progress done=0/1 pending=1 failed=0
[2026-09-08T08:56:24+08:00] WAIT qwen3_4b_base jid=3511687 state=RUNNING
[2026-09-08T08:56:24+08:00] progress done=0/1 pending=1 failed=0
[2026-09-08T08:58:24+08:00] WAIT qwen3_4b_base jid=3511687 state=RUNNING
[2026-09-08T08:58:24+08:00] progress done=0/1 pending=1 failed=0
[2026-09-08T09:00:24+08:00] WAIT qwen3_4b_base jid=3511687 state=RUNNING
[2026-09-08T09:00:24+08:00] progress done=0/1 pending=1 failed=0
[2026-09-08T09:02:24+08:00] WAIT qwen3_4b_base jid=3511687 state=RUNNING
[2026-09-08T09:02:24+08:00] progress done=0/1 pending=1 failed=0
[2026-09-08T09:04:24+08:00] WAIT qwen3_4b_base jid=3511687 state=RUNNING
[2026-09-08T09:04:24+08:00] progress done=0/1 pending=1 failed=0
[2026-09-08T09:06:24+08:00] WAIT qwen3_4b_base jid=3511687 state=RUNNING
[2026-09-08T09:06:24+08:00] progress done=0/1 pending=1 failed=0
[2026-09-08T09:08:24+08:00] WAIT qwen3_4b_base jid=3511687 state=RUNNING
[2026-09-08T09:08:24+08:00] progress done=0/1 pending=1 failed=0
[2026-09-08T09:10:24+08:00] WAIT qwen3_4b_base jid=3511687 state=RUNNING
[2026-09-08T09:10:24+08:00] progress done=0/1 pending=1 failed=0
[2026-09-08T09:12:24+08:00] READY qwen3_4b_base jid=3511687 -> /gpfs/share/home/2501210611/opsd_analysis/OPSD_Analysis/outputs/qwen3_4b_base/st_tt_clip005_1e_6_openthoughts_4b_grpo/3511687/checkpoint-100 (train_state=FAILED)
[2026-09-08T09:13:25+08:00] SUBMITTED evals for qwen3_4b_base tag=st_tt_grpo4b_ckpt100
[2026-09-08T09:13:25+08:00] progress done=1/1 pending=0 failed=0
[2026-09-08T09:13:25+08:00] ALL trains handled (done=1 failed=0); exiting
[2026-09-08T09:13:25+08:00] watch finished
