[watch-slurm] host=a6n18c4 job=3470462
[watch-slurm] manifest=/gpfs/share/home/2501210611/opsd_analysis/OPSD_Analysis/log/train/jsd005_c256_adv_t4/submit_latest.tsv
[watch-slurm] interval=120s post_done_wait=60s
[2026-09-05T15:32:01+08:00] host=a6n18c4 job=3470462 interval=120s
[2026-09-05T15:32:01+08:00] manifest=/gpfs/share/home/2501210611/opsd_analysis/OPSD_Analysis/log/train/jsd005_c256_adv_t4/submit_latest.tsv rows=5
[2026-09-05T15:32:01+08:00] WAIT qwen3_1.7b jid=3470454 state=RUNNING
[2026-09-05T15:32:01+08:00] WAIT qwen3_4b jid=3470455 state=RUNNING
[2026-09-05T15:32:01+08:00] WAIT qwen3_4b_thinking jid=3470456 state=RUNNING
[2026-09-05T15:32:01+08:00] WAIT olmo3_7b_think jid=3470457 state=RUNNING
[2026-09-05T15:32:01+08:00] WAIT mimo_7b_rl jid=3470458 state=PENDING
[2026-09-05T15:32:01+08:00] progress done=0/5 pending=5 failed=0
[2026-09-05T15:34:01+08:00] WAIT qwen3_1.7b jid=3470454 state=RUNNING
[2026-09-05T15:34:01+08:00] WAIT qwen3_4b jid=3470455 state=RUNNING
[2026-09-05T15:34:01+08:00] WAIT qwen3_4b_thinking jid=3470456 state=RUNNING
[2026-09-05T15:34:01+08:00] WAIT olmo3_7b_think jid=3470457 state=RUNNING
[2026-09-05T15:34:01+08:00] WAIT mimo_7b_rl jid=3470458 state=PENDING
[2026-09-05T15:34:01+08:00] progress done=0/5 pending=5 failed=0
[2026-09-05T15:36:01+08:00] WAIT qwen3_1.7b jid=3470454 state=RUNNING
[2026-09-05T15:36:01+08:00] WAIT qwen3_4b jid=3470455 state=RUNNING
[2026-09-05T15:36:01+08:00] WAIT qwen3_4b_thinking jid=3470456 state=RUNNING
[2026-09-05T15:36:01+08:00] WAIT olmo3_7b_think jid=3470457 state=RUNNING
[2026-09-05T15:36:01+08:00] WAIT mimo_7b_rl jid=3470458 state=PENDING
[2026-09-05T15:36:01+08:00] progress done=0/5 pending=5 failed=0
[2026-09-05T15:38:01+08:00] WAIT qwen3_1.7b jid=3470454 state=RUNNING
[2026-09-05T15:38:01+08:00] WAIT qwen3_4b jid=3470455 state=RUNNING
[2026-09-05T15:38:01+08:00] WAIT qwen3_4b_thinking jid=3470456 state=RUNNING
[2026-09-05T15:38:01+08:00] WAIT olmo3_7b_think jid=3470457 state=RUNNING
[2026-09-05T15:38:01+08:00] WAIT mimo_7b_rl jid=3470458 state=PENDING
[2026-09-05T15:38:01+08:00] progress done=0/5 pending=5 failed=0
[2026-09-05T15:40:01+08:00] WAIT qwen3_1.7b jid=3470454 state=RUNNING
[2026-09-05T15:40:01+08:00] WAIT qwen3_4b jid=3470455 state=RUNNING
[2026-09-05T15:40:01+08:00] WAIT qwen3_4b_thinking jid=3470456 state=RUNNING
[2026-09-05T15:40:01+08:00] WAIT olmo3_7b_think jid=3470457 state=RUNNING
[2026-09-05T15:40:01+08:00] WAIT mimo_7b_rl jid=3470458 state=PENDING
[2026-09-05T15:40:01+08:00] progress done=0/5 pending=5 failed=0
[2026-09-05T15:42:01+08:00] WAIT qwen3_1.7b jid=3470454 state=RUNNING
[2026-09-05T15:42:01+08:00] WAIT qwen3_4b jid=3470455 state=RUNNING
[2026-09-05T15:42:01+08:00] WAIT qwen3_4b_thinking jid=3470456 state=RUNNING
[2026-09-05T15:42:01+08:00] WAIT olmo3_7b_think jid=3470457 state=RUNNING
[2026-09-05T15:42:01+08:00] WAIT mimo_7b_rl jid=3470458 state=PENDING
[2026-09-05T15:42:01+08:00] progress done=0/5 pending=5 failed=0
[2026-09-05T15:44:01+08:00] WAIT qwen3_1.7b jid=3470454 state=RUNNING
[2026-09-05T15:44:01+08:00] WAIT qwen3_4b jid=3470455 state=RUNNING
[2026-09-05T15:44:01+08:00] WAIT qwen3_4b_thinking jid=3470456 state=RUNNING
[2026-09-05T15:44:01+08:00] WAIT olmo3_7b_think jid=3470457 state=RUNNING
[2026-09-05T15:44:01+08:00] WAIT mimo_7b_rl jid=3470458 state=PENDING
[2026-09-05T15:44:01+08:00] progress done=0/5 pending=5 failed=0
[2026-09-05T15:46:01+08:00] WAIT qwen3_1.7b jid=3470454 state=RUNNING
[2026-09-05T15:46:01+08:00] WAIT qwen3_4b jid=3470455 state=RUNNING
[2026-09-05T15:46:01+08:00] WAIT qwen3_4b_thinking jid=3470456 state=RUNNING
[2026-09-05T15:46:01+08:00] WAIT olmo3_7b_think jid=3470457 state=RUNNING
[2026-09-05T15:46:01+08:00] WAIT mimo_7b_rl jid=3470458 state=PENDING
[2026-09-05T15:46:01+08:00] progress done=0/5 pending=5 failed=0
[2026-09-05T15:48:01+08:00] WAIT qwen3_1.7b jid=3470454 state=RUNNING
[2026-09-05T15:48:01+08:00] WAIT qwen3_4b jid=3470455 state=RUNNING
[2026-09-05T15:48:01+08:00] WAIT qwen3_4b_thinking jid=3470456 state=RUNNING
[2026-09-05T15:48:01+08:00] WAIT olmo3_7b_think jid=3470457 state=RUNNING
[2026-09-05T15:48:01+08:00] WAIT mimo_7b_rl jid=3470458 state=PENDING
[2026-09-05T15:48:01+08:00] progress done=0/5 pending=5 failed=0
[2026-09-05T15:50:01+08:00] FAIL qwen3_1.7b jid=3470454 state=FAILED
[2026-09-05T15:50:02+08:00] WAIT qwen3_4b jid=3470455 state=RUNNING
[2026-09-05T15:50:02+08:00] WAIT qwen3_4b_thinking jid=3470456 state=RUNNING
[2026-09-05T15:50:02+08:00] WAIT olmo3_7b_think jid=3470457 state=RUNNING
[2026-09-05T15:50:02+08:00] WAIT mimo_7b_rl jid=3470458 state=PENDING
[2026-09-05T15:50:02+08:00] progress done=0/5 pending=4 failed=1
[2026-09-05T15:52:02+08:00] WAIT qwen3_4b jid=3470455 state=RUNNING
[2026-09-05T15:52:02+08:00] WAIT qwen3_4b_thinking jid=3470456 state=RUNNING
[2026-09-05T15:52:02+08:00] WAIT olmo3_7b_think jid=3470457 state=RUNNING
[2026-09-05T15:52:02+08:00] WAIT mimo_7b_rl jid=3470458 state=PENDING
[2026-09-05T15:52:02+08:00] progress done=0/5 pending=4 failed=1
[2026-09-05T15:54:02+08:00] FAIL qwen3_4b jid=3470455 state=FAILED
[2026-09-05T15:54:02+08:00] FAIL qwen3_4b_thinking jid=3470456 state=FAILED
[2026-09-05T15:54:02+08:00] WAIT olmo3_7b_think jid=3470457 state=RUNNING
[2026-09-05T15:54:02+08:00] WAIT mimo_7b_rl jid=3470458 state=PENDING
[2026-09-05T15:54:02+08:00] progress done=0/5 pending=2 failed=3
[2026-09-05T15:56:02+08:00] WAIT olmo3_7b_think jid=3470457 state=RUNNING
[2026-09-05T15:56:02+08:00] WAIT mimo_7b_rl jid=3470458 state=PENDING
[2026-09-05T15:56:02+08:00] progress done=0/5 pending=2 failed=3
[2026-09-05T15:58:02+08:00] WAIT olmo3_7b_think jid=3470457 state=RUNNING
[2026-09-05T15:58:02+08:00] WAIT mimo_7b_rl jid=3470458 state=PENDING
[2026-09-05T15:58:02+08:00] progress done=0/5 pending=2 failed=3
[2026-09-05T16:00:02+08:00] READY olmo3_7b_think jid=3470457 -> /gpfs/share/home/2501210611/opsd_analysis/OPSD_Analysis/outputs/olmo3_7b_think/st_tt_clip005_c256_adv_t4_olmo7bt/3470457/final (train_state=COMPLETED)
[2026-09-05T16:01:02+08:00] SUBMITTED evals for olmo3_7b_think tag=st_tt_clip005_c256_adv_t4_olmo7bt_final
[2026-09-05T16:01:02+08:00] WAIT mimo_7b_rl jid=3470458 state=PENDING
[2026-09-05T16:01:02+08:00] progress done=1/5 pending=1 failed=3
[2026-09-05T16:03:02+08:00] WAIT mimo_7b_rl jid=3470458 state=PENDING
[2026-09-05T16:03:02+08:00] progress done=1/5 pending=1 failed=3
[2026-09-05T16:05:02+08:00] WAIT mimo_7b_rl jid=3470458 state=PENDING
[2026-09-05T16:05:02+08:00] progress done=1/5 pending=1 failed=3
slurmstepd: error: *** JOB 3470462 ON a6n18c4 CANCELLED AT 2026-09-05T16:06:00 ***
