[watch-slurm] host=a6n18c4 job=3470683
[watch-slurm] manifest=/gpfs/share/home/2501210611/opsd_analysis/OPSD_Analysis/log/train/jsd005_c256_adv_t4/submit_latest.tsv
[watch-slurm] interval=120s post_done_wait=60s
[2026-09-05T16:06:03+08:00] host=a6n18c4 job=3470683 interval=120s
[2026-09-05T16:06:03+08:00] manifest=/gpfs/share/home/2501210611/opsd_analysis/OPSD_Analysis/log/train/jsd005_c256_adv_t4/submit_latest.tsv rows=5
[2026-09-05T16:06:03+08:00] WAIT mimo_7b_rl jid=3470458 state=PENDING
[2026-09-05T16:06:03+08:00] progress done=4/5 pending=1 failed=0
[2026-09-05T16:08:03+08:00] WAIT mimo_7b_rl jid=3470458 state=PENDING
[2026-09-05T16:08:03+08:00] progress done=4/5 pending=1 failed=0
[2026-09-05T16:10:03+08:00] WAIT mimo_7b_rl jid=3470458 state=PENDING
[2026-09-05T16:10:03+08:00] progress done=4/5 pending=1 failed=0
[2026-09-05T16:12:03+08:00] WAIT mimo_7b_rl jid=3470458 state=PENDING
[2026-09-05T16:12:03+08:00] progress done=4/5 pending=1 failed=0
[2026-09-05T16:14:03+08:00] WAIT mimo_7b_rl jid=3470458 state=PENDING
[2026-09-05T16:14:03+08:00] progress done=4/5 pending=1 failed=0
[2026-09-05T16:16:03+08:00] WAIT mimo_7b_rl jid=3470458 state=PENDING
[2026-09-05T16:16:03+08:00] progress done=4/5 pending=1 failed=0
[2026-09-05T16:18:03+08:00] WAIT mimo_7b_rl jid=3470458 state=PENDING
[2026-09-05T16:18:03+08:00] progress done=4/5 pending=1 failed=0
[2026-09-05T16:20:03+08:00] WAIT mimo_7b_rl jid=3470458 state=PENDING
[2026-09-05T16:20:03+08:00] progress done=4/5 pending=1 failed=0
[2026-09-05T16:22:03+08:00] WAIT mimo_7b_rl jid=3470458 state=PENDING
[2026-09-05T16:22:03+08:00] progress done=4/5 pending=1 failed=0
[2026-09-05T16:24:03+08:00] WAIT mimo_7b_rl jid=3470458 state=PENDING
[2026-09-05T16:24:03+08:00] progress done=4/5 pending=1 failed=0
[2026-09-05T16:26:03+08:00] WAIT mimo_7b_rl jid=3470458 state=PENDING
[2026-09-05T16:26:03+08:00] progress done=4/5 pending=1 failed=0
[2026-09-05T16:28:04+08:00] WAIT mimo_7b_rl jid=3470458 state=PENDING
[2026-09-05T16:28:04+08:00] progress done=4/5 pending=1 failed=0
[2026-09-05T16:30:04+08:00] WAIT mimo_7b_rl jid=3470458 state=PENDING
[2026-09-05T16:30:04+08:00] progress done=4/5 pending=1 failed=0
[2026-09-05T16:32:04+08:00] WAIT mimo_7b_rl jid=3470458 state=PENDING
[2026-09-05T16:32:04+08:00] progress done=4/5 pending=1 failed=0
[2026-09-05T16:34:04+08:00] WAIT mimo_7b_rl jid=3470458 state=PENDING
[2026-09-05T16:34:04+08:00] progress done=4/5 pending=1 failed=0
[2026-09-05T16:36:04+08:00] WAIT mimo_7b_rl jid=3470458 state=PENDING
[2026-09-05T16:36:04+08:00] progress done=4/5 pending=1 failed=0
[2026-09-05T16:38:04+08:00] WAIT mimo_7b_rl jid=3470458 state=PENDING
[2026-09-05T16:38:04+08:00] progress done=4/5 pending=1 failed=0
[2026-09-05T16:40:04+08:00] WAIT mimo_7b_rl jid=3470458 state=PENDING
[2026-09-05T16:40:04+08:00] progress done=4/5 pending=1 failed=0
[2026-09-05T16:42:04+08:00] WAIT mimo_7b_rl jid=3470458 state=PENDING
[2026-09-05T16:42:04+08:00] progress done=4/5 pending=1 failed=0
[2026-09-05T16:44:04+08:00] WAIT mimo_7b_rl jid=3470458 state=PENDING
[2026-09-05T16:44:04+08:00] progress done=4/5 pending=1 failed=0
[2026-09-05T16:46:04+08:00] WAIT mimo_7b_rl jid=3470458 state=PENDING
[2026-09-05T16:46:04+08:00] progress done=4/5 pending=1 failed=0
[2026-09-05T16:48:04+08:00] WAIT mimo_7b_rl jid=3470458 state=PENDING
[2026-09-05T16:48:04+08:00] progress done=4/5 pending=1 failed=0
[2026-09-05T16:50:04+08:00] WAIT mimo_7b_rl jid=3470458 state=PENDING
[2026-09-05T16:50:04+08:00] progress done=4/5 pending=1 failed=0
[2026-09-05T16:52:04+08:00] WAIT mimo_7b_rl jid=3470458 state=PENDING
[2026-09-05T16:52:04+08:00] progress done=4/5 pending=1 failed=0
[2026-09-05T16:54:04+08:00] WAIT mimo_7b_rl jid=3470458 state=PENDING
[2026-09-05T16:54:04+08:00] progress done=4/5 pending=1 failed=0
[2026-09-05T16:56:04+08:00] WAIT mimo_7b_rl jid=3470458 state=PENDING
[2026-09-05T16:56:04+08:00] progress done=4/5 pending=1 failed=0
[2026-09-05T16:58:04+08:00] WAIT mimo_7b_rl jid=3470458 state=PENDING
[2026-09-05T16:58:04+08:00] progress done=4/5 pending=1 failed=0
[2026-09-05T17:00:04+08:00] WAIT mimo_7b_rl jid=3470458 state=PENDING
[2026-09-05T17:00:04+08:00] progress done=4/5 pending=1 failed=0
[2026-09-05T17:02:04+08:00] WAIT mimo_7b_rl jid=3470458 state=PENDING
[2026-09-05T17:02:04+08:00] progress done=4/5 pending=1 failed=0
[2026-09-05T17:04:04+08:00] WAIT mimo_7b_rl jid=3470458 state=PENDING
[2026-09-05T17:04:04+08:00] progress done=4/5 pending=1 failed=0
[2026-09-05T17:06:04+08:00] WAIT mimo_7b_rl jid=3470458 state=PENDING
[2026-09-05T17:06:04+08:00] progress done=4/5 pending=1 failed=0
[2026-09-05T17:08:04+08:00] WAIT mimo_7b_rl jid=3470458 state=PENDING
[2026-09-05T17:08:04+08:00] progress done=4/5 pending=1 failed=0
[2026-09-05T17:10:04+08:00] WAIT mimo_7b_rl jid=3470458 state=PENDING
[2026-09-05T17:10:04+08:00] progress done=4/5 pending=1 failed=0
[2026-09-05T17:12:04+08:00] WAIT mimo_7b_rl jid=3470458 state=PENDING
[2026-09-05T17:12:04+08:00] progress done=4/5 pending=1 failed=0
[2026-09-05T17:14:04+08:00] WAIT mimo_7b_rl jid=3470458 state=PENDING
[2026-09-05T17:14:04+08:00] progress done=4/5 pending=1 failed=0
[2026-09-05T17:16:04+08:00] WAIT mimo_7b_rl jid=3470458 state=PENDING
[2026-09-05T17:16:04+08:00] progress done=4/5 pending=1 failed=0
[2026-09-05T17:18:04+08:00] WAIT mimo_7b_rl jid=3470458 state=PENDING
[2026-09-05T17:18:04+08:00] progress done=4/5 pending=1 failed=0
[2026-09-05T17:20:04+08:00] WAIT mimo_7b_rl jid=3470458 state=PENDING
[2026-09-05T17:20:04+08:00] progress done=4/5 pending=1 failed=0
[2026-09-05T17:22:04+08:00] WAIT mimo_7b_rl jid=3470458 state=PENDING
[2026-09-05T17:22:04+08:00] progress done=4/5 pending=1 failed=0
[2026-09-05T17:24:04+08:00] WAIT mimo_7b_rl jid=3470458 state=PENDING
[2026-09-05T17:24:04+08:00] progress done=4/5 pending=1 failed=0
[2026-09-05T17:26:05+08:00] WAIT mimo_7b_rl jid=3470458 state=PENDING
[2026-09-05T17:26:05+08:00] progress done=4/5 pending=1 failed=0
[2026-09-05T17:28:05+08:00] WAIT mimo_7b_rl jid=3470458 state=PENDING
[2026-09-05T17:28:05+08:00] progress done=4/5 pending=1 failed=0
[2026-09-05T17:30:05+08:00] WAIT mimo_7b_rl jid=3470458 state=PENDING
[2026-09-05T17:30:05+08:00] progress done=4/5 pending=1 failed=0
[2026-09-05T17:32:05+08:00] WAIT mimo_7b_rl jid=3470458 state=PENDING
[2026-09-05T17:32:05+08:00] progress done=4/5 pending=1 failed=0
[2026-09-05T17:34:05+08:00] WAIT mimo_7b_rl jid=3470458 state=PENDING
[2026-09-05T17:34:05+08:00] progress done=4/5 pending=1 failed=0
[2026-09-05T17:36:05+08:00] WAIT mimo_7b_rl jid=3470458 state=PENDING
[2026-09-05T17:36:05+08:00] progress done=4/5 pending=1 failed=0
[2026-09-05T17:38:05+08:00] WAIT mimo_7b_rl jid=3470458 state=PENDING
[2026-09-05T17:38:05+08:00] progress done=4/5 pending=1 failed=0
[2026-09-05T17:40:05+08:00] WAIT mimo_7b_rl jid=3470458 state=PENDING
[2026-09-05T17:40:05+08:00] progress done=4/5 pending=1 failed=0
[2026-09-05T17:42:05+08:00] WAIT mimo_7b_rl jid=3470458 state=PENDING
[2026-09-05T17:42:05+08:00] progress done=4/5 pending=1 failed=0
[2026-09-05T17:44:05+08:00] WAIT mimo_7b_rl jid=3470458 state=PENDING
[2026-09-05T17:44:05+08:00] progress done=4/5 pending=1 failed=0
[2026-09-05T17:46:05+08:00] WAIT mimo_7b_rl jid=3470458 state=PENDING
[2026-09-05T17:46:05+08:00] progress done=4/5 pending=1 failed=0
[2026-09-05T17:48:05+08:00] WAIT mimo_7b_rl jid=3470458 state=PENDING
[2026-09-05T17:48:05+08:00] progress done=4/5 pending=1 failed=0
[2026-09-05T17:50:05+08:00] WAIT mimo_7b_rl jid=3470458 state=PENDING
[2026-09-05T17:50:05+08:00] progress done=4/5 pending=1 failed=0
[2026-09-05T17:52:05+08:00] WAIT mimo_7b_rl jid=3470458 state=PENDING
[2026-09-05T17:52:05+08:00] progress done=4/5 pending=1 failed=0
[2026-09-05T17:54:05+08:00] WAIT mimo_7b_rl jid=3470458 state=PENDING
[2026-09-05T17:54:05+08:00] progress done=4/5 pending=1 failed=0
[2026-09-05T17:56:05+08:00] WAIT mimo_7b_rl jid=3470458 state=PENDING
[2026-09-05T17:56:05+08:00] progress done=4/5 pending=1 failed=0
[2026-09-05T17:58:05+08:00] WAIT mimo_7b_rl jid=3470458 state=PENDING
[2026-09-05T17:58:05+08:00] progress done=4/5 pending=1 failed=0
[2026-09-05T18:00:05+08:00] WAIT mimo_7b_rl jid=3470458 state=PENDING
[2026-09-05T18:00:05+08:00] progress done=4/5 pending=1 failed=0
[2026-09-05T18:02:05+08:00] WAIT mimo_7b_rl jid=3470458 state=PENDING
[2026-09-05T18:02:05+08:00] progress done=4/5 pending=1 failed=0
[2026-09-05T18:04:05+08:00] WAIT mimo_7b_rl jid=3470458 state=PENDING
[2026-09-05T18:04:05+08:00] progress done=4/5 pending=1 failed=0
[2026-09-05T18:06:05+08:00] WAIT mimo_7b_rl jid=3470458 state=PENDING
[2026-09-05T18:06:05+08:00] progress done=4/5 pending=1 failed=0
[2026-09-05T18:08:05+08:00] WAIT mimo_7b_rl jid=3470458 state=PENDING
[2026-09-05T18:08:05+08:00] progress done=4/5 pending=1 failed=0
[2026-09-05T18:10:05+08:00] WAIT mimo_7b_rl jid=3470458 state=PENDING
[2026-09-05T18:10:05+08:00] progress done=4/5 pending=1 failed=0
[2026-09-05T18:12:05+08:00] WAIT mimo_7b_rl jid=3470458 state=PENDING
[2026-09-05T18:12:05+08:00] progress done=4/5 pending=1 failed=0
[2026-09-05T18:14:05+08:00] WAIT mimo_7b_rl jid=3470458 state=PENDING
[2026-09-05T18:14:05+08:00] progress done=4/5 pending=1 failed=0
[2026-09-05T18:16:05+08:00] WAIT mimo_7b_rl jid=3470458 state=PENDING
[2026-09-05T18:16:05+08:00] progress done=4/5 pending=1 failed=0
[2026-09-05T18:18:05+08:00] WAIT mimo_7b_rl jid=3470458 state=PENDING
[2026-09-05T18:18:05+08:00] progress done=4/5 pending=1 failed=0
[2026-09-05T18:20:05+08:00] WAIT mimo_7b_rl jid=3470458 state=PENDING
[2026-09-05T18:20:05+08:00] progress done=4/5 pending=1 failed=0
[2026-09-05T18:22:05+08:00] WAIT mimo_7b_rl jid=3470458 state=PENDING
[2026-09-05T18:22:05+08:00] progress done=4/5 pending=1 failed=0
[2026-09-05T18:24:05+08:00] WAIT mimo_7b_rl jid=3470458 state=PENDING
[2026-09-05T18:24:05+08:00] progress done=4/5 pending=1 failed=0
[2026-09-05T18:26:05+08:00] WAIT mimo_7b_rl jid=3470458 state=PENDING
[2026-09-05T18:26:05+08:00] progress done=4/5 pending=1 failed=0
[2026-09-05T18:28:05+08:00] WAIT mimo_7b_rl jid=3470458 state=PENDING
[2026-09-05T18:28:05+08:00] progress done=4/5 pending=1 failed=0
[2026-09-05T18:30:05+08:00] WAIT mimo_7b_rl jid=3470458 state=PENDING
[2026-09-05T18:30:05+08:00] progress done=4/5 pending=1 failed=0
[2026-09-05T18:32:05+08:00] WAIT mimo_7b_rl jid=3470458 state=PENDING
[2026-09-05T18:32:05+08:00] progress done=4/5 pending=1 failed=0
[2026-09-05T18:34:05+08:00] WAIT mimo_7b_rl jid=3470458 state=PENDING
[2026-09-05T18:34:05+08:00] progress done=4/5 pending=1 failed=0
[2026-09-05T18:36:05+08:00] WAIT mimo_7b_rl jid=3470458 state=PENDING
[2026-09-05T18:36:05+08:00] progress done=4/5 pending=1 failed=0
[2026-09-05T18:38:05+08:00] WAIT mimo_7b_rl jid=3470458 state=PENDING
[2026-09-05T18:38:05+08:00] progress done=4/5 pending=1 failed=0
[2026-09-05T18:40:05+08:00] WAIT mimo_7b_rl jid=3470458 state=PENDING
[2026-09-05T18:40:05+08:00] progress done=4/5 pending=1 failed=0
[2026-09-05T18:42:05+08:00] WAIT mimo_7b_rl jid=3470458 state=PENDING
[2026-09-05T18:42:05+08:00] progress done=4/5 pending=1 failed=0
[2026-09-05T18:44:05+08:00] WAIT mimo_7b_rl jid=3470458 state=PENDING
[2026-09-05T18:44:05+08:00] progress done=4/5 pending=1 failed=0
[2026-09-05T18:46:05+08:00] WAIT mimo_7b_rl jid=3470458 state=PENDING
[2026-09-05T18:46:05+08:00] progress done=4/5 pending=1 failed=0
[2026-09-05T18:48:05+08:00] WAIT mimo_7b_rl jid=3470458 state=PENDING
[2026-09-05T18:48:05+08:00] progress done=4/5 pending=1 failed=0
[2026-09-05T18:50:05+08:00] WAIT mimo_7b_rl jid=3470458 state=PENDING
[2026-09-05T18:50:05+08:00] progress done=4/5 pending=1 failed=0
[2026-09-05T18:52:05+08:00] WAIT mimo_7b_rl jid=3470458 state=PENDING
[2026-09-05T18:52:05+08:00] progress done=4/5 pending=1 failed=0
[2026-09-05T18:54:05+08:00] WAIT mimo_7b_rl jid=3470458 state=PENDING
[2026-09-05T18:54:05+08:00] progress done=4/5 pending=1 failed=0
[2026-09-05T18:56:05+08:00] WAIT mimo_7b_rl jid=3470458 state=PENDING
[2026-09-05T18:56:05+08:00] progress done=4/5 pending=1 failed=0
[2026-09-05T18:58:05+08:00] WAIT mimo_7b_rl jid=3470458 state=PENDING
[2026-09-05T18:58:05+08:00] progress done=4/5 pending=1 failed=0
[2026-09-05T19:00:05+08:00] WAIT mimo_7b_rl jid=3470458 state=PENDING
[2026-09-05T19:00:05+08:00] progress done=4/5 pending=1 failed=0
[2026-09-05T19:02:05+08:00] WAIT mimo_7b_rl jid=3470458 state=PENDING
[2026-09-05T19:02:05+08:00] progress done=4/5 pending=1 failed=0
[2026-09-05T19:04:06+08:00] WAIT mimo_7b_rl jid=3470458 state=PENDING
[2026-09-05T19:04:06+08:00] progress done=4/5 pending=1 failed=0
[2026-09-05T19:06:06+08:00] WAIT mimo_7b_rl jid=3470458 state=PENDING
[2026-09-05T19:06:06+08:00] progress done=4/5 pending=1 failed=0
[2026-09-05T19:08:06+08:00] WAIT mimo_7b_rl jid=3470458 state=PENDING
[2026-09-05T19:08:06+08:00] progress done=4/5 pending=1 failed=0
[2026-09-05T19:10:06+08:00] WAIT mimo_7b_rl jid=3470458 state=PENDING
[2026-09-05T19:10:06+08:00] progress done=4/5 pending=1 failed=0
[2026-09-05T19:12:06+08:00] WAIT mimo_7b_rl jid=3470458 state=PENDING
[2026-09-05T19:12:06+08:00] progress done=4/5 pending=1 failed=0
[2026-09-05T19:14:06+08:00] WAIT mimo_7b_rl jid=3470458 state=PENDING
[2026-09-05T19:14:06+08:00] progress done=4/5 pending=1 failed=0
[2026-09-05T19:16:06+08:00] WAIT mimo_7b_rl jid=3470458 state=PENDING
[2026-09-05T19:16:06+08:00] progress done=4/5 pending=1 failed=0
[2026-09-05T19:18:06+08:00] WAIT mimo_7b_rl jid=3470458 state=PENDING
[2026-09-05T19:18:06+08:00] progress done=4/5 pending=1 failed=0
[2026-09-05T19:20:06+08:00] WAIT mimo_7b_rl jid=3470458 state=PENDING
[2026-09-05T19:20:06+08:00] progress done=4/5 pending=1 failed=0
[2026-09-05T19:22:06+08:00] WAIT mimo_7b_rl jid=3470458 state=PENDING
[2026-09-05T19:22:06+08:00] progress done=4/5 pending=1 failed=0
[2026-09-05T19:24:06+08:00] WAIT mimo_7b_rl jid=3470458 state=PENDING
[2026-09-05T19:24:06+08:00] progress done=4/5 pending=1 failed=0
[2026-09-05T19:26:06+08:00] WAIT mimo_7b_rl jid=3470458 state=PENDING
[2026-09-05T19:26:06+08:00] progress done=4/5 pending=1 failed=0
[2026-09-05T19:28:06+08:00] WAIT mimo_7b_rl jid=3470458 state=PENDING
[2026-09-05T19:28:06+08:00] progress done=4/5 pending=1 failed=0
[2026-09-05T19:30:06+08:00] WAIT mimo_7b_rl jid=3470458 state=PENDING
[2026-09-05T19:30:06+08:00] progress done=4/5 pending=1 failed=0
[2026-09-05T19:32:06+08:00] WAIT mimo_7b_rl jid=3470458 state=PENDING
[2026-09-05T19:32:06+08:00] progress done=4/5 pending=1 failed=0
[2026-09-05T19:34:06+08:00] WAIT mimo_7b_rl jid=3470458 state=PENDING
[2026-09-05T19:34:06+08:00] progress done=4/5 pending=1 failed=0
[2026-09-05T19:36:06+08:00] WAIT mimo_7b_rl jid=3470458 state=PENDING
[2026-09-05T19:36:06+08:00] progress done=4/5 pending=1 failed=0
[2026-09-05T19:38:06+08:00] WAIT mimo_7b_rl jid=3470458 state=PENDING
[2026-09-05T19:38:06+08:00] progress done=4/5 pending=1 failed=0
[2026-09-05T19:40:06+08:00] WAIT mimo_7b_rl jid=3470458 state=PENDING
[2026-09-05T19:40:06+08:00] progress done=4/5 pending=1 failed=0
[2026-09-05T19:42:06+08:00] WAIT mimo_7b_rl jid=3470458 state=PENDING
[2026-09-05T19:42:06+08:00] progress done=4/5 pending=1 failed=0
[2026-09-05T19:44:06+08:00] WAIT mimo_7b_rl jid=3470458 state=PENDING
[2026-09-05T19:44:06+08:00] progress done=4/5 pending=1 failed=0
[2026-09-05T19:46:06+08:00] WAIT mimo_7b_rl jid=3470458 state=PENDING
[2026-09-05T19:46:06+08:00] progress done=4/5 pending=1 failed=0
[2026-09-05T19:48:06+08:00] WAIT mimo_7b_rl jid=3470458 state=PENDING
[2026-09-05T19:48:06+08:00] progress done=4/5 pending=1 failed=0
[2026-09-05T19:50:06+08:00] WAIT mimo_7b_rl jid=3470458 state=PENDING
[2026-09-05T19:50:06+08:00] progress done=4/5 pending=1 failed=0
[2026-09-05T19:52:06+08:00] WAIT mimo_7b_rl jid=3470458 state=PENDING
[2026-09-05T19:52:06+08:00] progress done=4/5 pending=1 failed=0
[2026-09-05T19:54:06+08:00] WAIT mimo_7b_rl jid=3470458 state=PENDING
[2026-09-05T19:54:06+08:00] progress done=4/5 pending=1 failed=0
[2026-09-05T19:56:06+08:00] WAIT mimo_7b_rl jid=3470458 state=PENDING
[2026-09-05T19:56:06+08:00] progress done=4/5 pending=1 failed=0
[2026-09-05T19:58:06+08:00] WAIT mimo_7b_rl jid=3470458 state=PENDING
[2026-09-05T19:58:06+08:00] progress done=4/5 pending=1 failed=0
[2026-09-05T20:00:06+08:00] WAIT mimo_7b_rl jid=3470458 state=PENDING
[2026-09-05T20:00:06+08:00] progress done=4/5 pending=1 failed=0
[2026-09-05T20:02:06+08:00] WAIT mimo_7b_rl jid=3470458 state=PENDING
[2026-09-05T20:02:06+08:00] progress done=4/5 pending=1 failed=0
[2026-09-05T20:04:06+08:00] WAIT mimo_7b_rl jid=3470458 state=PENDING
[2026-09-05T20:04:06+08:00] progress done=4/5 pending=1 failed=0
[2026-09-05T20:06:06+08:00] WAIT mimo_7b_rl jid=3470458 state=PENDING
[2026-09-05T20:06:06+08:00] progress done=4/5 pending=1 failed=0
[2026-09-05T20:08:06+08:00] WAIT mimo_7b_rl jid=3470458 state=PENDING
[2026-09-05T20:08:06+08:00] progress done=4/5 pending=1 failed=0
[2026-09-05T20:10:06+08:00] WAIT mimo_7b_rl jid=3470458 state=PENDING
[2026-09-05T20:10:06+08:00] progress done=4/5 pending=1 failed=0
[2026-09-05T20:12:06+08:00] WAIT mimo_7b_rl jid=3470458 state=PENDING
[2026-09-05T20:12:06+08:00] progress done=4/5 pending=1 failed=0
[2026-09-05T20:14:06+08:00] WAIT mimo_7b_rl jid=3470458 state=PENDING
[2026-09-05T20:14:06+08:00] progress done=4/5 pending=1 failed=0
[2026-09-05T20:16:06+08:00] WAIT mimo_7b_rl jid=3470458 state=PENDING
[2026-09-05T20:16:06+08:00] progress done=4/5 pending=1 failed=0
[2026-09-05T20:18:06+08:00] WAIT mimo_7b_rl jid=3470458 state=PENDING
[2026-09-05T20:18:06+08:00] progress done=4/5 pending=1 failed=0
[2026-09-05T20:20:06+08:00] WAIT mimo_7b_rl jid=3470458 state=PENDING
[2026-09-05T20:20:06+08:00] progress done=4/5 pending=1 failed=0
[2026-09-05T20:22:06+08:00] WAIT mimo_7b_rl jid=3470458 state=PENDING
[2026-09-05T20:22:06+08:00] progress done=4/5 pending=1 failed=0
[2026-09-05T20:24:06+08:00] WAIT mimo_7b_rl jid=3470458 state=PENDING
[2026-09-05T20:24:06+08:00] progress done=4/5 pending=1 failed=0
[2026-09-05T20:26:06+08:00] WAIT mimo_7b_rl jid=3470458 state=PENDING
[2026-09-05T20:26:06+08:00] progress done=4/5 pending=1 failed=0
[2026-09-05T20:28:06+08:00] WAIT mimo_7b_rl jid=3470458 state=PENDING
[2026-09-05T20:28:06+08:00] progress done=4/5 pending=1 failed=0
[2026-09-05T20:30:06+08:00] WAIT mimo_7b_rl jid=3470458 state=PENDING
[2026-09-05T20:30:06+08:00] progress done=4/5 pending=1 failed=0
[2026-09-05T20:32:06+08:00] WAIT mimo_7b_rl jid=3470458 state=PENDING
[2026-09-05T20:32:06+08:00] progress done=4/5 pending=1 failed=0
[2026-09-05T20:34:06+08:00] WAIT mimo_7b_rl jid=3470458 state=PENDING
[2026-09-05T20:34:06+08:00] progress done=4/5 pending=1 failed=0
[2026-09-05T20:36:06+08:00] WAIT mimo_7b_rl jid=3470458 state=PENDING
[2026-09-05T20:36:06+08:00] progress done=4/5 pending=1 failed=0
[2026-09-05T20:38:06+08:00] WAIT mimo_7b_rl jid=3470458 state=PENDING
[2026-09-05T20:38:06+08:00] progress done=4/5 pending=1 failed=0
[2026-09-05T20:40:06+08:00] WAIT mimo_7b_rl jid=3470458 state=PENDING
[2026-09-05T20:40:06+08:00] progress done=4/5 pending=1 failed=0
[2026-09-05T20:42:06+08:00] WAIT mimo_7b_rl jid=3470458 state=PENDING
[2026-09-05T20:42:06+08:00] progress done=4/5 pending=1 failed=0
[2026-09-05T20:44:07+08:00] WAIT mimo_7b_rl jid=3470458 state=PENDING
[2026-09-05T20:44:07+08:00] progress done=4/5 pending=1 failed=0
[2026-09-05T20:46:07+08:00] WAIT mimo_7b_rl jid=3470458 state=PENDING
[2026-09-05T20:46:07+08:00] progress done=4/5 pending=1 failed=0
[2026-09-05T20:48:07+08:00] WAIT mimo_7b_rl jid=3470458 state=PENDING
[2026-09-05T20:48:07+08:00] progress done=4/5 pending=1 failed=0
[2026-09-05T20:50:07+08:00] WAIT mimo_7b_rl jid=3470458 state=PENDING
[2026-09-05T20:50:07+08:00] progress done=4/5 pending=1 failed=0
[2026-09-05T20:52:07+08:00] WAIT mimo_7b_rl jid=3470458 state=PENDING
[2026-09-05T20:52:07+08:00] progress done=4/5 pending=1 failed=0
[2026-09-05T20:54:07+08:00] WAIT mimo_7b_rl jid=3470458 state=PENDING
[2026-09-05T20:54:07+08:00] progress done=4/5 pending=1 failed=0
[2026-09-05T20:56:07+08:00] WAIT mimo_7b_rl jid=3470458 state=PENDING
[2026-09-05T20:56:07+08:00] progress done=4/5 pending=1 failed=0
[2026-09-05T20:58:07+08:00] WAIT mimo_7b_rl jid=3470458 state=PENDING
[2026-09-05T20:58:07+08:00] progress done=4/5 pending=1 failed=0
[2026-09-05T21:00:07+08:00] WAIT mimo_7b_rl jid=3470458 state=PENDING
[2026-09-05T21:00:07+08:00] progress done=4/5 pending=1 failed=0
[2026-09-05T21:02:07+08:00] WAIT mimo_7b_rl jid=3470458 state=PENDING
[2026-09-05T21:02:07+08:00] progress done=4/5 pending=1 failed=0
[2026-09-05T21:04:07+08:00] WAIT mimo_7b_rl jid=3470458 state=PENDING
[2026-09-05T21:04:07+08:00] progress done=4/5 pending=1 failed=0
[2026-09-05T21:06:07+08:00] WAIT mimo_7b_rl jid=3470458 state=PENDING
[2026-09-05T21:06:07+08:00] progress done=4/5 pending=1 failed=0
[2026-09-05T21:08:07+08:00] WAIT mimo_7b_rl jid=3470458 state=PENDING
[2026-09-05T21:08:07+08:00] progress done=4/5 pending=1 failed=0
[2026-09-05T21:10:07+08:00] WAIT mimo_7b_rl jid=3470458 state=PENDING
[2026-09-05T21:10:07+08:00] progress done=4/5 pending=1 failed=0
[2026-09-05T21:12:07+08:00] WAIT mimo_7b_rl jid=3470458 state=PENDING
[2026-09-05T21:12:07+08:00] progress done=4/5 pending=1 failed=0
[2026-09-05T21:14:07+08:00] WAIT mimo_7b_rl jid=3470458 state=PENDING
[2026-09-05T21:14:07+08:00] progress done=4/5 pending=1 failed=0
[2026-09-05T21:16:07+08:00] WAIT mimo_7b_rl jid=3470458 state=PENDING
[2026-09-05T21:16:07+08:00] progress done=4/5 pending=1 failed=0
[2026-09-05T21:18:07+08:00] WAIT mimo_7b_rl jid=3470458 state=PENDING
[2026-09-05T21:18:07+08:00] progress done=4/5 pending=1 failed=0
[2026-09-05T21:20:07+08:00] WAIT mimo_7b_rl jid=3470458 state=PENDING
[2026-09-05T21:20:07+08:00] progress done=4/5 pending=1 failed=0
[2026-09-05T21:22:07+08:00] WAIT mimo_7b_rl jid=3470458 state=PENDING
[2026-09-05T21:22:07+08:00] progress done=4/5 pending=1 failed=0
[2026-09-05T21:24:07+08:00] WAIT mimo_7b_rl jid=3470458 state=PENDING
[2026-09-05T21:24:07+08:00] progress done=4/5 pending=1 failed=0
[2026-09-05T21:26:07+08:00] WAIT mimo_7b_rl jid=3470458 state=PENDING
[2026-09-05T21:26:07+08:00] progress done=4/5 pending=1 failed=0
[2026-09-05T21:28:07+08:00] WAIT mimo_7b_rl jid=3470458 state=PENDING
[2026-09-05T21:28:07+08:00] progress done=4/5 pending=1 failed=0
[2026-09-05T21:30:07+08:00] WAIT mimo_7b_rl jid=3470458 state=PENDING
[2026-09-05T21:30:07+08:00] progress done=4/5 pending=1 failed=0
[2026-09-05T21:32:07+08:00] WAIT mimo_7b_rl jid=3470458 state=PENDING
[2026-09-05T21:32:07+08:00] progress done=4/5 pending=1 failed=0
[2026-09-05T21:34:07+08:00] WAIT mimo_7b_rl jid=3470458 state=PENDING
[2026-09-05T21:34:07+08:00] progress done=4/5 pending=1 failed=0
[2026-09-05T21:36:07+08:00] WAIT mimo_7b_rl jid=3470458 state=PENDING
[2026-09-05T21:36:07+08:00] progress done=4/5 pending=1 failed=0
[2026-09-05T21:38:07+08:00] WAIT mimo_7b_rl jid=3470458 state=PENDING
[2026-09-05T21:38:07+08:00] progress done=4/5 pending=1 failed=0
[2026-09-05T21:40:07+08:00] WAIT mimo_7b_rl jid=3470458 state=PENDING
[2026-09-05T21:40:07+08:00] progress done=4/5 pending=1 failed=0
[2026-09-05T21:42:07+08:00] WAIT mimo_7b_rl jid=3470458 state=PENDING
[2026-09-05T21:42:07+08:00] progress done=4/5 pending=1 failed=0
[2026-09-05T21:44:07+08:00] WAIT mimo_7b_rl jid=3470458 state=PENDING
[2026-09-05T21:44:07+08:00] progress done=4/5 pending=1 failed=0
[2026-09-05T21:46:07+08:00] WAIT mimo_7b_rl jid=3470458 state=PENDING
[2026-09-05T21:46:07+08:00] progress done=4/5 pending=1 failed=0
[2026-09-05T21:48:07+08:00] WAIT mimo_7b_rl jid=3470458 state=PENDING
[2026-09-05T21:48:07+08:00] progress done=4/5 pending=1 failed=0
[2026-09-05T21:50:07+08:00] WAIT mimo_7b_rl jid=3470458 state=PENDING
[2026-09-05T21:50:07+08:00] progress done=4/5 pending=1 failed=0
[2026-09-05T21:52:07+08:00] WAIT mimo_7b_rl jid=3470458 state=PENDING
[2026-09-05T21:52:07+08:00] progress done=4/5 pending=1 failed=0
[2026-09-05T21:54:07+08:00] WAIT mimo_7b_rl jid=3470458 state=PENDING
[2026-09-05T21:54:07+08:00] progress done=4/5 pending=1 failed=0
[2026-09-05T21:56:07+08:00] WAIT mimo_7b_rl jid=3470458 state=PENDING
[2026-09-05T21:56:07+08:00] progress done=4/5 pending=1 failed=0
[2026-09-05T21:58:07+08:00] WAIT mimo_7b_rl jid=3470458 state=PENDING
[2026-09-05T21:58:07+08:00] progress done=4/5 pending=1 failed=0
[2026-09-05T22:00:07+08:00] WAIT mimo_7b_rl jid=3470458 state=PENDING
[2026-09-05T22:00:07+08:00] progress done=4/5 pending=1 failed=0
[2026-09-05T22:02:07+08:00] WAIT mimo_7b_rl jid=3470458 state=PENDING
[2026-09-05T22:02:07+08:00] progress done=4/5 pending=1 failed=0
[2026-09-05T22:04:08+08:00] WAIT mimo_7b_rl jid=3470458 state=PENDING
[2026-09-05T22:04:08+08:00] progress done=4/5 pending=1 failed=0
[2026-09-05T22:06:08+08:00] WAIT mimo_7b_rl jid=3470458 state=PENDING
[2026-09-05T22:06:08+08:00] progress done=4/5 pending=1 failed=0
[2026-09-05T22:08:08+08:00] WAIT mimo_7b_rl jid=3470458 state=PENDING
[2026-09-05T22:08:08+08:00] progress done=4/5 pending=1 failed=0
[2026-09-05T22:10:08+08:00] WAIT mimo_7b_rl jid=3470458 state=PENDING
[2026-09-05T22:10:08+08:00] progress done=4/5 pending=1 failed=0
[2026-09-05T22:12:08+08:00] WAIT mimo_7b_rl jid=3470458 state=PENDING
[2026-09-05T22:12:08+08:00] progress done=4/5 pending=1 failed=0
[2026-09-05T22:14:08+08:00] WAIT mimo_7b_rl jid=3470458 state=PENDING
[2026-09-05T22:14:08+08:00] progress done=4/5 pending=1 failed=0
[2026-09-05T22:16:08+08:00] WAIT mimo_7b_rl jid=3470458 state=PENDING
[2026-09-05T22:16:08+08:00] progress done=4/5 pending=1 failed=0
[2026-09-05T22:18:08+08:00] WAIT mimo_7b_rl jid=3470458 state=PENDING
[2026-09-05T22:18:08+08:00] progress done=4/5 pending=1 failed=0
[2026-09-05T22:20:08+08:00] WAIT mimo_7b_rl jid=3470458 state=PENDING
[2026-09-05T22:20:08+08:00] progress done=4/5 pending=1 failed=0
[2026-09-05T22:22:08+08:00] WAIT mimo_7b_rl jid=3470458 state=PENDING
[2026-09-05T22:22:08+08:00] progress done=4/5 pending=1 failed=0
[2026-09-05T22:24:08+08:00] WAIT mimo_7b_rl jid=3470458 state=PENDING
[2026-09-05T22:24:08+08:00] progress done=4/5 pending=1 failed=0
[2026-09-05T22:26:08+08:00] WAIT mimo_7b_rl jid=3470458 state=PENDING
[2026-09-05T22:26:08+08:00] progress done=4/5 pending=1 failed=0
[2026-09-05T22:28:08+08:00] WAIT mimo_7b_rl jid=3470458 state=PENDING
[2026-09-05T22:28:08+08:00] progress done=4/5 pending=1 failed=0
[2026-09-05T22:30:08+08:00] WAIT mimo_7b_rl jid=3470458 state=PENDING
[2026-09-05T22:30:08+08:00] progress done=4/5 pending=1 failed=0
[2026-09-05T22:32:08+08:00] WAIT mimo_7b_rl jid=3470458 state=PENDING
[2026-09-05T22:32:08+08:00] progress done=4/5 pending=1 failed=0
[2026-09-05T22:34:08+08:00] WAIT mimo_7b_rl jid=3470458 state=PENDING
[2026-09-05T22:34:08+08:00] progress done=4/5 pending=1 failed=0
[2026-09-05T22:36:08+08:00] WAIT mimo_7b_rl jid=3470458 state=PENDING
[2026-09-05T22:36:08+08:00] progress done=4/5 pending=1 failed=0
[2026-09-05T22:38:08+08:00] WAIT mimo_7b_rl jid=3470458 state=PENDING
[2026-09-05T22:38:08+08:00] progress done=4/5 pending=1 failed=0
[2026-09-05T22:40:08+08:00] WAIT mimo_7b_rl jid=3470458 state=PENDING
[2026-09-05T22:40:08+08:00] progress done=4/5 pending=1 failed=0
[2026-09-05T22:42:08+08:00] WAIT mimo_7b_rl jid=3470458 state=PENDING
[2026-09-05T22:42:08+08:00] progress done=4/5 pending=1 failed=0
[2026-09-05T22:44:08+08:00] WAIT mimo_7b_rl jid=3470458 state=PENDING
[2026-09-05T22:44:08+08:00] progress done=4/5 pending=1 failed=0
[2026-09-05T22:46:09+08:00] WAIT mimo_7b_rl jid=3470458 state=PENDING
[2026-09-05T22:46:09+08:00] progress done=4/5 pending=1 failed=0
[2026-09-05T22:48:09+08:00] WAIT mimo_7b_rl jid=3470458 state=PENDING
[2026-09-05T22:48:09+08:00] progress done=4/5 pending=1 failed=0
[2026-09-05T22:50:09+08:00] WAIT mimo_7b_rl jid=3470458 state=PENDING
[2026-09-05T22:50:09+08:00] progress done=4/5 pending=1 failed=0
[2026-09-05T22:52:09+08:00] WAIT mimo_7b_rl jid=3470458 state=PENDING
[2026-09-05T22:52:09+08:00] progress done=4/5 pending=1 failed=0
[2026-09-05T22:54:09+08:00] WAIT mimo_7b_rl jid=3470458 state=PENDING
[2026-09-05T22:54:09+08:00] progress done=4/5 pending=1 failed=0
[2026-09-05T22:56:09+08:00] WAIT mimo_7b_rl jid=3470458 state=PENDING
[2026-09-05T22:56:09+08:00] progress done=4/5 pending=1 failed=0
[2026-09-05T22:58:09+08:00] WAIT mimo_7b_rl jid=3470458 state=PENDING
[2026-09-05T22:58:09+08:00] progress done=4/5 pending=1 failed=0
[2026-09-05T23:00:09+08:00] WAIT mimo_7b_rl jid=3470458 state=PENDING
[2026-09-05T23:00:09+08:00] progress done=4/5 pending=1 failed=0
[2026-09-05T23:02:09+08:00] WAIT mimo_7b_rl jid=3470458 state=PENDING
[2026-09-05T23:02:09+08:00] progress done=4/5 pending=1 failed=0
[2026-09-05T23:04:09+08:00] WAIT mimo_7b_rl jid=3470458 state=PENDING
[2026-09-05T23:04:09+08:00] progress done=4/5 pending=1 failed=0
[2026-09-05T23:06:09+08:00] WAIT mimo_7b_rl jid=3470458 state=PENDING
[2026-09-05T23:06:09+08:00] progress done=4/5 pending=1 failed=0
[2026-09-05T23:08:09+08:00] WAIT mimo_7b_rl jid=3470458 state=PENDING
[2026-09-05T23:08:09+08:00] progress done=4/5 pending=1 failed=0
[2026-09-05T23:10:09+08:00] WAIT mimo_7b_rl jid=3470458 state=PENDING
[2026-09-05T23:10:09+08:00] progress done=4/5 pending=1 failed=0
[2026-09-05T23:12:09+08:00] WAIT mimo_7b_rl jid=3470458 state=PENDING
[2026-09-05T23:12:09+08:00] progress done=4/5 pending=1 failed=0
[2026-09-05T23:14:09+08:00] WAIT mimo_7b_rl jid=3470458 state=PENDING
[2026-09-05T23:14:09+08:00] progress done=4/5 pending=1 failed=0
[2026-09-05T23:16:09+08:00] WAIT mimo_7b_rl jid=3470458 state=PENDING
[2026-09-05T23:16:09+08:00] progress done=4/5 pending=1 failed=0
[2026-09-05T23:18:09+08:00] WAIT mimo_7b_rl jid=3470458 state=PENDING
[2026-09-05T23:18:09+08:00] progress done=4/5 pending=1 failed=0
[2026-09-05T23:20:09+08:00] WAIT mimo_7b_rl jid=3470458 state=PENDING
[2026-09-05T23:20:09+08:00] progress done=4/5 pending=1 failed=0
[2026-09-05T23:22:09+08:00] WAIT mimo_7b_rl jid=3470458 state=PENDING
[2026-09-05T23:22:09+08:00] progress done=4/5 pending=1 failed=0
[2026-09-05T23:24:09+08:00] WAIT mimo_7b_rl jid=3470458 state=PENDING
[2026-09-05T23:24:09+08:00] progress done=4/5 pending=1 failed=0
[2026-09-05T23:26:09+08:00] WAIT mimo_7b_rl jid=3470458 state=PENDING
[2026-09-05T23:26:09+08:00] progress done=4/5 pending=1 failed=0
[2026-09-05T23:28:09+08:00] WAIT mimo_7b_rl jid=3470458 state=PENDING
[2026-09-05T23:28:09+08:00] progress done=4/5 pending=1 failed=0
[2026-09-05T23:30:09+08:00] WAIT mimo_7b_rl jid=3470458 state=PENDING
[2026-09-05T23:30:09+08:00] progress done=4/5 pending=1 failed=0
[2026-09-05T23:32:09+08:00] WAIT mimo_7b_rl jid=3470458 state=PENDING
[2026-09-05T23:32:10+08:00] progress done=4/5 pending=1 failed=0
[2026-09-05T23:34:10+08:00] WAIT mimo_7b_rl jid=3470458 state=PENDING
[2026-09-05T23:34:10+08:00] progress done=4/5 pending=1 failed=0
[2026-09-05T23:36:10+08:00] WAIT mimo_7b_rl jid=3470458 state=PENDING
[2026-09-05T23:36:10+08:00] progress done=4/5 pending=1 failed=0
[2026-09-05T23:38:10+08:00] WAIT mimo_7b_rl jid=3470458 state=PENDING
[2026-09-05T23:38:10+08:00] progress done=4/5 pending=1 failed=0
[2026-09-05T23:40:10+08:00] WAIT mimo_7b_rl jid=3470458 state=PENDING
[2026-09-05T23:40:10+08:00] progress done=4/5 pending=1 failed=0
[2026-09-05T23:42:10+08:00] WAIT mimo_7b_rl jid=3470458 state=PENDING
[2026-09-05T23:42:10+08:00] progress done=4/5 pending=1 failed=0
[2026-09-05T23:44:10+08:00] WAIT mimo_7b_rl jid=3470458 state=PENDING
[2026-09-05T23:44:10+08:00] progress done=4/5 pending=1 failed=0
[2026-09-05T23:46:10+08:00] WAIT mimo_7b_rl jid=3470458 state=PENDING
[2026-09-05T23:46:10+08:00] progress done=4/5 pending=1 failed=0
[2026-09-05T23:48:10+08:00] WAIT mimo_7b_rl jid=3470458 state=PENDING
[2026-09-05T23:48:10+08:00] progress done=4/5 pending=1 failed=0
[2026-09-05T23:50:10+08:00] WAIT mimo_7b_rl jid=3470458 state=PENDING
[2026-09-05T23:50:10+08:00] progress done=4/5 pending=1 failed=0
[2026-09-05T23:52:10+08:00] WAIT mimo_7b_rl jid=3470458 state=PENDING
[2026-09-05T23:52:10+08:00] progress done=4/5 pending=1 failed=0
[2026-09-05T23:54:10+08:00] WAIT mimo_7b_rl jid=3470458 state=PENDING
[2026-09-05T23:54:10+08:00] progress done=4/5 pending=1 failed=0
[2026-09-05T23:56:10+08:00] WAIT mimo_7b_rl jid=3470458 state=PENDING
[2026-09-05T23:56:10+08:00] progress done=4/5 pending=1 failed=0
[2026-09-05T23:58:10+08:00] WAIT mimo_7b_rl jid=3470458 state=PENDING
[2026-09-05T23:58:10+08:00] progress done=4/5 pending=1 failed=0
[2026-09-06T00:00:10+08:00] WAIT mimo_7b_rl jid=3470458 state=PENDING
[2026-09-06T00:00:10+08:00] progress done=4/5 pending=1 failed=0
[2026-09-06T00:02:10+08:00] WAIT mimo_7b_rl jid=3470458 state=PENDING
[2026-09-06T00:02:10+08:00] progress done=4/5 pending=1 failed=0
[2026-09-06T00:04:10+08:00] WAIT mimo_7b_rl jid=3470458 state=PENDING
[2026-09-06T00:04:10+08:00] progress done=4/5 pending=1 failed=0
[2026-09-06T00:06:10+08:00] WAIT mimo_7b_rl jid=3470458 state=PENDING
[2026-09-06T00:06:10+08:00] progress done=4/5 pending=1 failed=0
[2026-09-06T00:08:10+08:00] WAIT mimo_7b_rl jid=3470458 state=PENDING
[2026-09-06T00:08:10+08:00] progress done=4/5 pending=1 failed=0
[2026-09-06T00:10:10+08:00] WAIT mimo_7b_rl jid=3470458 state=PENDING
[2026-09-06T00:10:10+08:00] progress done=4/5 pending=1 failed=0
[2026-09-06T00:12:10+08:00] WAIT mimo_7b_rl jid=3470458 state=PENDING
[2026-09-06T00:12:10+08:00] progress done=4/5 pending=1 failed=0
[2026-09-06T00:14:10+08:00] WAIT mimo_7b_rl jid=3470458 state=PENDING
[2026-09-06T00:14:10+08:00] progress done=4/5 pending=1 failed=0
[2026-09-06T00:16:10+08:00] WAIT mimo_7b_rl jid=3470458 state=PENDING
[2026-09-06T00:16:10+08:00] progress done=4/5 pending=1 failed=0
[2026-09-06T00:18:10+08:00] WAIT mimo_7b_rl jid=3470458 state=PENDING
[2026-09-06T00:18:10+08:00] progress done=4/5 pending=1 failed=0
[2026-09-06T00:20:10+08:00] WAIT mimo_7b_rl jid=3470458 state=PENDING
[2026-09-06T00:20:10+08:00] progress done=4/5 pending=1 failed=0
[2026-09-06T00:22:10+08:00] WAIT mimo_7b_rl jid=3470458 state=PENDING
[2026-09-06T00:22:10+08:00] progress done=4/5 pending=1 failed=0
[2026-09-06T00:24:10+08:00] WAIT mimo_7b_rl jid=3470458 state=PENDING
[2026-09-06T00:24:10+08:00] progress done=4/5 pending=1 failed=0
[2026-09-06T00:26:11+08:00] WAIT mimo_7b_rl jid=3470458 state=PENDING
[2026-09-06T00:26:11+08:00] progress done=4/5 pending=1 failed=0
[2026-09-06T00:28:11+08:00] WAIT mimo_7b_rl jid=3470458 state=PENDING
[2026-09-06T00:28:11+08:00] progress done=4/5 pending=1 failed=0
[2026-09-06T00:30:11+08:00] WAIT mimo_7b_rl jid=3470458 state=PENDING
[2026-09-06T00:30:11+08:00] progress done=4/5 pending=1 failed=0
[2026-09-06T00:32:11+08:00] WAIT mimo_7b_rl jid=3470458 state=PENDING
[2026-09-06T00:32:11+08:00] progress done=4/5 pending=1 failed=0
[2026-09-06T00:34:11+08:00] WAIT mimo_7b_rl jid=3470458 state=PENDING
[2026-09-06T00:34:11+08:00] progress done=4/5 pending=1 failed=0
[2026-09-06T00:36:11+08:00] WAIT mimo_7b_rl jid=3470458 state=PENDING
[2026-09-06T00:36:11+08:00] progress done=4/5 pending=1 failed=0
[2026-09-06T00:38:11+08:00] WAIT mimo_7b_rl jid=3470458 state=PENDING
[2026-09-06T00:38:11+08:00] progress done=4/5 pending=1 failed=0
[2026-09-06T00:40:11+08:00] WAIT mimo_7b_rl jid=3470458 state=PENDING
[2026-09-06T00:40:11+08:00] progress done=4/5 pending=1 failed=0
[2026-09-06T00:42:11+08:00] WAIT mimo_7b_rl jid=3470458 state=PENDING
[2026-09-06T00:42:11+08:00] progress done=4/5 pending=1 failed=0
[2026-09-06T00:44:11+08:00] WAIT mimo_7b_rl jid=3470458 state=PENDING
[2026-09-06T00:44:11+08:00] progress done=4/5 pending=1 failed=0
[2026-09-06T00:46:11+08:00] WAIT mimo_7b_rl jid=3470458 state=PENDING
[2026-09-06T00:46:11+08:00] progress done=4/5 pending=1 failed=0
[2026-09-06T00:48:11+08:00] WAIT mimo_7b_rl jid=3470458 state=PENDING
[2026-09-06T00:48:11+08:00] progress done=4/5 pending=1 failed=0
[2026-09-06T00:50:11+08:00] WAIT mimo_7b_rl jid=3470458 state=PENDING
[2026-09-06T00:50:11+08:00] progress done=4/5 pending=1 failed=0
[2026-09-06T00:52:11+08:00] WAIT mimo_7b_rl jid=3470458 state=PENDING
[2026-09-06T00:52:11+08:00] progress done=4/5 pending=1 failed=0
[2026-09-06T00:54:11+08:00] WAIT mimo_7b_rl jid=3470458 state=PENDING
[2026-09-06T00:54:11+08:00] progress done=4/5 pending=1 failed=0
[2026-09-06T00:56:11+08:00] WAIT mimo_7b_rl jid=3470458 state=PENDING
[2026-09-06T00:56:11+08:00] progress done=4/5 pending=1 failed=0
[2026-09-06T00:58:11+08:00] WAIT mimo_7b_rl jid=3470458 state=PENDING
[2026-09-06T00:58:11+08:00] progress done=4/5 pending=1 failed=0
[2026-09-06T01:00:11+08:00] WAIT mimo_7b_rl jid=3470458 state=PENDING
[2026-09-06T01:00:11+08:00] progress done=4/5 pending=1 failed=0
[2026-09-06T01:02:11+08:00] WAIT mimo_7b_rl jid=3470458 state=PENDING
[2026-09-06T01:02:11+08:00] progress done=4/5 pending=1 failed=0
[2026-09-06T01:04:11+08:00] WAIT mimo_7b_rl jid=3470458 state=PENDING
[2026-09-06T01:04:11+08:00] progress done=4/5 pending=1 failed=0
[2026-09-06T01:06:11+08:00] WAIT mimo_7b_rl jid=3470458 state=PENDING
[2026-09-06T01:06:11+08:00] progress done=4/5 pending=1 failed=0
[2026-09-06T01:08:11+08:00] WAIT mimo_7b_rl jid=3470458 state=PENDING
[2026-09-06T01:08:11+08:00] progress done=4/5 pending=1 failed=0
[2026-09-06T01:10:11+08:00] WAIT mimo_7b_rl jid=3470458 state=PENDING
[2026-09-06T01:10:11+08:00] progress done=4/5 pending=1 failed=0
[2026-09-06T01:12:11+08:00] WAIT mimo_7b_rl jid=3470458 state=PENDING
[2026-09-06T01:12:11+08:00] progress done=4/5 pending=1 failed=0
[2026-09-06T01:14:11+08:00] WAIT mimo_7b_rl jid=3470458 state=PENDING
[2026-09-06T01:14:11+08:00] progress done=4/5 pending=1 failed=0
[2026-09-06T01:16:11+08:00] WAIT mimo_7b_rl jid=3470458 state=PENDING
[2026-09-06T01:16:11+08:00] progress done=4/5 pending=1 failed=0
[2026-09-06T01:18:11+08:00] WAIT mimo_7b_rl jid=3470458 state=PENDING
[2026-09-06T01:18:11+08:00] progress done=4/5 pending=1 failed=0
[2026-09-06T01:20:11+08:00] WAIT mimo_7b_rl jid=3470458 state=PENDING
[2026-09-06T01:20:11+08:00] progress done=4/5 pending=1 failed=0
[2026-09-06T01:22:11+08:00] WAIT mimo_7b_rl jid=3470458 state=PENDING
[2026-09-06T01:22:11+08:00] progress done=4/5 pending=1 failed=0
[2026-09-06T01:24:11+08:00] WAIT mimo_7b_rl jid=3470458 state=PENDING
[2026-09-06T01:24:11+08:00] progress done=4/5 pending=1 failed=0
[2026-09-06T01:26:11+08:00] WAIT mimo_7b_rl jid=3470458 state=PENDING
[2026-09-06T01:26:11+08:00] progress done=4/5 pending=1 failed=0
[2026-09-06T01:28:11+08:00] WAIT mimo_7b_rl jid=3470458 state=PENDING
[2026-09-06T01:28:11+08:00] progress done=4/5 pending=1 failed=0
[2026-09-06T01:30:11+08:00] WAIT mimo_7b_rl jid=3470458 state=PENDING
[2026-09-06T01:30:11+08:00] progress done=4/5 pending=1 failed=0
[2026-09-06T01:32:11+08:00] WAIT mimo_7b_rl jid=3470458 state=PENDING
[2026-09-06T01:32:11+08:00] progress done=4/5 pending=1 failed=0
[2026-09-06T01:34:11+08:00] WAIT mimo_7b_rl jid=3470458 state=PENDING
[2026-09-06T01:34:11+08:00] progress done=4/5 pending=1 failed=0
[2026-09-06T01:36:11+08:00] WAIT mimo_7b_rl jid=3470458 state=PENDING
[2026-09-06T01:36:11+08:00] progress done=4/5 pending=1 failed=0
[2026-09-06T01:38:11+08:00] WAIT mimo_7b_rl jid=3470458 state=PENDING
[2026-09-06T01:38:11+08:00] progress done=4/5 pending=1 failed=0
[2026-09-06T01:40:12+08:00] WAIT mimo_7b_rl jid=3470458 state=PENDING
[2026-09-06T01:40:12+08:00] progress done=4/5 pending=1 failed=0
[2026-09-06T01:42:12+08:00] WAIT mimo_7b_rl jid=3470458 state=PENDING
[2026-09-06T01:42:12+08:00] progress done=4/5 pending=1 failed=0
[2026-09-06T01:44:12+08:00] WAIT mimo_7b_rl jid=3470458 state=PENDING
[2026-09-06T01:44:12+08:00] progress done=4/5 pending=1 failed=0
[2026-09-06T01:46:12+08:00] WAIT mimo_7b_rl jid=3470458 state=PENDING
[2026-09-06T01:46:12+08:00] progress done=4/5 pending=1 failed=0
[2026-09-06T01:48:12+08:00] WAIT mimo_7b_rl jid=3470458 state=PENDING
[2026-09-06T01:48:12+08:00] progress done=4/5 pending=1 failed=0
[2026-09-06T01:50:12+08:00] WAIT mimo_7b_rl jid=3470458 state=PENDING
[2026-09-06T01:50:12+08:00] progress done=4/5 pending=1 failed=0
[2026-09-06T01:52:12+08:00] WAIT mimo_7b_rl jid=3470458 state=PENDING
[2026-09-06T01:52:12+08:00] progress done=4/5 pending=1 failed=0
[2026-09-06T01:54:12+08:00] WAIT mimo_7b_rl jid=3470458 state=PENDING
[2026-09-06T01:54:12+08:00] progress done=4/5 pending=1 failed=0
[2026-09-06T01:56:12+08:00] WAIT mimo_7b_rl jid=3470458 state=PENDING
[2026-09-06T01:56:12+08:00] progress done=4/5 pending=1 failed=0
[2026-09-06T01:58:12+08:00] WAIT mimo_7b_rl jid=3470458 state=PENDING
[2026-09-06T01:58:12+08:00] progress done=4/5 pending=1 failed=0
[2026-09-06T02:00:12+08:00] WAIT mimo_7b_rl jid=3470458 state=PENDING
[2026-09-06T02:00:12+08:00] progress done=4/5 pending=1 failed=0
[2026-09-06T02:02:12+08:00] WAIT mimo_7b_rl jid=3470458 state=PENDING
[2026-09-06T02:02:12+08:00] progress done=4/5 pending=1 failed=0
[2026-09-06T02:04:12+08:00] WAIT mimo_7b_rl jid=3470458 state=PENDING
[2026-09-06T02:04:12+08:00] progress done=4/5 pending=1 failed=0
[2026-09-06T02:06:12+08:00] WAIT mimo_7b_rl jid=3470458 state=PENDING
[2026-09-06T02:06:12+08:00] progress done=4/5 pending=1 failed=0
[2026-09-06T02:08:12+08:00] WAIT mimo_7b_rl jid=3470458 state=PENDING
[2026-09-06T02:08:12+08:00] progress done=4/5 pending=1 failed=0
[2026-09-06T02:10:12+08:00] WAIT mimo_7b_rl jid=3470458 state=PENDING
[2026-09-06T02:10:12+08:00] progress done=4/5 pending=1 failed=0
[2026-09-06T02:12:12+08:00] WAIT mimo_7b_rl jid=3470458 state=PENDING
[2026-09-06T02:12:12+08:00] progress done=4/5 pending=1 failed=0
[2026-09-06T02:14:12+08:00] WAIT mimo_7b_rl jid=3470458 state=PENDING
[2026-09-06T02:14:12+08:00] progress done=4/5 pending=1 failed=0
[2026-09-06T02:16:12+08:00] WAIT mimo_7b_rl jid=3470458 state=PENDING
[2026-09-06T02:16:12+08:00] progress done=4/5 pending=1 failed=0
[2026-09-06T02:18:12+08:00] WAIT mimo_7b_rl jid=3470458 state=PENDING
[2026-09-06T02:18:12+08:00] progress done=4/5 pending=1 failed=0
[2026-09-06T02:20:12+08:00] WAIT mimo_7b_rl jid=3470458 state=PENDING
[2026-09-06T02:20:12+08:00] progress done=4/5 pending=1 failed=0
[2026-09-06T02:22:12+08:00] WAIT mimo_7b_rl jid=3470458 state=RUNNING
[2026-09-06T02:22:12+08:00] progress done=4/5 pending=1 failed=0
[2026-09-06T02:24:12+08:00] WAIT mimo_7b_rl jid=3470458 state=RUNNING
[2026-09-06T02:24:12+08:00] progress done=4/5 pending=1 failed=0
[2026-09-06T02:26:12+08:00] WAIT mimo_7b_rl jid=3470458 state=RUNNING
[2026-09-06T02:26:12+08:00] progress done=4/5 pending=1 failed=0
[2026-09-06T02:28:12+08:00] WAIT mimo_7b_rl jid=3470458 state=RUNNING
[2026-09-06T02:28:12+08:00] progress done=4/5 pending=1 failed=0
[2026-09-06T02:30:12+08:00] WAIT mimo_7b_rl jid=3470458 state=RUNNING
[2026-09-06T02:30:12+08:00] progress done=4/5 pending=1 failed=0
[2026-09-06T02:32:12+08:00] WAIT mimo_7b_rl jid=3470458 state=RUNNING
[2026-09-06T02:32:12+08:00] progress done=4/5 pending=1 failed=0
[2026-09-06T02:34:12+08:00] WAIT mimo_7b_rl jid=3470458 state=RUNNING
[2026-09-06T02:34:12+08:00] progress done=4/5 pending=1 failed=0
[2026-09-06T02:36:12+08:00] WAIT mimo_7b_rl jid=3470458 state=RUNNING
[2026-09-06T02:36:12+08:00] progress done=4/5 pending=1 failed=0
[2026-09-06T02:38:12+08:00] WAIT mimo_7b_rl jid=3470458 state=RUNNING
[2026-09-06T02:38:12+08:00] progress done=4/5 pending=1 failed=0
[2026-09-06T02:40:12+08:00] WAIT mimo_7b_rl jid=3470458 state=RUNNING
[2026-09-06T02:40:12+08:00] progress done=4/5 pending=1 failed=0
[2026-09-06T02:42:12+08:00] WAIT mimo_7b_rl jid=3470458 state=RUNNING
[2026-09-06T02:42:12+08:00] progress done=4/5 pending=1 failed=0
[2026-09-06T02:44:12+08:00] WAIT mimo_7b_rl jid=3470458 state=RUNNING
[2026-09-06T02:44:12+08:00] progress done=4/5 pending=1 failed=0
[2026-09-06T02:46:12+08:00] READY mimo_7b_rl jid=3470458 -> /gpfs/share/home/2501210611/opsd_analysis/OPSD_Analysis/outputs/mimo_7b_rl/st_tt_clip005_c256_adv_t4_mimo7b/3470458/checkpoint-100 (train_state=COMPLETED)
[2026-09-06T02:47:14+08:00] SUBMITTED evals for mimo_7b_rl tag=st_tt_clip005_c256_adv_t4_mimo7b_checkpoint-100
[2026-09-06T02:47:14+08:00] progress done=5/5 pending=0 failed=0
[2026-09-06T02:47:14+08:00] ALL trains handled (done=5 failed=0); exiting
[2026-09-06T02:47:14+08:00] watch finished
