[watch-slurm] host=a3n11c3 job=3792409
[watch-slurm] manifest=/gpfs/share/home/2501210611/opsd_analysis/OPSD_Analysis/log/train/qwen3_1p7b_instrrev/submit_latest.tsv
[watch-slurm] interval=120s post_done_wait=90s
[2026-09-21T17:05:40+08:00] host=a3n11c3 job=3792409 interval=120s post_wait=90s
[2026-09-21T17:05:40+08:00] manifest=/gpfs/share/home/2501210611/opsd_analysis/OPSD_Analysis/log/train/qwen3_1p7b_instrrev/submit_latest.tsv rows=1
[2026-09-21T17:05:40+08:00] WAIT st_tt_instrrev_clip005_1p7b_ckpt100 jid=3792408 state=RUNNING
[2026-09-21T17:05:40+08:00] progress done=0/1 pending=1 failed=0
[2026-09-21T17:07:40+08:00] WAIT st_tt_instrrev_clip005_1p7b_ckpt100 jid=3792408 state=RUNNING
[2026-09-21T17:07:40+08:00] progress done=0/1 pending=1 failed=0
[2026-09-21T17:09:40+08:00] WAIT st_tt_instrrev_clip005_1p7b_ckpt100 jid=3792408 state=RUNNING
[2026-09-21T17:09:40+08:00] progress done=0/1 pending=1 failed=0
[2026-09-21T17:11:40+08:00] WAIT st_tt_instrrev_clip005_1p7b_ckpt100 jid=3792408 state=RUNNING
[2026-09-21T17:11:40+08:00] progress done=0/1 pending=1 failed=0
[2026-09-21T17:13:40+08:00] WAIT st_tt_instrrev_clip005_1p7b_ckpt100 jid=3792408 state=RUNNING
[2026-09-21T17:13:40+08:00] progress done=0/1 pending=1 failed=0
[2026-09-21T17:15:40+08:00] WAIT st_tt_instrrev_clip005_1p7b_ckpt100 jid=3792408 state=RUNNING
[2026-09-21T17:15:40+08:00] progress done=0/1 pending=1 failed=0
[2026-09-21T17:17:40+08:00] WAIT st_tt_instrrev_clip005_1p7b_ckpt100 jid=3792408 state=RUNNING
[2026-09-21T17:17:40+08:00] progress done=0/1 pending=1 failed=0
[2026-09-21T17:19:40+08:00] WAIT st_tt_instrrev_clip005_1p7b_ckpt100 jid=3792408 state=RUNNING
[2026-09-21T17:19:40+08:00] progress done=0/1 pending=1 failed=0
[2026-09-21T17:21:40+08:00] WAIT st_tt_instrrev_clip005_1p7b_ckpt100 jid=3792408 state=RUNNING
[2026-09-21T17:21:40+08:00] progress done=0/1 pending=1 failed=0
[2026-09-21T17:23:40+08:00] WAIT st_tt_instrrev_clip005_1p7b_ckpt100 jid=3792408 state=RUNNING
[2026-09-21T17:23:40+08:00] progress done=0/1 pending=1 failed=0
[2026-09-21T17:25:40+08:00] WAIT st_tt_instrrev_clip005_1p7b_ckpt100 jid=3792408 state=RUNNING
[2026-09-21T17:25:40+08:00] progress done=0/1 pending=1 failed=0
[2026-09-21T17:27:40+08:00] WAIT st_tt_instrrev_clip005_1p7b_ckpt100 jid=3792408 state=RUNNING
[2026-09-21T17:27:40+08:00] progress done=0/1 pending=1 failed=0
[2026-09-21T17:29:40+08:00] WAIT st_tt_instrrev_clip005_1p7b_ckpt100 jid=3792408 state=RUNNING
[2026-09-21T17:29:40+08:00] progress done=0/1 pending=1 failed=0
[2026-09-21T17:31:40+08:00] WAIT st_tt_instrrev_clip005_1p7b_ckpt100 jid=3792408 state=RUNNING
[2026-09-21T17:31:40+08:00] progress done=0/1 pending=1 failed=0
[2026-09-21T17:33:40+08:00] WAIT st_tt_instrrev_clip005_1p7b_ckpt100 jid=3792408 state=RUNNING
[2026-09-21T17:33:40+08:00] progress done=0/1 pending=1 failed=0
[2026-09-21T17:35:40+08:00] WAIT st_tt_instrrev_clip005_1p7b_ckpt100 jid=3792408 state=RUNNING
[2026-09-21T17:35:40+08:00] progress done=0/1 pending=1 failed=0
[2026-09-21T17:37:40+08:00] WAIT st_tt_instrrev_clip005_1p7b_ckpt100 jid=3792408 state=RUNNING
[2026-09-21T17:37:40+08:00] progress done=0/1 pending=1 failed=0
[2026-09-21T17:39:40+08:00] WAIT st_tt_instrrev_clip005_1p7b_ckpt100 jid=3792408 state=RUNNING
[2026-09-21T17:39:40+08:00] progress done=0/1 pending=1 failed=0
[2026-09-21T17:41:40+08:00] WAIT st_tt_instrrev_clip005_1p7b_ckpt100 jid=3792408 state=RUNNING
[2026-09-21T17:41:40+08:00] progress done=0/1 pending=1 failed=0
[2026-09-21T17:43:40+08:00] WAIT st_tt_instrrev_clip005_1p7b_ckpt100 jid=3792408 state=RUNNING
[2026-09-21T17:43:40+08:00] progress done=0/1 pending=1 failed=0
[2026-09-21T17:45:40+08:00] READY st_tt_instrrev_clip005_1p7b_ckpt100 jid=3792408 -> /gpfs/share/home/2501210611/opsd_analysis/OPSD_Analysis/outputs/qwen3_1.7b/st_tt_instrrev_clip005_1e_6_openthoughts_1p7b/3792408/checkpoint-100 (train_state=FAILED)
[2026-09-21T17:47:11+08:00] SUBMITTED evals for st_tt_instrrev_clip005_1p7b_ckpt100 tag=st_tt_instrrev_clip005_1p7b_ckpt100
[2026-09-21T17:47:11+08:00] progress done=1/1 pending=0 failed=0
[2026-09-21T17:47:11+08:00] ALL trains handled (done=1 failed=0); exiting
[2026-09-21T17:47:11+08:00] watch finished
