[launch] CUDA_HOME=/usr/local/cuda-12.6 LD_head=/gpfs/share/software/gcc/11.4.0/lib64:/gpfs/share/home/2501210611/miniconda3/envs/sglang/lib/python3.12/site-packages/nvidia/cublas/lib:/gpfs/share/home/2501210611/miniconda3/envs/sglang/lib/python3.12/site-packages/nvidia/cuda_cupti/lib
[launch] run=st_tt_clip005_1e_6_ot_mimo7b_c256_3289091 mode=opsd privilege_field=solution
[launch] student_thinking=0 teacher_thinking=0 (MiMo: no enable_thinking; match eval)
[launch] lr=1e-6 jsd_token_clip=0.05
[launch] micro=2 gas=4 gpus=4 → global_batch=32
[launch] max_steps=100 save_steps=25 → total_samples=3200
[launch] prompt=1024 completion=256 max_seq=1280
[launch] model=/gpfs/share/home/2501210611/labShare/2501210611/model/mimo-7b-rl dataset=/gpfs/share/home/2501210611/opsd_analysis/OPSD_Analysis/data/openthoughts/preprocessed/openthoughts.opsd.solution.nothink.mimo7brl.maxprompt1024.parquet output=/gpfs/share/home/2501210611/opsd_analysis/OPSD_Analysis/outputs/mimo_7b_rl/st_tt_clip005_1e_6_ot_mimo7b_c256/3289091
[launch] master_port=29091 rollout=sglang sglang_mem=0.40 attn=triton
W0819 00:46:23.605000 2061220 site-packages/torch/distributed/run.py:774] 
W0819 00:46:23.605000 2061220 site-packages/torch/distributed/run.py:774] *****************************************
W0819 00:46:23.605000 2061220 site-packages/torch/distributed/run.py:774] Setting OMP_NUM_THREADS environment variable for each process to be 1 in default, to avoid your system being overloaded, please further tune the variable for optimal performance in your application as needed. 
W0819 00:46:23.605000 2061220 site-packages/torch/distributed/run.py:774] *****************************************
⚙️  Running in WANDB offline mode⚙️  Running in WANDB offline mode
⚙️  Running in WANDB offline mode
⚙️  Running in WANDB offline mode

[dataset] already has problem/solution; skip field normalization
[dataset] prompt length already filtered offline; keep 21642 examples
[dataset] already has problem/solution; skip field normalization
[dataset] prompt length already filtered offline; keep 21642 examples
[dataset] already has problem/solution; skip field normalization
[dataset] prompt length already filtered offline; keep 21642 examples
[dataset] already has problem/solution; skip field normalization
[dataset] prompt length already filtered offline; keep 21642 examples
NCCL version 2.27.3+cuda12.9

[2026-08-19 00:46:43] gpua800n12:2061352:2061592 [0] ras/client_support.cc:160 NCCL WARN Call to bind failed: Address already in use

[2026-08-19 00:46:43] gpua800n12:2061354:2061595 [2] ras/client_support.cc:160 NCCL WARN Call to bind failed: Address already in use

[2026-08-19 00:46:43] gpua800n12:2061353:2061594 [1] ras/client_support.cc:160 NCCL WARN Call to bind failed: Address already in use

[2026-08-19 00:46:43] gpua800n12:2061355:2061593 [3] ras/client_support.cc:160 NCCL WARN Call to bind failed: Address already in use
[config] mode=opsd privilege_field=solution student=/gpfs/share/home/2501210611/labShare/2501210611/model/mimo-7b-rl teacher=/gpfs/share/home/2501210611/labShare/2501210611/model/mimo-7b-rl student_thinking=False teacher_thinking=False rollout_backend=sglang use_peft=False fixed_teacher=True lora_r=None lora_alpha=None lr=1e-06 jsd_token_clip=0.05 top_k_loss=None use_thinking_machines_loss=False teacher_update_steps=None temp=1.1 top_p=0.95 top_k=20 min_p=0.0 presence_penalty=0.0 global_batch=32 (micro=2 gas=4 world=4) prompt=1024 response=256
[config] mode=opsd privilege_field=solution student=/gpfs/share/home/2501210611/labShare/2501210611/model/mimo-7b-rl teacher=/gpfs/share/home/2501210611/labShare/2501210611/model/mimo-7b-rl student_thinking=False teacher_thinking=False rollout_backend=sglang use_peft=False fixed_teacher=True lora_r=None lora_alpha=None lr=1e-06 jsd_token_clip=0.05 top_k_loss=None use_thinking_machines_loss=False teacher_update_steps=None temp=1.1 top_p=0.95 top_k=20 min_p=0.0 presence_penalty=0.0 global_batch=32 (micro=2 gas=4 world=4) prompt=1024 response=256
[config] mode=opsd privilege_field=solution student=/gpfs/share/home/2501210611/labShare/2501210611/model/mimo-7b-rl teacher=/gpfs/share/home/2501210611/labShare/2501210611/model/mimo-7b-rl student_thinking=False teacher_thinking=False rollout_backend=sglang use_peft=False fixed_teacher=True lora_r=None lora_alpha=None lr=1e-06 jsd_token_clip=0.05 top_k_loss=None use_thinking_machines_loss=False teacher_update_steps=None temp=1.1 top_p=0.95 top_k=20 min_p=0.0 presence_penalty=0.0 global_batch=32 (micro=2 gas=4 world=4) prompt=1024 response=256[config] mode=opsd privilege_field=solution student=/gpfs/share/home/2501210611/labShare/2501210611/model/mimo-7b-rl teacher=/gpfs/share/home/2501210611/labShare/2501210611/model/mimo-7b-rl student_thinking=False teacher_thinking=False rollout_backend=sglang use_peft=False fixed_teacher=True lora_r=None lora_alpha=None lr=1e-06 jsd_token_clip=0.05 top_k_loss=None use_thinking_machines_loss=False teacher_update_steps=None temp=1.1 top_p=0.95 top_k=20 min_p=0.0 presence_penalty=0.0 global_batch=32 (micro=2 gas=4 world=4) prompt=1024 response=256

The repository /gpfs/share/home/2501210611/labShare/2501210611/model/mimo-7b-rl contains custom code which must be executed to correctly load the model. You can inspect the repository content at /gpfs/share/home/2501210611/labShare/2501210611/model/mimo-7b-rl .
 You can inspect the repository content at https://hf.co//gpfs/share/home/2501210611/labShare/2501210611/model/mimo-7b-rl.
You can avoid this prompt in future by passing the argument `trust_remote_code=True`.

Do you wish to run the custom code? [y/N] [rank0]: Traceback (most recent call last):
[rank0]:   File "/gpfs/share/home/2501210611/miniconda3/envs/sglang/lib/python3.12/site-packages/transformers/dynamic_module_utils.py", line 757, in resolve_trust_remote_code
[rank0]:     answer = input(
[rank0]:              ^^^^^^
[rank0]: EOFError: EOF when reading a line

[rank0]: During handling of the above exception, another exception occurred:

[rank0]: Traceback (most recent call last):
[rank0]:   File "/gpfs/share/home/2501210611/opsd_analysis/OPSD_Analysis/src/train_opsd.py", line 473, in <module>
[rank0]:     main()
[rank0]:   File "/gpfs/share/home/2501210611/opsd_analysis/OPSD_Analysis/src/train_opsd.py", line 447, in main
[rank0]:     trainer = OPSDTrainer(
[rank0]:               ^^^^^^^^^^^^
[rank0]:   File "/gpfs/share/home/2501210611/opsd_analysis/OPSD_Analysis/src/opsd_trainer.py", line 222, in __init__
[rank0]:     super().__init__(
[rank0]:   File "/gpfs/share/home/2501210611/miniconda3/envs/sglang/lib/python3.12/site-packages/trl/trainer/sft_trainer.py", line 600, in __init__
[rank0]:     config = AutoConfig.from_pretrained(model_id)
[rank0]:              ^^^^^^^^^^^^^^^^^^^^^^^^^^^^^^^^^^^^
[rank0]:   File "/gpfs/share/home/2501210611/miniconda3/envs/sglang/lib/python3.12/site-packages/transformers/models/auto/configuration_auto.py", line 1341, in from_pretrained
[rank0]:     trust_remote_code = resolve_trust_remote_code(
[rank0]:                         ^^^^^^^^^^^^^^^^^^^^^^^^^^
[rank0]:   File "/gpfs/share/home/2501210611/miniconda3/envs/sglang/lib/python3.12/site-packages/transformers/dynamic_module_utils.py", line 769, in resolve_trust_remote_code
[rank0]:     raise ValueError(
[rank0]: ValueError: The repository /gpfs/share/home/2501210611/labShare/2501210611/model/mimo-7b-rl contains custom code which must be executed to correctly load the model. You can inspect the repository content at /gpfs/share/home/2501210611/labShare/2501210611/model/mimo-7b-rl .
[rank0]:  You can inspect the repository content at https://hf.co//gpfs/share/home/2501210611/labShare/2501210611/model/mimo-7b-rl.
[rank0]: Please pass the argument `trust_remote_code=True` to allow custom code to be run.
The repository /gpfs/share/home/2501210611/labShare/2501210611/model/mimo-7b-rl contains custom code which must be executed to correctly load the model. You can inspect the repository content at /gpfs/share/home/2501210611/labShare/2501210611/model/mimo-7b-rl .
 You can inspect the repository content at https://hf.co//gpfs/share/home/2501210611/labShare/2501210611/model/mimo-7b-rl.
You can avoid this prompt in future by passing the argument `trust_remote_code=True`.

Do you wish to run the custom code? [y/N] The repository /gpfs/share/home/2501210611/labShare/2501210611/model/mimo-7b-rl contains custom code which must be executed to correctly load the model. You can inspect the repository content at /gpfs/share/home/2501210611/labShare/2501210611/model/mimo-7b-rl .
 You can inspect the repository content at https://hf.co//gpfs/share/home/2501210611/labShare/2501210611/model/mimo-7b-rl.
You can avoid this prompt in future by passing the argument `trust_remote_code=True`.

Do you wish to run the custom code? [y/N] [rank2]: Traceback (most recent call last):
[rank2]:   File "/gpfs/share/home/2501210611/miniconda3/envs/sglang/lib/python3.12/site-packages/transformers/dynamic_module_utils.py", line 757, in resolve_trust_remote_code
[rank2]:     answer = input(
[rank2]:              ^^^^^^
[rank2]: EOFError: EOF when reading a line

[rank2]: During handling of the above exception, another exception occurred:

[rank2]: Traceback (most recent call last):
[rank2]:   File "/gpfs/share/home/2501210611/opsd_analysis/OPSD_Analysis/src/train_opsd.py", line 473, in <module>
[rank2]:     main()
[rank2]:   File "/gpfs/share/home/2501210611/opsd_analysis/OPSD_Analysis/src/train_opsd.py", line 447, in main
[rank2]:     trainer = OPSDTrainer(
[rank2]:               ^^^^^^^^^^^^
[rank2]:   File "/gpfs/share/home/2501210611/opsd_analysis/OPSD_Analysis/src/opsd_trainer.py", line 222, in __init__
[rank2]:     super().__init__(
[rank2]:   File "/gpfs/share/home/2501210611/miniconda3/envs/sglang/lib/python3.12/site-packages/trl/trainer/sft_trainer.py", line 600, in __init__
[rank2]:     config = AutoConfig.from_pretrained(model_id)
[rank2]:              ^^^^^^^^^^^^^^^^^^^^^^^^^^^^^^^^^^^^
[rank2]:   File "/gpfs/share/home/2501210611/miniconda3/envs/sglang/lib/python3.12/site-packages/transformers/models/auto/configuration_auto.py", line 1341, in from_pretrained
[rank2]:     trust_remote_code = resolve_trust_remote_code(
[rank2]:                         ^^^^^^^^^^^^^^^^^^^^^^^^^^
[rank2]:   File "/gpfs/share/home/2501210611/miniconda3/envs/sglang/lib/python3.12/site-packages/transformers/dynamic_module_utils.py", line 769, in resolve_trust_remote_code
[rank2]:     raise ValueError(
[rank2]: ValueError: The repository /gpfs/share/home/2501210611/labShare/2501210611/model/mimo-7b-rl contains custom code which must be executed to correctly load the model. You can inspect the repository content at /gpfs/share/home/2501210611/labShare/2501210611/model/mimo-7b-rl .
[rank2]:  You can inspect the repository content at https://hf.co//gpfs/share/home/2501210611/labShare/2501210611/model/mimo-7b-rl.
[rank2]: Please pass the argument `trust_remote_code=True` to allow custom code to be run.
The repository /gpfs/share/home/2501210611/labShare/2501210611/model/mimo-7b-rl contains custom code which must be executed to correctly load the model. You can inspect the repository content at /gpfs/share/home/2501210611/labShare/2501210611/model/mimo-7b-rl .
 You can inspect the repository content at https://hf.co//gpfs/share/home/2501210611/labShare/2501210611/model/mimo-7b-rl.
You can avoid this prompt in future by passing the argument `trust_remote_code=True`.

Do you wish to run the custom code? [y/N] [rank1]: Traceback (most recent call last):
[rank1]:   File "/gpfs/share/home/2501210611/miniconda3/envs/sglang/lib/python3.12/site-packages/transformers/dynamic_module_utils.py", line 757, in resolve_trust_remote_code
[rank1]:     answer = input(
[rank1]:              ^^^^^^
[rank1]: EOFError: EOF when reading a line

[rank1]: During handling of the above exception, another exception occurred:

[rank1]: Traceback (most recent call last):
[rank1]:   File "/gpfs/share/home/2501210611/opsd_analysis/OPSD_Analysis/src/train_opsd.py", line 473, in <module>
[rank1]:     main()
[rank1]:   File "/gpfs/share/home/2501210611/opsd_analysis/OPSD_Analysis/src/train_opsd.py", line 447, in main
[rank1]:     trainer = OPSDTrainer(
[rank1]:               ^^^^^^^^^^^^
[rank1]:   File "/gpfs/share/home/2501210611/opsd_analysis/OPSD_Analysis/src/opsd_trainer.py", line 222, in __init__
[rank1]:     super().__init__(
[rank1]:   File "/gpfs/share/home/2501210611/miniconda3/envs/sglang/lib/python3.12/site-packages/trl/trainer/sft_trainer.py", line 600, in __init__
[rank1]:     config = AutoConfig.from_pretrained(model_id)
[rank1]:              ^^^^^^^^^^^^^^^^^^^^^^^^^^^^^^^^^^^^
[rank1]:   File "/gpfs/share/home/2501210611/miniconda3/envs/sglang/lib/python3.12/site-packages/transformers/models/auto/configuration_auto.py", line 1341, in from_pretrained
[rank1]:     trust_remote_code = resolve_trust_remote_code(
[rank1]:                         ^^^^^^^^^^^^^^^^^^^^^^^^^^
[rank1]:   File "/gpfs/share/home/2501210611/miniconda3/envs/sglang/lib/python3.12/site-packages/transformers/dynamic_module_utils.py", line 769, in resolve_trust_remote_code
[rank1]:     raise ValueError(
[rank1]: ValueError: The repository /gpfs/share/home/2501210611/labShare/2501210611/model/mimo-7b-rl contains custom code which must be executed to correctly load the model. You can inspect the repository content at /gpfs/share/home/2501210611/labShare/2501210611/model/mimo-7b-rl .
[rank1]:  You can inspect the repository content at https://hf.co//gpfs/share/home/2501210611/labShare/2501210611/model/mimo-7b-rl.
[rank1]: Please pass the argument `trust_remote_code=True` to allow custom code to be run.
[rank3]: Traceback (most recent call last):
[rank3]:   File "/gpfs/share/home/2501210611/miniconda3/envs/sglang/lib/python3.12/site-packages/transformers/dynamic_module_utils.py", line 757, in resolve_trust_remote_code
[rank3]:     answer = input(
[rank3]:              ^^^^^^
[rank3]: EOFError: EOF when reading a line

[rank3]: During handling of the above exception, another exception occurred:

[rank3]: Traceback (most recent call last):
[rank3]:   File "/gpfs/share/home/2501210611/opsd_analysis/OPSD_Analysis/src/train_opsd.py", line 473, in <module>
[rank3]:     main()
[rank3]:   File "/gpfs/share/home/2501210611/opsd_analysis/OPSD_Analysis/src/train_opsd.py", line 447, in main
[rank3]:     trainer = OPSDTrainer(
[rank3]:               ^^^^^^^^^^^^
[rank3]:   File "/gpfs/share/home/2501210611/opsd_analysis/OPSD_Analysis/src/opsd_trainer.py", line 222, in __init__
[rank3]:     super().__init__(
[rank3]:   File "/gpfs/share/home/2501210611/miniconda3/envs/sglang/lib/python3.12/site-packages/trl/trainer/sft_trainer.py", line 600, in __init__
[rank3]:     config = AutoConfig.from_pretrained(model_id)
[rank3]:              ^^^^^^^^^^^^^^^^^^^^^^^^^^^^^^^^^^^^
[rank3]:   File "/gpfs/share/home/2501210611/miniconda3/envs/sglang/lib/python3.12/site-packages/transformers/models/auto/configuration_auto.py", line 1341, in from_pretrained
[rank3]:     trust_remote_code = resolve_trust_remote_code(
[rank3]:                         ^^^^^^^^^^^^^^^^^^^^^^^^^^
[rank3]:   File "/gpfs/share/home/2501210611/miniconda3/envs/sglang/lib/python3.12/site-packages/transformers/dynamic_module_utils.py", line 769, in resolve_trust_remote_code
[rank3]:     raise ValueError(
[rank3]: ValueError: The repository /gpfs/share/home/2501210611/labShare/2501210611/model/mimo-7b-rl contains custom code which must be executed to correctly load the model. You can inspect the repository content at /gpfs/share/home/2501210611/labShare/2501210611/model/mimo-7b-rl .
[rank3]:  You can inspect the repository content at https://hf.co//gpfs/share/home/2501210611/labShare/2501210611/model/mimo-7b-rl.
[rank3]: Please pass the argument `trust_remote_code=True` to allow custom code to be run.
Exception ignored in: <function ResourceTracker.__del__ at 0x7f5c9d5cc2c0>
Traceback (most recent call last):
  File "/gpfs/share/home/2501210611/miniconda3/envs/sglang/lib/python3.12/site-packages/multiprocess/resource_tracker.py", line 80, in __del__
  File "/gpfs/share/home/2501210611/miniconda3/envs/sglang/lib/python3.12/site-packages/multiprocess/resource_tracker.py", line 89, in _stop
  File "/gpfs/share/home/2501210611/miniconda3/envs/sglang/lib/python3.12/site-packages/multiprocess/resource_tracker.py", line 102, in _stop_locked
AttributeError: '_thread.RLock' object has no attribute '_recursion_count'
Exception ignored in: <function ResourceTracker.__del__ at 0x7fa13dd502c0>
Traceback (most recent call last):
  File "/gpfs/share/home/2501210611/miniconda3/envs/sglang/lib/python3.12/site-packages/multiprocess/resource_tracker.py", line 80, in __del__
  File "/gpfs/share/home/2501210611/miniconda3/envs/sglang/lib/python3.12/site-packages/multiprocess/resource_tracker.py", line 89, in _stop
  File "/gpfs/share/home/2501210611/miniconda3/envs/sglang/lib/python3.12/site-packages/multiprocess/resource_tracker.py", line 102, in _stop_locked
AttributeError: '_thread.RLock' object has no attribute '_recursion_count'
Exception ignored in: <function ResourceTracker.__del__ at 0x7f636a77c2c0>
Traceback (most recent call last):
  File "/gpfs/share/home/2501210611/miniconda3/envs/sglang/lib/python3.12/site-packages/multiprocess/resource_tracker.py", line 80, in __del__
  File "/gpfs/share/home/2501210611/miniconda3/envs/sglang/lib/python3.12/site-packages/multiprocess/resource_tracker.py", line 89, in _stop
  File "/gpfs/share/home/2501210611/miniconda3/envs/sglang/lib/python3.12/site-packages/multiprocess/resource_tracker.py", line 102, in _stop_locked
AttributeError: '_thread.RLock' object has no attribute '_recursion_count'
Exception ignored in: <function ResourceTracker.__del__ at 0x7f5383d102c0>
Traceback (most recent call last):
  File "/gpfs/share/home/2501210611/miniconda3/envs/sglang/lib/python3.12/site-packages/multiprocess/resource_tracker.py", line 80, in __del__
  File "/gpfs/share/home/2501210611/miniconda3/envs/sglang/lib/python3.12/site-packages/multiprocess/resource_tracker.py", line 89, in _stop
  File "/gpfs/share/home/2501210611/miniconda3/envs/sglang/lib/python3.12/site-packages/multiprocess/resource_tracker.py", line 102, in _stop_locked
AttributeError: '_thread.RLock' object has no attribute '_recursion_count'
[rank0]:[W819 00:46:46.013343156 ProcessGroupNCCL.cpp:1538] Warning: WARNING: destroy_process_group() was not called before program exit, which can leak resources. For more info, please see https://pytorch.org/docs/stable/distributed.html#shutdown (function operator())
W0819 00:46:47.646000 2061220 site-packages/torch/distributed/elastic/multiprocessing/api.py:900] Sending process 2061352 closing signal SIGTERM
W0819 00:46:47.647000 2061220 site-packages/torch/distributed/elastic/multiprocessing/api.py:900] Sending process 2061353 closing signal SIGTERM
W0819 00:46:47.648000 2061220 site-packages/torch/distributed/elastic/multiprocessing/api.py:900] Sending process 2061354 closing signal SIGTERM
E0819 00:46:47.812000 2061220 site-packages/torch/distributed/elastic/multiprocessing/api.py:874] failed (exitcode: 1) local_rank: 3 (pid: 2061355) of binary: /gpfs/share/home/2501210611/miniconda3/envs/sglang/bin/python3.12
Traceback (most recent call last):
  File "/gpfs/share/home/2501210611/miniconda3/envs/sglang/bin/accelerate", line 6, in <module>
    sys.exit(main())
             ^^^^^^
  File "/gpfs/share/home/2501210611/miniconda3/envs/sglang/lib/python3.12/site-packages/accelerate/commands/accelerate_cli.py", line 50, in main
    args.func(args)
  File "/gpfs/share/home/2501210611/miniconda3/envs/sglang/lib/python3.12/site-packages/accelerate/commands/launch.py", line 1392, in launch_command
    deepspeed_launcher(args)
  File "/gpfs/share/home/2501210611/miniconda3/envs/sglang/lib/python3.12/site-packages/accelerate/commands/launch.py", line 1076, in deepspeed_launcher
    distrib_run.run(args)
  File "/gpfs/share/home/2501210611/miniconda3/envs/sglang/lib/python3.12/site-packages/torch/distributed/run.py", line 892, in run
    elastic_launch(
  File "/gpfs/share/home/2501210611/miniconda3/envs/sglang/lib/python3.12/site-packages/torch/distributed/launcher/api.py", line 143, in __call__
    return launch_agent(self._config, self._entrypoint, list(args))
           ^^^^^^^^^^^^^^^^^^^^^^^^^^^^^^^^^^^^^^^^^^^^^^^^^^^^^^^^
  File "/gpfs/share/home/2501210611/miniconda3/envs/sglang/lib/python3.12/site-packages/torch/distributed/launcher/api.py", line 277, in launch_agent
    raise ChildFailedError(
torch.distributed.elastic.multiprocessing.errors.ChildFailedError: 
============================================================
/gpfs/share/home/2501210611/opsd_analysis/OPSD_Analysis/src/train_opsd.py FAILED
------------------------------------------------------------
Failures:
  <NO_OTHER_FAILURES>
------------------------------------------------------------
Root Cause (first observed failure):
[0]:
  time      : 2026-08-19_00:46:47
  host      : gpua800n12.hpc.pku.edu.cn
  rank      : 3 (local_rank: 3)
  exitcode  : 1 (pid: 2061355)
  error_file: <N/A>
  traceback : To enable traceback see: https://pytorch.org/docs/stable/elastic/errors.html
============================================================
