[merge] local_dir=/gpfs/share/home/2501210611/opsd_analysis/OPSD_Analysis/outputs/qwen3_1.7b/grpo_think_1p7b_omr_int_4gpu_bs64_16k_6400/3567994/global_step_100/actor
[merge] target_dir=/gpfs/share/home/2501210611/opsd_analysis/OPSD_Analysis/outputs/qwen3_1.7b/grpo_think_1p7b_omr_int_4gpu_bs64_16k_6400/3567994/global_step_100/actor/hf_merged
/gpfs/share/home/2501210611/miniconda3/envs/anchor/lib/python3.10/site-packages/requests/__init__.py:113: RequestsDependencyWarning: urllib3 (2.4.0) or chardet (7.4.3)/charset_normalizer (3.4.2) doesn't match a supported version!
  warnings.warn(
config: ModelMergerConfig(operation='merge', backend='fsdp', target_dir='/gpfs/share/home/2501210611/opsd_analysis/OPSD_Analysis/outputs/qwen3_1.7b/grpo_think_1p7b_omr_int_4gpu_bs64_16k_6400/3567994/global_step_100/actor/hf_merged', hf_upload_path=None, private=False, test_hf_dir=None, tie_word_embedding=False, is_value_model=False, local_dir='/gpfs/share/home/2501210611/opsd_analysis/OPSD_Analysis/outputs/qwen3_1.7b/grpo_think_1p7b_omr_int_4gpu_bs64_16k_6400/3567994/global_step_100/actor', hf_model_config_path='/gpfs/share/home/2501210611/opsd_analysis/OPSD_Analysis/outputs/qwen3_1.7b/grpo_think_1p7b_omr_int_4gpu_bs64_16k_6400/3567994/global_step_100/actor/huggingface', hf_upload=False, use_cpu_initialization=True)
Got device mesh tensor([0, 1, 2, 3], dtype=torch.int32), mesh_dim_names ('fsdp',)
Processing model shards with 4 (4,) in total
Loading 4 FSDP shards:   0%|          | 0/4 [00:00<?, ?it/s]Loading 4 FSDP shards:  25%|██▌       | 1/4 [00:01<00:04,  1.37s/it]Loading 4 FSDP shards:  50%|█████     | 2/4 [00:01<00:01,  1.31it/s]Loading 4 FSDP shards: 100%|██████████| 4/4 [00:01<00:00,  3.07it/s]Loading 4 FSDP shards: 100%|██████████| 4/4 [00:01<00:00,  2.18it/s]
`torch_dtype` is deprecated! Use `dtype` instead!
Saving model to /gpfs/share/home/2501210611/opsd_analysis/OPSD_Analysis/outputs/qwen3_1.7b/grpo_think_1p7b_omr_int_4gpu_bs64_16k_6400/3567994/global_step_100/actor/hf_merged
[2026-09-12 12:46:15,587] [WARNING] [real_accelerator.py:183:get_accelerator] Setting accelerator to CPU. If you have GPU or other accelerator, we were unable to detect it.
Saving tokenizer to /gpfs/share/home/2501210611/opsd_analysis/OPSD_Analysis/outputs/qwen3_1.7b/grpo_think_1p7b_omr_int_4gpu_bs64_16k_6400/3567994/global_step_100/actor/hf_merged
[merge] done
total 3.8G
drwxr-xr-x 2 2501210611 malei 4.0K Sep 12 12:46 .
drwxr-xr-x 4 2501210611 malei 4.0K Sep 12 12:46 ..
-rw-r--r-- 1 2501210611 malei  707 Sep 12 12:46 added_tokens.json
-rw-r--r-- 1 2501210611 malei 4.1K Sep 12 12:46 chat_template.jinja
-rw-r--r-- 1 2501210611 malei 1.4K Sep 12 12:46 config.json
-rw-r--r-- 1 2501210611 malei  214 Sep 12 12:46 generation_config.json
-rw-r--r-- 1 2501210611 malei 1.6M Sep 12 12:46 merges.txt
-rw-r--r-- 1 2501210611 malei 3.8G Sep 12 12:46 model.safetensors
-rw-r--r-- 1 2501210611 malei  613 Sep 12 12:46 special_tokens_map.json
-rw-r--r-- 1 2501210611 malei 5.3K Sep 12 12:46 tokenizer_config.json
-rw-r--r-- 1 2501210611 malei  11M Sep 12 12:46 tokenizer.json
-rw-r--r-- 1 2501210611 malei 2.7M Sep 12 12:46 vocab.json
