[watch-slurm] host=a2n17c3 job=3549357
[watch-slurm] manifest=/gpfs/share/home/2501210611/opsd_analysis/OPSD_Analysis/log/train/rl/qwen3_1.7b_think/watch_grpo_latest.tsv
[watch-slurm] interval=120s post_done_wait=90s
[2026-09-09T04:49:47+08:00] host=a2n17c3 job=3549357 interval=120s post_wait=90s
[2026-09-09T04:49:47+08:00] manifest=/gpfs/share/home/2501210611/opsd_analysis/OPSD_Analysis/log/train/rl/qwen3_1.7b_think/watch_grpo_latest.tsv rows=1
[2026-09-09T04:49:47+08:00] WAIT qwen3_1.7b train=3549086 state=PENDING
[2026-09-09T04:49:47+08:00] progress done=0/1 pending=1 failed=0
[2026-09-09T04:51:47+08:00] WAIT qwen3_1.7b train=3549086 state=PENDING
[2026-09-09T04:51:47+08:00] progress done=0/1 pending=1 failed=0
[2026-09-09T04:53:47+08:00] WAIT qwen3_1.7b train=3549086 state=PENDING
[2026-09-09T04:53:47+08:00] progress done=0/1 pending=1 failed=0
[2026-09-09T04:55:47+08:00] WAIT qwen3_1.7b train=3549086 state=PENDING
[2026-09-09T04:55:47+08:00] progress done=0/1 pending=1 failed=0
[2026-09-09T04:57:47+08:00] WAIT qwen3_1.7b train=3549086 state=PENDING
[2026-09-09T04:57:47+08:00] progress done=0/1 pending=1 failed=0
[2026-09-09T04:59:47+08:00] WAIT qwen3_1.7b train=3549086 state=PENDING
[2026-09-09T04:59:47+08:00] progress done=0/1 pending=1 failed=0
[2026-09-09T05:01:47+08:00] WAIT qwen3_1.7b train=3549086 state=PENDING
[2026-09-09T05:01:47+08:00] progress done=0/1 pending=1 failed=0
[2026-09-09T05:03:47+08:00] WAIT qwen3_1.7b train=3549086 state=PENDING
[2026-09-09T05:03:47+08:00] progress done=0/1 pending=1 failed=0
[2026-09-09T05:05:47+08:00] WAIT qwen3_1.7b train=3549086 state=PENDING
[2026-09-09T05:05:47+08:00] progress done=0/1 pending=1 failed=0
[2026-09-09T05:07:47+08:00] WAIT qwen3_1.7b train=3549086 state=PENDING
[2026-09-09T05:07:47+08:00] progress done=0/1 pending=1 failed=0
[2026-09-09T05:09:47+08:00] WAIT qwen3_1.7b train=3549086 state=PENDING
[2026-09-09T05:09:47+08:00] progress done=0/1 pending=1 failed=0
[2026-09-09T05:11:47+08:00] WAIT qwen3_1.7b train=3549086 state=PENDING
[2026-09-09T05:11:47+08:00] progress done=0/1 pending=1 failed=0
[2026-09-09T05:13:47+08:00] WAIT qwen3_1.7b train=3549086 state=PENDING
[2026-09-09T05:13:47+08:00] progress done=0/1 pending=1 failed=0
[2026-09-09T05:15:47+08:00] WAIT qwen3_1.7b train=3549086 state=PENDING
[2026-09-09T05:15:47+08:00] progress done=0/1 pending=1 failed=0
[2026-09-09T05:17:47+08:00] WAIT qwen3_1.7b train=3549086 state=PENDING
[2026-09-09T05:17:47+08:00] progress done=0/1 pending=1 failed=0
[2026-09-09T05:19:47+08:00] WAIT qwen3_1.7b train=3549086 state=PENDING
[2026-09-09T05:19:47+08:00] progress done=0/1 pending=1 failed=0
[2026-09-09T05:21:47+08:00] WAIT qwen3_1.7b train=3549086 state=PENDING
[2026-09-09T05:21:47+08:00] progress done=0/1 pending=1 failed=0
[2026-09-09T05:23:47+08:00] WAIT qwen3_1.7b train=3549086 state=PENDING
[2026-09-09T05:23:47+08:00] progress done=0/1 pending=1 failed=0
[2026-09-09T05:25:47+08:00] WAIT qwen3_1.7b train=3549086 state=PENDING
[2026-09-09T05:25:47+08:00] progress done=0/1 pending=1 failed=0
[2026-09-09T05:27:47+08:00] WAIT qwen3_1.7b train=3549086 state=PENDING
[2026-09-09T05:27:47+08:00] progress done=0/1 pending=1 failed=0
[2026-09-09T05:29:47+08:00] WAIT qwen3_1.7b train=3549086 state=PENDING
[2026-09-09T05:29:47+08:00] progress done=0/1 pending=1 failed=0
[2026-09-09T05:31:47+08:00] WAIT qwen3_1.7b train=3549086 state=PENDING
[2026-09-09T05:31:47+08:00] progress done=0/1 pending=1 failed=0
[2026-09-09T05:33:47+08:00] WAIT qwen3_1.7b train=3549086 state=PENDING
[2026-09-09T05:33:47+08:00] progress done=0/1 pending=1 failed=0
[2026-09-09T05:35:47+08:00] WAIT qwen3_1.7b train=3549086 state=PENDING
[2026-09-09T05:35:47+08:00] progress done=0/1 pending=1 failed=0
[2026-09-09T05:37:47+08:00] WAIT qwen3_1.7b train=3549086 state=PENDING
[2026-09-09T05:37:47+08:00] progress done=0/1 pending=1 failed=0
[2026-09-09T05:39:47+08:00] WAIT qwen3_1.7b train=3549086 state=PENDING
[2026-09-09T05:39:47+08:00] progress done=0/1 pending=1 failed=0
[2026-09-09T05:41:47+08:00] WAIT qwen3_1.7b train=3549086 state=PENDING
[2026-09-09T05:41:47+08:00] progress done=0/1 pending=1 failed=0
[2026-09-09T05:43:47+08:00] WAIT qwen3_1.7b train=3549086 state=PENDING
[2026-09-09T05:43:47+08:00] progress done=0/1 pending=1 failed=0
[2026-09-09T05:45:47+08:00] WAIT qwen3_1.7b train=3549086 state=PENDING
[2026-09-09T05:45:47+08:00] progress done=0/1 pending=1 failed=0
[2026-09-09T05:47:47+08:00] WAIT qwen3_1.7b train=3549086 state=PENDING
[2026-09-09T05:47:47+08:00] progress done=0/1 pending=1 failed=0
[2026-09-09T05:49:47+08:00] WAIT qwen3_1.7b train=3549086 state=PENDING
[2026-09-09T05:49:47+08:00] progress done=0/1 pending=1 failed=0
[2026-09-09T05:51:47+08:00] WAIT qwen3_1.7b train=3549086 state=PENDING
[2026-09-09T05:51:47+08:00] progress done=0/1 pending=1 failed=0
[2026-09-09T05:53:47+08:00] WAIT qwen3_1.7b train=3549086 state=PENDING
[2026-09-09T05:53:47+08:00] progress done=0/1 pending=1 failed=0
[2026-09-09T05:55:47+08:00] WAIT qwen3_1.7b train=3549086 state=PENDING
[2026-09-09T05:55:47+08:00] progress done=0/1 pending=1 failed=0
[2026-09-09T05:57:47+08:00] WAIT qwen3_1.7b train=3549086 state=PENDING
[2026-09-09T05:57:47+08:00] progress done=0/1 pending=1 failed=0
[2026-09-09T05:59:47+08:00] WAIT qwen3_1.7b train=3549086 state=PENDING
[2026-09-09T05:59:47+08:00] progress done=0/1 pending=1 failed=0
[2026-09-09T06:01:47+08:00] WAIT qwen3_1.7b train=3549086 state=PENDING
[2026-09-09T06:01:47+08:00] progress done=0/1 pending=1 failed=0
[2026-09-09T06:03:47+08:00] WAIT qwen3_1.7b train=3549086 state=PENDING
[2026-09-09T06:03:47+08:00] progress done=0/1 pending=1 failed=0
[2026-09-09T06:05:47+08:00] WAIT qwen3_1.7b train=3549086 state=PENDING
[2026-09-09T06:05:47+08:00] progress done=0/1 pending=1 failed=0
[2026-09-09T06:07:47+08:00] WAIT qwen3_1.7b train=3549086 state=PENDING
[2026-09-09T06:07:47+08:00] progress done=0/1 pending=1 failed=0
[2026-09-09T06:09:47+08:00] WAIT qwen3_1.7b train=3549086 state=PENDING
[2026-09-09T06:09:47+08:00] progress done=0/1 pending=1 failed=0
[2026-09-09T06:11:47+08:00] WAIT qwen3_1.7b train=3549086 state=PENDING
[2026-09-09T06:11:47+08:00] progress done=0/1 pending=1 failed=0
[2026-09-09T06:13:47+08:00] WAIT qwen3_1.7b train=3549086 state=PENDING
[2026-09-09T06:13:47+08:00] progress done=0/1 pending=1 failed=0
[2026-09-09T06:15:47+08:00] WAIT qwen3_1.7b train=3549086 state=PENDING
[2026-09-09T06:15:47+08:00] progress done=0/1 pending=1 failed=0
[2026-09-09T06:17:47+08:00] WAIT qwen3_1.7b train=3549086 state=PENDING
[2026-09-09T06:17:47+08:00] progress done=0/1 pending=1 failed=0
[2026-09-09T06:19:47+08:00] WAIT qwen3_1.7b train=3549086 state=PENDING
[2026-09-09T06:19:47+08:00] progress done=0/1 pending=1 failed=0
[2026-09-09T06:21:47+08:00] WAIT qwen3_1.7b train=3549086 state=PENDING
[2026-09-09T06:21:47+08:00] progress done=0/1 pending=1 failed=0
[2026-09-09T06:23:47+08:00] WAIT qwen3_1.7b train=3549086 state=PENDING
[2026-09-09T06:23:47+08:00] progress done=0/1 pending=1 failed=0
[2026-09-09T06:25:47+08:00] WAIT qwen3_1.7b train=3549086 state=PENDING
[2026-09-09T06:25:47+08:00] progress done=0/1 pending=1 failed=0
[2026-09-09T06:27:47+08:00] WAIT qwen3_1.7b train=3549086 state=PENDING
[2026-09-09T06:27:47+08:00] progress done=0/1 pending=1 failed=0
[2026-09-09T06:29:47+08:00] WAIT qwen3_1.7b train=3549086 state=PENDING
[2026-09-09T06:29:47+08:00] progress done=0/1 pending=1 failed=0
[2026-09-09T06:31:47+08:00] WAIT qwen3_1.7b train=3549086 state=PENDING
[2026-09-09T06:31:47+08:00] progress done=0/1 pending=1 failed=0
[2026-09-09T06:33:47+08:00] WAIT qwen3_1.7b train=3549086 state=PENDING
[2026-09-09T06:33:47+08:00] progress done=0/1 pending=1 failed=0
[2026-09-09T06:35:47+08:00] WAIT qwen3_1.7b train=3549086 state=PENDING
[2026-09-09T06:35:47+08:00] progress done=0/1 pending=1 failed=0
[2026-09-09T06:37:47+08:00] WAIT qwen3_1.7b train=3549086 state=PENDING
[2026-09-09T06:37:47+08:00] progress done=0/1 pending=1 failed=0
[2026-09-09T06:39:47+08:00] WAIT qwen3_1.7b train=3549086 state=PENDING
[2026-09-09T06:39:47+08:00] progress done=0/1 pending=1 failed=0
[2026-09-09T06:41:47+08:00] WAIT qwen3_1.7b train=3549086 state=PENDING
[2026-09-09T06:41:47+08:00] progress done=0/1 pending=1 failed=0
[2026-09-09T06:43:47+08:00] WAIT qwen3_1.7b train=3549086 state=PENDING
[2026-09-09T06:43:47+08:00] progress done=0/1 pending=1 failed=0
[2026-09-09T06:45:47+08:00] WAIT qwen3_1.7b train=3549086 state=PENDING
[2026-09-09T06:45:47+08:00] progress done=0/1 pending=1 failed=0
[2026-09-09T06:47:47+08:00] WAIT qwen3_1.7b train=3549086 state=PENDING
[2026-09-09T06:47:47+08:00] progress done=0/1 pending=1 failed=0
[2026-09-09T06:49:48+08:00] WAIT qwen3_1.7b train=3549086 state=PENDING
[2026-09-09T06:49:48+08:00] progress done=0/1 pending=1 failed=0
[2026-09-09T06:51:48+08:00] WAIT qwen3_1.7b train=3549086 state=PENDING
[2026-09-09T06:51:48+08:00] progress done=0/1 pending=1 failed=0
[2026-09-09T06:53:48+08:00] WAIT qwen3_1.7b train=3549086 state=PENDING
[2026-09-09T06:53:48+08:00] progress done=0/1 pending=1 failed=0
[2026-09-09T06:55:48+08:00] WAIT qwen3_1.7b train=3549086 state=PENDING
[2026-09-09T06:55:48+08:00] progress done=0/1 pending=1 failed=0
[2026-09-09T06:57:48+08:00] WAIT qwen3_1.7b train=3549086 state=PENDING
[2026-09-09T06:57:48+08:00] progress done=0/1 pending=1 failed=0
[2026-09-09T06:59:48+08:00] WAIT qwen3_1.7b train=3549086 state=PENDING
[2026-09-09T06:59:48+08:00] progress done=0/1 pending=1 failed=0
[2026-09-09T07:01:48+08:00] WAIT qwen3_1.7b train=3549086 state=PENDING
[2026-09-09T07:01:48+08:00] progress done=0/1 pending=1 failed=0
[2026-09-09T07:03:48+08:00] WAIT qwen3_1.7b train=3549086 state=PENDING
[2026-09-09T07:03:48+08:00] progress done=0/1 pending=1 failed=0
[2026-09-09T07:05:48+08:00] WAIT qwen3_1.7b train=3549086 state=PENDING
[2026-09-09T07:05:48+08:00] progress done=0/1 pending=1 failed=0
[2026-09-09T07:07:48+08:00] WAIT qwen3_1.7b train=3549086 state=PENDING
[2026-09-09T07:07:48+08:00] progress done=0/1 pending=1 failed=0
[2026-09-09T07:09:48+08:00] WAIT qwen3_1.7b train=3549086 state=PENDING
[2026-09-09T07:09:48+08:00] progress done=0/1 pending=1 failed=0
[2026-09-09T07:11:48+08:00] WAIT qwen3_1.7b train=3549086 state=PENDING
[2026-09-09T07:11:48+08:00] progress done=0/1 pending=1 failed=0
[2026-09-09T07:13:48+08:00] WAIT qwen3_1.7b train=3549086 state=PENDING
[2026-09-09T07:13:48+08:00] progress done=0/1 pending=1 failed=0
[2026-09-09T07:15:48+08:00] WAIT qwen3_1.7b train=3549086 state=PENDING
[2026-09-09T07:15:48+08:00] progress done=0/1 pending=1 failed=0
[2026-09-09T07:17:48+08:00] WAIT qwen3_1.7b train=3549086 state=PENDING
[2026-09-09T07:17:48+08:00] progress done=0/1 pending=1 failed=0
[2026-09-09T07:19:48+08:00] WAIT qwen3_1.7b train=3549086 state=PENDING
[2026-09-09T07:19:48+08:00] progress done=0/1 pending=1 failed=0
[2026-09-09T07:21:48+08:00] WAIT qwen3_1.7b train=3549086 state=PENDING
[2026-09-09T07:21:48+08:00] progress done=0/1 pending=1 failed=0
[2026-09-09T07:23:48+08:00] WAIT qwen3_1.7b train=3549086 state=PENDING
[2026-09-09T07:23:48+08:00] progress done=0/1 pending=1 failed=0
[2026-09-09T07:25:48+08:00] WAIT qwen3_1.7b train=3549086 state=PENDING
[2026-09-09T07:25:48+08:00] progress done=0/1 pending=1 failed=0
[2026-09-09T07:27:48+08:00] WAIT qwen3_1.7b train=3549086 state=PENDING
[2026-09-09T07:27:48+08:00] progress done=0/1 pending=1 failed=0
[2026-09-09T07:29:48+08:00] WAIT qwen3_1.7b train=3549086 state=PENDING
[2026-09-09T07:29:48+08:00] progress done=0/1 pending=1 failed=0
[2026-09-09T07:31:48+08:00] WAIT qwen3_1.7b train=3549086 state=PENDING
[2026-09-09T07:31:48+08:00] progress done=0/1 pending=1 failed=0
[2026-09-09T07:33:48+08:00] WAIT qwen3_1.7b train=3549086 state=PENDING
[2026-09-09T07:33:48+08:00] progress done=0/1 pending=1 failed=0
[2026-09-09T07:35:48+08:00] WAIT qwen3_1.7b train=3549086 state=PENDING
[2026-09-09T07:35:48+08:00] progress done=0/1 pending=1 failed=0
[2026-09-09T07:37:48+08:00] WAIT qwen3_1.7b train=3549086 state=PENDING
[2026-09-09T07:37:48+08:00] progress done=0/1 pending=1 failed=0
[2026-09-09T07:39:48+08:00] WAIT qwen3_1.7b train=3549086 state=PENDING
[2026-09-09T07:39:48+08:00] progress done=0/1 pending=1 failed=0
[2026-09-09T07:41:48+08:00] WAIT qwen3_1.7b train=3549086 state=PENDING
[2026-09-09T07:41:48+08:00] progress done=0/1 pending=1 failed=0
[2026-09-09T07:43:48+08:00] WAIT qwen3_1.7b train=3549086 state=PENDING
[2026-09-09T07:43:48+08:00] progress done=0/1 pending=1 failed=0
[2026-09-09T07:45:48+08:00] WAIT qwen3_1.7b train=3549086 state=PENDING
[2026-09-09T07:45:48+08:00] progress done=0/1 pending=1 failed=0
[2026-09-09T07:47:48+08:00] WAIT qwen3_1.7b train=3549086 state=PENDING
[2026-09-09T07:47:48+08:00] progress done=0/1 pending=1 failed=0
[2026-09-09T07:49:48+08:00] WAIT qwen3_1.7b train=3549086 state=PENDING
[2026-09-09T07:49:48+08:00] progress done=0/1 pending=1 failed=0
[2026-09-09T07:51:48+08:00] WAIT qwen3_1.7b train=3549086 state=PENDING
[2026-09-09T07:51:48+08:00] progress done=0/1 pending=1 failed=0
[2026-09-09T07:53:48+08:00] WAIT qwen3_1.7b train=3549086 state=PENDING
[2026-09-09T07:53:48+08:00] progress done=0/1 pending=1 failed=0
[2026-09-09T07:55:48+08:00] WAIT qwen3_1.7b train=3549086 state=PENDING
[2026-09-09T07:55:48+08:00] progress done=0/1 pending=1 failed=0
[2026-09-09T07:57:48+08:00] WAIT qwen3_1.7b train=3549086 state=PENDING
[2026-09-09T07:57:48+08:00] progress done=0/1 pending=1 failed=0
[2026-09-09T07:59:48+08:00] WAIT qwen3_1.7b train=3549086 state=PENDING
[2026-09-09T07:59:48+08:00] progress done=0/1 pending=1 failed=0
[2026-09-09T08:01:48+08:00] WAIT qwen3_1.7b train=3549086 state=PENDING
[2026-09-09T08:01:48+08:00] progress done=0/1 pending=1 failed=0
[2026-09-09T08:03:48+08:00] WAIT qwen3_1.7b train=3549086 state=PENDING
[2026-09-09T08:03:48+08:00] progress done=0/1 pending=1 failed=0
[2026-09-09T08:05:48+08:00] WAIT qwen3_1.7b train=3549086 state=PENDING
[2026-09-09T08:05:48+08:00] progress done=0/1 pending=1 failed=0
[2026-09-09T08:07:48+08:00] WAIT qwen3_1.7b train=3549086 state=PENDING
[2026-09-09T08:07:48+08:00] progress done=0/1 pending=1 failed=0
[2026-09-09T08:09:48+08:00] WAIT qwen3_1.7b train=3549086 state=PENDING
[2026-09-09T08:09:48+08:00] progress done=0/1 pending=1 failed=0
[2026-09-09T08:11:48+08:00] WAIT qwen3_1.7b train=3549086 state=PENDING
[2026-09-09T08:11:48+08:00] progress done=0/1 pending=1 failed=0
[2026-09-09T08:13:48+08:00] WAIT qwen3_1.7b train=3549086 state=PENDING
[2026-09-09T08:13:48+08:00] progress done=0/1 pending=1 failed=0
[2026-09-09T08:15:48+08:00] WAIT qwen3_1.7b train=3549086 state=PENDING
[2026-09-09T08:15:48+08:00] progress done=0/1 pending=1 failed=0
[2026-09-09T08:17:48+08:00] WAIT qwen3_1.7b train=3549086 state=PENDING
[2026-09-09T08:17:48+08:00] progress done=0/1 pending=1 failed=0
[2026-09-09T08:19:48+08:00] WAIT qwen3_1.7b train=3549086 state=PENDING
[2026-09-09T08:19:48+08:00] progress done=0/1 pending=1 failed=0
[2026-09-09T08:21:48+08:00] WAIT qwen3_1.7b train=3549086 state=PENDING
[2026-09-09T08:21:48+08:00] progress done=0/1 pending=1 failed=0
[2026-09-09T08:23:48+08:00] WAIT qwen3_1.7b train=3549086 state=PENDING
[2026-09-09T08:23:48+08:00] progress done=0/1 pending=1 failed=0
[2026-09-09T08:25:48+08:00] WAIT qwen3_1.7b train=3549086 state=PENDING
[2026-09-09T08:25:48+08:00] progress done=0/1 pending=1 failed=0
[2026-09-09T08:27:48+08:00] WAIT qwen3_1.7b train=3549086 state=PENDING
[2026-09-09T08:27:48+08:00] progress done=0/1 pending=1 failed=0
[2026-09-09T08:29:48+08:00] WAIT qwen3_1.7b train=3549086 state=PENDING
[2026-09-09T08:29:48+08:00] progress done=0/1 pending=1 failed=0
[2026-09-09T08:31:48+08:00] WAIT qwen3_1.7b train=3549086 state=PENDING
[2026-09-09T08:31:48+08:00] progress done=0/1 pending=1 failed=0
[2026-09-09T08:33:48+08:00] WAIT qwen3_1.7b train=3549086 state=PENDING
[2026-09-09T08:33:48+08:00] progress done=0/1 pending=1 failed=0
[2026-09-09T08:35:48+08:00] WAIT qwen3_1.7b train=3549086 state=PENDING
[2026-09-09T08:35:48+08:00] progress done=0/1 pending=1 failed=0
[2026-09-09T08:37:48+08:00] WAIT qwen3_1.7b train=3549086 state=PENDING
[2026-09-09T08:37:48+08:00] progress done=0/1 pending=1 failed=0
[2026-09-09T08:39:48+08:00] WAIT qwen3_1.7b train=3549086 state=PENDING
[2026-09-09T08:39:48+08:00] progress done=0/1 pending=1 failed=0
[2026-09-09T08:41:48+08:00] WAIT qwen3_1.7b train=3549086 state=PENDING
[2026-09-09T08:41:48+08:00] progress done=0/1 pending=1 failed=0
[2026-09-09T08:43:48+08:00] WAIT qwen3_1.7b train=3549086 state=PENDING
[2026-09-09T08:43:48+08:00] progress done=0/1 pending=1 failed=0
[2026-09-09T08:45:48+08:00] WAIT qwen3_1.7b train=3549086 state=PENDING
[2026-09-09T08:45:48+08:00] progress done=0/1 pending=1 failed=0
[2026-09-09T08:47:48+08:00] WAIT qwen3_1.7b train=3549086 state=PENDING
[2026-09-09T08:47:48+08:00] progress done=0/1 pending=1 failed=0
[2026-09-09T08:49:48+08:00] WAIT qwen3_1.7b train=3549086 state=PENDING
[2026-09-09T08:49:48+08:00] progress done=0/1 pending=1 failed=0
[2026-09-09T08:51:48+08:00] WAIT qwen3_1.7b train=3549086 state=PENDING
[2026-09-09T08:51:48+08:00] progress done=0/1 pending=1 failed=0
[2026-09-09T08:53:48+08:00] WAIT qwen3_1.7b train=3549086 state=PENDING
[2026-09-09T08:53:48+08:00] progress done=0/1 pending=1 failed=0
[2026-09-09T08:55:48+08:00] WAIT qwen3_1.7b train=3549086 state=PENDING
[2026-09-09T08:55:48+08:00] progress done=0/1 pending=1 failed=0
[2026-09-09T08:57:48+08:00] WAIT qwen3_1.7b train=3549086 state=PENDING
[2026-09-09T08:57:48+08:00] progress done=0/1 pending=1 failed=0
[2026-09-09T08:59:48+08:00] WAIT qwen3_1.7b train=3549086 state=PENDING
[2026-09-09T08:59:48+08:00] progress done=0/1 pending=1 failed=0
[2026-09-09T09:01:48+08:00] WAIT qwen3_1.7b train=3549086 state=PENDING
[2026-09-09T09:01:48+08:00] progress done=0/1 pending=1 failed=0
[2026-09-09T09:03:48+08:00] WAIT qwen3_1.7b train=3549086 state=PENDING
[2026-09-09T09:03:48+08:00] progress done=0/1 pending=1 failed=0
[2026-09-09T09:05:48+08:00] WAIT qwen3_1.7b train=3549086 state=PENDING
[2026-09-09T09:05:48+08:00] progress done=0/1 pending=1 failed=0
[2026-09-09T09:07:48+08:00] WAIT qwen3_1.7b train=3549086 state=PENDING
[2026-09-09T09:07:48+08:00] progress done=0/1 pending=1 failed=0
[2026-09-09T09:09:48+08:00] WAIT qwen3_1.7b train=3549086 state=PENDING
[2026-09-09T09:09:48+08:00] progress done=0/1 pending=1 failed=0
[2026-09-09T09:11:48+08:00] WAIT qwen3_1.7b train=3549086 state=PENDING
[2026-09-09T09:11:48+08:00] progress done=0/1 pending=1 failed=0
[2026-09-09T09:13:49+08:00] WAIT qwen3_1.7b train=3549086 state=PENDING
[2026-09-09T09:13:49+08:00] progress done=0/1 pending=1 failed=0
[2026-09-09T09:15:49+08:00] WAIT qwen3_1.7b train=3549086 state=PENDING
[2026-09-09T09:15:49+08:00] progress done=0/1 pending=1 failed=0
[2026-09-09T09:17:49+08:00] WAIT qwen3_1.7b train=3549086 state=PENDING
[2026-09-09T09:17:49+08:00] progress done=0/1 pending=1 failed=0
[2026-09-09T09:19:49+08:00] WAIT qwen3_1.7b train=3549086 state=PENDING
[2026-09-09T09:19:49+08:00] progress done=0/1 pending=1 failed=0
[2026-09-09T09:21:49+08:00] WAIT qwen3_1.7b train=3549086 state=PENDING
[2026-09-09T09:21:49+08:00] progress done=0/1 pending=1 failed=0
[2026-09-09T09:23:49+08:00] WAIT qwen3_1.7b train=3549086 state=PENDING
[2026-09-09T09:23:49+08:00] progress done=0/1 pending=1 failed=0
[2026-09-09T09:25:49+08:00] WAIT qwen3_1.7b train=3549086 state=PENDING
[2026-09-09T09:25:49+08:00] progress done=0/1 pending=1 failed=0
[2026-09-09T09:27:49+08:00] WAIT qwen3_1.7b train=3549086 state=PENDING
[2026-09-09T09:27:49+08:00] progress done=0/1 pending=1 failed=0
[2026-09-09T09:29:49+08:00] WAIT qwen3_1.7b train=3549086 state=PENDING
[2026-09-09T09:29:49+08:00] progress done=0/1 pending=1 failed=0
[2026-09-09T09:31:49+08:00] WAIT qwen3_1.7b train=3549086 state=PENDING
[2026-09-09T09:31:49+08:00] progress done=0/1 pending=1 failed=0
[2026-09-09T09:33:49+08:00] WAIT qwen3_1.7b train=3549086 state=PENDING
[2026-09-09T09:33:49+08:00] progress done=0/1 pending=1 failed=0
[2026-09-09T09:35:49+08:00] WAIT qwen3_1.7b train=3549086 state=PENDING
[2026-09-09T09:35:49+08:00] progress done=0/1 pending=1 failed=0
[2026-09-09T09:37:49+08:00] WAIT qwen3_1.7b train=3549086 state=PENDING
[2026-09-09T09:37:49+08:00] progress done=0/1 pending=1 failed=0
[2026-09-09T09:39:49+08:00] WAIT qwen3_1.7b train=3549086 state=PENDING
[2026-09-09T09:39:49+08:00] progress done=0/1 pending=1 failed=0
[2026-09-09T09:41:49+08:00] WAIT qwen3_1.7b train=3549086 state=PENDING
[2026-09-09T09:41:49+08:00] progress done=0/1 pending=1 failed=0
[2026-09-09T09:43:49+08:00] WAIT qwen3_1.7b train=3549086 state=PENDING
[2026-09-09T09:43:49+08:00] progress done=0/1 pending=1 failed=0
[2026-09-09T09:45:49+08:00] WAIT qwen3_1.7b train=3549086 state=PENDING
[2026-09-09T09:45:49+08:00] progress done=0/1 pending=1 failed=0
[2026-09-09T09:47:49+08:00] WAIT qwen3_1.7b train=3549086 state=PENDING
[2026-09-09T09:47:49+08:00] progress done=0/1 pending=1 failed=0
[2026-09-09T09:49:49+08:00] WAIT qwen3_1.7b train=3549086 state=PENDING
[2026-09-09T09:49:49+08:00] progress done=0/1 pending=1 failed=0
[2026-09-09T09:51:49+08:00] WAIT qwen3_1.7b train=3549086 state=PENDING
[2026-09-09T09:51:49+08:00] progress done=0/1 pending=1 failed=0
[2026-09-09T09:53:49+08:00] WAIT qwen3_1.7b train=3549086 state=PENDING
[2026-09-09T09:53:49+08:00] progress done=0/1 pending=1 failed=0
[2026-09-09T09:55:49+08:00] WAIT qwen3_1.7b train=3549086 state=PENDING
[2026-09-09T09:55:49+08:00] progress done=0/1 pending=1 failed=0
[2026-09-09T09:57:49+08:00] WAIT qwen3_1.7b train=3549086 state=PENDING
[2026-09-09T09:57:49+08:00] progress done=0/1 pending=1 failed=0
[2026-09-09T09:59:49+08:00] WAIT qwen3_1.7b train=3549086 state=PENDING
[2026-09-09T09:59:49+08:00] progress done=0/1 pending=1 failed=0
[2026-09-09T10:01:49+08:00] WAIT qwen3_1.7b train=3549086 state=PENDING
[2026-09-09T10:01:49+08:00] progress done=0/1 pending=1 failed=0
[2026-09-09T10:03:49+08:00] WAIT qwen3_1.7b train=3549086 state=PENDING
[2026-09-09T10:03:49+08:00] progress done=0/1 pending=1 failed=0
[2026-09-09T10:05:49+08:00] WAIT qwen3_1.7b train=3549086 state=PENDING
[2026-09-09T10:05:49+08:00] progress done=0/1 pending=1 failed=0
[2026-09-09T10:07:49+08:00] WAIT qwen3_1.7b train=3549086 state=PENDING
[2026-09-09T10:07:49+08:00] progress done=0/1 pending=1 failed=0
[2026-09-09T10:09:49+08:00] WAIT qwen3_1.7b train=3549086 state=PENDING
[2026-09-09T10:09:49+08:00] progress done=0/1 pending=1 failed=0
[2026-09-09T10:11:49+08:00] WAIT qwen3_1.7b train=3549086 state=PENDING
[2026-09-09T10:11:49+08:00] progress done=0/1 pending=1 failed=0
[2026-09-09T10:13:49+08:00] WAIT qwen3_1.7b train=3549086 state=PENDING
[2026-09-09T10:13:49+08:00] progress done=0/1 pending=1 failed=0
[2026-09-09T10:15:49+08:00] WAIT qwen3_1.7b train=3549086 state=PENDING
[2026-09-09T10:15:49+08:00] progress done=0/1 pending=1 failed=0
[2026-09-09T10:17:49+08:00] WAIT qwen3_1.7b train=3549086 state=PENDING
[2026-09-09T10:17:49+08:00] progress done=0/1 pending=1 failed=0
[2026-09-09T10:19:49+08:00] WAIT qwen3_1.7b train=3549086 state=PENDING
[2026-09-09T10:19:49+08:00] progress done=0/1 pending=1 failed=0
[2026-09-09T10:21:49+08:00] WAIT qwen3_1.7b train=3549086 state=PENDING
[2026-09-09T10:21:49+08:00] progress done=0/1 pending=1 failed=0
[2026-09-09T10:23:49+08:00] WAIT qwen3_1.7b train=3549086 state=PENDING
[2026-09-09T10:23:49+08:00] progress done=0/1 pending=1 failed=0
[2026-09-09T10:25:49+08:00] WAIT qwen3_1.7b train=3549086 state=PENDING
[2026-09-09T10:25:49+08:00] progress done=0/1 pending=1 failed=0
[2026-09-09T10:27:49+08:00] WAIT qwen3_1.7b train=3549086 state=PENDING
[2026-09-09T10:27:49+08:00] progress done=0/1 pending=1 failed=0
[2026-09-09T10:29:49+08:00] WAIT qwen3_1.7b train=3549086 state=PENDING
[2026-09-09T10:29:49+08:00] progress done=0/1 pending=1 failed=0
[2026-09-09T10:31:49+08:00] WAIT qwen3_1.7b train=3549086 state=PENDING
[2026-09-09T10:31:49+08:00] progress done=0/1 pending=1 failed=0
[2026-09-09T10:33:49+08:00] WAIT qwen3_1.7b train=3549086 state=PENDING
[2026-09-09T10:33:49+08:00] progress done=0/1 pending=1 failed=0
[2026-09-09T10:35:49+08:00] WAIT qwen3_1.7b train=3549086 state=PENDING
[2026-09-09T10:35:49+08:00] progress done=0/1 pending=1 failed=0
[2026-09-09T10:37:49+08:00] WAIT qwen3_1.7b train=3549086 state=PENDING
[2026-09-09T10:37:49+08:00] progress done=0/1 pending=1 failed=0
[2026-09-09T10:39:49+08:00] WAIT qwen3_1.7b train=3549086 state=PENDING
[2026-09-09T10:39:49+08:00] progress done=0/1 pending=1 failed=0
[2026-09-09T10:41:49+08:00] WAIT qwen3_1.7b train=3549086 state=PENDING
[2026-09-09T10:41:49+08:00] progress done=0/1 pending=1 failed=0
[2026-09-09T10:43:49+08:00] WAIT qwen3_1.7b train=3549086 state=PENDING
[2026-09-09T10:43:49+08:00] progress done=0/1 pending=1 failed=0
[2026-09-09T10:45:49+08:00] WAIT qwen3_1.7b train=3549086 state=PENDING
[2026-09-09T10:45:49+08:00] progress done=0/1 pending=1 failed=0
[2026-09-09T10:47:49+08:00] WAIT qwen3_1.7b train=3549086 state=PENDING
[2026-09-09T10:47:49+08:00] progress done=0/1 pending=1 failed=0
[2026-09-09T10:49:49+08:00] WAIT qwen3_1.7b train=3549086 state=PENDING
[2026-09-09T10:49:49+08:00] progress done=0/1 pending=1 failed=0
[2026-09-09T10:51:49+08:00] WAIT qwen3_1.7b train=3549086 state=PENDING
[2026-09-09T10:51:49+08:00] progress done=0/1 pending=1 failed=0
[2026-09-09T10:53:49+08:00] WAIT qwen3_1.7b train=3549086 state=PENDING
[2026-09-09T10:53:49+08:00] progress done=0/1 pending=1 failed=0
[2026-09-09T10:55:49+08:00] WAIT qwen3_1.7b train=3549086 state=PENDING
[2026-09-09T10:55:49+08:00] progress done=0/1 pending=1 failed=0
[2026-09-09T10:57:49+08:00] WAIT qwen3_1.7b train=3549086 state=PENDING
[2026-09-09T10:57:49+08:00] progress done=0/1 pending=1 failed=0
[2026-09-09T10:59:49+08:00] WAIT qwen3_1.7b train=3549086 state=PENDING
[2026-09-09T10:59:49+08:00] progress done=0/1 pending=1 failed=0
[2026-09-09T11:01:49+08:00] WAIT qwen3_1.7b train=3549086 state=PENDING
[2026-09-09T11:01:49+08:00] progress done=0/1 pending=1 failed=0
[2026-09-09T11:03:49+08:00] WAIT qwen3_1.7b train=3549086 state=PENDING
[2026-09-09T11:03:49+08:00] progress done=0/1 pending=1 failed=0
[2026-09-09T11:05:49+08:00] WAIT qwen3_1.7b train=3549086 state=PENDING
[2026-09-09T11:05:49+08:00] progress done=0/1 pending=1 failed=0
[2026-09-09T11:07:49+08:00] WAIT qwen3_1.7b train=3549086 state=PENDING
[2026-09-09T11:07:49+08:00] progress done=0/1 pending=1 failed=0
[2026-09-09T11:09:49+08:00] WAIT qwen3_1.7b train=3549086 state=PENDING
[2026-09-09T11:09:49+08:00] progress done=0/1 pending=1 failed=0
[2026-09-09T11:11:49+08:00] WAIT qwen3_1.7b train=3549086 state=PENDING
[2026-09-09T11:11:49+08:00] progress done=0/1 pending=1 failed=0
[2026-09-09T11:13:49+08:00] WAIT qwen3_1.7b train=3549086 state=PENDING
[2026-09-09T11:13:49+08:00] progress done=0/1 pending=1 failed=0
[2026-09-09T11:15:49+08:00] WAIT qwen3_1.7b train=3549086 state=PENDING
[2026-09-09T11:15:49+08:00] progress done=0/1 pending=1 failed=0
[2026-09-09T11:17:49+08:00] WAIT qwen3_1.7b train=3549086 state=PENDING
[2026-09-09T11:17:49+08:00] progress done=0/1 pending=1 failed=0
[2026-09-09T11:19:49+08:00] WAIT qwen3_1.7b train=3549086 state=PENDING
[2026-09-09T11:19:49+08:00] progress done=0/1 pending=1 failed=0
[2026-09-09T11:21:49+08:00] WAIT qwen3_1.7b train=3549086 state=PENDING
[2026-09-09T11:21:49+08:00] progress done=0/1 pending=1 failed=0
[2026-09-09T11:23:49+08:00] WAIT qwen3_1.7b train=3549086 state=PENDING
[2026-09-09T11:23:49+08:00] progress done=0/1 pending=1 failed=0
[2026-09-09T11:25:49+08:00] WAIT qwen3_1.7b train=3549086 state=PENDING
[2026-09-09T11:25:49+08:00] progress done=0/1 pending=1 failed=0
[2026-09-09T11:27:49+08:00] WAIT qwen3_1.7b train=3549086 state=PENDING
[2026-09-09T11:27:49+08:00] progress done=0/1 pending=1 failed=0
[2026-09-09T11:29:49+08:00] WAIT qwen3_1.7b train=3549086 state=PENDING
[2026-09-09T11:29:49+08:00] progress done=0/1 pending=1 failed=0
[2026-09-09T11:31:49+08:00] WAIT qwen3_1.7b train=3549086 state=PENDING
[2026-09-09T11:31:49+08:00] progress done=0/1 pending=1 failed=0
[2026-09-09T11:33:49+08:00] WAIT qwen3_1.7b train=3549086 state=PENDING
[2026-09-09T11:33:49+08:00] progress done=0/1 pending=1 failed=0
[2026-09-09T11:35:50+08:00] WAIT qwen3_1.7b train=3549086 state=PENDING
[2026-09-09T11:35:50+08:00] progress done=0/1 pending=1 failed=0
[2026-09-09T11:37:50+08:00] WAIT qwen3_1.7b train=3549086 state=PENDING
[2026-09-09T11:37:50+08:00] progress done=0/1 pending=1 failed=0
[2026-09-09T11:39:50+08:00] WAIT qwen3_1.7b train=3549086 state=PENDING
[2026-09-09T11:39:50+08:00] progress done=0/1 pending=1 failed=0
[2026-09-09T11:41:50+08:00] WAIT qwen3_1.7b train=3549086 state=PENDING
[2026-09-09T11:41:50+08:00] progress done=0/1 pending=1 failed=0
[2026-09-09T11:43:50+08:00] WAIT qwen3_1.7b train=3549086 state=PENDING
[2026-09-09T11:43:50+08:00] progress done=0/1 pending=1 failed=0
[2026-09-09T11:45:50+08:00] WAIT qwen3_1.7b train=3549086 state=PENDING
[2026-09-09T11:45:50+08:00] progress done=0/1 pending=1 failed=0
[2026-09-09T11:47:50+08:00] WAIT qwen3_1.7b train=3549086 state=PENDING
[2026-09-09T11:47:50+08:00] progress done=0/1 pending=1 failed=0
[2026-09-09T11:49:50+08:00] WAIT qwen3_1.7b train=3549086 state=PENDING
[2026-09-09T11:49:50+08:00] progress done=0/1 pending=1 failed=0
[2026-09-09T11:51:50+08:00] WAIT qwen3_1.7b train=3549086 state=PENDING
[2026-09-09T11:51:50+08:00] progress done=0/1 pending=1 failed=0
[2026-09-09T11:53:50+08:00] WAIT qwen3_1.7b train=3549086 state=PENDING
[2026-09-09T11:53:50+08:00] progress done=0/1 pending=1 failed=0
[2026-09-09T11:55:50+08:00] WAIT qwen3_1.7b train=3549086 state=PENDING
[2026-09-09T11:55:50+08:00] progress done=0/1 pending=1 failed=0
[2026-09-09T11:57:50+08:00] WAIT qwen3_1.7b train=3549086 state=PENDING
[2026-09-09T11:57:50+08:00] progress done=0/1 pending=1 failed=0
[2026-09-09T11:59:50+08:00] WAIT qwen3_1.7b train=3549086 state=PENDING
[2026-09-09T11:59:50+08:00] progress done=0/1 pending=1 failed=0
[2026-09-09T12:01:50+08:00] WAIT qwen3_1.7b train=3549086 state=PENDING
[2026-09-09T12:01:50+08:00] progress done=0/1 pending=1 failed=0
[2026-09-09T12:03:50+08:00] WAIT qwen3_1.7b train=3549086 state=PENDING
[2026-09-09T12:03:50+08:00] progress done=0/1 pending=1 failed=0
[2026-09-09T12:05:50+08:00] WAIT qwen3_1.7b train=3549086 state=PENDING
[2026-09-09T12:05:50+08:00] progress done=0/1 pending=1 failed=0
[2026-09-09T12:07:50+08:00] WAIT qwen3_1.7b train=3549086 state=PENDING
[2026-09-09T12:07:50+08:00] progress done=0/1 pending=1 failed=0
[2026-09-09T12:09:50+08:00] WAIT qwen3_1.7b train=3549086 state=PENDING
[2026-09-09T12:09:50+08:00] progress done=0/1 pending=1 failed=0
[2026-09-09T12:11:50+08:00] WAIT qwen3_1.7b train=3549086 state=PENDING
[2026-09-09T12:11:50+08:00] progress done=0/1 pending=1 failed=0
[2026-09-09T12:13:50+08:00] WAIT qwen3_1.7b train=3549086 state=PENDING
[2026-09-09T12:13:50+08:00] progress done=0/1 pending=1 failed=0
[2026-09-09T12:15:50+08:00] WAIT qwen3_1.7b train=3549086 state=PENDING
[2026-09-09T12:15:50+08:00] progress done=0/1 pending=1 failed=0
[2026-09-09T12:17:50+08:00] WAIT qwen3_1.7b train=3549086 state=PENDING
[2026-09-09T12:17:50+08:00] progress done=0/1 pending=1 failed=0
[2026-09-09T12:19:50+08:00] WAIT qwen3_1.7b train=3549086 state=PENDING
[2026-09-09T12:19:50+08:00] progress done=0/1 pending=1 failed=0
[2026-09-09T12:21:50+08:00] WAIT qwen3_1.7b train=3549086 state=PENDING
[2026-09-09T12:21:50+08:00] progress done=0/1 pending=1 failed=0
[2026-09-09T12:23:50+08:00] WAIT qwen3_1.7b train=3549086 state=PENDING
[2026-09-09T12:23:50+08:00] progress done=0/1 pending=1 failed=0
[2026-09-09T12:25:50+08:00] WAIT qwen3_1.7b train=3549086 state=PENDING
[2026-09-09T12:25:50+08:00] progress done=0/1 pending=1 failed=0
[2026-09-09T12:27:50+08:00] WAIT qwen3_1.7b train=3549086 state=PENDING
[2026-09-09T12:27:50+08:00] progress done=0/1 pending=1 failed=0
[2026-09-09T12:29:50+08:00] WAIT qwen3_1.7b train=3549086 state=PENDING
[2026-09-09T12:29:50+08:00] progress done=0/1 pending=1 failed=0
[2026-09-09T12:31:50+08:00] WAIT qwen3_1.7b train=3549086 state=PENDING
[2026-09-09T12:31:50+08:00] progress done=0/1 pending=1 failed=0
[2026-09-09T12:33:50+08:00] WAIT qwen3_1.7b train=3549086 state=PENDING
[2026-09-09T12:33:50+08:00] progress done=0/1 pending=1 failed=0
[2026-09-09T12:35:50+08:00] WAIT qwen3_1.7b train=3549086 state=PENDING
[2026-09-09T12:35:50+08:00] progress done=0/1 pending=1 failed=0
[2026-09-09T12:37:50+08:00] WAIT qwen3_1.7b train=3549086 state=PENDING
[2026-09-09T12:37:50+08:00] progress done=0/1 pending=1 failed=0
[2026-09-09T12:39:50+08:00] WAIT qwen3_1.7b train=3549086 state=PENDING
[2026-09-09T12:39:50+08:00] progress done=0/1 pending=1 failed=0
[2026-09-09T12:41:50+08:00] WAIT qwen3_1.7b train=3549086 state=PENDING
[2026-09-09T12:41:50+08:00] progress done=0/1 pending=1 failed=0
[2026-09-09T12:43:50+08:00] WAIT qwen3_1.7b train=3549086 state=PENDING
[2026-09-09T12:43:50+08:00] progress done=0/1 pending=1 failed=0
[2026-09-09T12:45:50+08:00] WAIT qwen3_1.7b train=3549086 state=PENDING
[2026-09-09T12:45:50+08:00] progress done=0/1 pending=1 failed=0
[2026-09-09T12:47:50+08:00] WAIT qwen3_1.7b train=3549086 state=PENDING
[2026-09-09T12:47:50+08:00] progress done=0/1 pending=1 failed=0
[2026-09-09T12:49:50+08:00] WAIT qwen3_1.7b train=3549086 state=PENDING
[2026-09-09T12:49:50+08:00] progress done=0/1 pending=1 failed=0
[2026-09-09T12:51:50+08:00] WAIT qwen3_1.7b train=3549086 state=PENDING
[2026-09-09T12:51:50+08:00] progress done=0/1 pending=1 failed=0
[2026-09-09T12:53:50+08:00] WAIT qwen3_1.7b train=3549086 state=PENDING
[2026-09-09T12:53:50+08:00] progress done=0/1 pending=1 failed=0
[2026-09-09T12:55:50+08:00] WAIT qwen3_1.7b train=3549086 state=PENDING
[2026-09-09T12:55:50+08:00] progress done=0/1 pending=1 failed=0
[2026-09-09T12:57:50+08:00] WAIT qwen3_1.7b train=3549086 state=PENDING
[2026-09-09T12:57:50+08:00] progress done=0/1 pending=1 failed=0
[2026-09-09T12:59:50+08:00] WAIT qwen3_1.7b train=3549086 state=PENDING
[2026-09-09T12:59:50+08:00] progress done=0/1 pending=1 failed=0
[2026-09-09T13:01:50+08:00] WAIT qwen3_1.7b train=3549086 state=PENDING
[2026-09-09T13:01:50+08:00] progress done=0/1 pending=1 failed=0
[2026-09-09T13:03:50+08:00] WAIT qwen3_1.7b train=3549086 state=PENDING
[2026-09-09T13:03:50+08:00] progress done=0/1 pending=1 failed=0
[2026-09-09T13:05:50+08:00] WAIT qwen3_1.7b train=3549086 state=PENDING
[2026-09-09T13:05:50+08:00] progress done=0/1 pending=1 failed=0
[2026-09-09T13:07:50+08:00] WAIT qwen3_1.7b train=3549086 state=PENDING
[2026-09-09T13:07:50+08:00] progress done=0/1 pending=1 failed=0
[2026-09-09T13:09:50+08:00] WAIT qwen3_1.7b train=3549086 state=PENDING
[2026-09-09T13:09:50+08:00] progress done=0/1 pending=1 failed=0
[2026-09-09T13:11:50+08:00] WAIT qwen3_1.7b train=3549086 state=PENDING
[2026-09-09T13:11:50+08:00] progress done=0/1 pending=1 failed=0
[2026-09-09T13:13:50+08:00] WAIT qwen3_1.7b train=3549086 state=PENDING
[2026-09-09T13:13:50+08:00] progress done=0/1 pending=1 failed=0
[2026-09-09T13:15:50+08:00] WAIT qwen3_1.7b train=3549086 state=PENDING
[2026-09-09T13:15:50+08:00] progress done=0/1 pending=1 failed=0
[2026-09-09T13:17:50+08:00] WAIT qwen3_1.7b train=3549086 state=PENDING
[2026-09-09T13:17:50+08:00] progress done=0/1 pending=1 failed=0
[2026-09-09T13:19:50+08:00] WAIT qwen3_1.7b train=3549086 state=PENDING
[2026-09-09T13:19:50+08:00] progress done=0/1 pending=1 failed=0
[2026-09-09T13:21:50+08:00] WAIT qwen3_1.7b train=3549086 state=PENDING
[2026-09-09T13:21:50+08:00] progress done=0/1 pending=1 failed=0
[2026-09-09T13:23:50+08:00] WAIT qwen3_1.7b train=3549086 state=PENDING
[2026-09-09T13:23:50+08:00] progress done=0/1 pending=1 failed=0
[2026-09-09T13:25:50+08:00] WAIT qwen3_1.7b train=3549086 state=PENDING
[2026-09-09T13:25:50+08:00] progress done=0/1 pending=1 failed=0
[2026-09-09T13:27:50+08:00] WAIT qwen3_1.7b train=3549086 state=PENDING
[2026-09-09T13:27:50+08:00] progress done=0/1 pending=1 failed=0
[2026-09-09T13:29:50+08:00] WAIT qwen3_1.7b train=3549086 state=PENDING
[2026-09-09T13:29:50+08:00] progress done=0/1 pending=1 failed=0
[2026-09-09T13:31:50+08:00] WAIT qwen3_1.7b train=3549086 state=PENDING
[2026-09-09T13:31:50+08:00] progress done=0/1 pending=1 failed=0
[2026-09-09T13:33:50+08:00] WAIT qwen3_1.7b train=3549086 state=PENDING
[2026-09-09T13:33:50+08:00] progress done=0/1 pending=1 failed=0
[2026-09-09T13:35:50+08:00] WAIT qwen3_1.7b train=3549086 state=PENDING
[2026-09-09T13:35:50+08:00] progress done=0/1 pending=1 failed=0
[2026-09-09T13:37:50+08:00] WAIT qwen3_1.7b train=3549086 state=PENDING
[2026-09-09T13:37:50+08:00] progress done=0/1 pending=1 failed=0
[2026-09-09T13:39:50+08:00] WAIT qwen3_1.7b train=3549086 state=PENDING
[2026-09-09T13:39:50+08:00] progress done=0/1 pending=1 failed=0
[2026-09-09T13:41:50+08:00] WAIT qwen3_1.7b train=3549086 state=PENDING
[2026-09-09T13:41:50+08:00] progress done=0/1 pending=1 failed=0
[2026-09-09T13:43:50+08:00] WAIT qwen3_1.7b train=3549086 state=PENDING
[2026-09-09T13:43:50+08:00] progress done=0/1 pending=1 failed=0
[2026-09-09T13:45:50+08:00] WAIT qwen3_1.7b train=3549086 state=PENDING
[2026-09-09T13:45:50+08:00] progress done=0/1 pending=1 failed=0
[2026-09-09T13:47:50+08:00] WAIT qwen3_1.7b train=3549086 state=PENDING
[2026-09-09T13:47:50+08:00] progress done=0/1 pending=1 failed=0
[2026-09-09T13:49:50+08:00] WAIT qwen3_1.7b train=3549086 state=PENDING
[2026-09-09T13:49:50+08:00] progress done=0/1 pending=1 failed=0
[2026-09-09T13:51:50+08:00] WAIT qwen3_1.7b train=3549086 state=PENDING
[2026-09-09T13:51:50+08:00] progress done=0/1 pending=1 failed=0
[2026-09-09T13:53:50+08:00] WAIT qwen3_1.7b train=3549086 state=PENDING
[2026-09-09T13:53:50+08:00] progress done=0/1 pending=1 failed=0
[2026-09-09T13:55:50+08:00] WAIT qwen3_1.7b train=3549086 state=PENDING
[2026-09-09T13:55:50+08:00] progress done=0/1 pending=1 failed=0
[2026-09-09T13:57:50+08:00] WAIT qwen3_1.7b train=3549086 state=PENDING
[2026-09-09T13:57:50+08:00] progress done=0/1 pending=1 failed=0
[2026-09-09T13:59:50+08:00] WAIT qwen3_1.7b train=3549086 state=PENDING
[2026-09-09T13:59:50+08:00] progress done=0/1 pending=1 failed=0
[2026-09-09T14:01:51+08:00] WAIT qwen3_1.7b train=3549086 state=PENDING
[2026-09-09T14:01:51+08:00] progress done=0/1 pending=1 failed=0
[2026-09-09T14:03:51+08:00] WAIT qwen3_1.7b train=3549086 state=PENDING
[2026-09-09T14:03:51+08:00] progress done=0/1 pending=1 failed=0
[2026-09-09T14:05:51+08:00] WAIT qwen3_1.7b train=3549086 state=PENDING
[2026-09-09T14:05:51+08:00] progress done=0/1 pending=1 failed=0
[2026-09-09T14:07:51+08:00] WAIT qwen3_1.7b train=3549086 state=PENDING
[2026-09-09T14:07:51+08:00] progress done=0/1 pending=1 failed=0
[2026-09-09T14:09:51+08:00] WAIT qwen3_1.7b train=3549086 state=PENDING
[2026-09-09T14:09:51+08:00] progress done=0/1 pending=1 failed=0
[2026-09-09T14:11:51+08:00] WAIT qwen3_1.7b train=3549086 state=PENDING
[2026-09-09T14:11:51+08:00] progress done=0/1 pending=1 failed=0
[2026-09-09T14:13:51+08:00] WAIT qwen3_1.7b train=3549086 state=PENDING
[2026-09-09T14:13:51+08:00] progress done=0/1 pending=1 failed=0
[2026-09-09T14:15:51+08:00] WAIT qwen3_1.7b train=3549086 state=PENDING
[2026-09-09T14:15:51+08:00] progress done=0/1 pending=1 failed=0
[2026-09-09T14:17:51+08:00] WAIT qwen3_1.7b train=3549086 state=PENDING
[2026-09-09T14:17:51+08:00] progress done=0/1 pending=1 failed=0
[2026-09-09T14:19:51+08:00] WAIT qwen3_1.7b train=3549086 state=PENDING
[2026-09-09T14:19:51+08:00] progress done=0/1 pending=1 failed=0
[2026-09-09T14:21:51+08:00] WAIT qwen3_1.7b train=3549086 state=PENDING
[2026-09-09T14:21:51+08:00] progress done=0/1 pending=1 failed=0
[2026-09-09T14:23:51+08:00] WAIT qwen3_1.7b train=3549086 state=PENDING
[2026-09-09T14:23:51+08:00] progress done=0/1 pending=1 failed=0
[2026-09-09T14:25:51+08:00] WAIT qwen3_1.7b train=3549086 state=PENDING
[2026-09-09T14:25:51+08:00] progress done=0/1 pending=1 failed=0
[2026-09-09T14:27:51+08:00] WAIT qwen3_1.7b train=3549086 state=PENDING
[2026-09-09T14:27:51+08:00] progress done=0/1 pending=1 failed=0
[2026-09-09T14:29:51+08:00] WAIT qwen3_1.7b train=3549086 state=PENDING
[2026-09-09T14:29:51+08:00] progress done=0/1 pending=1 failed=0
[2026-09-09T14:31:51+08:00] WAIT qwen3_1.7b train=3549086 state=PENDING
[2026-09-09T14:31:51+08:00] progress done=0/1 pending=1 failed=0
[2026-09-09T14:33:51+08:00] WAIT qwen3_1.7b train=3549086 state=PENDING
[2026-09-09T14:33:51+08:00] progress done=0/1 pending=1 failed=0
[2026-09-09T14:35:51+08:00] WAIT qwen3_1.7b train=3549086 state=PENDING
[2026-09-09T14:35:51+08:00] progress done=0/1 pending=1 failed=0
[2026-09-09T14:37:51+08:00] WAIT qwen3_1.7b train=3549086 state=PENDING
[2026-09-09T14:37:51+08:00] progress done=0/1 pending=1 failed=0
[2026-09-09T14:39:51+08:00] WAIT qwen3_1.7b train=3549086 state=PENDING
[2026-09-09T14:39:51+08:00] progress done=0/1 pending=1 failed=0
[2026-09-09T14:41:51+08:00] WAIT qwen3_1.7b train=3549086 state=PENDING
[2026-09-09T14:41:51+08:00] progress done=0/1 pending=1 failed=0
[2026-09-09T14:43:51+08:00] WAIT qwen3_1.7b train=3549086 state=PENDING
[2026-09-09T14:43:51+08:00] progress done=0/1 pending=1 failed=0
[2026-09-09T14:45:51+08:00] WAIT qwen3_1.7b train=3549086 state=PENDING
[2026-09-09T14:45:51+08:00] progress done=0/1 pending=1 failed=0
[2026-09-09T14:47:51+08:00] WAIT qwen3_1.7b train=3549086 state=PENDING
[2026-09-09T14:47:51+08:00] progress done=0/1 pending=1 failed=0
[2026-09-09T14:49:51+08:00] WAIT qwen3_1.7b train=3549086 state=PENDING
[2026-09-09T14:49:51+08:00] progress done=0/1 pending=1 failed=0
[2026-09-09T14:51:51+08:00] WAIT qwen3_1.7b train=3549086 state=PENDING
[2026-09-09T14:51:51+08:00] progress done=0/1 pending=1 failed=0
[2026-09-09T14:53:51+08:00] WAIT qwen3_1.7b train=3549086 state=PENDING
[2026-09-09T14:53:51+08:00] progress done=0/1 pending=1 failed=0
[2026-09-09T14:55:51+08:00] WAIT qwen3_1.7b train=3549086 state=PENDING
[2026-09-09T14:55:51+08:00] progress done=0/1 pending=1 failed=0
[2026-09-09T14:57:51+08:00] WAIT qwen3_1.7b train=3549086 state=PENDING
[2026-09-09T14:57:51+08:00] progress done=0/1 pending=1 failed=0
[2026-09-09T14:59:51+08:00] WAIT qwen3_1.7b train=3549086 state=PENDING
[2026-09-09T14:59:51+08:00] progress done=0/1 pending=1 failed=0
[2026-09-09T15:01:51+08:00] WAIT qwen3_1.7b train=3549086 state=PENDING
[2026-09-09T15:01:51+08:00] progress done=0/1 pending=1 failed=0
[2026-09-09T15:03:51+08:00] WAIT qwen3_1.7b train=3549086 state=PENDING
[2026-09-09T15:03:51+08:00] progress done=0/1 pending=1 failed=0
[2026-09-09T15:05:51+08:00] WAIT qwen3_1.7b train=3549086 state=PENDING
[2026-09-09T15:05:51+08:00] progress done=0/1 pending=1 failed=0
[2026-09-09T15:07:51+08:00] WAIT qwen3_1.7b train=3549086 state=PENDING
[2026-09-09T15:07:51+08:00] progress done=0/1 pending=1 failed=0
[2026-09-09T15:09:51+08:00] WAIT qwen3_1.7b train=3549086 state=PENDING
[2026-09-09T15:09:51+08:00] progress done=0/1 pending=1 failed=0
[2026-09-09T15:11:51+08:00] WAIT qwen3_1.7b train=3549086 state=PENDING
[2026-09-09T15:11:51+08:00] progress done=0/1 pending=1 failed=0
[2026-09-09T15:13:51+08:00] WAIT qwen3_1.7b train=3549086 state=PENDING
[2026-09-09T15:13:51+08:00] progress done=0/1 pending=1 failed=0
[2026-09-09T15:15:51+08:00] WAIT qwen3_1.7b train=3549086 state=PENDING
[2026-09-09T15:15:51+08:00] progress done=0/1 pending=1 failed=0
[2026-09-09T15:17:51+08:00] WAIT qwen3_1.7b train=3549086 state=PENDING
[2026-09-09T15:17:51+08:00] progress done=0/1 pending=1 failed=0
[2026-09-09T15:19:51+08:00] WAIT qwen3_1.7b train=3549086 state=PENDING
[2026-09-09T15:19:51+08:00] progress done=0/1 pending=1 failed=0
[2026-09-09T15:21:51+08:00] WAIT qwen3_1.7b train=3549086 state=PENDING
[2026-09-09T15:21:51+08:00] progress done=0/1 pending=1 failed=0
[2026-09-09T15:23:51+08:00] WAIT qwen3_1.7b train=3549086 state=PENDING
[2026-09-09T15:23:51+08:00] progress done=0/1 pending=1 failed=0
[2026-09-09T15:25:51+08:00] WAIT qwen3_1.7b train=3549086 state=PENDING
[2026-09-09T15:25:51+08:00] progress done=0/1 pending=1 failed=0
[2026-09-09T15:27:51+08:00] WAIT qwen3_1.7b train=3549086 state=PENDING
[2026-09-09T15:27:51+08:00] progress done=0/1 pending=1 failed=0
[2026-09-09T15:29:51+08:00] WAIT qwen3_1.7b train=3549086 state=PENDING
[2026-09-09T15:29:51+08:00] progress done=0/1 pending=1 failed=0
[2026-09-09T15:31:51+08:00] WAIT qwen3_1.7b train=3549086 state=PENDING
[2026-09-09T15:31:51+08:00] progress done=0/1 pending=1 failed=0
[2026-09-09T15:33:51+08:00] WAIT qwen3_1.7b train=3549086 state=PENDING
[2026-09-09T15:33:51+08:00] progress done=0/1 pending=1 failed=0
[2026-09-09T15:35:51+08:00] WAIT qwen3_1.7b train=3549086 state=PENDING
[2026-09-09T15:35:51+08:00] progress done=0/1 pending=1 failed=0
[2026-09-09T15:37:51+08:00] WAIT qwen3_1.7b train=3549086 state=PENDING
[2026-09-09T15:37:51+08:00] progress done=0/1 pending=1 failed=0
[2026-09-09T15:39:51+08:00] WAIT qwen3_1.7b train=3549086 state=PENDING
[2026-09-09T15:39:51+08:00] progress done=0/1 pending=1 failed=0
[2026-09-09T15:41:51+08:00] WAIT qwen3_1.7b train=3549086 state=PENDING
[2026-09-09T15:41:51+08:00] progress done=0/1 pending=1 failed=0
[2026-09-09T15:43:51+08:00] WAIT qwen3_1.7b train=3549086 state=PENDING
[2026-09-09T15:43:51+08:00] progress done=0/1 pending=1 failed=0
[2026-09-09T15:45:51+08:00] WAIT qwen3_1.7b train=3549086 state=PENDING
[2026-09-09T15:45:51+08:00] progress done=0/1 pending=1 failed=0
[2026-09-09T15:47:51+08:00] WAIT qwen3_1.7b train=3549086 state=PENDING
[2026-09-09T15:47:51+08:00] progress done=0/1 pending=1 failed=0
[2026-09-09T15:49:51+08:00] WAIT qwen3_1.7b train=3549086 state=PENDING
[2026-09-09T15:49:51+08:00] progress done=0/1 pending=1 failed=0
[2026-09-09T15:51:51+08:00] WAIT qwen3_1.7b train=3549086 state=PENDING
[2026-09-09T15:51:51+08:00] progress done=0/1 pending=1 failed=0
[2026-09-09T15:53:51+08:00] WAIT qwen3_1.7b train=3549086 state=PENDING
[2026-09-09T15:53:51+08:00] progress done=0/1 pending=1 failed=0
[2026-09-09T15:55:51+08:00] WAIT qwen3_1.7b train=3549086 state=PENDING
[2026-09-09T15:55:51+08:00] progress done=0/1 pending=1 failed=0
[2026-09-09T15:57:51+08:00] WAIT qwen3_1.7b train=3549086 state=PENDING
[2026-09-09T15:57:51+08:00] progress done=0/1 pending=1 failed=0
[2026-09-09T15:59:51+08:00] WAIT qwen3_1.7b train=3549086 state=PENDING
[2026-09-09T15:59:51+08:00] progress done=0/1 pending=1 failed=0
[2026-09-09T16:01:51+08:00] WAIT qwen3_1.7b train=3549086 state=PENDING
[2026-09-09T16:01:51+08:00] progress done=0/1 pending=1 failed=0
[2026-09-09T16:03:51+08:00] WAIT qwen3_1.7b train=3549086 state=PENDING
[2026-09-09T16:03:51+08:00] progress done=0/1 pending=1 failed=0
[2026-09-09T16:05:51+08:00] WAIT qwen3_1.7b train=3549086 state=PENDING
[2026-09-09T16:05:51+08:00] progress done=0/1 pending=1 failed=0
[2026-09-09T16:07:51+08:00] WAIT qwen3_1.7b train=3549086 state=PENDING
[2026-09-09T16:07:51+08:00] progress done=0/1 pending=1 failed=0
[2026-09-09T16:09:51+08:00] WAIT qwen3_1.7b train=3549086 state=PENDING
[2026-09-09T16:09:51+08:00] progress done=0/1 pending=1 failed=0
[2026-09-09T16:11:51+08:00] WAIT qwen3_1.7b train=3549086 state=PENDING
[2026-09-09T16:11:51+08:00] progress done=0/1 pending=1 failed=0
[2026-09-09T16:13:51+08:00] WAIT qwen3_1.7b train=3549086 state=PENDING
[2026-09-09T16:13:51+08:00] progress done=0/1 pending=1 failed=0
[2026-09-09T16:15:51+08:00] WAIT qwen3_1.7b train=3549086 state=PENDING
[2026-09-09T16:15:51+08:00] progress done=0/1 pending=1 failed=0
[2026-09-09T16:17:51+08:00] WAIT qwen3_1.7b train=3549086 state=PENDING
[2026-09-09T16:17:51+08:00] progress done=0/1 pending=1 failed=0
[2026-09-09T16:19:51+08:00] WAIT qwen3_1.7b train=3549086 state=PENDING
[2026-09-09T16:19:51+08:00] progress done=0/1 pending=1 failed=0
[2026-09-09T16:21:52+08:00] WAIT qwen3_1.7b train=3549086 state=PENDING
[2026-09-09T16:21:52+08:00] progress done=0/1 pending=1 failed=0
[2026-09-09T16:23:52+08:00] WAIT qwen3_1.7b train=3549086 state=PENDING
[2026-09-09T16:23:52+08:00] progress done=0/1 pending=1 failed=0
[2026-09-09T16:25:52+08:00] WAIT qwen3_1.7b train=3549086 state=PENDING
[2026-09-09T16:25:52+08:00] progress done=0/1 pending=1 failed=0
[2026-09-09T16:27:52+08:00] WAIT qwen3_1.7b train=3549086 state=PENDING
[2026-09-09T16:27:52+08:00] progress done=0/1 pending=1 failed=0
[2026-09-09T16:29:52+08:00] WAIT qwen3_1.7b train=3549086 state=PENDING
[2026-09-09T16:29:52+08:00] progress done=0/1 pending=1 failed=0
[2026-09-09T16:31:52+08:00] WAIT qwen3_1.7b train=3549086 state=PENDING
[2026-09-09T16:31:52+08:00] progress done=0/1 pending=1 failed=0
[2026-09-09T16:33:52+08:00] WAIT qwen3_1.7b train=3549086 state=PENDING
[2026-09-09T16:33:52+08:00] progress done=0/1 pending=1 failed=0
[2026-09-09T16:35:52+08:00] WAIT qwen3_1.7b train=3549086 state=PENDING
[2026-09-09T16:35:52+08:00] progress done=0/1 pending=1 failed=0
[2026-09-09T16:37:52+08:00] WAIT qwen3_1.7b train=3549086 state=PENDING
[2026-09-09T16:37:52+08:00] progress done=0/1 pending=1 failed=0
[2026-09-09T16:39:52+08:00] WAIT qwen3_1.7b train=3549086 state=PENDING
[2026-09-09T16:39:52+08:00] progress done=0/1 pending=1 failed=0
[2026-09-09T16:41:52+08:00] WAIT qwen3_1.7b train=3549086 state=PENDING
[2026-09-09T16:41:52+08:00] progress done=0/1 pending=1 failed=0
[2026-09-09T16:43:52+08:00] WAIT qwen3_1.7b train=3549086 state=PENDING
[2026-09-09T16:43:52+08:00] progress done=0/1 pending=1 failed=0
[2026-09-09T16:45:52+08:00] WAIT qwen3_1.7b train=3549086 state=PENDING
[2026-09-09T16:45:52+08:00] progress done=0/1 pending=1 failed=0
[2026-09-09T16:47:52+08:00] WAIT qwen3_1.7b train=3549086 state=PENDING
[2026-09-09T16:47:52+08:00] progress done=0/1 pending=1 failed=0
[2026-09-09T16:49:52+08:00] WAIT qwen3_1.7b train=3549086 state=PENDING
[2026-09-09T16:49:52+08:00] progress done=0/1 pending=1 failed=0
[2026-09-09T16:51:52+08:00] WAIT qwen3_1.7b train=3549086 state=PENDING
[2026-09-09T16:51:52+08:00] progress done=0/1 pending=1 failed=0
[2026-09-09T16:53:52+08:00] WAIT qwen3_1.7b train=3549086 state=PENDING
[2026-09-09T16:53:52+08:00] progress done=0/1 pending=1 failed=0
[2026-09-09T16:55:52+08:00] WAIT qwen3_1.7b train=3549086 state=PENDING
[2026-09-09T16:55:52+08:00] progress done=0/1 pending=1 failed=0
[2026-09-09T16:57:52+08:00] WAIT qwen3_1.7b train=3549086 state=PENDING
[2026-09-09T16:57:52+08:00] progress done=0/1 pending=1 failed=0
[2026-09-09T16:59:52+08:00] WAIT qwen3_1.7b train=3549086 state=PENDING
[2026-09-09T16:59:52+08:00] progress done=0/1 pending=1 failed=0
[2026-09-09T17:01:52+08:00] WAIT qwen3_1.7b train=3549086 state=PENDING
[2026-09-09T17:01:52+08:00] progress done=0/1 pending=1 failed=0
[2026-09-09T17:03:53+08:00] WAIT qwen3_1.7b train=3549086 state=PENDING
[2026-09-09T17:03:53+08:00] progress done=0/1 pending=1 failed=0
[2026-09-09T17:05:53+08:00] WAIT qwen3_1.7b train=3549086 state=PENDING
[2026-09-09T17:05:53+08:00] progress done=0/1 pending=1 failed=0
[2026-09-09T17:07:53+08:00] WAIT qwen3_1.7b train=3549086 state=PENDING
[2026-09-09T17:07:53+08:00] progress done=0/1 pending=1 failed=0
[2026-09-09T17:09:53+08:00] WAIT qwen3_1.7b train=3549086 state=PENDING
[2026-09-09T17:09:53+08:00] progress done=0/1 pending=1 failed=0
[2026-09-09T17:11:53+08:00] WAIT qwen3_1.7b train=3549086 state=PENDING
[2026-09-09T17:11:53+08:00] progress done=0/1 pending=1 failed=0
[2026-09-09T17:13:53+08:00] WAIT qwen3_1.7b train=3549086 state=PENDING
[2026-09-09T17:13:53+08:00] progress done=0/1 pending=1 failed=0
[2026-09-09T17:15:53+08:00] WAIT qwen3_1.7b train=3549086 state=PENDING
[2026-09-09T17:15:53+08:00] progress done=0/1 pending=1 failed=0
[2026-09-09T17:17:53+08:00] WAIT qwen3_1.7b train=3549086 state=PENDING
[2026-09-09T17:17:53+08:00] progress done=0/1 pending=1 failed=0
[2026-09-09T17:19:53+08:00] WAIT qwen3_1.7b train=3549086 state=PENDING
[2026-09-09T17:19:53+08:00] progress done=0/1 pending=1 failed=0
[2026-09-09T17:21:53+08:00] WAIT qwen3_1.7b train=3549086 state=PENDING
[2026-09-09T17:21:53+08:00] progress done=0/1 pending=1 failed=0
[2026-09-09T17:23:53+08:00] WAIT qwen3_1.7b train=3549086 state=PENDING
[2026-09-09T17:23:53+08:00] progress done=0/1 pending=1 failed=0
[2026-09-09T17:25:53+08:00] WAIT qwen3_1.7b train=3549086 state=PENDING
[2026-09-09T17:25:53+08:00] progress done=0/1 pending=1 failed=0
[2026-09-09T17:27:53+08:00] WAIT qwen3_1.7b train=3549086 state=PENDING
[2026-09-09T17:27:53+08:00] progress done=0/1 pending=1 failed=0
[2026-09-09T17:29:53+08:00] WAIT qwen3_1.7b train=3549086 state=PENDING
[2026-09-09T17:29:53+08:00] progress done=0/1 pending=1 failed=0
[2026-09-09T17:31:53+08:00] WAIT qwen3_1.7b train=3549086 state=PENDING
[2026-09-09T17:31:53+08:00] progress done=0/1 pending=1 failed=0
[2026-09-09T17:33:53+08:00] WAIT qwen3_1.7b train=3549086 state=PENDING
[2026-09-09T17:33:53+08:00] progress done=0/1 pending=1 failed=0
[2026-09-09T17:35:53+08:00] WAIT qwen3_1.7b train=3549086 state=PENDING
[2026-09-09T17:35:53+08:00] progress done=0/1 pending=1 failed=0
[2026-09-09T17:37:53+08:00] WAIT qwen3_1.7b train=3549086 state=PENDING
[2026-09-09T17:37:53+08:00] progress done=0/1 pending=1 failed=0
[2026-09-09T17:39:53+08:00] WAIT qwen3_1.7b train=3549086 state=PENDING
[2026-09-09T17:39:53+08:00] progress done=0/1 pending=1 failed=0
[2026-09-09T17:41:53+08:00] WAIT qwen3_1.7b train=3549086 state=RUNNING
[2026-09-09T17:41:53+08:00] progress done=0/1 pending=1 failed=0
[2026-09-09T17:43:53+08:00] WAIT qwen3_1.7b train=3549086 state=RUNNING
[2026-09-09T17:43:53+08:00] progress done=0/1 pending=1 failed=0
[2026-09-09T17:45:53+08:00] WAIT qwen3_1.7b train=3549086 state=RUNNING
[2026-09-09T17:45:53+08:00] progress done=0/1 pending=1 failed=0
[2026-09-09T17:47:53+08:00] WAIT qwen3_1.7b train=3549086 state=RUNNING
[2026-09-09T17:47:53+08:00] progress done=0/1 pending=1 failed=0
[2026-09-09T17:49:53+08:00] WAIT qwen3_1.7b train=3549086 state=RUNNING
[2026-09-09T17:49:53+08:00] progress done=0/1 pending=1 failed=0
[2026-09-09T17:51:53+08:00] WAIT qwen3_1.7b train=3549086 state=RUNNING
[2026-09-09T17:51:53+08:00] progress done=0/1 pending=1 failed=0
[2026-09-09T17:53:53+08:00] WAIT qwen3_1.7b train=3549086 state=RUNNING
[2026-09-09T17:53:53+08:00] progress done=0/1 pending=1 failed=0
[2026-09-09T17:55:53+08:00] WAIT qwen3_1.7b train=3549086 state=RUNNING
[2026-09-09T17:55:53+08:00] progress done=0/1 pending=1 failed=0
[2026-09-09T17:57:53+08:00] WAIT qwen3_1.7b train=3549086 state=RUNNING
[2026-09-09T17:57:53+08:00] progress done=0/1 pending=1 failed=0
[2026-09-09T17:59:53+08:00] WAIT qwen3_1.7b train=3549086 state=RUNNING
[2026-09-09T17:59:53+08:00] progress done=0/1 pending=1 failed=0
[2026-09-09T18:01:53+08:00] WAIT qwen3_1.7b train=3549086 state=RUNNING
[2026-09-09T18:01:53+08:00] progress done=0/1 pending=1 failed=0
[2026-09-09T18:03:53+08:00] WAIT qwen3_1.7b train=3549086 state=RUNNING
[2026-09-09T18:03:53+08:00] progress done=0/1 pending=1 failed=0
[2026-09-09T18:05:53+08:00] WAIT qwen3_1.7b train=3549086 state=RUNNING
[2026-09-09T18:05:53+08:00] progress done=0/1 pending=1 failed=0
[2026-09-09T18:07:53+08:00] WAIT qwen3_1.7b train=3549086 state=RUNNING
[2026-09-09T18:07:53+08:00] progress done=0/1 pending=1 failed=0
[2026-09-09T18:09:53+08:00] WAIT qwen3_1.7b train=3549086 state=RUNNING
[2026-09-09T18:09:53+08:00] progress done=0/1 pending=1 failed=0
[2026-09-09T18:11:53+08:00] FAIL qwen3_1.7b train=3549086 state=FAILED no usable actor ckpt
[2026-09-09T18:11:53+08:00] progress done=0/1 pending=0 failed=1
[2026-09-09T18:11:53+08:00] ALL trains handled (done=0 failed=1); exiting
[2026-09-09T18:11:53+08:00] watch finished
