[watch-slurm] host=a3n05c2 job=3711138
[watch-slurm] manifest=/gpfs/share/home/2501210611/opsd_analysis/OPSD_Analysis/log/train/rl/qwen3_1.7b_think/watch_grpo_latest.tsv
[watch-slurm] interval=120s post_done_wait=90s wait_for_jid=3706469
[2026-09-16T20:10:02+08:00] host=a3n05c2 job=3711138 interval=120s post_wait=90s
[2026-09-16T20:10:02+08:00] manifest=/gpfs/share/home/2501210611/opsd_analysis/OPSD_Analysis/log/train/rl/qwen3_1.7b_think/watch_grpo_latest.tsv rows=1 wait_for_jid=3706469
[2026-09-16T20:10:02+08:00] WAIT qwen3_1.7b train=3678602 state=RUNNING for global_step_100
[2026-09-16T20:10:02+08:00] progress done=0/1 pending=1 failed=0
[2026-09-16T20:12:02+08:00] WAIT qwen3_1.7b train=3678602 state=RUNNING for global_step_100
[2026-09-16T20:12:02+08:00] progress done=0/1 pending=1 failed=0
[2026-09-16T20:14:02+08:00] WAIT qwen3_1.7b train=3678602 state=RUNNING for global_step_100
[2026-09-16T20:14:02+08:00] progress done=0/1 pending=1 failed=0
[2026-09-16T20:16:02+08:00] WAIT qwen3_1.7b train=3678602 state=RUNNING for global_step_100
[2026-09-16T20:16:02+08:00] progress done=0/1 pending=1 failed=0
[2026-09-16T20:18:02+08:00] WAIT qwen3_1.7b train=3678602 state=RUNNING for global_step_100
[2026-09-16T20:18:02+08:00] progress done=0/1 pending=1 failed=0
[2026-09-16T20:20:02+08:00] WAIT qwen3_1.7b train=3678602 state=RUNNING for global_step_100
[2026-09-16T20:20:02+08:00] progress done=0/1 pending=1 failed=0
[2026-09-16T20:22:02+08:00] WAIT qwen3_1.7b train=3678602 state=RUNNING for global_step_100
[2026-09-16T20:22:02+08:00] progress done=0/1 pending=1 failed=0
[2026-09-16T20:24:02+08:00] WAIT qwen3_1.7b train=3678602 state=RUNNING for global_step_100
[2026-09-16T20:24:02+08:00] progress done=0/1 pending=1 failed=0
[2026-09-16T20:26:02+08:00] WAIT qwen3_1.7b train=3678602 state=RUNNING for global_step_100
[2026-09-16T20:26:02+08:00] progress done=0/1 pending=1 failed=0
[2026-09-16T20:28:02+08:00] WAIT qwen3_1.7b train=3678602 state=RUNNING for global_step_100
[2026-09-16T20:28:02+08:00] progress done=0/1 pending=1 failed=0
[2026-09-16T20:30:02+08:00] WAIT qwen3_1.7b train=3678602 state=RUNNING for global_step_100
[2026-09-16T20:30:02+08:00] progress done=0/1 pending=1 failed=0
[2026-09-16T20:32:02+08:00] WAIT qwen3_1.7b train=3678602 state=RUNNING for global_step_100
[2026-09-16T20:32:02+08:00] progress done=0/1 pending=1 failed=0
[2026-09-16T20:34:02+08:00] WAIT qwen3_1.7b train=3678602 state=RUNNING for global_step_100
[2026-09-16T20:34:02+08:00] progress done=0/1 pending=1 failed=0
[2026-09-16T20:36:02+08:00] WAIT qwen3_1.7b train=3678602 state=RUNNING for global_step_100
[2026-09-16T20:36:02+08:00] progress done=0/1 pending=1 failed=0
[2026-09-16T20:38:02+08:00] WAIT qwen3_1.7b train=3678602 state=RUNNING for global_step_100
[2026-09-16T20:38:02+08:00] progress done=0/1 pending=1 failed=0
[2026-09-16T20:40:02+08:00] WAIT qwen3_1.7b train=3678602 state=RUNNING for global_step_100
[2026-09-16T20:40:02+08:00] progress done=0/1 pending=1 failed=0
[2026-09-16T20:42:02+08:00] WAIT qwen3_1.7b train=3678602 state=RUNNING for global_step_100
[2026-09-16T20:42:02+08:00] progress done=0/1 pending=1 failed=0
[2026-09-16T20:44:02+08:00] WAIT qwen3_1.7b train=3678602 state=RUNNING for global_step_100
[2026-09-16T20:44:02+08:00] progress done=0/1 pending=1 failed=0
[2026-09-16T20:46:02+08:00] WAIT qwen3_1.7b train=3678602 state=RUNNING for global_step_100
[2026-09-16T20:46:02+08:00] progress done=0/1 pending=1 failed=0
[2026-09-16T20:48:02+08:00] WAIT qwen3_1.7b train=3678602 state=RUNNING for global_step_100
[2026-09-16T20:48:02+08:00] progress done=0/1 pending=1 failed=0
[2026-09-16T20:50:02+08:00] WAIT qwen3_1.7b train=3678602 state=RUNNING for global_step_100
[2026-09-16T20:50:02+08:00] progress done=0/1 pending=1 failed=0
[2026-09-16T20:52:02+08:00] WAIT qwen3_1.7b train=3678602 state=RUNNING for global_step_100
[2026-09-16T20:52:02+08:00] progress done=0/1 pending=1 failed=0
[2026-09-16T20:54:02+08:00] WAIT qwen3_1.7b train=3678602 state=RUNNING for global_step_100
[2026-09-16T20:54:02+08:00] progress done=0/1 pending=1 failed=0
[2026-09-16T20:56:02+08:00] WAIT qwen3_1.7b train=3678602 state=RUNNING for global_step_100
[2026-09-16T20:56:02+08:00] progress done=0/1 pending=1 failed=0
[2026-09-16T20:58:02+08:00] WAIT qwen3_1.7b train=3678602 state=RUNNING for global_step_100
[2026-09-16T20:58:02+08:00] progress done=0/1 pending=1 failed=0
[2026-09-16T21:00:02+08:00] WAIT qwen3_1.7b train=3678602 state=RUNNING for global_step_100
[2026-09-16T21:00:02+08:00] progress done=0/1 pending=1 failed=0
[2026-09-16T21:02:02+08:00] WAIT qwen3_1.7b train=3678602 state=RUNNING for global_step_100
[2026-09-16T21:02:02+08:00] progress done=0/1 pending=1 failed=0
[2026-09-16T21:04:02+08:00] WAIT qwen3_1.7b train=3678602 state=RUNNING for global_step_100
[2026-09-16T21:04:02+08:00] progress done=0/1 pending=1 failed=0
[2026-09-16T21:06:02+08:00] WAIT qwen3_1.7b train=3678602 state=RUNNING for global_step_100
[2026-09-16T21:06:02+08:00] progress done=0/1 pending=1 failed=0
[2026-09-16T21:08:02+08:00] WAIT qwen3_1.7b train=3678602 state=RUNNING for global_step_100
[2026-09-16T21:08:02+08:00] progress done=0/1 pending=1 failed=0
[2026-09-16T21:10:02+08:00] WAIT qwen3_1.7b train=3678602 state=RUNNING for global_step_100
[2026-09-16T21:10:02+08:00] progress done=0/1 pending=1 failed=0
[2026-09-16T21:12:02+08:00] WAIT qwen3_1.7b train=3678602 state=RUNNING for global_step_100
[2026-09-16T21:12:02+08:00] progress done=0/1 pending=1 failed=0
[2026-09-16T21:14:02+08:00] WAIT qwen3_1.7b train=3678602 state=RUNNING for global_step_100
[2026-09-16T21:14:02+08:00] progress done=0/1 pending=1 failed=0
[2026-09-16T21:16:02+08:00] WAIT qwen3_1.7b train=3678602 state=RUNNING for global_step_100
[2026-09-16T21:16:02+08:00] progress done=0/1 pending=1 failed=0
[2026-09-16T21:18:02+08:00] WAIT qwen3_1.7b train=3678602 state=RUNNING for global_step_100
[2026-09-16T21:18:02+08:00] progress done=0/1 pending=1 failed=0
[2026-09-16T21:20:02+08:00] WAIT qwen3_1.7b train=3678602 state=RUNNING for global_step_100
[2026-09-16T21:20:02+08:00] progress done=0/1 pending=1 failed=0
[2026-09-16T21:22:02+08:00] WAIT qwen3_1.7b train=3678602 state=RUNNING for global_step_100
[2026-09-16T21:22:02+08:00] progress done=0/1 pending=1 failed=0
[2026-09-16T21:24:02+08:00] WAIT qwen3_1.7b train=3678602 state=RUNNING for global_step_100
[2026-09-16T21:24:02+08:00] progress done=0/1 pending=1 failed=0
slurmstepd: error: *** JOB 3711138 ON a3n05c2 CANCELLED AT 2026-09-16T21:25:46 ***
