[watch-slurm] host=a2n17c4 job=3702984
[watch-slurm] manifest=/gpfs/share/home/2501210611/opsd_analysis/OPSD_Analysis/log/train/rl/qwen3_1.7b_think/watch_grpo_latest.tsv
[watch-slurm] interval=120s post_done_wait=90s
[2026-09-16T12:29:14+08:00] host=a2n17c4 job=3702984 interval=120s post_wait=90s
[2026-09-16T12:29:14+08:00] manifest=/gpfs/share/home/2501210611/opsd_analysis/OPSD_Analysis/log/train/rl/qwen3_1.7b_think/watch_grpo_latest.tsv rows=1
[2026-09-16T12:29:14+08:00] WAIT qwen3_1.7b train=3678602 state=RUNNING for global_step_100
[2026-09-16T12:29:14+08:00] progress done=0/1 pending=1 failed=0
[2026-09-16T12:31:14+08:00] WAIT qwen3_1.7b train=3678602 state=RUNNING for global_step_100
[2026-09-16T12:31:14+08:00] progress done=0/1 pending=1 failed=0
[2026-09-16T12:33:14+08:00] WAIT qwen3_1.7b train=3678602 state=RUNNING for global_step_100
[2026-09-16T12:33:14+08:00] progress done=0/1 pending=1 failed=0
[2026-09-16T12:35:14+08:00] WAIT qwen3_1.7b train=3678602 state=RUNNING for global_step_100
[2026-09-16T12:35:14+08:00] progress done=0/1 pending=1 failed=0
[2026-09-16T12:37:14+08:00] WAIT qwen3_1.7b train=3678602 state=RUNNING for global_step_100
[2026-09-16T12:37:14+08:00] progress done=0/1 pending=1 failed=0
[2026-09-16T12:39:14+08:00] WAIT qwen3_1.7b train=3678602 state=RUNNING for global_step_100
[2026-09-16T12:39:14+08:00] progress done=0/1 pending=1 failed=0
[2026-09-16T12:41:14+08:00] WAIT qwen3_1.7b train=3678602 state=RUNNING for global_step_100
[2026-09-16T12:41:14+08:00] progress done=0/1 pending=1 failed=0
[2026-09-16T12:43:14+08:00] WAIT qwen3_1.7b train=3678602 state=RUNNING for global_step_100
[2026-09-16T12:43:14+08:00] progress done=0/1 pending=1 failed=0
[2026-09-16T12:45:14+08:00] WAIT qwen3_1.7b train=3678602 state=RUNNING for global_step_100
[2026-09-16T12:45:14+08:00] progress done=0/1 pending=1 failed=0
[2026-09-16T12:47:14+08:00] WAIT qwen3_1.7b train=3678602 state=RUNNING for global_step_100
[2026-09-16T12:47:14+08:00] progress done=0/1 pending=1 failed=0
[2026-09-16T12:49:14+08:00] WAIT qwen3_1.7b train=3678602 state=RUNNING for global_step_100
[2026-09-16T12:49:14+08:00] progress done=0/1 pending=1 failed=0
[2026-09-16T12:51:14+08:00] WAIT qwen3_1.7b train=3678602 state=RUNNING for global_step_100
[2026-09-16T12:51:14+08:00] progress done=0/1 pending=1 failed=0
[2026-09-16T12:53:14+08:00] WAIT qwen3_1.7b train=3678602 state=RUNNING for global_step_100
[2026-09-16T12:53:14+08:00] progress done=0/1 pending=1 failed=0
[2026-09-16T12:55:14+08:00] WAIT qwen3_1.7b train=3678602 state=RUNNING for global_step_100
[2026-09-16T12:55:14+08:00] progress done=0/1 pending=1 failed=0
[2026-09-16T12:57:14+08:00] WAIT qwen3_1.7b train=3678602 state=RUNNING for global_step_100
[2026-09-16T12:57:14+08:00] progress done=0/1 pending=1 failed=0
[2026-09-16T12:59:14+08:00] WAIT qwen3_1.7b train=3678602 state=RUNNING for global_step_100
[2026-09-16T12:59:14+08:00] progress done=0/1 pending=1 failed=0
[2026-09-16T13:01:14+08:00] WAIT qwen3_1.7b train=3678602 state=RUNNING for global_step_100
[2026-09-16T13:01:14+08:00] progress done=0/1 pending=1 failed=0
[2026-09-16T13:03:14+08:00] WAIT qwen3_1.7b train=3678602 state=RUNNING for global_step_100
[2026-09-16T13:03:14+08:00] progress done=0/1 pending=1 failed=0
[2026-09-16T13:05:14+08:00] WAIT qwen3_1.7b train=3678602 state=RUNNING for global_step_100
[2026-09-16T13:05:14+08:00] progress done=0/1 pending=1 failed=0
[2026-09-16T13:07:14+08:00] WAIT qwen3_1.7b train=3678602 state=RUNNING for global_step_100
[2026-09-16T13:07:14+08:00] progress done=0/1 pending=1 failed=0
[2026-09-16T13:09:14+08:00] WAIT qwen3_1.7b train=3678602 state=RUNNING for global_step_100
[2026-09-16T13:09:14+08:00] progress done=0/1 pending=1 failed=0
[2026-09-16T13:11:14+08:00] WAIT qwen3_1.7b train=3678602 state=RUNNING for global_step_100
[2026-09-16T13:11:14+08:00] progress done=0/1 pending=1 failed=0
[2026-09-16T13:13:14+08:00] WAIT qwen3_1.7b train=3678602 state=RUNNING for global_step_100
[2026-09-16T13:13:14+08:00] progress done=0/1 pending=1 failed=0
[2026-09-16T13:15:14+08:00] WAIT qwen3_1.7b train=3678602 state=RUNNING for global_step_100
[2026-09-16T13:15:14+08:00] progress done=0/1 pending=1 failed=0
[2026-09-16T13:17:14+08:00] WAIT qwen3_1.7b train=3678602 state=RUNNING for global_step_100
[2026-09-16T13:17:14+08:00] progress done=0/1 pending=1 failed=0
[2026-09-16T13:19:14+08:00] WAIT qwen3_1.7b train=3678602 state=RUNNING for global_step_100
[2026-09-16T13:19:14+08:00] progress done=0/1 pending=1 failed=0
[2026-09-16T13:21:14+08:00] WAIT qwen3_1.7b train=3678602 state=RUNNING for global_step_100
[2026-09-16T13:21:14+08:00] progress done=0/1 pending=1 failed=0
[2026-09-16T13:23:14+08:00] WAIT qwen3_1.7b train=3678602 state=RUNNING for global_step_100
[2026-09-16T13:23:14+08:00] progress done=0/1 pending=1 failed=0
[2026-09-16T13:25:14+08:00] WAIT qwen3_1.7b train=3678602 state=RUNNING for global_step_100
[2026-09-16T13:25:14+08:00] progress done=0/1 pending=1 failed=0
[2026-09-16T13:27:14+08:00] WAIT qwen3_1.7b train=3678602 state=RUNNING for global_step_100
[2026-09-16T13:27:14+08:00] progress done=0/1 pending=1 failed=0
[2026-09-16T13:29:14+08:00] WAIT qwen3_1.7b train=3678602 state=RUNNING for global_step_100
[2026-09-16T13:29:14+08:00] progress done=0/1 pending=1 failed=0
[2026-09-16T13:31:14+08:00] WAIT qwen3_1.7b train=3678602 state=RUNNING for global_step_100
[2026-09-16T13:31:14+08:00] progress done=0/1 pending=1 failed=0
[2026-09-16T13:33:14+08:00] WAIT qwen3_1.7b train=3678602 state=RUNNING for global_step_100
[2026-09-16T13:33:14+08:00] progress done=0/1 pending=1 failed=0
[2026-09-16T13:35:14+08:00] WAIT qwen3_1.7b train=3678602 state=RUNNING for global_step_100
[2026-09-16T13:35:14+08:00] progress done=0/1 pending=1 failed=0
[2026-09-16T13:37:14+08:00] WAIT qwen3_1.7b train=3678602 state=RUNNING for global_step_100
[2026-09-16T13:37:14+08:00] progress done=0/1 pending=1 failed=0
[2026-09-16T13:39:14+08:00] WAIT qwen3_1.7b train=3678602 state=RUNNING for global_step_100
[2026-09-16T13:39:14+08:00] progress done=0/1 pending=1 failed=0
[2026-09-16T13:41:14+08:00] WAIT qwen3_1.7b train=3678602 state=RUNNING for global_step_100
[2026-09-16T13:41:14+08:00] progress done=0/1 pending=1 failed=0
[2026-09-16T13:43:14+08:00] WAIT qwen3_1.7b train=3678602 state=RUNNING for global_step_100
[2026-09-16T13:43:14+08:00] progress done=0/1 pending=1 failed=0
[2026-09-16T13:45:14+08:00] WAIT qwen3_1.7b train=3678602 state=RUNNING for global_step_100
[2026-09-16T13:45:14+08:00] progress done=0/1 pending=1 failed=0
[2026-09-16T13:47:14+08:00] WAIT qwen3_1.7b train=3678602 state=RUNNING for global_step_100
[2026-09-16T13:47:14+08:00] progress done=0/1 pending=1 failed=0
[2026-09-16T13:49:14+08:00] WAIT qwen3_1.7b train=3678602 state=RUNNING for global_step_100
[2026-09-16T13:49:14+08:00] progress done=0/1 pending=1 failed=0
[2026-09-16T13:51:14+08:00] WAIT qwen3_1.7b train=3678602 state=RUNNING for global_step_100
[2026-09-16T13:51:14+08:00] progress done=0/1 pending=1 failed=0
[2026-09-16T13:53:14+08:00] WAIT qwen3_1.7b train=3678602 state=RUNNING for global_step_100
[2026-09-16T13:53:14+08:00] progress done=0/1 pending=1 failed=0
[2026-09-16T13:55:14+08:00] WAIT qwen3_1.7b train=3678602 state=RUNNING for global_step_100
[2026-09-16T13:55:14+08:00] progress done=0/1 pending=1 failed=0
[2026-09-16T13:57:14+08:00] WAIT qwen3_1.7b train=3678602 state=RUNNING for global_step_100
[2026-09-16T13:57:14+08:00] progress done=0/1 pending=1 failed=0
[2026-09-16T13:59:14+08:00] WAIT qwen3_1.7b train=3678602 state=RUNNING for global_step_100
[2026-09-16T13:59:14+08:00] progress done=0/1 pending=1 failed=0
[2026-09-16T14:01:14+08:00] WAIT qwen3_1.7b train=3678602 state=RUNNING for global_step_100
[2026-09-16T14:01:14+08:00] progress done=0/1 pending=1 failed=0
[2026-09-16T14:03:14+08:00] WAIT qwen3_1.7b train=3678602 state=RUNNING for global_step_100
[2026-09-16T14:03:14+08:00] progress done=0/1 pending=1 failed=0
[2026-09-16T14:05:14+08:00] WAIT qwen3_1.7b train=3678602 state=RUNNING for global_step_100
[2026-09-16T14:05:14+08:00] progress done=0/1 pending=1 failed=0
[2026-09-16T14:07:14+08:00] WAIT qwen3_1.7b train=3678602 state=RUNNING for global_step_100
[2026-09-16T14:07:14+08:00] progress done=0/1 pending=1 failed=0
[2026-09-16T14:09:14+08:00] WAIT qwen3_1.7b train=3678602 state=RUNNING for global_step_100
[2026-09-16T14:09:14+08:00] progress done=0/1 pending=1 failed=0
[2026-09-16T14:11:14+08:00] WAIT qwen3_1.7b train=3678602 state=RUNNING for global_step_100
[2026-09-16T14:11:14+08:00] progress done=0/1 pending=1 failed=0
[2026-09-16T14:13:14+08:00] WAIT qwen3_1.7b train=3678602 state=RUNNING for global_step_100
[2026-09-16T14:13:14+08:00] progress done=0/1 pending=1 failed=0
[2026-09-16T14:15:14+08:00] WAIT qwen3_1.7b train=3678602 state=RUNNING for global_step_100
[2026-09-16T14:15:14+08:00] progress done=0/1 pending=1 failed=0
[2026-09-16T14:17:14+08:00] WAIT qwen3_1.7b train=3678602 state=RUNNING for global_step_100
[2026-09-16T14:17:14+08:00] progress done=0/1 pending=1 failed=0
[2026-09-16T14:19:14+08:00] WAIT qwen3_1.7b train=3678602 state=RUNNING for global_step_100
[2026-09-16T14:19:14+08:00] progress done=0/1 pending=1 failed=0
[2026-09-16T14:21:14+08:00] WAIT qwen3_1.7b train=3678602 state=RUNNING for global_step_100
[2026-09-16T14:21:14+08:00] progress done=0/1 pending=1 failed=0
[2026-09-16T14:23:14+08:00] WAIT qwen3_1.7b train=3678602 state=RUNNING for global_step_100
[2026-09-16T14:23:14+08:00] progress done=0/1 pending=1 failed=0
[2026-09-16T14:25:14+08:00] WAIT qwen3_1.7b train=3678602 state=RUNNING for global_step_100
[2026-09-16T14:25:14+08:00] progress done=0/1 pending=1 failed=0
[2026-09-16T14:27:14+08:00] WAIT qwen3_1.7b train=3678602 state=RUNNING for global_step_100
[2026-09-16T14:27:14+08:00] progress done=0/1 pending=1 failed=0
[2026-09-16T14:29:14+08:00] WAIT qwen3_1.7b train=3678602 state=RUNNING for global_step_100
[2026-09-16T14:29:14+08:00] progress done=0/1 pending=1 failed=0
[2026-09-16T14:31:14+08:00] WAIT qwen3_1.7b train=3678602 state=RUNNING for global_step_100
[2026-09-16T14:31:14+08:00] progress done=0/1 pending=1 failed=0
[2026-09-16T14:33:15+08:00] WAIT qwen3_1.7b train=3678602 state=RUNNING for global_step_100
[2026-09-16T14:33:15+08:00] progress done=0/1 pending=1 failed=0
[2026-09-16T14:35:15+08:00] WAIT qwen3_1.7b train=3678602 state=RUNNING for global_step_100
[2026-09-16T14:35:15+08:00] progress done=0/1 pending=1 failed=0
[2026-09-16T14:37:15+08:00] WAIT qwen3_1.7b train=3678602 state=RUNNING for global_step_100
[2026-09-16T14:37:15+08:00] progress done=0/1 pending=1 failed=0
[2026-09-16T14:39:15+08:00] WAIT qwen3_1.7b train=3678602 state=RUNNING for global_step_100
[2026-09-16T14:39:15+08:00] progress done=0/1 pending=1 failed=0
[2026-09-16T14:41:15+08:00] WAIT qwen3_1.7b train=3678602 state=RUNNING for global_step_100
[2026-09-16T14:41:15+08:00] progress done=0/1 pending=1 failed=0
[2026-09-16T14:43:15+08:00] WAIT qwen3_1.7b train=3678602 state=RUNNING for global_step_100
[2026-09-16T14:43:15+08:00] progress done=0/1 pending=1 failed=0
[2026-09-16T14:45:15+08:00] WAIT qwen3_1.7b train=3678602 state=RUNNING for global_step_100
[2026-09-16T14:45:15+08:00] progress done=0/1 pending=1 failed=0
[2026-09-16T14:47:15+08:00] WAIT qwen3_1.7b train=3678602 state=RUNNING for global_step_100
[2026-09-16T14:47:15+08:00] progress done=0/1 pending=1 failed=0
[2026-09-16T14:49:15+08:00] WAIT qwen3_1.7b train=3678602 state=RUNNING for global_step_100
[2026-09-16T14:49:15+08:00] progress done=0/1 pending=1 failed=0
[2026-09-16T14:51:15+08:00] WAIT qwen3_1.7b train=3678602 state=RUNNING for global_step_100
[2026-09-16T14:51:15+08:00] progress done=0/1 pending=1 failed=0
[2026-09-16T14:53:15+08:00] WAIT qwen3_1.7b train=3678602 state=RUNNING for global_step_100
[2026-09-16T14:53:15+08:00] progress done=0/1 pending=1 failed=0
[2026-09-16T14:55:15+08:00] WAIT qwen3_1.7b train=3678602 state=RUNNING for global_step_100
[2026-09-16T14:55:15+08:00] progress done=0/1 pending=1 failed=0
[2026-09-16T14:57:15+08:00] WAIT qwen3_1.7b train=3678602 state=RUNNING for global_step_100
[2026-09-16T14:57:15+08:00] progress done=0/1 pending=1 failed=0
[2026-09-16T14:59:15+08:00] WAIT qwen3_1.7b train=3678602 state=RUNNING for global_step_100
[2026-09-16T14:59:15+08:00] progress done=0/1 pending=1 failed=0
[2026-09-16T15:01:15+08:00] WAIT qwen3_1.7b train=3678602 state=RUNNING for global_step_100
[2026-09-16T15:01:15+08:00] progress done=0/1 pending=1 failed=0
[2026-09-16T15:03:15+08:00] WAIT qwen3_1.7b train=3678602 state=RUNNING for global_step_100
[2026-09-16T15:03:15+08:00] progress done=0/1 pending=1 failed=0
[2026-09-16T15:05:15+08:00] WAIT qwen3_1.7b train=3678602 state=RUNNING for global_step_100
[2026-09-16T15:05:15+08:00] progress done=0/1 pending=1 failed=0
[2026-09-16T15:07:15+08:00] WAIT qwen3_1.7b train=3678602 state=RUNNING for global_step_100
[2026-09-16T15:07:15+08:00] progress done=0/1 pending=1 failed=0
[2026-09-16T15:09:15+08:00] WAIT qwen3_1.7b train=3678602 state=RUNNING for global_step_100
[2026-09-16T15:09:15+08:00] progress done=0/1 pending=1 failed=0
[2026-09-16T15:11:15+08:00] WAIT qwen3_1.7b train=3678602 state=RUNNING for global_step_100
[2026-09-16T15:11:15+08:00] progress done=0/1 pending=1 failed=0
[2026-09-16T15:13:15+08:00] WAIT qwen3_1.7b train=3678602 state=RUNNING for global_step_100
[2026-09-16T15:13:15+08:00] progress done=0/1 pending=1 failed=0
[2026-09-16T15:15:15+08:00] WAIT qwen3_1.7b train=3678602 state=RUNNING for global_step_100
[2026-09-16T15:15:15+08:00] progress done=0/1 pending=1 failed=0
[2026-09-16T15:17:15+08:00] WAIT qwen3_1.7b train=3678602 state=RUNNING for global_step_100
[2026-09-16T15:17:15+08:00] progress done=0/1 pending=1 failed=0
[2026-09-16T15:19:15+08:00] WAIT qwen3_1.7b train=3678602 state=RUNNING for global_step_100
[2026-09-16T15:19:15+08:00] progress done=0/1 pending=1 failed=0
[2026-09-16T15:21:15+08:00] WAIT qwen3_1.7b train=3678602 state=RUNNING for global_step_100
[2026-09-16T15:21:15+08:00] progress done=0/1 pending=1 failed=0
[2026-09-16T15:23:15+08:00] WAIT qwen3_1.7b train=3678602 state=RUNNING for global_step_100
[2026-09-16T15:23:15+08:00] progress done=0/1 pending=1 failed=0
[2026-09-16T15:25:15+08:00] WAIT qwen3_1.7b train=3678602 state=RUNNING for global_step_100
[2026-09-16T15:25:15+08:00] progress done=0/1 pending=1 failed=0
[2026-09-16T15:27:15+08:00] WAIT qwen3_1.7b train=3678602 state=RUNNING for global_step_100
[2026-09-16T15:27:16+08:00] progress done=0/1 pending=1 failed=0
[2026-09-16T15:29:16+08:00] WAIT qwen3_1.7b train=3678602 state=RUNNING for global_step_100
[2026-09-16T15:29:16+08:00] progress done=0/1 pending=1 failed=0
[2026-09-16T15:31:16+08:00] WAIT qwen3_1.7b train=3678602 state=RUNNING for global_step_100
[2026-09-16T15:31:16+08:00] progress done=0/1 pending=1 failed=0
[2026-09-16T15:33:16+08:00] WAIT qwen3_1.7b train=3678602 state=RUNNING for global_step_100
[2026-09-16T15:33:16+08:00] progress done=0/1 pending=1 failed=0
[2026-09-16T15:35:16+08:00] WAIT qwen3_1.7b train=3678602 state=RUNNING for global_step_100
[2026-09-16T15:35:16+08:00] progress done=0/1 pending=1 failed=0
[2026-09-16T15:37:16+08:00] WAIT qwen3_1.7b train=3678602 state=RUNNING for global_step_100
[2026-09-16T15:37:16+08:00] progress done=0/1 pending=1 failed=0
[2026-09-16T15:39:16+08:00] WAIT qwen3_1.7b train=3678602 state=RUNNING for global_step_100
[2026-09-16T15:39:16+08:00] progress done=0/1 pending=1 failed=0
[2026-09-16T15:41:16+08:00] WAIT qwen3_1.7b train=3678602 state=RUNNING for global_step_100
[2026-09-16T15:41:16+08:00] progress done=0/1 pending=1 failed=0
[2026-09-16T15:43:16+08:00] WAIT qwen3_1.7b train=3678602 state=RUNNING for global_step_100
[2026-09-16T15:43:16+08:00] progress done=0/1 pending=1 failed=0
[2026-09-16T15:45:16+08:00] WAIT qwen3_1.7b train=3678602 state=RUNNING for global_step_100
[2026-09-16T15:45:16+08:00] progress done=0/1 pending=1 failed=0
[2026-09-16T15:47:16+08:00] WAIT qwen3_1.7b train=3678602 state=RUNNING for global_step_100
[2026-09-16T15:47:16+08:00] progress done=0/1 pending=1 failed=0
[2026-09-16T15:49:16+08:00] WAIT qwen3_1.7b train=3678602 state=RUNNING for global_step_100
[2026-09-16T15:49:16+08:00] progress done=0/1 pending=1 failed=0
[2026-09-16T15:51:16+08:00] WAIT qwen3_1.7b train=3678602 state=RUNNING for global_step_100
[2026-09-16T15:51:16+08:00] progress done=0/1 pending=1 failed=0
[2026-09-16T15:53:16+08:00] WAIT qwen3_1.7b train=3678602 state=RUNNING for global_step_100
[2026-09-16T15:53:16+08:00] progress done=0/1 pending=1 failed=0
[2026-09-16T15:55:16+08:00] WAIT qwen3_1.7b train=3678602 state=RUNNING for global_step_100
[2026-09-16T15:55:16+08:00] progress done=0/1 pending=1 failed=0
[2026-09-16T15:57:16+08:00] WAIT qwen3_1.7b train=3678602 state=RUNNING for global_step_100
[2026-09-16T15:57:16+08:00] progress done=0/1 pending=1 failed=0
[2026-09-16T15:59:16+08:00] WAIT qwen3_1.7b train=3678602 state=RUNNING for global_step_100
[2026-09-16T15:59:16+08:00] progress done=0/1 pending=1 failed=0
[2026-09-16T16:01:16+08:00] WAIT qwen3_1.7b train=3678602 state=RUNNING for global_step_100
[2026-09-16T16:01:16+08:00] progress done=0/1 pending=1 failed=0
[2026-09-16T16:03:16+08:00] WAIT qwen3_1.7b train=3678602 state=RUNNING for global_step_100
[2026-09-16T16:03:16+08:00] progress done=0/1 pending=1 failed=0
[2026-09-16T16:05:16+08:00] WAIT qwen3_1.7b train=3678602 state=RUNNING for global_step_100
[2026-09-16T16:05:16+08:00] progress done=0/1 pending=1 failed=0
[2026-09-16T16:07:16+08:00] WAIT qwen3_1.7b train=3678602 state=RUNNING for global_step_100
[2026-09-16T16:07:16+08:00] progress done=0/1 pending=1 failed=0
[2026-09-16T16:09:16+08:00] WAIT qwen3_1.7b train=3678602 state=RUNNING for global_step_100
[2026-09-16T16:09:16+08:00] progress done=0/1 pending=1 failed=0
[2026-09-16T16:11:16+08:00] WAIT qwen3_1.7b train=3678602 state=RUNNING for global_step_100
[2026-09-16T16:11:16+08:00] progress done=0/1 pending=1 failed=0
[2026-09-16T16:13:16+08:00] WAIT qwen3_1.7b train=3678602 state=RUNNING for global_step_100
[2026-09-16T16:13:16+08:00] progress done=0/1 pending=1 failed=0
[2026-09-16T16:15:16+08:00] WAIT qwen3_1.7b train=3678602 state=RUNNING for global_step_100
[2026-09-16T16:15:16+08:00] progress done=0/1 pending=1 failed=0
[2026-09-16T16:17:16+08:00] WAIT qwen3_1.7b train=3678602 state=RUNNING for global_step_100
[2026-09-16T16:17:16+08:00] progress done=0/1 pending=1 failed=0
[2026-09-16T16:19:16+08:00] WAIT qwen3_1.7b train=3678602 state=RUNNING for global_step_100
[2026-09-16T16:19:16+08:00] progress done=0/1 pending=1 failed=0
[2026-09-16T16:21:16+08:00] WAIT qwen3_1.7b train=3678602 state=RUNNING for global_step_100
[2026-09-16T16:21:16+08:00] progress done=0/1 pending=1 failed=0
[2026-09-16T16:23:16+08:00] WAIT qwen3_1.7b train=3678602 state=RUNNING for global_step_100
[2026-09-16T16:23:16+08:00] progress done=0/1 pending=1 failed=0
[2026-09-16T16:25:16+08:00] WAIT qwen3_1.7b train=3678602 state=RUNNING for global_step_100
[2026-09-16T16:25:16+08:00] progress done=0/1 pending=1 failed=0
[2026-09-16T16:27:16+08:00] WAIT qwen3_1.7b train=3678602 state=RUNNING for global_step_100
[2026-09-16T16:27:16+08:00] progress done=0/1 pending=1 failed=0
[2026-09-16T16:29:16+08:00] WAIT qwen3_1.7b train=3678602 state=RUNNING for global_step_100
[2026-09-16T16:29:16+08:00] progress done=0/1 pending=1 failed=0
[2026-09-16T16:31:16+08:00] WAIT qwen3_1.7b train=3678602 state=RUNNING for global_step_100
[2026-09-16T16:31:16+08:00] progress done=0/1 pending=1 failed=0
[2026-09-16T16:33:16+08:00] WAIT qwen3_1.7b train=3678602 state=RUNNING for global_step_100
[2026-09-16T16:33:16+08:00] progress done=0/1 pending=1 failed=0
[2026-09-16T16:35:16+08:00] WAIT qwen3_1.7b train=3678602 state=RUNNING for global_step_100
[2026-09-16T16:35:16+08:00] progress done=0/1 pending=1 failed=0
[2026-09-16T16:37:16+08:00] WAIT qwen3_1.7b train=3678602 state=RUNNING for global_step_100
[2026-09-16T16:37:16+08:00] progress done=0/1 pending=1 failed=0
[2026-09-16T16:39:16+08:00] WAIT qwen3_1.7b train=3678602 state=RUNNING for global_step_100
[2026-09-16T16:39:16+08:00] progress done=0/1 pending=1 failed=0
[2026-09-16T16:41:16+08:00] WAIT qwen3_1.7b train=3678602 state=RUNNING for global_step_100
[2026-09-16T16:41:16+08:00] progress done=0/1 pending=1 failed=0
[2026-09-16T16:43:16+08:00] WAIT qwen3_1.7b train=3678602 state=RUNNING for global_step_100
[2026-09-16T16:43:16+08:00] progress done=0/1 pending=1 failed=0
[2026-09-16T16:45:16+08:00] WAIT qwen3_1.7b train=3678602 state=RUNNING for global_step_100
[2026-09-16T16:45:16+08:00] progress done=0/1 pending=1 failed=0
[2026-09-16T16:47:16+08:00] WAIT qwen3_1.7b train=3678602 state=RUNNING for global_step_100
[2026-09-16T16:47:16+08:00] progress done=0/1 pending=1 failed=0
[2026-09-16T16:49:16+08:00] WAIT qwen3_1.7b train=3678602 state=RUNNING for global_step_100
[2026-09-16T16:49:16+08:00] progress done=0/1 pending=1 failed=0
[2026-09-16T16:51:16+08:00] WAIT qwen3_1.7b train=3678602 state=RUNNING for global_step_100
[2026-09-16T16:51:16+08:00] progress done=0/1 pending=1 failed=0
[2026-09-16T16:53:16+08:00] WAIT qwen3_1.7b train=3678602 state=RUNNING for global_step_100
[2026-09-16T16:53:16+08:00] progress done=0/1 pending=1 failed=0
[2026-09-16T16:55:16+08:00] WAIT qwen3_1.7b train=3678602 state=RUNNING for global_step_100
[2026-09-16T16:55:16+08:00] progress done=0/1 pending=1 failed=0
[2026-09-16T16:57:16+08:00] WAIT qwen3_1.7b train=3678602 state=RUNNING for global_step_100
[2026-09-16T16:57:16+08:00] progress done=0/1 pending=1 failed=0
[2026-09-16T16:59:16+08:00] WAIT qwen3_1.7b train=3678602 state=RUNNING for global_step_100
[2026-09-16T16:59:16+08:00] progress done=0/1 pending=1 failed=0
[2026-09-16T17:01:16+08:00] WAIT qwen3_1.7b train=3678602 state=RUNNING for global_step_100
[2026-09-16T17:01:16+08:00] progress done=0/1 pending=1 failed=0
[2026-09-16T17:03:16+08:00] WAIT qwen3_1.7b train=3678602 state=RUNNING for global_step_100
[2026-09-16T17:03:16+08:00] progress done=0/1 pending=1 failed=0
[2026-09-16T17:05:16+08:00] WAIT qwen3_1.7b train=3678602 state=RUNNING for global_step_100
[2026-09-16T17:05:16+08:00] progress done=0/1 pending=1 failed=0
[2026-09-16T17:07:16+08:00] WAIT qwen3_1.7b train=3678602 state=RUNNING for global_step_100
[2026-09-16T17:07:16+08:00] progress done=0/1 pending=1 failed=0
[2026-09-16T17:09:16+08:00] WAIT qwen3_1.7b train=3678602 state=RUNNING for global_step_100
[2026-09-16T17:09:16+08:00] progress done=0/1 pending=1 failed=0
[2026-09-16T17:11:16+08:00] WAIT qwen3_1.7b train=3678602 state=RUNNING for global_step_100
[2026-09-16T17:11:16+08:00] progress done=0/1 pending=1 failed=0
[2026-09-16T17:13:16+08:00] WAIT qwen3_1.7b train=3678602 state=RUNNING for global_step_100
[2026-09-16T17:13:16+08:00] progress done=0/1 pending=1 failed=0
[2026-09-16T17:15:16+08:00] WAIT qwen3_1.7b train=3678602 state=RUNNING for global_step_100
[2026-09-16T17:15:16+08:00] progress done=0/1 pending=1 failed=0
[2026-09-16T17:17:16+08:00] WAIT qwen3_1.7b train=3678602 state=RUNNING for global_step_100
[2026-09-16T17:17:16+08:00] progress done=0/1 pending=1 failed=0
[2026-09-16T17:19:16+08:00] WAIT qwen3_1.7b train=3678602 state=RUNNING for global_step_100
[2026-09-16T17:19:16+08:00] progress done=0/1 pending=1 failed=0
[2026-09-16T17:21:16+08:00] WAIT qwen3_1.7b train=3678602 state=RUNNING for global_step_100
[2026-09-16T17:21:16+08:00] progress done=0/1 pending=1 failed=0
[2026-09-16T17:23:16+08:00] WAIT qwen3_1.7b train=3678602 state=RUNNING for global_step_100
[2026-09-16T17:23:16+08:00] progress done=0/1 pending=1 failed=0
[2026-09-16T17:25:16+08:00] WAIT qwen3_1.7b train=3678602 state=RUNNING for global_step_100
[2026-09-16T17:25:16+08:00] progress done=0/1 pending=1 failed=0
[2026-09-16T17:27:16+08:00] WAIT qwen3_1.7b train=3678602 state=RUNNING for global_step_100
[2026-09-16T17:27:16+08:00] progress done=0/1 pending=1 failed=0
[2026-09-16T17:29:16+08:00] WAIT qwen3_1.7b train=3678602 state=RUNNING for global_step_100
[2026-09-16T17:29:16+08:00] progress done=0/1 pending=1 failed=0
[2026-09-16T17:31:16+08:00] WAIT qwen3_1.7b train=3678602 state=RUNNING for global_step_100
[2026-09-16T17:31:16+08:00] progress done=0/1 pending=1 failed=0
[2026-09-16T17:33:16+08:00] WAIT qwen3_1.7b train=3678602 state=RUNNING for global_step_100
[2026-09-16T17:33:16+08:00] progress done=0/1 pending=1 failed=0
[2026-09-16T17:35:16+08:00] WAIT qwen3_1.7b train=3678602 state=RUNNING for global_step_100
[2026-09-16T17:35:16+08:00] progress done=0/1 pending=1 failed=0
[2026-09-16T17:37:16+08:00] WAIT qwen3_1.7b train=3678602 state=RUNNING for global_step_100
[2026-09-16T17:37:16+08:00] progress done=0/1 pending=1 failed=0
[2026-09-16T17:39:16+08:00] WAIT qwen3_1.7b train=3678602 state=RUNNING for global_step_100
[2026-09-16T17:39:16+08:00] progress done=0/1 pending=1 failed=0
[2026-09-16T17:41:16+08:00] WAIT qwen3_1.7b train=3678602 state=RUNNING for global_step_100
[2026-09-16T17:41:16+08:00] progress done=0/1 pending=1 failed=0
[2026-09-16T17:43:16+08:00] WAIT qwen3_1.7b train=3678602 state=RUNNING for global_step_100
[2026-09-16T17:43:16+08:00] progress done=0/1 pending=1 failed=0
[2026-09-16T17:45:16+08:00] WAIT qwen3_1.7b train=3678602 state=RUNNING for global_step_100
[2026-09-16T17:45:16+08:00] progress done=0/1 pending=1 failed=0
[2026-09-16T17:47:16+08:00] WAIT qwen3_1.7b train=3678602 state=RUNNING for global_step_100
[2026-09-16T17:47:16+08:00] progress done=0/1 pending=1 failed=0
[2026-09-16T17:49:16+08:00] WAIT qwen3_1.7b train=3678602 state=RUNNING for global_step_100
[2026-09-16T17:49:16+08:00] progress done=0/1 pending=1 failed=0
[2026-09-16T17:51:16+08:00] WAIT qwen3_1.7b train=3678602 state=RUNNING for global_step_100
[2026-09-16T17:51:16+08:00] progress done=0/1 pending=1 failed=0
[2026-09-16T17:53:16+08:00] WAIT qwen3_1.7b train=3678602 state=RUNNING for global_step_100
[2026-09-16T17:53:16+08:00] progress done=0/1 pending=1 failed=0
[2026-09-16T17:55:16+08:00] WAIT qwen3_1.7b train=3678602 state=RUNNING for global_step_100
[2026-09-16T17:55:16+08:00] progress done=0/1 pending=1 failed=0
[2026-09-16T17:57:16+08:00] WAIT qwen3_1.7b train=3678602 state=RUNNING for global_step_100
[2026-09-16T17:57:16+08:00] progress done=0/1 pending=1 failed=0
[2026-09-16T17:59:16+08:00] WAIT qwen3_1.7b train=3678602 state=RUNNING for global_step_100
[2026-09-16T17:59:16+08:00] progress done=0/1 pending=1 failed=0
[2026-09-16T18:01:16+08:00] WAIT qwen3_1.7b train=3678602 state=RUNNING for global_step_100
[2026-09-16T18:01:16+08:00] progress done=0/1 pending=1 failed=0
[2026-09-16T18:03:16+08:00] WAIT qwen3_1.7b train=3678602 state=RUNNING for global_step_100
[2026-09-16T18:03:16+08:00] progress done=0/1 pending=1 failed=0
[2026-09-16T18:05:16+08:00] WAIT qwen3_1.7b train=3678602 state=RUNNING for global_step_100
[2026-09-16T18:05:16+08:00] progress done=0/1 pending=1 failed=0
[2026-09-16T18:07:16+08:00] WAIT qwen3_1.7b train=3678602 state=RUNNING for global_step_100
[2026-09-16T18:07:16+08:00] progress done=0/1 pending=1 failed=0
[2026-09-16T18:09:16+08:00] WAIT qwen3_1.7b train=3678602 state=RUNNING for global_step_100
[2026-09-16T18:09:16+08:00] progress done=0/1 pending=1 failed=0
[2026-09-16T18:11:16+08:00] WAIT qwen3_1.7b train=3678602 state=RUNNING for global_step_100
[2026-09-16T18:11:16+08:00] progress done=0/1 pending=1 failed=0
[2026-09-16T18:13:16+08:00] WAIT qwen3_1.7b train=3678602 state=RUNNING for global_step_100
[2026-09-16T18:13:16+08:00] progress done=0/1 pending=1 failed=0
[2026-09-16T18:15:16+08:00] WAIT qwen3_1.7b train=3678602 state=RUNNING for global_step_100
[2026-09-16T18:15:16+08:00] progress done=0/1 pending=1 failed=0
[2026-09-16T18:17:17+08:00] WAIT qwen3_1.7b train=3678602 state=RUNNING for global_step_100
[2026-09-16T18:17:17+08:00] progress done=0/1 pending=1 failed=0
[2026-09-16T18:19:17+08:00] WAIT qwen3_1.7b train=3678602 state=RUNNING for global_step_100
[2026-09-16T18:19:17+08:00] progress done=0/1 pending=1 failed=0
[2026-09-16T18:21:17+08:00] WAIT qwen3_1.7b train=3678602 state=RUNNING for global_step_100
[2026-09-16T18:21:17+08:00] progress done=0/1 pending=1 failed=0
[2026-09-16T18:23:17+08:00] WAIT qwen3_1.7b train=3678602 state=RUNNING for global_step_100
[2026-09-16T18:23:17+08:00] progress done=0/1 pending=1 failed=0
[2026-09-16T18:25:17+08:00] WAIT qwen3_1.7b train=3678602 state=RUNNING for global_step_100
[2026-09-16T18:25:17+08:00] progress done=0/1 pending=1 failed=0
[2026-09-16T18:27:17+08:00] WAIT qwen3_1.7b train=3678602 state=RUNNING for global_step_100
[2026-09-16T18:27:17+08:00] progress done=0/1 pending=1 failed=0
[2026-09-16T18:29:17+08:00] WAIT qwen3_1.7b train=3678602 state=RUNNING for global_step_100
[2026-09-16T18:29:17+08:00] progress done=0/1 pending=1 failed=0
[2026-09-16T18:31:17+08:00] WAIT qwen3_1.7b train=3678602 state=RUNNING for global_step_100
[2026-09-16T18:31:17+08:00] progress done=0/1 pending=1 failed=0
[2026-09-16T18:33:17+08:00] WAIT qwen3_1.7b train=3678602 state=RUNNING for global_step_100
[2026-09-16T18:33:17+08:00] progress done=0/1 pending=1 failed=0
[2026-09-16T18:35:17+08:00] WAIT qwen3_1.7b train=3678602 state=RUNNING for global_step_100
[2026-09-16T18:35:17+08:00] progress done=0/1 pending=1 failed=0
[2026-09-16T18:37:17+08:00] WAIT qwen3_1.7b train=3678602 state=RUNNING for global_step_100
[2026-09-16T18:37:17+08:00] progress done=0/1 pending=1 failed=0
[2026-09-16T18:39:17+08:00] WAIT qwen3_1.7b train=3678602 state=RUNNING for global_step_100
[2026-09-16T18:39:17+08:00] progress done=0/1 pending=1 failed=0
[2026-09-16T18:41:17+08:00] WAIT qwen3_1.7b train=3678602 state=RUNNING for global_step_100
[2026-09-16T18:41:17+08:00] progress done=0/1 pending=1 failed=0
[2026-09-16T18:43:17+08:00] WAIT qwen3_1.7b train=3678602 state=RUNNING for global_step_100
[2026-09-16T18:43:17+08:00] progress done=0/1 pending=1 failed=0
[2026-09-16T18:45:17+08:00] WAIT qwen3_1.7b train=3678602 state=RUNNING for global_step_100
[2026-09-16T18:45:17+08:00] progress done=0/1 pending=1 failed=0
[2026-09-16T18:47:17+08:00] WAIT qwen3_1.7b train=3678602 state=RUNNING for global_step_100
[2026-09-16T18:47:17+08:00] progress done=0/1 pending=1 failed=0
[2026-09-16T18:49:17+08:00] WAIT qwen3_1.7b train=3678602 state=RUNNING for global_step_100
[2026-09-16T18:49:17+08:00] progress done=0/1 pending=1 failed=0
[2026-09-16T18:51:17+08:00] WAIT qwen3_1.7b train=3678602 state=RUNNING for global_step_100
[2026-09-16T18:51:17+08:00] progress done=0/1 pending=1 failed=0
[2026-09-16T18:53:17+08:00] WAIT qwen3_1.7b train=3678602 state=RUNNING for global_step_100
[2026-09-16T18:53:17+08:00] progress done=0/1 pending=1 failed=0
[2026-09-16T18:55:17+08:00] WAIT qwen3_1.7b train=3678602 state=RUNNING for global_step_100
[2026-09-16T18:55:17+08:00] progress done=0/1 pending=1 failed=0
[2026-09-16T18:57:17+08:00] WAIT qwen3_1.7b train=3678602 state=RUNNING for global_step_100
[2026-09-16T18:57:17+08:00] progress done=0/1 pending=1 failed=0
[2026-09-16T18:59:17+08:00] WAIT qwen3_1.7b train=3678602 state=RUNNING for global_step_100
[2026-09-16T18:59:17+08:00] progress done=0/1 pending=1 failed=0
[2026-09-16T19:01:17+08:00] WAIT qwen3_1.7b train=3678602 state=RUNNING for global_step_100
[2026-09-16T19:01:17+08:00] progress done=0/1 pending=1 failed=0
[2026-09-16T19:03:17+08:00] WAIT qwen3_1.7b train=3678602 state=RUNNING for global_step_100
[2026-09-16T19:03:17+08:00] progress done=0/1 pending=1 failed=0
[2026-09-16T19:05:17+08:00] WAIT qwen3_1.7b train=3678602 state=RUNNING for global_step_100
[2026-09-16T19:05:17+08:00] progress done=0/1 pending=1 failed=0
[2026-09-16T19:07:17+08:00] WAIT qwen3_1.7b train=3678602 state=RUNNING for global_step_100
[2026-09-16T19:07:17+08:00] progress done=0/1 pending=1 failed=0
[2026-09-16T19:09:17+08:00] WAIT qwen3_1.7b train=3678602 state=RUNNING for global_step_100
[2026-09-16T19:09:17+08:00] progress done=0/1 pending=1 failed=0
[2026-09-16T19:11:17+08:00] WAIT qwen3_1.7b train=3678602 state=RUNNING for global_step_100
[2026-09-16T19:11:17+08:00] progress done=0/1 pending=1 failed=0
[2026-09-16T19:13:17+08:00] WAIT qwen3_1.7b train=3678602 state=RUNNING for global_step_100
[2026-09-16T19:13:17+08:00] progress done=0/1 pending=1 failed=0
[2026-09-16T19:15:17+08:00] WAIT qwen3_1.7b train=3678602 state=RUNNING for global_step_100
[2026-09-16T19:15:17+08:00] progress done=0/1 pending=1 failed=0
[2026-09-16T19:17:17+08:00] WAIT qwen3_1.7b train=3678602 state=RUNNING for global_step_100
[2026-09-16T19:17:17+08:00] progress done=0/1 pending=1 failed=0
[2026-09-16T19:19:17+08:00] WAIT qwen3_1.7b train=3678602 state=RUNNING for global_step_100
[2026-09-16T19:19:17+08:00] progress done=0/1 pending=1 failed=0
[2026-09-16T19:21:17+08:00] WAIT qwen3_1.7b train=3678602 state=RUNNING for global_step_100
[2026-09-16T19:21:17+08:00] progress done=0/1 pending=1 failed=0
[2026-09-16T19:23:17+08:00] WAIT qwen3_1.7b train=3678602 state=RUNNING for global_step_100
[2026-09-16T19:23:17+08:00] progress done=0/1 pending=1 failed=0
[2026-09-16T19:25:17+08:00] WAIT qwen3_1.7b train=3678602 state=RUNNING for global_step_100
[2026-09-16T19:25:17+08:00] progress done=0/1 pending=1 failed=0
[2026-09-16T19:27:17+08:00] WAIT qwen3_1.7b train=3678602 state=RUNNING for global_step_100
[2026-09-16T19:27:17+08:00] progress done=0/1 pending=1 failed=0
[2026-09-16T19:29:17+08:00] WAIT qwen3_1.7b train=3678602 state=RUNNING for global_step_100
[2026-09-16T19:29:17+08:00] progress done=0/1 pending=1 failed=0
[2026-09-16T19:31:17+08:00] WAIT qwen3_1.7b train=3678602 state=RUNNING for global_step_100
[2026-09-16T19:31:17+08:00] progress done=0/1 pending=1 failed=0
[2026-09-16T19:33:17+08:00] WAIT qwen3_1.7b train=3678602 state=RUNNING for global_step_100
[2026-09-16T19:33:17+08:00] progress done=0/1 pending=1 failed=0
[2026-09-16T19:35:17+08:00] WAIT qwen3_1.7b train=3678602 state=RUNNING for global_step_100
[2026-09-16T19:35:17+08:00] progress done=0/1 pending=1 failed=0
[2026-09-16T19:37:17+08:00] WAIT qwen3_1.7b train=3678602 state=RUNNING for global_step_100
[2026-09-16T19:37:17+08:00] progress done=0/1 pending=1 failed=0
[2026-09-16T19:39:17+08:00] WAIT qwen3_1.7b train=3678602 state=RUNNING for global_step_100
[2026-09-16T19:39:17+08:00] progress done=0/1 pending=1 failed=0
[2026-09-16T19:41:17+08:00] WAIT qwen3_1.7b train=3678602 state=RUNNING for global_step_100
[2026-09-16T19:41:17+08:00] progress done=0/1 pending=1 failed=0
[2026-09-16T19:43:17+08:00] WAIT qwen3_1.7b train=3678602 state=RUNNING for global_step_100
[2026-09-16T19:43:17+08:00] progress done=0/1 pending=1 failed=0
[2026-09-16T19:45:17+08:00] WAIT qwen3_1.7b train=3678602 state=RUNNING for global_step_100
[2026-09-16T19:45:17+08:00] progress done=0/1 pending=1 failed=0
[2026-09-16T19:47:17+08:00] WAIT qwen3_1.7b train=3678602 state=RUNNING for global_step_100
[2026-09-16T19:47:17+08:00] progress done=0/1 pending=1 failed=0
[2026-09-16T19:49:17+08:00] WAIT qwen3_1.7b train=3678602 state=RUNNING for global_step_100
[2026-09-16T19:49:17+08:00] progress done=0/1 pending=1 failed=0
[2026-09-16T19:51:17+08:00] WAIT qwen3_1.7b train=3678602 state=RUNNING for global_step_100
[2026-09-16T19:51:17+08:00] progress done=0/1 pending=1 failed=0
[2026-09-16T19:53:17+08:00] WAIT qwen3_1.7b train=3678602 state=RUNNING for global_step_100
[2026-09-16T19:53:17+08:00] progress done=0/1 pending=1 failed=0
[2026-09-16T19:55:17+08:00] WAIT qwen3_1.7b train=3678602 state=RUNNING for global_step_100
[2026-09-16T19:55:17+08:00] progress done=0/1 pending=1 failed=0
[2026-09-16T19:57:17+08:00] WAIT qwen3_1.7b train=3678602 state=RUNNING for global_step_100
[2026-09-16T19:57:17+08:00] progress done=0/1 pending=1 failed=0
[2026-09-16T19:59:17+08:00] WAIT qwen3_1.7b train=3678602 state=RUNNING for global_step_100
[2026-09-16T19:59:17+08:00] progress done=0/1 pending=1 failed=0
[2026-09-16T20:01:17+08:00] WAIT qwen3_1.7b train=3678602 state=RUNNING for global_step_100
[2026-09-16T20:01:17+08:00] progress done=0/1 pending=1 failed=0
[2026-09-16T20:03:17+08:00] WAIT qwen3_1.7b train=3678602 state=RUNNING for global_step_100
[2026-09-16T20:03:17+08:00] progress done=0/1 pending=1 failed=0
[2026-09-16T20:05:17+08:00] WAIT qwen3_1.7b train=3678602 state=RUNNING for global_step_100
[2026-09-16T20:05:17+08:00] progress done=0/1 pending=1 failed=0
[2026-09-16T20:07:17+08:00] WAIT qwen3_1.7b train=3678602 state=RUNNING for global_step_100
[2026-09-16T20:07:17+08:00] progress done=0/1 pending=1 failed=0
[2026-09-16T20:09:17+08:00] WAIT qwen3_1.7b train=3678602 state=RUNNING for global_step_100
[2026-09-16T20:09:17+08:00] progress done=0/1 pending=1 failed=0
slurmstepd: error: *** JOB 3702984 ON a2n17c4 CANCELLED AT 2026-09-16T20:10:00 ***
