[watch-slurm] host=a2n17c3 job=3564642
[watch-slurm] manifest=/gpfs/share/home/2501210611/opsd_analysis/OPSD_Analysis/log/train/sft10_then_opsd/submit_latest.tsv
[watch-slurm] interval=120s post_done_wait=90s
[2026-09-09T18:11:02+08:00] host=a2n17c3 job=3564642 interval=120s post_wait=90s
[2026-09-09T18:11:02+08:00] manifest=/gpfs/share/home/2501210611/opsd_analysis/OPSD_Analysis/log/train/sft10_then_opsd/submit_latest.tsv runs=3 targets=6
[2026-09-09T18:11:02+08:00] WAIT qwen3_1.7b kind=sft10 train=3564639 state=PENDING
[2026-09-09T18:11:02+08:00] WAIT qwen3_1.7b kind=opsd100 train=3564639 state=PENDING
[2026-09-09T18:11:02+08:00] WAIT olmo3_7b_think kind=sft10 train=3564640 state=PENDING
[2026-09-09T18:11:02+08:00] WAIT olmo3_7b_think kind=opsd100 train=3564640 state=PENDING
[2026-09-09T18:11:02+08:00] WAIT qwen3_4b_thinking kind=sft10 train=3564641 state=PENDING
[2026-09-09T18:11:02+08:00] WAIT qwen3_4b_thinking kind=opsd100 train=3564641 state=PENDING
[2026-09-09T18:11:02+08:00] progress done=0/6 pending=6 failed=0
[2026-09-09T18:13:02+08:00] WAIT qwen3_1.7b kind=sft10 train=3564639 state=RUNNING
[2026-09-09T18:13:02+08:00] WAIT qwen3_1.7b kind=opsd100 train=3564639 state=RUNNING
[2026-09-09T18:13:02+08:00] WAIT olmo3_7b_think kind=sft10 train=3564640 state=PENDING
[2026-09-09T18:13:02+08:00] WAIT olmo3_7b_think kind=opsd100 train=3564640 state=PENDING
[2026-09-09T18:13:02+08:00] WAIT qwen3_4b_thinking kind=sft10 train=3564641 state=PENDING
[2026-09-09T18:13:02+08:00] WAIT qwen3_4b_thinking kind=opsd100 train=3564641 state=PENDING
[2026-09-09T18:13:02+08:00] progress done=0/6 pending=6 failed=0
[2026-09-09T18:15:02+08:00] WAIT qwen3_1.7b kind=sft10 train=3564639 state=RUNNING
[2026-09-09T18:15:02+08:00] WAIT qwen3_1.7b kind=opsd100 train=3564639 state=RUNNING
[2026-09-09T18:15:02+08:00] WAIT olmo3_7b_think kind=sft10 train=3564640 state=PENDING
[2026-09-09T18:15:02+08:00] WAIT olmo3_7b_think kind=opsd100 train=3564640 state=PENDING
[2026-09-09T18:15:02+08:00] WAIT qwen3_4b_thinking kind=sft10 train=3564641 state=PENDING
[2026-09-09T18:15:02+08:00] WAIT qwen3_4b_thinking kind=opsd100 train=3564641 state=PENDING
[2026-09-09T18:15:02+08:00] progress done=0/6 pending=6 failed=0
[2026-09-09T18:17:02+08:00] WAIT qwen3_1.7b kind=sft10 train=3564639 state=RUNNING
[2026-09-09T18:17:02+08:00] WAIT qwen3_1.7b kind=opsd100 train=3564639 state=RUNNING
[2026-09-09T18:17:02+08:00] WAIT olmo3_7b_think kind=sft10 train=3564640 state=PENDING
[2026-09-09T18:17:02+08:00] WAIT olmo3_7b_think kind=opsd100 train=3564640 state=PENDING
[2026-09-09T18:17:02+08:00] WAIT qwen3_4b_thinking kind=sft10 train=3564641 state=PENDING
[2026-09-09T18:17:02+08:00] WAIT qwen3_4b_thinking kind=opsd100 train=3564641 state=PENDING
[2026-09-09T18:17:02+08:00] progress done=0/6 pending=6 failed=0
[2026-09-09T18:19:02+08:00] WAIT qwen3_1.7b kind=sft10 train=3564639 state=RUNNING
[2026-09-09T18:19:02+08:00] WAIT qwen3_1.7b kind=opsd100 train=3564639 state=RUNNING
[2026-09-09T18:19:02+08:00] WAIT olmo3_7b_think kind=sft10 train=3564640 state=PENDING
[2026-09-09T18:19:02+08:00] WAIT olmo3_7b_think kind=opsd100 train=3564640 state=PENDING
[2026-09-09T18:19:02+08:00] WAIT qwen3_4b_thinking kind=sft10 train=3564641 state=PENDING
[2026-09-09T18:19:03+08:00] WAIT qwen3_4b_thinking kind=opsd100 train=3564641 state=PENDING
[2026-09-09T18:19:03+08:00] progress done=0/6 pending=6 failed=0
[2026-09-09T18:21:03+08:00] WAIT qwen3_1.7b kind=sft10 train=3564639 state=RUNNING
[2026-09-09T18:21:03+08:00] WAIT qwen3_1.7b kind=opsd100 train=3564639 state=RUNNING
[2026-09-09T18:21:03+08:00] WAIT olmo3_7b_think kind=sft10 train=3564640 state=PENDING
[2026-09-09T18:21:03+08:00] WAIT olmo3_7b_think kind=opsd100 train=3564640 state=PENDING
[2026-09-09T18:21:03+08:00] WAIT qwen3_4b_thinking kind=sft10 train=3564641 state=PENDING
[2026-09-09T18:21:03+08:00] WAIT qwen3_4b_thinking kind=opsd100 train=3564641 state=PENDING
[2026-09-09T18:21:03+08:00] progress done=0/6 pending=6 failed=0
[2026-09-09T18:23:03+08:00] WAIT qwen3_1.7b kind=sft10 train=3564639 state=RUNNING
[2026-09-09T18:23:03+08:00] WAIT qwen3_1.7b kind=opsd100 train=3564639 state=RUNNING
[2026-09-09T18:23:03+08:00] WAIT olmo3_7b_think kind=sft10 train=3564640 state=PENDING
[2026-09-09T18:23:03+08:00] WAIT olmo3_7b_think kind=opsd100 train=3564640 state=PENDING
[2026-09-09T18:23:03+08:00] WAIT qwen3_4b_thinking kind=sft10 train=3564641 state=PENDING
[2026-09-09T18:23:03+08:00] WAIT qwen3_4b_thinking kind=opsd100 train=3564641 state=PENDING
[2026-09-09T18:23:03+08:00] progress done=0/6 pending=6 failed=0
[2026-09-09T18:25:03+08:00] WAIT qwen3_1.7b kind=sft10 train=3564639 state=RUNNING
[2026-09-09T18:25:03+08:00] WAIT qwen3_1.7b kind=opsd100 train=3564639 state=RUNNING
[2026-09-09T18:25:03+08:00] WAIT olmo3_7b_think kind=sft10 train=3564640 state=PENDING
[2026-09-09T18:25:03+08:00] WAIT olmo3_7b_think kind=opsd100 train=3564640 state=PENDING
[2026-09-09T18:25:03+08:00] WAIT qwen3_4b_thinking kind=sft10 train=3564641 state=PENDING
[2026-09-09T18:25:03+08:00] WAIT qwen3_4b_thinking kind=opsd100 train=3564641 state=PENDING
[2026-09-09T18:25:03+08:00] progress done=0/6 pending=6 failed=0
[2026-09-09T18:27:03+08:00] WAIT qwen3_1.7b kind=sft10 train=3564639 state=RUNNING
[2026-09-09T18:27:03+08:00] WAIT qwen3_1.7b kind=opsd100 train=3564639 state=RUNNING
[2026-09-09T18:27:03+08:00] WAIT olmo3_7b_think kind=sft10 train=3564640 state=PENDING
[2026-09-09T18:27:03+08:00] WAIT olmo3_7b_think kind=opsd100 train=3564640 state=PENDING
[2026-09-09T18:27:03+08:00] WAIT qwen3_4b_thinking kind=sft10 train=3564641 state=PENDING
[2026-09-09T18:27:03+08:00] WAIT qwen3_4b_thinking kind=opsd100 train=3564641 state=PENDING
[2026-09-09T18:27:03+08:00] progress done=0/6 pending=6 failed=0
[2026-09-09T18:29:03+08:00] WAIT qwen3_1.7b kind=sft10 train=3564639 state=RUNNING
[2026-09-09T18:29:03+08:00] WAIT qwen3_1.7b kind=opsd100 train=3564639 state=RUNNING
[2026-09-09T18:29:03+08:00] WAIT olmo3_7b_think kind=sft10 train=3564640 state=PENDING
[2026-09-09T18:29:03+08:00] WAIT olmo3_7b_think kind=opsd100 train=3564640 state=PENDING
[2026-09-09T18:29:03+08:00] WAIT qwen3_4b_thinking kind=sft10 train=3564641 state=PENDING
[2026-09-09T18:29:03+08:00] WAIT qwen3_4b_thinking kind=opsd100 train=3564641 state=PENDING
[2026-09-09T18:29:03+08:00] progress done=0/6 pending=6 failed=0
[2026-09-09T18:31:03+08:00] WAIT qwen3_1.7b kind=sft10 train=3564639 state=RUNNING
[2026-09-09T18:31:03+08:00] WAIT qwen3_1.7b kind=opsd100 train=3564639 state=RUNNING
[2026-09-09T18:31:03+08:00] WAIT olmo3_7b_think kind=sft10 train=3564640 state=PENDING
[2026-09-09T18:31:03+08:00] WAIT olmo3_7b_think kind=opsd100 train=3564640 state=PENDING
[2026-09-09T18:31:03+08:00] WAIT qwen3_4b_thinking kind=sft10 train=3564641 state=PENDING
[2026-09-09T18:31:03+08:00] WAIT qwen3_4b_thinking kind=opsd100 train=3564641 state=PENDING
[2026-09-09T18:31:03+08:00] progress done=0/6 pending=6 failed=0
[2026-09-09T18:33:03+08:00] WAIT qwen3_1.7b kind=sft10 train=3564639 state=RUNNING
[2026-09-09T18:33:03+08:00] WAIT qwen3_1.7b kind=opsd100 train=3564639 state=RUNNING
[2026-09-09T18:33:03+08:00] WAIT olmo3_7b_think kind=sft10 train=3564640 state=PENDING
[2026-09-09T18:33:03+08:00] WAIT olmo3_7b_think kind=opsd100 train=3564640 state=PENDING
[2026-09-09T18:33:03+08:00] WAIT qwen3_4b_thinking kind=sft10 train=3564641 state=PENDING
[2026-09-09T18:33:03+08:00] WAIT qwen3_4b_thinking kind=opsd100 train=3564641 state=PENDING
[2026-09-09T18:33:03+08:00] progress done=0/6 pending=6 failed=0
[2026-09-09T18:35:03+08:00] WAIT qwen3_1.7b kind=sft10 train=3564639 state=RUNNING
[2026-09-09T18:35:03+08:00] WAIT qwen3_1.7b kind=opsd100 train=3564639 state=RUNNING
[2026-09-09T18:35:03+08:00] WAIT olmo3_7b_think kind=sft10 train=3564640 state=PENDING
[2026-09-09T18:35:03+08:00] WAIT olmo3_7b_think kind=opsd100 train=3564640 state=PENDING
[2026-09-09T18:35:03+08:00] WAIT qwen3_4b_thinking kind=sft10 train=3564641 state=PENDING
[2026-09-09T18:35:03+08:00] WAIT qwen3_4b_thinking kind=opsd100 train=3564641 state=PENDING
[2026-09-09T18:35:03+08:00] progress done=0/6 pending=6 failed=0
[2026-09-09T18:37:03+08:00] WAIT qwen3_1.7b kind=sft10 train=3564639 state=RUNNING
[2026-09-09T18:37:03+08:00] WAIT qwen3_1.7b kind=opsd100 train=3564639 state=RUNNING
[2026-09-09T18:37:03+08:00] WAIT olmo3_7b_think kind=sft10 train=3564640 state=PENDING
[2026-09-09T18:37:03+08:00] WAIT olmo3_7b_think kind=opsd100 train=3564640 state=PENDING
[2026-09-09T18:37:03+08:00] WAIT qwen3_4b_thinking kind=sft10 train=3564641 state=PENDING
[2026-09-09T18:37:03+08:00] WAIT qwen3_4b_thinking kind=opsd100 train=3564641 state=PENDING
[2026-09-09T18:37:03+08:00] progress done=0/6 pending=6 failed=0
[2026-09-09T18:39:03+08:00] WAIT qwen3_1.7b kind=sft10 train=3564639 state=RUNNING
[2026-09-09T18:39:03+08:00] WAIT qwen3_1.7b kind=opsd100 train=3564639 state=RUNNING
[2026-09-09T18:39:03+08:00] WAIT olmo3_7b_think kind=sft10 train=3564640 state=PENDING
[2026-09-09T18:39:04+08:00] WAIT olmo3_7b_think kind=opsd100 train=3564640 state=PENDING
[2026-09-09T18:39:04+08:00] WAIT qwen3_4b_thinking kind=sft10 train=3564641 state=PENDING
[2026-09-09T18:39:04+08:00] WAIT qwen3_4b_thinking kind=opsd100 train=3564641 state=PENDING
[2026-09-09T18:39:04+08:00] progress done=0/6 pending=6 failed=0
[2026-09-09T18:41:04+08:00] WAIT qwen3_1.7b kind=sft10 train=3564639 state=RUNNING
[2026-09-09T18:41:04+08:00] WAIT qwen3_1.7b kind=opsd100 train=3564639 state=RUNNING
[2026-09-09T18:41:04+08:00] WAIT olmo3_7b_think kind=sft10 train=3564640 state=PENDING
[2026-09-09T18:41:04+08:00] WAIT olmo3_7b_think kind=opsd100 train=3564640 state=PENDING
[2026-09-09T18:41:04+08:00] WAIT qwen3_4b_thinking kind=sft10 train=3564641 state=PENDING
[2026-09-09T18:41:04+08:00] WAIT qwen3_4b_thinking kind=opsd100 train=3564641 state=PENDING
[2026-09-09T18:41:04+08:00] progress done=0/6 pending=6 failed=0
[2026-09-09T18:43:04+08:00] WAIT qwen3_1.7b kind=sft10 train=3564639 state=RUNNING
[2026-09-09T18:43:04+08:00] WAIT qwen3_1.7b kind=opsd100 train=3564639 state=RUNNING
[2026-09-09T18:43:04+08:00] WAIT olmo3_7b_think kind=sft10 train=3564640 state=PENDING
[2026-09-09T18:43:04+08:00] WAIT olmo3_7b_think kind=opsd100 train=3564640 state=PENDING
[2026-09-09T18:43:04+08:00] WAIT qwen3_4b_thinking kind=sft10 train=3564641 state=PENDING
[2026-09-09T18:43:04+08:00] WAIT qwen3_4b_thinking kind=opsd100 train=3564641 state=PENDING
[2026-09-09T18:43:04+08:00] progress done=0/6 pending=6 failed=0
[2026-09-09T18:45:04+08:00] WAIT qwen3_1.7b kind=sft10 train=3564639 state=RUNNING
[2026-09-09T18:45:04+08:00] WAIT qwen3_1.7b kind=opsd100 train=3564639 state=RUNNING
[2026-09-09T18:45:04+08:00] WAIT olmo3_7b_think kind=sft10 train=3564640 state=PENDING
[2026-09-09T18:45:04+08:00] WAIT olmo3_7b_think kind=opsd100 train=3564640 state=PENDING
[2026-09-09T18:45:04+08:00] WAIT qwen3_4b_thinking kind=sft10 train=3564641 state=PENDING
[2026-09-09T18:45:04+08:00] WAIT qwen3_4b_thinking kind=opsd100 train=3564641 state=PENDING
[2026-09-09T18:45:04+08:00] progress done=0/6 pending=6 failed=0
[2026-09-09T18:47:04+08:00] WAIT qwen3_1.7b kind=sft10 train=3564639 state=RUNNING
[2026-09-09T18:47:04+08:00] WAIT qwen3_1.7b kind=opsd100 train=3564639 state=RUNNING
[2026-09-09T18:47:04+08:00] WAIT olmo3_7b_think kind=sft10 train=3564640 state=PENDING
[2026-09-09T18:47:04+08:00] WAIT olmo3_7b_think kind=opsd100 train=3564640 state=PENDING
[2026-09-09T18:47:04+08:00] WAIT qwen3_4b_thinking kind=sft10 train=3564641 state=PENDING
[2026-09-09T18:47:04+08:00] WAIT qwen3_4b_thinking kind=opsd100 train=3564641 state=PENDING
[2026-09-09T18:47:04+08:00] progress done=0/6 pending=6 failed=0
[2026-09-09T18:49:04+08:00] WAIT qwen3_1.7b kind=sft10 train=3564639 state=RUNNING
[2026-09-09T18:49:04+08:00] WAIT qwen3_1.7b kind=opsd100 train=3564639 state=RUNNING
[2026-09-09T18:49:04+08:00] WAIT olmo3_7b_think kind=sft10 train=3564640 state=PENDING
[2026-09-09T18:49:04+08:00] WAIT olmo3_7b_think kind=opsd100 train=3564640 state=PENDING
[2026-09-09T18:49:04+08:00] WAIT qwen3_4b_thinking kind=sft10 train=3564641 state=PENDING
[2026-09-09T18:49:04+08:00] WAIT qwen3_4b_thinking kind=opsd100 train=3564641 state=PENDING
[2026-09-09T18:49:04+08:00] progress done=0/6 pending=6 failed=0
[2026-09-09T18:51:04+08:00] WAIT qwen3_1.7b kind=sft10 train=3564639 state=RUNNING
[2026-09-09T18:51:04+08:00] WAIT qwen3_1.7b kind=opsd100 train=3564639 state=RUNNING
[2026-09-09T18:51:04+08:00] WAIT olmo3_7b_think kind=sft10 train=3564640 state=PENDING
[2026-09-09T18:51:04+08:00] WAIT olmo3_7b_think kind=opsd100 train=3564640 state=PENDING
[2026-09-09T18:51:04+08:00] WAIT qwen3_4b_thinking kind=sft10 train=3564641 state=PENDING
[2026-09-09T18:51:04+08:00] WAIT qwen3_4b_thinking kind=opsd100 train=3564641 state=PENDING
[2026-09-09T18:51:04+08:00] progress done=0/6 pending=6 failed=0
[2026-09-09T18:53:04+08:00] WAIT qwen3_1.7b kind=sft10 train=3564639 state=RUNNING
[2026-09-09T18:53:04+08:00] WAIT qwen3_1.7b kind=opsd100 train=3564639 state=RUNNING
[2026-09-09T18:53:04+08:00] WAIT olmo3_7b_think kind=sft10 train=3564640 state=PENDING
[2026-09-09T18:53:04+08:00] WAIT olmo3_7b_think kind=opsd100 train=3564640 state=PENDING
[2026-09-09T18:53:04+08:00] WAIT qwen3_4b_thinking kind=sft10 train=3564641 state=PENDING
[2026-09-09T18:53:04+08:00] WAIT qwen3_4b_thinking kind=opsd100 train=3564641 state=PENDING
[2026-09-09T18:53:04+08:00] progress done=0/6 pending=6 failed=0
[2026-09-09T18:55:04+08:00] READY qwen3_1.7b kind=sft10 -> /gpfs/share/home/2501210611/opsd_analysis/OPSD_Analysis/outputs/qwen3_1.7b/sft_think_10step_omr12k_1p7b/3564639/checkpoint-10 (gate=/gpfs/share/home/2501210611/opsd_analysis/OPSD_Analysis/outputs/qwen3_1.7b/st_tt_same_clip005_1e_6_ot1024_1p7b_sft10omr/3564639/checkpoint-100)
[2026-09-09T18:56:35+08:00] SUBMITTED evals for qwen3_1.7b kind=sft10 tag=sft10omr_same_1p7b_sft_ckpt10
[2026-09-09T18:56:35+08:00] READY qwen3_1.7b kind=opsd100 -> /gpfs/share/home/2501210611/opsd_analysis/OPSD_Analysis/outputs/qwen3_1.7b/st_tt_same_clip005_1e_6_ot1024_1p7b_sft10omr/3564639/checkpoint-100 (gate=/gpfs/share/home/2501210611/opsd_analysis/OPSD_Analysis/outputs/qwen3_1.7b/st_tt_same_clip005_1e_6_ot1024_1p7b_sft10omr/3564639/checkpoint-100)
[2026-09-09T18:58:05+08:00] SUBMITTED evals for qwen3_1.7b kind=opsd100 tag=sft10omr_same_1p7b_opsd_ckpt100
[2026-09-09T18:58:05+08:00] WAIT olmo3_7b_think kind=sft10 train=3564640 state=PENDING
[2026-09-09T18:58:05+08:00] WAIT olmo3_7b_think kind=opsd100 train=3564640 state=PENDING
[2026-09-09T18:58:05+08:00] WAIT qwen3_4b_thinking kind=sft10 train=3564641 state=PENDING
[2026-09-09T18:58:05+08:00] WAIT qwen3_4b_thinking kind=opsd100 train=3564641 state=PENDING
[2026-09-09T18:58:05+08:00] progress done=2/6 pending=4 failed=0
[2026-09-09T19:00:05+08:00] WAIT olmo3_7b_think kind=sft10 train=3564640 state=PENDING
[2026-09-09T19:00:05+08:00] WAIT olmo3_7b_think kind=opsd100 train=3564640 state=PENDING
[2026-09-09T19:00:05+08:00] WAIT qwen3_4b_thinking kind=sft10 train=3564641 state=PENDING
[2026-09-09T19:00:05+08:00] WAIT qwen3_4b_thinking kind=opsd100 train=3564641 state=PENDING
[2026-09-09T19:00:05+08:00] progress done=2/6 pending=4 failed=0
[2026-09-09T19:02:05+08:00] WAIT olmo3_7b_think kind=sft10 train=3564640 state=PENDING
[2026-09-09T19:02:05+08:00] WAIT olmo3_7b_think kind=opsd100 train=3564640 state=PENDING
[2026-09-09T19:02:05+08:00] WAIT qwen3_4b_thinking kind=sft10 train=3564641 state=PENDING
[2026-09-09T19:02:05+08:00] WAIT qwen3_4b_thinking kind=opsd100 train=3564641 state=PENDING
[2026-09-09T19:02:05+08:00] progress done=2/6 pending=4 failed=0
[2026-09-09T19:04:05+08:00] WAIT olmo3_7b_think kind=sft10 train=3564640 state=PENDING
[2026-09-09T19:04:05+08:00] WAIT olmo3_7b_think kind=opsd100 train=3564640 state=PENDING
[2026-09-09T19:04:05+08:00] WAIT qwen3_4b_thinking kind=sft10 train=3564641 state=PENDING
[2026-09-09T19:04:05+08:00] WAIT qwen3_4b_thinking kind=opsd100 train=3564641 state=PENDING
[2026-09-09T19:04:05+08:00] progress done=2/6 pending=4 failed=0
[2026-09-09T19:06:05+08:00] WAIT olmo3_7b_think kind=sft10 train=3564640 state=PENDING
[2026-09-09T19:06:05+08:00] WAIT olmo3_7b_think kind=opsd100 train=3564640 state=PENDING
[2026-09-09T19:06:05+08:00] WAIT qwen3_4b_thinking kind=sft10 train=3564641 state=PENDING
[2026-09-09T19:06:05+08:00] WAIT qwen3_4b_thinking kind=opsd100 train=3564641 state=PENDING
[2026-09-09T19:06:05+08:00] progress done=2/6 pending=4 failed=0
[2026-09-09T19:08:05+08:00] WAIT olmo3_7b_think kind=sft10 train=3564640 state=PENDING
[2026-09-09T19:08:05+08:00] WAIT olmo3_7b_think kind=opsd100 train=3564640 state=PENDING
[2026-09-09T19:08:05+08:00] WAIT qwen3_4b_thinking kind=sft10 train=3564641 state=PENDING
[2026-09-09T19:08:05+08:00] WAIT qwen3_4b_thinking kind=opsd100 train=3564641 state=PENDING
[2026-09-09T19:08:05+08:00] progress done=2/6 pending=4 failed=0
[2026-09-09T19:10:05+08:00] WAIT olmo3_7b_think kind=sft10 train=3564640 state=PENDING
[2026-09-09T19:10:05+08:00] WAIT olmo3_7b_think kind=opsd100 train=3564640 state=PENDING
[2026-09-09T19:10:05+08:00] WAIT qwen3_4b_thinking kind=sft10 train=3564641 state=PENDING
[2026-09-09T19:10:05+08:00] WAIT qwen3_4b_thinking kind=opsd100 train=3564641 state=PENDING
[2026-09-09T19:10:05+08:00] progress done=2/6 pending=4 failed=0
[2026-09-09T19:12:05+08:00] WAIT olmo3_7b_think kind=sft10 train=3564640 state=PENDING
[2026-09-09T19:12:05+08:00] WAIT olmo3_7b_think kind=opsd100 train=3564640 state=PENDING
[2026-09-09T19:12:05+08:00] WAIT qwen3_4b_thinking kind=sft10 train=3564641 state=PENDING
[2026-09-09T19:12:05+08:00] WAIT qwen3_4b_thinking kind=opsd100 train=3564641 state=PENDING
[2026-09-09T19:12:05+08:00] progress done=2/6 pending=4 failed=0
[2026-09-09T19:14:05+08:00] WAIT olmo3_7b_think kind=sft10 train=3564640 state=PENDING
[2026-09-09T19:14:05+08:00] WAIT olmo3_7b_think kind=opsd100 train=3564640 state=PENDING
[2026-09-09T19:14:05+08:00] WAIT qwen3_4b_thinking kind=sft10 train=3564641 state=PENDING
[2026-09-09T19:14:05+08:00] WAIT qwen3_4b_thinking kind=opsd100 train=3564641 state=PENDING
[2026-09-09T19:14:05+08:00] progress done=2/6 pending=4 failed=0
[2026-09-09T19:16:05+08:00] WAIT olmo3_7b_think kind=sft10 train=3564640 state=PENDING
[2026-09-09T19:16:05+08:00] WAIT olmo3_7b_think kind=opsd100 train=3564640 state=PENDING
[2026-09-09T19:16:05+08:00] WAIT qwen3_4b_thinking kind=sft10 train=3564641 state=PENDING
[2026-09-09T19:16:05+08:00] WAIT qwen3_4b_thinking kind=opsd100 train=3564641 state=PENDING
[2026-09-09T19:16:05+08:00] progress done=2/6 pending=4 failed=0
[2026-09-09T19:18:05+08:00] WAIT olmo3_7b_think kind=sft10 train=3564640 state=PENDING
[2026-09-09T19:18:06+08:00] WAIT olmo3_7b_think kind=opsd100 train=3564640 state=PENDING
[2026-09-09T19:18:06+08:00] WAIT qwen3_4b_thinking kind=sft10 train=3564641 state=PENDING
[2026-09-09T19:18:06+08:00] WAIT qwen3_4b_thinking kind=opsd100 train=3564641 state=PENDING
[2026-09-09T19:18:06+08:00] progress done=2/6 pending=4 failed=0
[2026-09-09T19:20:06+08:00] WAIT olmo3_7b_think kind=sft10 train=3564640 state=PENDING
[2026-09-09T19:20:06+08:00] WAIT olmo3_7b_think kind=opsd100 train=3564640 state=PENDING
[2026-09-09T19:20:06+08:00] WAIT qwen3_4b_thinking kind=sft10 train=3564641 state=PENDING
[2026-09-09T19:20:06+08:00] WAIT qwen3_4b_thinking kind=opsd100 train=3564641 state=PENDING
[2026-09-09T19:20:06+08:00] progress done=2/6 pending=4 failed=0
[2026-09-09T19:22:06+08:00] WAIT olmo3_7b_think kind=sft10 train=3564640 state=PENDING
[2026-09-09T19:22:06+08:00] WAIT olmo3_7b_think kind=opsd100 train=3564640 state=PENDING
[2026-09-09T19:22:06+08:00] WAIT qwen3_4b_thinking kind=sft10 train=3564641 state=PENDING
[2026-09-09T19:22:06+08:00] WAIT qwen3_4b_thinking kind=opsd100 train=3564641 state=PENDING
[2026-09-09T19:22:06+08:00] progress done=2/6 pending=4 failed=0
[2026-09-09T19:24:06+08:00] WAIT olmo3_7b_think kind=sft10 train=3564640 state=PENDING
[2026-09-09T19:24:06+08:00] WAIT olmo3_7b_think kind=opsd100 train=3564640 state=PENDING
[2026-09-09T19:24:06+08:00] WAIT qwen3_4b_thinking kind=sft10 train=3564641 state=PENDING
[2026-09-09T19:24:06+08:00] WAIT qwen3_4b_thinking kind=opsd100 train=3564641 state=PENDING
[2026-09-09T19:24:06+08:00] progress done=2/6 pending=4 failed=0
[2026-09-09T19:26:06+08:00] WAIT olmo3_7b_think kind=sft10 train=3564640 state=PENDING
[2026-09-09T19:26:06+08:00] WAIT olmo3_7b_think kind=opsd100 train=3564640 state=PENDING
[2026-09-09T19:26:06+08:00] WAIT qwen3_4b_thinking kind=sft10 train=3564641 state=PENDING
[2026-09-09T19:26:06+08:00] WAIT qwen3_4b_thinking kind=opsd100 train=3564641 state=PENDING
[2026-09-09T19:26:06+08:00] progress done=2/6 pending=4 failed=0
[2026-09-09T19:28:06+08:00] WAIT olmo3_7b_think kind=sft10 train=3564640 state=PENDING
[2026-09-09T19:28:06+08:00] WAIT olmo3_7b_think kind=opsd100 train=3564640 state=PENDING
[2026-09-09T19:28:06+08:00] WAIT qwen3_4b_thinking kind=sft10 train=3564641 state=PENDING
[2026-09-09T19:28:06+08:00] WAIT qwen3_4b_thinking kind=opsd100 train=3564641 state=PENDING
[2026-09-09T19:28:06+08:00] progress done=2/6 pending=4 failed=0
[2026-09-09T19:30:06+08:00] WAIT olmo3_7b_think kind=sft10 train=3564640 state=PENDING
[2026-09-09T19:30:06+08:00] WAIT olmo3_7b_think kind=opsd100 train=3564640 state=PENDING
[2026-09-09T19:30:06+08:00] WAIT qwen3_4b_thinking kind=sft10 train=3564641 state=PENDING
[2026-09-09T19:30:06+08:00] WAIT qwen3_4b_thinking kind=opsd100 train=3564641 state=PENDING
[2026-09-09T19:30:06+08:00] progress done=2/6 pending=4 failed=0
[2026-09-09T19:32:06+08:00] WAIT olmo3_7b_think kind=sft10 train=3564640 state=PENDING
[2026-09-09T19:32:06+08:00] WAIT olmo3_7b_think kind=opsd100 train=3564640 state=PENDING
[2026-09-09T19:32:06+08:00] WAIT qwen3_4b_thinking kind=sft10 train=3564641 state=PENDING
[2026-09-09T19:32:06+08:00] WAIT qwen3_4b_thinking kind=opsd100 train=3564641 state=PENDING
[2026-09-09T19:32:06+08:00] progress done=2/6 pending=4 failed=0
[2026-09-09T19:34:06+08:00] WAIT olmo3_7b_think kind=sft10 train=3564640 state=PENDING
[2026-09-09T19:34:06+08:00] WAIT olmo3_7b_think kind=opsd100 train=3564640 state=PENDING
[2026-09-09T19:34:06+08:00] WAIT qwen3_4b_thinking kind=sft10 train=3564641 state=PENDING
[2026-09-09T19:34:06+08:00] WAIT qwen3_4b_thinking kind=opsd100 train=3564641 state=PENDING
[2026-09-09T19:34:06+08:00] progress done=2/6 pending=4 failed=0
[2026-09-09T19:36:06+08:00] WAIT olmo3_7b_think kind=sft10 train=3564640 state=PENDING
[2026-09-09T19:36:06+08:00] WAIT olmo3_7b_think kind=opsd100 train=3564640 state=PENDING
[2026-09-09T19:36:06+08:00] WAIT qwen3_4b_thinking kind=sft10 train=3564641 state=PENDING
[2026-09-09T19:36:06+08:00] WAIT qwen3_4b_thinking kind=opsd100 train=3564641 state=PENDING
[2026-09-09T19:36:06+08:00] progress done=2/6 pending=4 failed=0
[2026-09-09T19:38:06+08:00] WAIT olmo3_7b_think kind=sft10 train=3564640 state=PENDING
[2026-09-09T19:38:06+08:00] WAIT olmo3_7b_think kind=opsd100 train=3564640 state=PENDING
[2026-09-09T19:38:06+08:00] WAIT qwen3_4b_thinking kind=sft10 train=3564641 state=PENDING
[2026-09-09T19:38:06+08:00] WAIT qwen3_4b_thinking kind=opsd100 train=3564641 state=PENDING
[2026-09-09T19:38:06+08:00] progress done=2/6 pending=4 failed=0
[2026-09-09T19:40:06+08:00] WAIT olmo3_7b_think kind=sft10 train=3564640 state=PENDING
[2026-09-09T19:40:06+08:00] WAIT olmo3_7b_think kind=opsd100 train=3564640 state=PENDING
[2026-09-09T19:40:06+08:00] WAIT qwen3_4b_thinking kind=sft10 train=3564641 state=PENDING
[2026-09-09T19:40:06+08:00] WAIT qwen3_4b_thinking kind=opsd100 train=3564641 state=PENDING
[2026-09-09T19:40:06+08:00] progress done=2/6 pending=4 failed=0
[2026-09-09T19:42:06+08:00] WAIT olmo3_7b_think kind=sft10 train=3564640 state=PENDING
[2026-09-09T19:42:06+08:00] WAIT olmo3_7b_think kind=opsd100 train=3564640 state=PENDING
[2026-09-09T19:42:06+08:00] WAIT qwen3_4b_thinking kind=sft10 train=3564641 state=PENDING
[2026-09-09T19:42:06+08:00] WAIT qwen3_4b_thinking kind=opsd100 train=3564641 state=PENDING
[2026-09-09T19:42:06+08:00] progress done=2/6 pending=4 failed=0
[2026-09-09T19:44:07+08:00] WAIT olmo3_7b_think kind=sft10 train=3564640 state=PENDING
[2026-09-09T19:44:07+08:00] WAIT olmo3_7b_think kind=opsd100 train=3564640 state=PENDING
[2026-09-09T19:44:07+08:00] WAIT qwen3_4b_thinking kind=sft10 train=3564641 state=PENDING
[2026-09-09T19:44:07+08:00] WAIT qwen3_4b_thinking kind=opsd100 train=3564641 state=PENDING
[2026-09-09T19:44:07+08:00] progress done=2/6 pending=4 failed=0
[2026-09-09T19:46:07+08:00] WAIT olmo3_7b_think kind=sft10 train=3564640 state=PENDING
[2026-09-09T19:46:07+08:00] WAIT olmo3_7b_think kind=opsd100 train=3564640 state=PENDING
[2026-09-09T19:46:07+08:00] WAIT qwen3_4b_thinking kind=sft10 train=3564641 state=PENDING
[2026-09-09T19:46:07+08:00] WAIT qwen3_4b_thinking kind=opsd100 train=3564641 state=PENDING
[2026-09-09T19:46:07+08:00] progress done=2/6 pending=4 failed=0
[2026-09-09T19:48:07+08:00] WAIT olmo3_7b_think kind=sft10 train=3564640 state=PENDING
[2026-09-09T19:48:07+08:00] WAIT olmo3_7b_think kind=opsd100 train=3564640 state=PENDING
[2026-09-09T19:48:07+08:00] WAIT qwen3_4b_thinking kind=sft10 train=3564641 state=PENDING
[2026-09-09T19:48:07+08:00] WAIT qwen3_4b_thinking kind=opsd100 train=3564641 state=PENDING
[2026-09-09T19:48:07+08:00] progress done=2/6 pending=4 failed=0
[2026-09-09T19:50:07+08:00] WAIT olmo3_7b_think kind=sft10 train=3564640 state=PENDING
[2026-09-09T19:50:07+08:00] WAIT olmo3_7b_think kind=opsd100 train=3564640 state=PENDING
[2026-09-09T19:50:07+08:00] WAIT qwen3_4b_thinking kind=sft10 train=3564641 state=PENDING
[2026-09-09T19:50:07+08:00] WAIT qwen3_4b_thinking kind=opsd100 train=3564641 state=PENDING
[2026-09-09T19:50:07+08:00] progress done=2/6 pending=4 failed=0
[2026-09-09T19:52:07+08:00] WAIT olmo3_7b_think kind=sft10 train=3564640 state=PENDING
[2026-09-09T19:52:07+08:00] WAIT olmo3_7b_think kind=opsd100 train=3564640 state=PENDING
[2026-09-09T19:52:07+08:00] WAIT qwen3_4b_thinking kind=sft10 train=3564641 state=PENDING
[2026-09-09T19:52:07+08:00] WAIT qwen3_4b_thinking kind=opsd100 train=3564641 state=PENDING
[2026-09-09T19:52:07+08:00] progress done=2/6 pending=4 failed=0
[2026-09-09T19:54:07+08:00] WAIT olmo3_7b_think kind=sft10 train=3564640 state=PENDING
[2026-09-09T19:54:07+08:00] WAIT olmo3_7b_think kind=opsd100 train=3564640 state=PENDING
[2026-09-09T19:54:07+08:00] WAIT qwen3_4b_thinking kind=sft10 train=3564641 state=PENDING
[2026-09-09T19:54:07+08:00] WAIT qwen3_4b_thinking kind=opsd100 train=3564641 state=PENDING
[2026-09-09T19:54:07+08:00] progress done=2/6 pending=4 failed=0
[2026-09-09T19:56:07+08:00] WAIT olmo3_7b_think kind=sft10 train=3564640 state=PENDING
[2026-09-09T19:56:07+08:00] WAIT olmo3_7b_think kind=opsd100 train=3564640 state=PENDING
[2026-09-09T19:56:07+08:00] WAIT qwen3_4b_thinking kind=sft10 train=3564641 state=PENDING
[2026-09-09T19:56:07+08:00] WAIT qwen3_4b_thinking kind=opsd100 train=3564641 state=PENDING
[2026-09-09T19:56:07+08:00] progress done=2/6 pending=4 failed=0
[2026-09-09T19:58:07+08:00] WAIT olmo3_7b_think kind=sft10 train=3564640 state=PENDING
[2026-09-09T19:58:07+08:00] WAIT olmo3_7b_think kind=opsd100 train=3564640 state=PENDING
[2026-09-09T19:58:07+08:00] WAIT qwen3_4b_thinking kind=sft10 train=3564641 state=PENDING
[2026-09-09T19:58:07+08:00] WAIT qwen3_4b_thinking kind=opsd100 train=3564641 state=PENDING
[2026-09-09T19:58:07+08:00] progress done=2/6 pending=4 failed=0
[2026-09-09T20:00:07+08:00] WAIT olmo3_7b_think kind=sft10 train=3564640 state=PENDING
[2026-09-09T20:00:07+08:00] WAIT olmo3_7b_think kind=opsd100 train=3564640 state=PENDING
[2026-09-09T20:00:07+08:00] WAIT qwen3_4b_thinking kind=sft10 train=3564641 state=PENDING
[2026-09-09T20:00:07+08:00] WAIT qwen3_4b_thinking kind=opsd100 train=3564641 state=PENDING
[2026-09-09T20:00:07+08:00] progress done=2/6 pending=4 failed=0
[2026-09-09T20:02:07+08:00] WAIT olmo3_7b_think kind=sft10 train=3564640 state=PENDING
[2026-09-09T20:02:07+08:00] WAIT olmo3_7b_think kind=opsd100 train=3564640 state=PENDING
[2026-09-09T20:02:07+08:00] WAIT qwen3_4b_thinking kind=sft10 train=3564641 state=PENDING
[2026-09-09T20:02:07+08:00] WAIT qwen3_4b_thinking kind=opsd100 train=3564641 state=PENDING
[2026-09-09T20:02:07+08:00] progress done=2/6 pending=4 failed=0
[2026-09-09T20:04:07+08:00] WAIT olmo3_7b_think kind=sft10 train=3564640 state=PENDING
[2026-09-09T20:04:07+08:00] WAIT olmo3_7b_think kind=opsd100 train=3564640 state=PENDING
[2026-09-09T20:04:07+08:00] WAIT qwen3_4b_thinking kind=sft10 train=3564641 state=PENDING
[2026-09-09T20:04:07+08:00] WAIT qwen3_4b_thinking kind=opsd100 train=3564641 state=PENDING
[2026-09-09T20:04:07+08:00] progress done=2/6 pending=4 failed=0
[2026-09-09T20:06:07+08:00] WAIT olmo3_7b_think kind=sft10 train=3564640 state=PENDING
[2026-09-09T20:06:07+08:00] WAIT olmo3_7b_think kind=opsd100 train=3564640 state=PENDING
[2026-09-09T20:06:07+08:00] WAIT qwen3_4b_thinking kind=sft10 train=3564641 state=PENDING
[2026-09-09T20:06:07+08:00] WAIT qwen3_4b_thinking kind=opsd100 train=3564641 state=PENDING
[2026-09-09T20:06:07+08:00] progress done=2/6 pending=4 failed=0
[2026-09-09T20:08:07+08:00] WAIT olmo3_7b_think kind=sft10 train=3564640 state=PENDING
[2026-09-09T20:08:07+08:00] WAIT olmo3_7b_think kind=opsd100 train=3564640 state=PENDING
[2026-09-09T20:08:07+08:00] WAIT qwen3_4b_thinking kind=sft10 train=3564641 state=PENDING
[2026-09-09T20:08:07+08:00] WAIT qwen3_4b_thinking kind=opsd100 train=3564641 state=PENDING
[2026-09-09T20:08:07+08:00] progress done=2/6 pending=4 failed=0
[2026-09-09T20:10:07+08:00] WAIT olmo3_7b_think kind=sft10 train=3564640 state=PENDING
[2026-09-09T20:10:07+08:00] WAIT olmo3_7b_think kind=opsd100 train=3564640 state=PENDING
[2026-09-09T20:10:07+08:00] WAIT qwen3_4b_thinking kind=sft10 train=3564641 state=PENDING
[2026-09-09T20:10:07+08:00] WAIT qwen3_4b_thinking kind=opsd100 train=3564641 state=PENDING
[2026-09-09T20:10:07+08:00] progress done=2/6 pending=4 failed=0
[2026-09-09T20:12:07+08:00] WAIT olmo3_7b_think kind=sft10 train=3564640 state=PENDING
[2026-09-09T20:12:07+08:00] WAIT olmo3_7b_think kind=opsd100 train=3564640 state=PENDING
[2026-09-09T20:12:07+08:00] WAIT qwen3_4b_thinking kind=sft10 train=3564641 state=PENDING
[2026-09-09T20:12:07+08:00] WAIT qwen3_4b_thinking kind=opsd100 train=3564641 state=PENDING
[2026-09-09T20:12:07+08:00] progress done=2/6 pending=4 failed=0
[2026-09-09T20:14:07+08:00] WAIT olmo3_7b_think kind=sft10 train=3564640 state=PENDING
[2026-09-09T20:14:07+08:00] WAIT olmo3_7b_think kind=opsd100 train=3564640 state=PENDING
[2026-09-09T20:14:07+08:00] WAIT qwen3_4b_thinking kind=sft10 train=3564641 state=PENDING
[2026-09-09T20:14:08+08:00] WAIT qwen3_4b_thinking kind=opsd100 train=3564641 state=PENDING
[2026-09-09T20:14:08+08:00] progress done=2/6 pending=4 failed=0
[2026-09-09T20:16:08+08:00] WAIT olmo3_7b_think kind=sft10 train=3564640 state=PENDING
[2026-09-09T20:16:08+08:00] WAIT olmo3_7b_think kind=opsd100 train=3564640 state=PENDING
[2026-09-09T20:16:08+08:00] WAIT qwen3_4b_thinking kind=sft10 train=3564641 state=PENDING
[2026-09-09T20:16:08+08:00] WAIT qwen3_4b_thinking kind=opsd100 train=3564641 state=PENDING
[2026-09-09T20:16:08+08:00] progress done=2/6 pending=4 failed=0
[2026-09-09T20:18:08+08:00] WAIT olmo3_7b_think kind=sft10 train=3564640 state=PENDING
[2026-09-09T20:18:08+08:00] WAIT olmo3_7b_think kind=opsd100 train=3564640 state=PENDING
[2026-09-09T20:18:08+08:00] WAIT qwen3_4b_thinking kind=sft10 train=3564641 state=PENDING
[2026-09-09T20:18:08+08:00] WAIT qwen3_4b_thinking kind=opsd100 train=3564641 state=PENDING
[2026-09-09T20:18:08+08:00] progress done=2/6 pending=4 failed=0
[2026-09-09T20:20:08+08:00] WAIT olmo3_7b_think kind=sft10 train=3564640 state=PENDING
[2026-09-09T20:20:08+08:00] WAIT olmo3_7b_think kind=opsd100 train=3564640 state=PENDING
[2026-09-09T20:20:08+08:00] WAIT qwen3_4b_thinking kind=sft10 train=3564641 state=PENDING
[2026-09-09T20:20:08+08:00] WAIT qwen3_4b_thinking kind=opsd100 train=3564641 state=PENDING
[2026-09-09T20:20:08+08:00] progress done=2/6 pending=4 failed=0
[2026-09-09T20:22:08+08:00] WAIT olmo3_7b_think kind=sft10 train=3564640 state=PENDING
[2026-09-09T20:22:08+08:00] WAIT olmo3_7b_think kind=opsd100 train=3564640 state=PENDING
[2026-09-09T20:22:08+08:00] WAIT qwen3_4b_thinking kind=sft10 train=3564641 state=PENDING
[2026-09-09T20:22:08+08:00] WAIT qwen3_4b_thinking kind=opsd100 train=3564641 state=PENDING
[2026-09-09T20:22:08+08:00] progress done=2/6 pending=4 failed=0
[2026-09-09T20:24:08+08:00] WAIT olmo3_7b_think kind=sft10 train=3564640 state=PENDING
[2026-09-09T20:24:08+08:00] WAIT olmo3_7b_think kind=opsd100 train=3564640 state=PENDING
[2026-09-09T20:24:08+08:00] WAIT qwen3_4b_thinking kind=sft10 train=3564641 state=PENDING
[2026-09-09T20:24:08+08:00] WAIT qwen3_4b_thinking kind=opsd100 train=3564641 state=PENDING
[2026-09-09T20:24:08+08:00] progress done=2/6 pending=4 failed=0
[2026-09-09T20:26:08+08:00] WAIT olmo3_7b_think kind=sft10 train=3564640 state=PENDING
[2026-09-09T20:26:08+08:00] WAIT olmo3_7b_think kind=opsd100 train=3564640 state=PENDING
[2026-09-09T20:26:08+08:00] WAIT qwen3_4b_thinking kind=sft10 train=3564641 state=PENDING
[2026-09-09T20:26:08+08:00] WAIT qwen3_4b_thinking kind=opsd100 train=3564641 state=PENDING
[2026-09-09T20:26:08+08:00] progress done=2/6 pending=4 failed=0
[2026-09-09T20:28:08+08:00] WAIT olmo3_7b_think kind=sft10 train=3564640 state=PENDING
[2026-09-09T20:28:08+08:00] WAIT olmo3_7b_think kind=opsd100 train=3564640 state=PENDING
[2026-09-09T20:28:08+08:00] WAIT qwen3_4b_thinking kind=sft10 train=3564641 state=PENDING
[2026-09-09T20:28:08+08:00] WAIT qwen3_4b_thinking kind=opsd100 train=3564641 state=PENDING
[2026-09-09T20:28:08+08:00] progress done=2/6 pending=4 failed=0
[2026-09-09T20:30:08+08:00] WAIT olmo3_7b_think kind=sft10 train=3564640 state=PENDING
[2026-09-09T20:30:08+08:00] WAIT olmo3_7b_think kind=opsd100 train=3564640 state=PENDING
[2026-09-09T20:30:08+08:00] WAIT qwen3_4b_thinking kind=sft10 train=3564641 state=PENDING
[2026-09-09T20:30:08+08:00] WAIT qwen3_4b_thinking kind=opsd100 train=3564641 state=PENDING
[2026-09-09T20:30:08+08:00] progress done=2/6 pending=4 failed=0
[2026-09-09T20:32:08+08:00] WAIT olmo3_7b_think kind=sft10 train=3564640 state=PENDING
[2026-09-09T20:32:08+08:00] WAIT olmo3_7b_think kind=opsd100 train=3564640 state=PENDING
[2026-09-09T20:32:08+08:00] WAIT qwen3_4b_thinking kind=sft10 train=3564641 state=PENDING
[2026-09-09T20:32:08+08:00] WAIT qwen3_4b_thinking kind=opsd100 train=3564641 state=PENDING
[2026-09-09T20:32:08+08:00] progress done=2/6 pending=4 failed=0
[2026-09-09T20:34:08+08:00] WAIT olmo3_7b_think kind=sft10 train=3564640 state=PENDING
[2026-09-09T20:34:08+08:00] WAIT olmo3_7b_think kind=opsd100 train=3564640 state=PENDING
[2026-09-09T20:34:08+08:00] WAIT qwen3_4b_thinking kind=sft10 train=3564641 state=PENDING
[2026-09-09T20:34:08+08:00] WAIT qwen3_4b_thinking kind=opsd100 train=3564641 state=PENDING
[2026-09-09T20:34:08+08:00] progress done=2/6 pending=4 failed=0
[2026-09-09T20:36:08+08:00] WAIT olmo3_7b_think kind=sft10 train=3564640 state=PENDING
[2026-09-09T20:36:08+08:00] WAIT olmo3_7b_think kind=opsd100 train=3564640 state=PENDING
[2026-09-09T20:36:08+08:00] WAIT qwen3_4b_thinking kind=sft10 train=3564641 state=PENDING
[2026-09-09T20:36:08+08:00] WAIT qwen3_4b_thinking kind=opsd100 train=3564641 state=PENDING
[2026-09-09T20:36:08+08:00] progress done=2/6 pending=4 failed=0
[2026-09-09T20:38:08+08:00] WAIT olmo3_7b_think kind=sft10 train=3564640 state=PENDING
[2026-09-09T20:38:08+08:00] WAIT olmo3_7b_think kind=opsd100 train=3564640 state=PENDING
[2026-09-09T20:38:08+08:00] WAIT qwen3_4b_thinking kind=sft10 train=3564641 state=PENDING
[2026-09-09T20:38:08+08:00] WAIT qwen3_4b_thinking kind=opsd100 train=3564641 state=PENDING
[2026-09-09T20:38:08+08:00] progress done=2/6 pending=4 failed=0
[2026-09-09T20:40:08+08:00] WAIT olmo3_7b_think kind=sft10 train=3564640 state=PENDING
[2026-09-09T20:40:08+08:00] WAIT olmo3_7b_think kind=opsd100 train=3564640 state=PENDING
[2026-09-09T20:40:08+08:00] WAIT qwen3_4b_thinking kind=sft10 train=3564641 state=PENDING
[2026-09-09T20:40:08+08:00] WAIT qwen3_4b_thinking kind=opsd100 train=3564641 state=PENDING
[2026-09-09T20:40:08+08:00] progress done=2/6 pending=4 failed=0
[2026-09-09T20:42:08+08:00] WAIT olmo3_7b_think kind=sft10 train=3564640 state=PENDING
[2026-09-09T20:42:08+08:00] WAIT olmo3_7b_think kind=opsd100 train=3564640 state=PENDING
[2026-09-09T20:42:08+08:00] WAIT qwen3_4b_thinking kind=sft10 train=3564641 state=PENDING
[2026-09-09T20:42:08+08:00] WAIT qwen3_4b_thinking kind=opsd100 train=3564641 state=PENDING
[2026-09-09T20:42:08+08:00] progress done=2/6 pending=4 failed=0
[2026-09-09T20:44:08+08:00] WAIT olmo3_7b_think kind=sft10 train=3564640 state=PENDING
[2026-09-09T20:44:08+08:00] WAIT olmo3_7b_think kind=opsd100 train=3564640 state=PENDING
[2026-09-09T20:44:08+08:00] WAIT qwen3_4b_thinking kind=sft10 train=3564641 state=PENDING
[2026-09-09T20:44:08+08:00] WAIT qwen3_4b_thinking kind=opsd100 train=3564641 state=PENDING
[2026-09-09T20:44:08+08:00] progress done=2/6 pending=4 failed=0
[2026-09-09T20:46:08+08:00] WAIT olmo3_7b_think kind=sft10 train=3564640 state=PENDING
[2026-09-09T20:46:08+08:00] WAIT olmo3_7b_think kind=opsd100 train=3564640 state=PENDING
[2026-09-09T20:46:08+08:00] WAIT qwen3_4b_thinking kind=sft10 train=3564641 state=PENDING
[2026-09-09T20:46:09+08:00] WAIT qwen3_4b_thinking kind=opsd100 train=3564641 state=PENDING
[2026-09-09T20:46:09+08:00] progress done=2/6 pending=4 failed=0
[2026-09-09T20:48:09+08:00] WAIT olmo3_7b_think kind=sft10 train=3564640 state=PENDING
[2026-09-09T20:48:09+08:00] WAIT olmo3_7b_think kind=opsd100 train=3564640 state=PENDING
[2026-09-09T20:48:09+08:00] WAIT qwen3_4b_thinking kind=sft10 train=3564641 state=PENDING
[2026-09-09T20:48:09+08:00] WAIT qwen3_4b_thinking kind=opsd100 train=3564641 state=PENDING
[2026-09-09T20:48:09+08:00] progress done=2/6 pending=4 failed=0
[2026-09-09T20:50:09+08:00] WAIT olmo3_7b_think kind=sft10 train=3564640 state=PENDING
[2026-09-09T20:50:09+08:00] WAIT olmo3_7b_think kind=opsd100 train=3564640 state=PENDING
[2026-09-09T20:50:09+08:00] WAIT qwen3_4b_thinking kind=sft10 train=3564641 state=PENDING
[2026-09-09T20:50:09+08:00] WAIT qwen3_4b_thinking kind=opsd100 train=3564641 state=PENDING
[2026-09-09T20:50:09+08:00] progress done=2/6 pending=4 failed=0
[2026-09-09T20:52:09+08:00] WAIT olmo3_7b_think kind=sft10 train=3564640 state=PENDING
[2026-09-09T20:52:09+08:00] WAIT olmo3_7b_think kind=opsd100 train=3564640 state=PENDING
[2026-09-09T20:52:09+08:00] WAIT qwen3_4b_thinking kind=sft10 train=3564641 state=PENDING
[2026-09-09T20:52:09+08:00] WAIT qwen3_4b_thinking kind=opsd100 train=3564641 state=PENDING
[2026-09-09T20:52:09+08:00] progress done=2/6 pending=4 failed=0
[2026-09-09T20:54:09+08:00] WAIT olmo3_7b_think kind=sft10 train=3564640 state=PENDING
[2026-09-09T20:54:09+08:00] WAIT olmo3_7b_think kind=opsd100 train=3564640 state=PENDING
[2026-09-09T20:54:09+08:00] WAIT qwen3_4b_thinking kind=sft10 train=3564641 state=PENDING
[2026-09-09T20:54:09+08:00] WAIT qwen3_4b_thinking kind=opsd100 train=3564641 state=PENDING
[2026-09-09T20:54:09+08:00] progress done=2/6 pending=4 failed=0
[2026-09-09T20:56:09+08:00] WAIT olmo3_7b_think kind=sft10 train=3564640 state=PENDING
[2026-09-09T20:56:09+08:00] WAIT olmo3_7b_think kind=opsd100 train=3564640 state=PENDING
[2026-09-09T20:56:09+08:00] WAIT qwen3_4b_thinking kind=sft10 train=3564641 state=PENDING
[2026-09-09T20:56:09+08:00] WAIT qwen3_4b_thinking kind=opsd100 train=3564641 state=PENDING
[2026-09-09T20:56:09+08:00] progress done=2/6 pending=4 failed=0
[2026-09-09T20:58:09+08:00] WAIT olmo3_7b_think kind=sft10 train=3564640 state=PENDING
[2026-09-09T20:58:09+08:00] WAIT olmo3_7b_think kind=opsd100 train=3564640 state=PENDING
[2026-09-09T20:58:09+08:00] WAIT qwen3_4b_thinking kind=sft10 train=3564641 state=PENDING
[2026-09-09T20:58:09+08:00] WAIT qwen3_4b_thinking kind=opsd100 train=3564641 state=PENDING
[2026-09-09T20:58:09+08:00] progress done=2/6 pending=4 failed=0
[2026-09-09T21:00:09+08:00] WAIT olmo3_7b_think kind=sft10 train=3564640 state=PENDING
[2026-09-09T21:00:09+08:00] WAIT olmo3_7b_think kind=opsd100 train=3564640 state=PENDING
[2026-09-09T21:00:09+08:00] WAIT qwen3_4b_thinking kind=sft10 train=3564641 state=PENDING
[2026-09-09T21:00:09+08:00] WAIT qwen3_4b_thinking kind=opsd100 train=3564641 state=PENDING
[2026-09-09T21:00:09+08:00] progress done=2/6 pending=4 failed=0
[2026-09-09T21:02:09+08:00] WAIT olmo3_7b_think kind=sft10 train=3564640 state=PENDING
[2026-09-09T21:02:09+08:00] WAIT olmo3_7b_think kind=opsd100 train=3564640 state=PENDING
[2026-09-09T21:02:09+08:00] WAIT qwen3_4b_thinking kind=sft10 train=3564641 state=PENDING
[2026-09-09T21:02:09+08:00] WAIT qwen3_4b_thinking kind=opsd100 train=3564641 state=PENDING
[2026-09-09T21:02:09+08:00] progress done=2/6 pending=4 failed=0
[2026-09-09T21:04:09+08:00] WAIT olmo3_7b_think kind=sft10 train=3564640 state=PENDING
[2026-09-09T21:04:09+08:00] WAIT olmo3_7b_think kind=opsd100 train=3564640 state=PENDING
[2026-09-09T21:04:09+08:00] WAIT qwen3_4b_thinking kind=sft10 train=3564641 state=PENDING
[2026-09-09T21:04:09+08:00] WAIT qwen3_4b_thinking kind=opsd100 train=3564641 state=PENDING
[2026-09-09T21:04:09+08:00] progress done=2/6 pending=4 failed=0
