[2026-09-26T02:57:53+08:00] host=a2n16c1 job=3857586 interval=120s ckpt_step=50
[2026-09-26T02:57:53+08:00] watching 1.7b jid=3857584 run=st_tt_clip005_1e_6_omr_answer_50step_1p7b | 4b jid=3857585 run=st_tt_clip005_1e_6_omr_answer_50step_4b
[2026-09-26T02:57:53+08:00] WAIT 1.7b jid=3857584 state=PENDING
[2026-09-26T02:57:53+08:00] WAIT 4b jid=3857585 state=PENDING
[2026-09-26T02:57:53+08:00] progress done=0/2
[2026-09-26T02:59:53+08:00] WAIT 1.7b jid=3857584 state=PENDING
[2026-09-26T02:59:53+08:00] WAIT 4b jid=3857585 state=PENDING
[2026-09-26T02:59:53+08:00] progress done=0/2
[2026-09-26T03:01:53+08:00] WAIT 1.7b jid=3857584 state=PENDING
[2026-09-26T03:01:53+08:00] WAIT 4b jid=3857585 state=PENDING
[2026-09-26T03:01:53+08:00] progress done=0/2
[2026-09-26T03:03:53+08:00] WAIT 1.7b jid=3857584 state=PENDING
[2026-09-26T03:03:53+08:00] WAIT 4b jid=3857585 state=PENDING
[2026-09-26T03:03:53+08:00] progress done=0/2
[2026-09-26T03:05:53+08:00] WAIT 1.7b jid=3857584 state=PENDING
[2026-09-26T03:05:53+08:00] WAIT 4b jid=3857585 state=PENDING
[2026-09-26T03:05:53+08:00] progress done=0/2
[2026-09-26T03:07:53+08:00] WAIT 1.7b jid=3857584 state=PENDING
[2026-09-26T03:07:53+08:00] WAIT 4b jid=3857585 state=PENDING
[2026-09-26T03:07:53+08:00] progress done=0/2
slurmstepd: error: *** JOB 3857586 ON a2n16c1 CANCELLED AT 2026-09-26T03:07:58 ***
