[2026-09-26T03:14:23+08:00] host=a2n16c2 job=3857619 interval=120s ckpt_step=50
[2026-09-26T03:14:23+08:00] watching 1.7b jid=3857611 run=st_tt_clip005_1e_6_omr_answer_50step_1p7b | 4b jid=3857618 run=st_tt_clip005_1e_6_omr_answer_50step_4b
[2026-09-26T03:14:23+08:00] WAIT 1.7b jid=3857611 state=PENDING
[2026-09-26T03:14:23+08:00] WAIT 4b jid=3857618 state=PENDING
[2026-09-26T03:14:23+08:00] progress done=0/2
[2026-09-26T03:16:23+08:00] WAIT 1.7b jid=3857611 state=PENDING
[2026-09-26T03:16:23+08:00] WAIT 4b jid=3857618 state=PENDING
[2026-09-26T03:16:23+08:00] progress done=0/2
[2026-09-26T03:18:23+08:00] WAIT 1.7b jid=3857611 state=PENDING
[2026-09-26T03:18:23+08:00] WAIT 4b jid=3857618 state=PENDING
[2026-09-26T03:18:23+08:00] progress done=0/2
[2026-09-26T03:20:23+08:00] WAIT 1.7b jid=3857611 state=PENDING
[2026-09-26T03:20:23+08:00] WAIT 4b jid=3857618 state=PENDING
[2026-09-26T03:20:23+08:00] progress done=0/2
[2026-09-26T03:22:23+08:00] WAIT 1.7b jid=3857611 state=PENDING
[2026-09-26T03:22:23+08:00] WAIT 4b jid=3857618 state=PENDING
[2026-09-26T03:22:23+08:00] progress done=0/2
[2026-09-26T03:24:23+08:00] WAIT 1.7b jid=3857611 state=PENDING
[2026-09-26T03:24:23+08:00] WAIT 4b jid=3857618 state=PENDING
[2026-09-26T03:24:23+08:00] progress done=0/2
[2026-09-26T03:26:23+08:00] WAIT 1.7b jid=3857611 state=PENDING
[2026-09-26T03:26:23+08:00] WAIT 4b jid=3857618 state=PENDING
[2026-09-26T03:26:23+08:00] progress done=0/2
[2026-09-26T03:28:23+08:00] WAIT 1.7b jid=3857611 state=PENDING
[2026-09-26T03:28:23+08:00] WAIT 4b jid=3857618 state=PENDING
[2026-09-26T03:28:23+08:00] progress done=0/2
[2026-09-26T03:30:23+08:00] WAIT 1.7b jid=3857611 state=PENDING
[2026-09-26T03:30:23+08:00] WAIT 4b jid=3857618 state=PENDING
[2026-09-26T03:30:23+08:00] progress done=0/2
[2026-09-26T03:32:23+08:00] WAIT 1.7b jid=3857611 state=PENDING
[2026-09-26T03:32:23+08:00] WAIT 4b jid=3857618 state=PENDING
[2026-09-26T03:32:23+08:00] progress done=0/2
[2026-09-26T03:34:23+08:00] WAIT 1.7b jid=3857611 state=PENDING
[2026-09-26T03:34:23+08:00] WAIT 4b jid=3857618 state=PENDING
[2026-09-26T03:34:23+08:00] progress done=0/2
[2026-09-26T03:36:23+08:00] WAIT 1.7b jid=3857611 state=PENDING
[2026-09-26T03:36:23+08:00] WAIT 4b jid=3857618 state=PENDING
[2026-09-26T03:36:23+08:00] progress done=0/2
[2026-09-26T03:38:23+08:00] WAIT 1.7b jid=3857611 state=PENDING
[2026-09-26T03:38:23+08:00] WAIT 4b jid=3857618 state=PENDING
[2026-09-26T03:38:23+08:00] progress done=0/2
[2026-09-26T03:40:23+08:00] WAIT 1.7b jid=3857611 state=PENDING
[2026-09-26T03:40:23+08:00] WAIT 4b jid=3857618 state=PENDING
[2026-09-26T03:40:23+08:00] progress done=0/2
[2026-09-26T03:42:23+08:00] WAIT 1.7b jid=3857611 state=PENDING
[2026-09-26T03:42:23+08:00] WAIT 4b jid=3857618 state=PENDING
[2026-09-26T03:42:23+08:00] progress done=0/2
[2026-09-26T03:44:23+08:00] WAIT 1.7b jid=3857611 state=PENDING
[2026-09-26T03:44:23+08:00] WAIT 4b jid=3857618 state=PENDING
[2026-09-26T03:44:23+08:00] progress done=0/2
[2026-09-26T03:46:23+08:00] WAIT 1.7b jid=3857611 state=PENDING
[2026-09-26T03:46:23+08:00] WAIT 4b jid=3857618 state=PENDING
[2026-09-26T03:46:23+08:00] progress done=0/2
[2026-09-26T03:48:23+08:00] WAIT 1.7b jid=3857611 state=PENDING
[2026-09-26T03:48:23+08:00] WAIT 4b jid=3857618 state=PENDING
[2026-09-26T03:48:23+08:00] progress done=0/2
[2026-09-26T03:50:23+08:00] WAIT 1.7b jid=3857611 state=PENDING
[2026-09-26T03:50:23+08:00] WAIT 4b jid=3857618 state=PENDING
[2026-09-26T03:50:23+08:00] progress done=0/2
[2026-09-26T03:52:23+08:00] WAIT 1.7b jid=3857611 state=PENDING
[2026-09-26T03:52:23+08:00] WAIT 4b jid=3857618 state=PENDING
[2026-09-26T03:52:23+08:00] progress done=0/2
[2026-09-26T03:54:23+08:00] WAIT 1.7b jid=3857611 state=PENDING
[2026-09-26T03:54:23+08:00] WAIT 4b jid=3857618 state=PENDING
[2026-09-26T03:54:23+08:00] progress done=0/2
[2026-09-26T03:56:23+08:00] WAIT 1.7b jid=3857611 state=PENDING
[2026-09-26T03:56:23+08:00] WAIT 4b jid=3857618 state=PENDING
[2026-09-26T03:56:23+08:00] progress done=0/2
[2026-09-26T03:58:23+08:00] WAIT 1.7b jid=3857611 state=PENDING
[2026-09-26T03:58:23+08:00] WAIT 4b jid=3857618 state=PENDING
[2026-09-26T03:58:23+08:00] progress done=0/2
[2026-09-26T04:00:23+08:00] WAIT 1.7b jid=3857611 state=PENDING
[2026-09-26T04:00:23+08:00] WAIT 4b jid=3857618 state=PENDING
[2026-09-26T04:00:23+08:00] progress done=0/2
[2026-09-26T04:02:23+08:00] WAIT 1.7b jid=3857611 state=PENDING
[2026-09-26T04:02:23+08:00] WAIT 4b jid=3857618 state=PENDING
[2026-09-26T04:02:23+08:00] progress done=0/2
[2026-09-26T04:04:23+08:00] WAIT 1.7b jid=3857611 state=PENDING
[2026-09-26T04:04:23+08:00] WAIT 4b jid=3857618 state=PENDING
[2026-09-26T04:04:23+08:00] progress done=0/2
[2026-09-26T04:06:24+08:00] WAIT 1.7b jid=3857611 state=PENDING
[2026-09-26T04:06:24+08:00] WAIT 4b jid=3857618 state=PENDING
[2026-09-26T04:06:24+08:00] progress done=0/2
[2026-09-26T04:08:24+08:00] WAIT 1.7b jid=3857611 state=PENDING
[2026-09-26T04:08:24+08:00] WAIT 4b jid=3857618 state=PENDING
[2026-09-26T04:08:24+08:00] progress done=0/2
[2026-09-26T04:10:24+08:00] WAIT 1.7b jid=3857611 state=PENDING
[2026-09-26T04:10:24+08:00] WAIT 4b jid=3857618 state=PENDING
[2026-09-26T04:10:24+08:00] progress done=0/2
[2026-09-26T04:12:24+08:00] WAIT 1.7b jid=3857611 state=PENDING
[2026-09-26T04:12:24+08:00] WAIT 4b jid=3857618 state=PENDING
[2026-09-26T04:12:24+08:00] progress done=0/2
[2026-09-26T04:14:24+08:00] WAIT 1.7b jid=3857611 state=PENDING
[2026-09-26T04:14:24+08:00] WAIT 4b jid=3857618 state=PENDING
[2026-09-26T04:14:24+08:00] progress done=0/2
[2026-09-26T04:16:24+08:00] WAIT 1.7b jid=3857611 state=PENDING
[2026-09-26T04:16:24+08:00] WAIT 4b jid=3857618 state=PENDING
[2026-09-26T04:16:24+08:00] progress done=0/2
[2026-09-26T04:18:24+08:00] WAIT 1.7b jid=3857611 state=PENDING
[2026-09-26T04:18:24+08:00] WAIT 4b jid=3857618 state=PENDING
[2026-09-26T04:18:24+08:00] progress done=0/2
[2026-09-26T04:20:24+08:00] WAIT 1.7b jid=3857611 state=PENDING
[2026-09-26T04:20:24+08:00] WAIT 4b jid=3857618 state=PENDING
[2026-09-26T04:20:24+08:00] progress done=0/2
[2026-09-26T04:22:24+08:00] WAIT 1.7b jid=3857611 state=PENDING
[2026-09-26T04:22:24+08:00] WAIT 4b jid=3857618 state=PENDING
[2026-09-26T04:22:24+08:00] progress done=0/2
[2026-09-26T04:24:24+08:00] WAIT 1.7b jid=3857611 state=PENDING
[2026-09-26T04:24:24+08:00] WAIT 4b jid=3857618 state=PENDING
[2026-09-26T04:24:24+08:00] progress done=0/2
[2026-09-26T04:26:24+08:00] WAIT 1.7b jid=3857611 state=PENDING
[2026-09-26T04:26:24+08:00] WAIT 4b jid=3857618 state=PENDING
[2026-09-26T04:26:24+08:00] progress done=0/2
[2026-09-26T04:28:24+08:00] WAIT 1.7b jid=3857611 state=PENDING
[2026-09-26T04:28:24+08:00] WAIT 4b jid=3857618 state=PENDING
[2026-09-26T04:28:24+08:00] progress done=0/2
[2026-09-26T04:30:24+08:00] WAIT 1.7b jid=3857611 state=PENDING
[2026-09-26T04:30:24+08:00] WAIT 4b jid=3857618 state=PENDING
[2026-09-26T04:30:24+08:00] progress done=0/2
[2026-09-26T04:32:24+08:00] WAIT 1.7b jid=3857611 state=PENDING
[2026-09-26T04:32:24+08:00] WAIT 4b jid=3857618 state=PENDING
[2026-09-26T04:32:24+08:00] progress done=0/2
[2026-09-26T04:34:24+08:00] WAIT 1.7b jid=3857611 state=PENDING
[2026-09-26T04:34:24+08:00] WAIT 4b jid=3857618 state=PENDING
[2026-09-26T04:34:24+08:00] progress done=0/2
[2026-09-26T04:36:24+08:00] WAIT 1.7b jid=3857611 state=PENDING
[2026-09-26T04:36:24+08:00] WAIT 4b jid=3857618 state=PENDING
[2026-09-26T04:36:24+08:00] progress done=0/2
[2026-09-26T04:38:24+08:00] WAIT 1.7b jid=3857611 state=PENDING
[2026-09-26T04:38:24+08:00] WAIT 4b jid=3857618 state=PENDING
[2026-09-26T04:38:24+08:00] progress done=0/2
[2026-09-26T04:40:24+08:00] WAIT 1.7b jid=3857611 state=PENDING
[2026-09-26T04:40:24+08:00] WAIT 4b jid=3857618 state=PENDING
[2026-09-26T04:40:24+08:00] progress done=0/2
[2026-09-26T04:42:24+08:00] WAIT 1.7b jid=3857611 state=PENDING
[2026-09-26T04:42:24+08:00] WAIT 4b jid=3857618 state=PENDING
[2026-09-26T04:42:24+08:00] progress done=0/2
[2026-09-26T04:44:24+08:00] WAIT 1.7b jid=3857611 state=PENDING
[2026-09-26T04:44:24+08:00] WAIT 4b jid=3857618 state=PENDING
[2026-09-26T04:44:24+08:00] progress done=0/2
[2026-09-26T04:46:24+08:00] WAIT 1.7b jid=3857611 state=PENDING
[2026-09-26T04:46:24+08:00] WAIT 4b jid=3857618 state=PENDING
[2026-09-26T04:46:24+08:00] progress done=0/2
[2026-09-26T04:48:24+08:00] WAIT 1.7b jid=3857611 state=PENDING
[2026-09-26T04:48:24+08:00] WAIT 4b jid=3857618 state=PENDING
[2026-09-26T04:48:24+08:00] progress done=0/2
[2026-09-26T04:50:24+08:00] WAIT 1.7b jid=3857611 state=PENDING
[2026-09-26T04:50:24+08:00] WAIT 4b jid=3857618 state=PENDING
[2026-09-26T04:50:24+08:00] progress done=0/2
[2026-09-26T04:52:24+08:00] WAIT 1.7b jid=3857611 state=PENDING
[2026-09-26T04:52:24+08:00] WAIT 4b jid=3857618 state=PENDING
[2026-09-26T04:52:24+08:00] progress done=0/2
[2026-09-26T04:54:24+08:00] WAIT 1.7b jid=3857611 state=PENDING
[2026-09-26T04:54:24+08:00] WAIT 4b jid=3857618 state=PENDING
[2026-09-26T04:54:24+08:00] progress done=0/2
[2026-09-26T04:56:24+08:00] WAIT 1.7b jid=3857611 state=PENDING
[2026-09-26T04:56:24+08:00] WAIT 4b jid=3857618 state=PENDING
[2026-09-26T04:56:24+08:00] progress done=0/2
[2026-09-26T04:58:24+08:00] WAIT 1.7b jid=3857611 state=PENDING
[2026-09-26T04:58:24+08:00] WAIT 4b jid=3857618 state=PENDING
[2026-09-26T04:58:24+08:00] progress done=0/2
[2026-09-26T05:00:24+08:00] WAIT 1.7b jid=3857611 state=PENDING
[2026-09-26T05:00:24+08:00] WAIT 4b jid=3857618 state=PENDING
[2026-09-26T05:00:24+08:00] progress done=0/2
[2026-09-26T05:02:24+08:00] WAIT 1.7b jid=3857611 state=PENDING
[2026-09-26T05:02:24+08:00] WAIT 4b jid=3857618 state=PENDING
[2026-09-26T05:02:24+08:00] progress done=0/2
[2026-09-26T05:04:24+08:00] WAIT 1.7b jid=3857611 state=PENDING
[2026-09-26T05:04:24+08:00] WAIT 4b jid=3857618 state=PENDING
[2026-09-26T05:04:24+08:00] progress done=0/2
[2026-09-26T05:06:24+08:00] WAIT 1.7b jid=3857611 state=RUNNING
[2026-09-26T05:06:24+08:00] WAIT 4b jid=3857618 state=PENDING
[2026-09-26T05:06:24+08:00] progress done=0/2
[2026-09-26T05:08:24+08:00] WAIT 1.7b jid=3857611 state=RUNNING
[2026-09-26T05:08:24+08:00] WAIT 4b jid=3857618 state=PENDING
[2026-09-26T05:08:24+08:00] progress done=0/2
[2026-09-26T05:10:24+08:00] WAIT 1.7b jid=3857611 state=RUNNING
[2026-09-26T05:10:24+08:00] WAIT 4b jid=3857618 state=PENDING
[2026-09-26T05:10:24+08:00] progress done=0/2
[2026-09-26T05:12:24+08:00] WAIT 1.7b jid=3857611 state=RUNNING
[2026-09-26T05:12:24+08:00] WAIT 4b jid=3857618 state=PENDING
[2026-09-26T05:12:24+08:00] progress done=0/2
[2026-09-26T05:14:24+08:00] WAIT 1.7b jid=3857611 state=RUNNING
[2026-09-26T05:14:24+08:00] WAIT 4b jid=3857618 state=PENDING
[2026-09-26T05:14:24+08:00] progress done=0/2
[2026-09-26T05:16:24+08:00] WAIT 1.7b jid=3857611 state=RUNNING
[2026-09-26T05:16:24+08:00] WAIT 4b jid=3857618 state=PENDING
[2026-09-26T05:16:24+08:00] progress done=0/2
[2026-09-26T05:18:24+08:00] WAIT 1.7b jid=3857611 state=RUNNING
[2026-09-26T05:18:24+08:00] WAIT 4b jid=3857618 state=PENDING
[2026-09-26T05:18:24+08:00] progress done=0/2
[2026-09-26T05:20:24+08:00] WAIT 1.7b jid=3857611 state=RUNNING
[2026-09-26T05:20:24+08:00] WAIT 4b jid=3857618 state=PENDING
[2026-09-26T05:20:24+08:00] progress done=0/2
[2026-09-26T05:22:24+08:00] WAIT 1.7b jid=3857611 state=RUNNING
[2026-09-26T05:22:24+08:00] WAIT 4b jid=3857618 state=PENDING
[2026-09-26T05:22:24+08:00] progress done=0/2
[2026-09-26T05:24:24+08:00] WAIT 1.7b jid=3857611 state=RUNNING
[2026-09-26T05:24:24+08:00] WAIT 4b jid=3857618 state=PENDING
[2026-09-26T05:24:24+08:00] progress done=0/2
[2026-09-26T05:26:24+08:00] WAIT 1.7b jid=3857611 state=RUNNING
[2026-09-26T05:26:24+08:00] WAIT 4b jid=3857618 state=PENDING
[2026-09-26T05:26:24+08:00] progress done=0/2
[2026-09-26T05:28:24+08:00] WAIT 1.7b jid=3857611 state=RUNNING
[2026-09-26T05:28:24+08:00] WAIT 4b jid=3857618 state=PENDING
[2026-09-26T05:28:24+08:00] progress done=0/2
[2026-09-26T05:30:24+08:00] READY 1.7b jid=3857611 -> /gpfs/share/home/2501210611/opsd_analysis/OPSD_Analysis/outputs/qwen3_1.7b/st_tt_clip005_1e_6_omr_answer_50step_1p7b/3857611/checkpoint-50 (train_state=FAILED)
[submit] 1.7b think ckpt=/gpfs/share/home/2501210611/opsd_analysis/OPSD_Analysis/outputs/qwen3_1.7b/st_tt_clip005_1e_6_omr_answer_50step_1p7b/3857611/checkpoint-50 tag=st_tt_clip005_1e_6_omr_answer_50step_1p7b_ckpt50 seed=42
sbatch: ╔════════════════════════════════════════════════════════════╗
sbatch: ║ 装置四 - 参数检查脚本
sbatch: ║ Device IV - Parameter Checking Script
sbatch: ╠════════════════════════════════════════════════════════════╣
sbatch: ║ 版本: v1.0.5
sbatch: ║ 时间: 2026-09-26 05:31:55
sbatch: ╚════════════════════════════════════════════════════════════╝
sbatch: [提示] 您可在提交作业时通过-p/--partition参数指定分区，可用逗号分开，指定多个分区，如 -p GPUA800,GPUA800L,GPUA40S
sbatch: [提示] 您可在提交作业时通过--mem(min_mem_per_node)或--mem-per-cpu(min_mem_per_cpu)或--mem-per-gpu(mem_per_tres)参数指定内存
sbatch: [提示] 您可在提交作业时通过-c/--cpus-per-task(cpus_per_task)或者--cpus-per-gpu=(cpus_per_tres)参数指定CPU
sbatch: [提示] 您可在提交作业时通过--gres或-G/--gpus或--gpus-per-node或--gpus-per-socket或--gpus-per-task或--tres-per-task参数指定GPU
sbatch: [提示] 您可在提交作业时通过-n/--ntasks(num_tasks)或--ntasks-per-node或--ntasks-per-socket或--ntasks-per-core或--ntasks-per-gpu参数指定task
sbatch: [提示] 您可在提交作业时通过-N/--nodes参数指定node
sbatch: [提示] 您可在提交作业时通过-t/--time(任务最大运行时限time_limit)或--time-min(任务最少需要运行多久,任务可比最少运行时间提前结束)或参数指定任务时长
sbatch: [装置四->参数检查->多分区] partition: GPUA800,GPUA800S,GPUA800L
sbatch: [装置四->参数检查->内存] min_mem_per_node: 81920
sbatch: [装置四->参数检查->内存] min_mem_per_cpu: 未设置
sbatch: [装置四->参数检查->内存] mem_per_tres: nil MB
sbatch: [装置四->参数检查->CPU] min_cpus: 7
sbatch: [装置四->参数检查->CPU] cpus_per_task: 7
sbatch: [装置四->参数检查->CPU] max_cpus: NO_VAL
sbatch: [装置四->参数检查->CPU] cpus_per_tres: 未设置
sbatch: [装置四->参数检查->gres] gres: gres:gpu:1
sbatch: [装置四->参数检查->gres] tres_per_node: gres:gpu:1
sbatch: [装置四->参数检查->gres] tres_per_task: 未设置
sbatch: [装置四->参数检查->gres] tres_per_socket: 未设置
sbatch: [装置四->参数检查->gres] tres_per_job: 未设置
sbatch: [装置四->参数检查->task] num_tasks: NO_VAL
sbatch: [装置四->参数检查->task] ntasks_per_node: 1
sbatch: [装置四->参数检查->task] ntasks_per_socket: NO_VAL
sbatch: [装置四->参数检查->task] ntasks_per_core: NO_VAL
sbatch: [装置四->参数检查->task] ntasks_per_gpu: NO_VAL
sbatch: [装置四->参数检查->task] ntasks_per_tres: NO_VAL
sbatch: [装置四->参数检查->task] tres_per_task: 未设置
sbatch: [装置四->参数检查->node] min_nodes: 1
sbatch: [装置四->参数检查->node] max_nodes: 1
sbatch: [装置四->参数检查->time] time_limit: 1440 Min
sbatch: [装置四->参数检查->time] time_min: NO_VAL
sbatch: [装置四->参数检查->合理性检查->说明]
sbatch: [装置四->参数检查->合理性检查->说明] 为给大家提供更好的作业运行体验，我们对作业参数进行了合理性检查，方案如下：
sbatch: [装置四->参数检查->合理性检查->说明] 1、任务最大运行时长参数强制要求为必填项(调度算法使用)
sbatch: [装置四->参数检查->合理性检查->说明]    用户必须通过-t/--time参数指定任务最大运行时长，否则作业将被拒绝
sbatch: [装置四->参数检查->合理性检查->说明]    用户可设置的任务最大运行时长，为任务提交到的分区所允许的最大时长
sbatch: [装置四->参数检查->合理性检查->说明] 2、建议用户填写作业预估的最小运行时间(调度算法使用)--time-min，用户填写数量越多，任务调度效率越高
sbatch: [装置四->参数检查->合理性检查->说明] 3、用户填写的参数或未填写的参数，如未特别说明，此拦截脚本不做任何更改，将由slurm默认分配
sbatch: [装置四->参数检查->合理性检查->说明] 4、slurm将根据节点上CPU、内存、GPU等资源按比例分配或按固定数量分配给您提交的任务
sbatch: [装置四->参数检查->合理性检查->说明]    您提交的值ReqTRES，不一定与slurm实际为您分配到的值AllocTRES相同
sbatch: [装置四->参数检查->合理性检查->说明] 5、交互式任务的最大运行时间，已限制为不超过6小时，若在GPU分区运行，最大使用GPU卡数为2张
sbatch: [装置四->参数检查->合理性检查->说明] 6、slurm已开启Slurm Priority Multifactor（官方多因子优先级调度算法），动态调整任务的优先级，以实现更好的作业运行体验
sbatch: [装置四->参数检查->合理性检查->说明]    用户公平因子（Fairshare）：基于用户历史消耗资源 / 运行时长扣分（历史占资源越多，优先级越低）
sbatch: [装置四->参数检查->合理性检查->说明]    资源大小因子（Size Factor）：小任务优先 / 大任务加权可调
sbatch: [装置四->参数检查->合理性检查->说明]    任务等待时长（Age Factor）：排队越久加分，防饥饿
sbatch: [装置四->参数检查->合理性检查->说明]    QOS / 锁定标记区分权重（QOS Factor）：给锁定用户单独 QOS，设置独立权重
sbatch: [装置四->参数检查->合理性检查->说明] 如您执行遇到拦截脚本的问题，请及时反馈，我们会尽快修复！同时也谢谢大家提的宝贵意见
sbatch: [装置四->参数检查->合理性检查->说明]
sbatch: [装置四->参数检查->合理性检查->GPU分区] 当前分区为GPU分区
sbatch: [装置四->参数检查->合理性检查->资源配比->GPU] tres_per_node解析出: 1
sbatch: [装置四->参数检查->合理性检查->资源配比->GPU] tres_per_job解析出: 0 (num_nodes=1)
sbatch: [装置四->参数检查->合理性检查->资源配比->GPU] tres_per_socket解析出: 0
sbatch: [装置四->参数检查->合理性检查->资源配比->GPU] tres_per_task解析出: 0
sbatch: [装置四->参数检查->合理性检查->资源配比->CPU] 从cpus_per_task获取: 7
sbatch: [装置四->参数检查->合理性检查->资源配比->内存] 从min_mem_per_node获取: 81920
sbatch: [装置四->参数检查->合理性检查->GPU资源配比] num_nodes: 1
sbatch: [装置四->参数检查->合理性检查->GPU资源配比] num_cpus_per_node: 7
sbatch: [装置四->参数检查->合理性检查->GPU资源配比] num_mems_per_node: 81920
sbatch: [装置四->参数检查->合理性检查->GPU资源配比] mem_per_cpu: 11702.857142857 MB
sbatch: [装置四->参数检查->合理性检查->GPU资源配比] 分区 GPUA800 的 DefMemPerCPU: 16093 MB
sbatch: [装置四->参数检查->合理性检查->GPU资源配比] 分区 GPUA800 检查通过：mem_per_cpu(11702.857142857 MB) <= DefMemPerCPU(16093 MB)
sbatch: [装置四->参数检查->合理性检查->GPU资源配比] 分区 GPUA800S 的 DefMemPerCPU: 16093 MB
sbatch: [装置四->参数检查->合理性检查->GPU资源配比] 分区 GPUA800S 检查通过：mem_per_cpu(11702.857142857 MB) <= DefMemPerCPU(16093 MB)
sbatch: [装置四->参数检查->合理性检查->GPU资源配比] 分区 GPUA800L 的 DefMemPerCPU: 16093 MB
sbatch: [装置四->参数检查->合理性检查->GPU资源配比] 分区 GPUA800L 检查通过：mem_per_cpu(11702.857142857 MB) <= DefMemPerCPU(16093 MB)
sbatch: [装置四->参数检查->合理性检查->GPU资源配比] cpu_per_gpu: 7
sbatch: [装置四->参数检查->合理性检查->GPU资源配比] 分区 GPUA800 的 DefCpuPerGPU: 7
sbatch: [装置四->参数检查->合理性检查->GPU资源配比] 分区 GPUA800 检查通过：cpu_per_gpu(7) <= DefCpuPerGPU(7)
sbatch: [装置四->参数检查->合理性检查->GPU资源配比] 分区 GPUA800S 的 DefCpuPerGPU: 7
sbatch: [装置四->参数检查->合理性检查->GPU资源配比] 分区 GPUA800S 检查通过：cpu_per_gpu(7) <= DefCpuPerGPU(7)
sbatch: [装置四->参数检查->合理性检查->GPU资源配比] 分区 GPUA800L 的 DefCpuPerGPU: 7
sbatch: [装置四->参数检查->合理性检查->GPU资源配比] 分区 GPUA800L 检查通过：cpu_per_gpu(7) <= DefCpuPerGPU(7)
sbatch: [装置四->参数检查->合理性检查->GPU资源配比] mem_per_gpu: 81920 MB
sbatch: [装置四->参数检查->合理性检查->GPU资源配比] 分区 GPUA800 的 DefCpuPerGPU: 7, DefMemPerCPU: 16093 MB, DefMemPerGPU: 112651 MB
sbatch: [装置四->参数检查->合理性检查->GPU资源配比] 分区 GPUA800 检查通过：mem_per_gpu(81920 MB) 在 [0 MB, 112651 MB] 范围内
sbatch: [装置四->参数检查->合理性检查->GPU资源配比] 分区 GPUA800S 的 DefCpuPerGPU: 7, DefMemPerCPU: 16093 MB, DefMemPerGPU: 112651 MB
sbatch: [装置四->参数检查->合理性检查->GPU资源配比] 分区 GPUA800S 检查通过：mem_per_gpu(81920 MB) 在 [0 MB, 112651 MB] 范围内
sbatch: [装置四->参数检查->合理性检查->GPU资源配比] 分区 GPUA800L 的 DefCpuPerGPU: 7, DefMemPerCPU: 16093 MB, DefMemPerGPU: 112651 MB
sbatch: [装置四->参数检查->合理性检查->GPU资源配比] 分区 GPUA800L 检查通过：mem_per_gpu(81920 MB) 在 [0 MB, 112651 MB] 范围内
sbatch: [装置四->参数检查->合理性检查->GPU资源配比] 检查通过，最终资源以slurm自动分配结果为准
sbatch: ╔════════════════════════════════════════════════════════════╗
sbatch: ║ 参数检查完成
sbatch: ║ All Checks Passed
sbatch: ╚════════════════════════════════════════════════════════════╝
Submitted batch job 3857823
sbatch: ╔════════════════════════════════════════════════════════════╗
sbatch: ║ 装置四 - 参数检查脚本
sbatch: ║ Device IV - Parameter Checking Script
sbatch: ╠════════════════════════════════════════════════════════════╣
sbatch: ║ 版本: v1.0.5
sbatch: ║ 时间: 2026-09-26 05:31:55
sbatch: ╚════════════════════════════════════════════════════════════╝
sbatch: [提示] 您可在提交作业时通过-p/--partition参数指定分区，可用逗号分开，指定多个分区，如 -p GPUA800,GPUA800L,GPUA40S
sbatch: [提示] 您可在提交作业时通过--mem(min_mem_per_node)或--mem-per-cpu(min_mem_per_cpu)或--mem-per-gpu(mem_per_tres)参数指定内存
sbatch: [提示] 您可在提交作业时通过-c/--cpus-per-task(cpus_per_task)或者--cpus-per-gpu=(cpus_per_tres)参数指定CPU
sbatch: [提示] 您可在提交作业时通过--gres或-G/--gpus或--gpus-per-node或--gpus-per-socket或--gpus-per-task或--tres-per-task参数指定GPU
sbatch: [提示] 您可在提交作业时通过-n/--ntasks(num_tasks)或--ntasks-per-node或--ntasks-per-socket或--ntasks-per-core或--ntasks-per-gpu参数指定task
sbatch: [提示] 您可在提交作业时通过-N/--nodes参数指定node
sbatch: [提示] 您可在提交作业时通过-t/--time(任务最大运行时限time_limit)或--time-min(任务最少需要运行多久,任务可比最少运行时间提前结束)或参数指定任务时长
sbatch: [装置四->参数检查->多分区] partition: GPUA800,GPUA800S,GPUA800L
sbatch: [装置四->参数检查->内存] min_mem_per_node: 81920
sbatch: [装置四->参数检查->内存] min_mem_per_cpu: 未设置
sbatch: [装置四->参数检查->内存] mem_per_tres: nil MB
sbatch: [装置四->参数检查->CPU] min_cpus: 7
sbatch: [装置四->参数检查->CPU] cpus_per_task: 7
sbatch: [装置四->参数检查->CPU] max_cpus: NO_VAL
sbatch: [装置四->参数检查->CPU] cpus_per_tres: 未设置
sbatch: [装置四->参数检查->gres] gres: gres:gpu:1
sbatch: [装置四->参数检查->gres] tres_per_node: gres:gpu:1
sbatch: [装置四->参数检查->gres] tres_per_task: 未设置
sbatch: [装置四->参数检查->gres] tres_per_socket: 未设置
sbatch: [装置四->参数检查->gres] tres_per_job: 未设置
sbatch: [装置四->参数检查->task] num_tasks: NO_VAL
sbatch: [装置四->参数检查->task] ntasks_per_node: 1
sbatch: [装置四->参数检查->task] ntasks_per_socket: NO_VAL
sbatch: [装置四->参数检查->task] ntasks_per_core: NO_VAL
sbatch: [装置四->参数检查->task] ntasks_per_gpu: NO_VAL
sbatch: [装置四->参数检查->task] ntasks_per_tres: NO_VAL
sbatch: [装置四->参数检查->task] tres_per_task: 未设置
sbatch: [装置四->参数检查->node] min_nodes: 1
sbatch: [装置四->参数检查->node] max_nodes: 1
sbatch: [装置四->参数检查->time] time_limit: 1440 Min
sbatch: [装置四->参数检查->time] time_min: NO_VAL
sbatch: [装置四->参数检查->合理性检查->说明]
sbatch: [装置四->参数检查->合理性检查->说明] 为给大家提供更好的作业运行体验，我们对作业参数进行了合理性检查，方案如下：
sbatch: [装置四->参数检查->合理性检查->说明] 1、任务最大运行时长参数强制要求为必填项(调度算法使用)
sbatch: [装置四->参数检查->合理性检查->说明]    用户必须通过-t/--time参数指定任务最大运行时长，否则作业将被拒绝
sbatch: [装置四->参数检查->合理性检查->说明]    用户可设置的任务最大运行时长，为任务提交到的分区所允许的最大时长
sbatch: [装置四->参数检查->合理性检查->说明] 2、建议用户填写作业预估的最小运行时间(调度算法使用)--time-min，用户填写数量越多，任务调度效率越高
sbatch: [装置四->参数检查->合理性检查->说明] 3、用户填写的参数或未填写的参数，如未特别说明，此拦截脚本不做任何更改，将由slurm默认分配
sbatch: [装置四->参数检查->合理性检查->说明] 4、slurm将根据节点上CPU、内存、GPU等资源按比例分配或按固定数量分配给您提交的任务
sbatch: [装置四->参数检查->合理性检查->说明]    您提交的值ReqTRES，不一定与slurm实际为您分配到的值AllocTRES相同
sbatch: [装置四->参数检查->合理性检查->说明] 5、交互式任务的最大运行时间，已限制为不超过6小时，若在GPU分区运行，最大使用GPU卡数为2张
sbatch: [装置四->参数检查->合理性检查->说明] 6、slurm已开启Slurm Priority Multifactor（官方多因子优先级调度算法），动态调整任务的优先级，以实现更好的作业运行体验
sbatch: [装置四->参数检查->合理性检查->说明]    用户公平因子（Fairshare）：基于用户历史消耗资源 / 运行时长扣分（历史占资源越多，优先级越低）
sbatch: [装置四->参数检查->合理性检查->说明]    资源大小因子（Size Factor）：小任务优先 / 大任务加权可调
sbatch: [装置四->参数检查->合理性检查->说明]    任务等待时长（Age Factor）：排队越久加分，防饥饿
sbatch: [装置四->参数检查->合理性检查->说明]    QOS / 锁定标记区分权重（QOS Factor）：给锁定用户单独 QOS，设置独立权重
sbatch: [装置四->参数检查->合理性检查->说明] 如您执行遇到拦截脚本的问题，请及时反馈，我们会尽快修复！同时也谢谢大家提的宝贵意见
sbatch: [装置四->参数检查->合理性检查->说明]
sbatch: [装置四->参数检查->合理性检查->GPU分区] 当前分区为GPU分区
sbatch: [装置四->参数检查->合理性检查->资源配比->GPU] tres_per_node解析出: 1
sbatch: [装置四->参数检查->合理性检查->资源配比->GPU] tres_per_job解析出: 0 (num_nodes=1)
sbatch: [装置四->参数检查->合理性检查->资源配比->GPU] tres_per_socket解析出: 0
sbatch: [装置四->参数检查->合理性检查->资源配比->GPU] tres_per_task解析出: 0
sbatch: [装置四->参数检查->合理性检查->资源配比->CPU] 从cpus_per_task获取: 7
sbatch: [装置四->参数检查->合理性检查->资源配比->内存] 从min_mem_per_node获取: 81920
sbatch: [装置四->参数检查->合理性检查->GPU资源配比] num_nodes: 1
sbatch: [装置四->参数检查->合理性检查->GPU资源配比] num_cpus_per_node: 7
sbatch: [装置四->参数检查->合理性检查->GPU资源配比] num_mems_per_node: 81920
sbatch: [装置四->参数检查->合理性检查->GPU资源配比] mem_per_cpu: 11702.857142857 MB
sbatch: [装置四->参数检查->合理性检查->GPU资源配比] 分区 GPUA800 的 DefMemPerCPU: 16093 MB
sbatch: [装置四->参数检查->合理性检查->GPU资源配比] 分区 GPUA800 检查通过：mem_per_cpu(11702.857142857 MB) <= DefMemPerCPU(16093 MB)
sbatch: [装置四->参数检查->合理性检查->GPU资源配比] 分区 GPUA800S 的 DefMemPerCPU: 16093 MB
sbatch: [装置四->参数检查->合理性检查->GPU资源配比] 分区 GPUA800S 检查通过：mem_per_cpu(11702.857142857 MB) <= DefMemPerCPU(16093 MB)
sbatch: [装置四->参数检查->合理性检查->GPU资源配比] 分区 GPUA800L 的 DefMemPerCPU: 16093 MB
sbatch: [装置四->参数检查->合理性检查->GPU资源配比] 分区 GPUA800L 检查通过：mem_per_cpu(11702.857142857 MB) <= DefMemPerCPU(16093 MB)
sbatch: [装置四->参数检查->合理性检查->GPU资源配比] cpu_per_gpu: 7
sbatch: [装置四->参数检查->合理性检查->GPU资源配比] 分区 GPUA800 的 DefCpuPerGPU: 7
sbatch: [装置四->参数检查->合理性检查->GPU资源配比] 分区 GPUA800 检查通过：cpu_per_gpu(7) <= DefCpuPerGPU(7)
sbatch: [装置四->参数检查->合理性检查->GPU资源配比] 分区 GPUA800S 的 DefCpuPerGPU: 7
sbatch: [装置四->参数检查->合理性检查->GPU资源配比] 分区 GPUA800S 检查通过：cpu_per_gpu(7) <= DefCpuPerGPU(7)
sbatch: [装置四->参数检查->合理性检查->GPU资源配比] 分区 GPUA800L 的 DefCpuPerGPU: 7
sbatch: [装置四->参数检查->合理性检查->GPU资源配比] 分区 GPUA800L 检查通过：cpu_per_gpu(7) <= DefCpuPerGPU(7)
sbatch: [装置四->参数检查->合理性检查->GPU资源配比] mem_per_gpu: 81920 MB
sbatch: [装置四->参数检查->合理性检查->GPU资源配比] 分区 GPUA800 的 DefCpuPerGPU: 7, DefMemPerCPU: 16093 MB, DefMemPerGPU: 112651 MB
sbatch: [装置四->参数检查->合理性检查->GPU资源配比] 分区 GPUA800 检查通过：mem_per_gpu(81920 MB) 在 [0 MB, 112651 MB] 范围内
sbatch: [装置四->参数检查->合理性检查->GPU资源配比] 分区 GPUA800S 的 DefCpuPerGPU: 7, DefMemPerCPU: 16093 MB, DefMemPerGPU: 112651 MB
sbatch: [装置四->参数检查->合理性检查->GPU资源配比] 分区 GPUA800S 检查通过：mem_per_gpu(81920 MB) 在 [0 MB, 112651 MB] 范围内
sbatch: [装置四->参数检查->合理性检查->GPU资源配比] 分区 GPUA800L 的 DefCpuPerGPU: 7, DefMemPerCPU: 16093 MB, DefMemPerGPU: 112651 MB
sbatch: [装置四->参数检查->合理性检查->GPU资源配比] 分区 GPUA800L 检查通过：mem_per_gpu(81920 MB) 在 [0 MB, 112651 MB] 范围内
sbatch: [装置四->参数检查->合理性检查->GPU资源配比] 检查通过，最终资源以slurm自动分配结果为准
sbatch: ╔════════════════════════════════════════════════════════════╗
sbatch: ║ 参数检查完成
sbatch: ║ All Checks Passed
sbatch: ╚════════════════════════════════════════════════════════════╝
Submitted batch job 3857824
sbatch: ╔════════════════════════════════════════════════════════════╗
sbatch: ║ 装置四 - 参数检查脚本
sbatch: ║ Device IV - Parameter Checking Script
sbatch: ╠════════════════════════════════════════════════════════════╣
sbatch: ║ 版本: v1.0.5
sbatch: ║ 时间: 2026-09-26 05:31:55
sbatch: ╚════════════════════════════════════════════════════════════╝
sbatch: [提示] 您可在提交作业时通过-p/--partition参数指定分区，可用逗号分开，指定多个分区，如 -p GPUA800,GPUA800L,GPUA40S
sbatch: [提示] 您可在提交作业时通过--mem(min_mem_per_node)或--mem-per-cpu(min_mem_per_cpu)或--mem-per-gpu(mem_per_tres)参数指定内存
sbatch: [提示] 您可在提交作业时通过-c/--cpus-per-task(cpus_per_task)或者--cpus-per-gpu=(cpus_per_tres)参数指定CPU
sbatch: [提示] 您可在提交作业时通过--gres或-G/--gpus或--gpus-per-node或--gpus-per-socket或--gpus-per-task或--tres-per-task参数指定GPU
sbatch: [提示] 您可在提交作业时通过-n/--ntasks(num_tasks)或--ntasks-per-node或--ntasks-per-socket或--ntasks-per-core或--ntasks-per-gpu参数指定task
sbatch: [提示] 您可在提交作业时通过-N/--nodes参数指定node
sbatch: [提示] 您可在提交作业时通过-t/--time(任务最大运行时限time_limit)或--time-min(任务最少需要运行多久,任务可比最少运行时间提前结束)或参数指定任务时长
sbatch: [装置四->参数检查->多分区] partition: GPUA800,GPUA800S,GPUA800L
sbatch: [装置四->参数检查->内存] min_mem_per_node: 81920
sbatch: [装置四->参数检查->内存] min_mem_per_cpu: 未设置
sbatch: [装置四->参数检查->内存] mem_per_tres: nil MB
sbatch: [装置四->参数检查->CPU] min_cpus: 7
sbatch: [装置四->参数检查->CPU] cpus_per_task: 7
sbatch: [装置四->参数检查->CPU] max_cpus: NO_VAL
sbatch: [装置四->参数检查->CPU] cpus_per_tres: 未设置
sbatch: [装置四->参数检查->gres] gres: gres:gpu:1
sbatch: [装置四->参数检查->gres] tres_per_node: gres:gpu:1
sbatch: [装置四->参数检查->gres] tres_per_task: 未设置
sbatch: [装置四->参数检查->gres] tres_per_socket: 未设置
sbatch: [装置四->参数检查->gres] tres_per_job: 未设置
sbatch: [装置四->参数检查->task] num_tasks: NO_VAL
sbatch: [装置四->参数检查->task] ntasks_per_node: 1
sbatch: [装置四->参数检查->task] ntasks_per_socket: NO_VAL
sbatch: [装置四->参数检查->task] ntasks_per_core: NO_VAL
sbatch: [装置四->参数检查->task] ntasks_per_gpu: NO_VAL
sbatch: [装置四->参数检查->task] ntasks_per_tres: NO_VAL
sbatch: [装置四->参数检查->task] tres_per_task: 未设置
sbatch: [装置四->参数检查->node] min_nodes: 1
sbatch: [装置四->参数检查->node] max_nodes: 1
sbatch: [装置四->参数检查->time] time_limit: 1440 Min
sbatch: [装置四->参数检查->time] time_min: NO_VAL
sbatch: [装置四->参数检查->合理性检查->说明]
sbatch: [装置四->参数检查->合理性检查->说明] 为给大家提供更好的作业运行体验，我们对作业参数进行了合理性检查，方案如下：
sbatch: [装置四->参数检查->合理性检查->说明] 1、任务最大运行时长参数强制要求为必填项(调度算法使用)
sbatch: [装置四->参数检查->合理性检查->说明]    用户必须通过-t/--time参数指定任务最大运行时长，否则作业将被拒绝
sbatch: [装置四->参数检查->合理性检查->说明]    用户可设置的任务最大运行时长，为任务提交到的分区所允许的最大时长
sbatch: [装置四->参数检查->合理性检查->说明] 2、建议用户填写作业预估的最小运行时间(调度算法使用)--time-min，用户填写数量越多，任务调度效率越高
sbatch: [装置四->参数检查->合理性检查->说明] 3、用户填写的参数或未填写的参数，如未特别说明，此拦截脚本不做任何更改，将由slurm默认分配
sbatch: [装置四->参数检查->合理性检查->说明] 4、slurm将根据节点上CPU、内存、GPU等资源按比例分配或按固定数量分配给您提交的任务
sbatch: [装置四->参数检查->合理性检查->说明]    您提交的值ReqTRES，不一定与slurm实际为您分配到的值AllocTRES相同
sbatch: [装置四->参数检查->合理性检查->说明] 5、交互式任务的最大运行时间，已限制为不超过6小时，若在GPU分区运行，最大使用GPU卡数为2张
sbatch: [装置四->参数检查->合理性检查->说明] 6、slurm已开启Slurm Priority Multifactor（官方多因子优先级调度算法），动态调整任务的优先级，以实现更好的作业运行体验
sbatch: [装置四->参数检查->合理性检查->说明]    用户公平因子（Fairshare）：基于用户历史消耗资源 / 运行时长扣分（历史占资源越多，优先级越低）
sbatch: [装置四->参数检查->合理性检查->说明]    资源大小因子（Size Factor）：小任务优先 / 大任务加权可调
sbatch: [装置四->参数检查->合理性检查->说明]    任务等待时长（Age Factor）：排队越久加分，防饥饿
sbatch: [装置四->参数检查->合理性检查->说明]    QOS / 锁定标记区分权重（QOS Factor）：给锁定用户单独 QOS，设置独立权重
sbatch: [装置四->参数检查->合理性检查->说明] 如您执行遇到拦截脚本的问题，请及时反馈，我们会尽快修复！同时也谢谢大家提的宝贵意见
sbatch: [装置四->参数检查->合理性检查->说明]
sbatch: [装置四->参数检查->合理性检查->GPU分区] 当前分区为GPU分区
sbatch: [装置四->参数检查->合理性检查->资源配比->GPU] tres_per_node解析出: 1
sbatch: [装置四->参数检查->合理性检查->资源配比->GPU] tres_per_job解析出: 0 (num_nodes=1)
sbatch: [装置四->参数检查->合理性检查->资源配比->GPU] tres_per_socket解析出: 0
sbatch: [装置四->参数检查->合理性检查->资源配比->GPU] tres_per_task解析出: 0
sbatch: [装置四->参数检查->合理性检查->资源配比->CPU] 从cpus_per_task获取: 7
sbatch: [装置四->参数检查->合理性检查->资源配比->内存] 从min_mem_per_node获取: 81920
sbatch: [装置四->参数检查->合理性检查->GPU资源配比] num_nodes: 1
sbatch: [装置四->参数检查->合理性检查->GPU资源配比] num_cpus_per_node: 7
sbatch: [装置四->参数检查->合理性检查->GPU资源配比] num_mems_per_node: 81920
sbatch: [装置四->参数检查->合理性检查->GPU资源配比] mem_per_cpu: 11702.857142857 MB
sbatch: [装置四->参数检查->合理性检查->GPU资源配比] 分区 GPUA800 的 DefMemPerCPU: 16093 MB
sbatch: [装置四->参数检查->合理性检查->GPU资源配比] 分区 GPUA800 检查通过：mem_per_cpu(11702.857142857 MB) <= DefMemPerCPU(16093 MB)
sbatch: [装置四->参数检查->合理性检查->GPU资源配比] 分区 GPUA800S 的 DefMemPerCPU: 16093 MB
sbatch: [装置四->参数检查->合理性检查->GPU资源配比] 分区 GPUA800S 检查通过：mem_per_cpu(11702.857142857 MB) <= DefMemPerCPU(16093 MB)
sbatch: [装置四->参数检查->合理性检查->GPU资源配比] 分区 GPUA800L 的 DefMemPerCPU: 16093 MB
sbatch: [装置四->参数检查->合理性检查->GPU资源配比] 分区 GPUA800L 检查通过：mem_per_cpu(11702.857142857 MB) <= DefMemPerCPU(16093 MB)
sbatch: [装置四->参数检查->合理性检查->GPU资源配比] cpu_per_gpu: 7
sbatch: [装置四->参数检查->合理性检查->GPU资源配比] 分区 GPUA800 的 DefCpuPerGPU: 7
sbatch: [装置四->参数检查->合理性检查->GPU资源配比] 分区 GPUA800 检查通过：cpu_per_gpu(7) <= DefCpuPerGPU(7)
sbatch: [装置四->参数检查->合理性检查->GPU资源配比] 分区 GPUA800S 的 DefCpuPerGPU: 7
sbatch: [装置四->参数检查->合理性检查->GPU资源配比] 分区 GPUA800S 检查通过：cpu_per_gpu(7) <= DefCpuPerGPU(7)
sbatch: [装置四->参数检查->合理性检查->GPU资源配比] 分区 GPUA800L 的 DefCpuPerGPU: 7
sbatch: [装置四->参数检查->合理性检查->GPU资源配比] 分区 GPUA800L 检查通过：cpu_per_gpu(7) <= DefCpuPerGPU(7)
sbatch: [装置四->参数检查->合理性检查->GPU资源配比] mem_per_gpu: 81920 MB
sbatch: [装置四->参数检查->合理性检查->GPU资源配比] 分区 GPUA800 的 DefCpuPerGPU: 7, DefMemPerCPU: 16093 MB, DefMemPerGPU: 112651 MB
sbatch: [装置四->参数检查->合理性检查->GPU资源配比] 分区 GPUA800 检查通过：mem_per_gpu(81920 MB) 在 [0 MB, 112651 MB] 范围内
sbatch: [装置四->参数检查->合理性检查->GPU资源配比] 分区 GPUA800S 的 DefCpuPerGPU: 7, DefMemPerCPU: 16093 MB, DefMemPerGPU: 112651 MB
sbatch: [装置四->参数检查->合理性检查->GPU资源配比] 分区 GPUA800S 检查通过：mem_per_gpu(81920 MB) 在 [0 MB, 112651 MB] 范围内
sbatch: [装置四->参数检查->合理性检查->GPU资源配比] 分区 GPUA800L 的 DefCpuPerGPU: 7, DefMemPerCPU: 16093 MB, DefMemPerGPU: 112651 MB
sbatch: [装置四->参数检查->合理性检查->GPU资源配比] 分区 GPUA800L 检查通过：mem_per_gpu(81920 MB) 在 [0 MB, 112651 MB] 范围内
sbatch: [装置四->参数检查->合理性检查->GPU资源配比] 检查通过，最终资源以slurm自动分配结果为准
sbatch: ╔════════════════════════════════════════════════════════════╗
sbatch: ║ 参数检查完成
sbatch: ║ All Checks Passed
sbatch: ╚════════════════════════════════════════════════════════════╝
Submitted batch job 3857825
sbatch: ╔════════════════════════════════════════════════════════════╗
sbatch: ║ 装置四 - 参数检查脚本
sbatch: ║ Device IV - Parameter Checking Script
sbatch: ╠════════════════════════════════════════════════════════════╣
sbatch: ║ 版本: v1.0.5
sbatch: ║ 时间: 2026-09-26 05:31:55
sbatch: ╚════════════════════════════════════════════════════════════╝
sbatch: [提示] 您可在提交作业时通过-p/--partition参数指定分区，可用逗号分开，指定多个分区，如 -p GPUA800,GPUA800L,GPUA40S
sbatch: [提示] 您可在提交作业时通过--mem(min_mem_per_node)或--mem-per-cpu(min_mem_per_cpu)或--mem-per-gpu(mem_per_tres)参数指定内存
sbatch: [提示] 您可在提交作业时通过-c/--cpus-per-task(cpus_per_task)或者--cpus-per-gpu=(cpus_per_tres)参数指定CPU
sbatch: [提示] 您可在提交作业时通过--gres或-G/--gpus或--gpus-per-node或--gpus-per-socket或--gpus-per-task或--tres-per-task参数指定GPU
sbatch: [提示] 您可在提交作业时通过-n/--ntasks(num_tasks)或--ntasks-per-node或--ntasks-per-socket或--ntasks-per-core或--ntasks-per-gpu参数指定task
sbatch: [提示] 您可在提交作业时通过-N/--nodes参数指定node
sbatch: [提示] 您可在提交作业时通过-t/--time(任务最大运行时限time_limit)或--time-min(任务最少需要运行多久,任务可比最少运行时间提前结束)或参数指定任务时长
sbatch: [装置四->参数检查->多分区] partition: GPUA800,GPUA800S,GPUA800L
sbatch: [装置四->参数检查->内存] min_mem_per_node: 81920
sbatch: [装置四->参数检查->内存] min_mem_per_cpu: 未设置
sbatch: [装置四->参数检查->内存] mem_per_tres: nil MB
sbatch: [装置四->参数检查->CPU] min_cpus: 7
sbatch: [装置四->参数检查->CPU] cpus_per_task: 7
sbatch: [装置四->参数检查->CPU] max_cpus: NO_VAL
sbatch: [装置四->参数检查->CPU] cpus_per_tres: 未设置
sbatch: [装置四->参数检查->gres] gres: gres:gpu:1
sbatch: [装置四->参数检查->gres] tres_per_node: gres:gpu:1
sbatch: [装置四->参数检查->gres] tres_per_task: 未设置
sbatch: [装置四->参数检查->gres] tres_per_socket: 未设置
sbatch: [装置四->参数检查->gres] tres_per_job: 未设置
sbatch: [装置四->参数检查->task] num_tasks: NO_VAL
sbatch: [装置四->参数检查->task] ntasks_per_node: 1
sbatch: [装置四->参数检查->task] ntasks_per_socket: NO_VAL
sbatch: [装置四->参数检查->task] ntasks_per_core: NO_VAL
sbatch: [装置四->参数检查->task] ntasks_per_gpu: NO_VAL
sbatch: [装置四->参数检查->task] ntasks_per_tres: NO_VAL
sbatch: [装置四->参数检查->task] tres_per_task: 未设置
sbatch: [装置四->参数检查->node] min_nodes: 1
sbatch: [装置四->参数检查->node] max_nodes: 1
sbatch: [装置四->参数检查->time] time_limit: 1440 Min
sbatch: [装置四->参数检查->time] time_min: NO_VAL
sbatch: [装置四->参数检查->合理性检查->说明]
sbatch: [装置四->参数检查->合理性检查->说明] 为给大家提供更好的作业运行体验，我们对作业参数进行了合理性检查，方案如下：
sbatch: [装置四->参数检查->合理性检查->说明] 1、任务最大运行时长参数强制要求为必填项(调度算法使用)
sbatch: [装置四->参数检查->合理性检查->说明]    用户必须通过-t/--time参数指定任务最大运行时长，否则作业将被拒绝
sbatch: [装置四->参数检查->合理性检查->说明]    用户可设置的任务最大运行时长，为任务提交到的分区所允许的最大时长
sbatch: [装置四->参数检查->合理性检查->说明] 2、建议用户填写作业预估的最小运行时间(调度算法使用)--time-min，用户填写数量越多，任务调度效率越高
sbatch: [装置四->参数检查->合理性检查->说明] 3、用户填写的参数或未填写的参数，如未特别说明，此拦截脚本不做任何更改，将由slurm默认分配
sbatch: [装置四->参数检查->合理性检查->说明] 4、slurm将根据节点上CPU、内存、GPU等资源按比例分配或按固定数量分配给您提交的任务
sbatch: [装置四->参数检查->合理性检查->说明]    您提交的值ReqTRES，不一定与slurm实际为您分配到的值AllocTRES相同
sbatch: [装置四->参数检查->合理性检查->说明] 5、交互式任务的最大运行时间，已限制为不超过6小时，若在GPU分区运行，最大使用GPU卡数为2张
sbatch: [装置四->参数检查->合理性检查->说明] 6、slurm已开启Slurm Priority Multifactor（官方多因子优先级调度算法），动态调整任务的优先级，以实现更好的作业运行体验
sbatch: [装置四->参数检查->合理性检查->说明]    用户公平因子（Fairshare）：基于用户历史消耗资源 / 运行时长扣分（历史占资源越多，优先级越低）
sbatch: [装置四->参数检查->合理性检查->说明]    资源大小因子（Size Factor）：小任务优先 / 大任务加权可调
sbatch: [装置四->参数检查->合理性检查->说明]    任务等待时长（Age Factor）：排队越久加分，防饥饿
sbatch: [装置四->参数检查->合理性检查->说明]    QOS / 锁定标记区分权重（QOS Factor）：给锁定用户单独 QOS，设置独立权重
sbatch: [装置四->参数检查->合理性检查->说明] 如您执行遇到拦截脚本的问题，请及时反馈，我们会尽快修复！同时也谢谢大家提的宝贵意见
sbatch: [装置四->参数检查->合理性检查->说明]
sbatch: [装置四->参数检查->合理性检查->GPU分区] 当前分区为GPU分区
sbatch: [装置四->参数检查->合理性检查->资源配比->GPU] tres_per_node解析出: 1
sbatch: [装置四->参数检查->合理性检查->资源配比->GPU] tres_per_job解析出: 0 (num_nodes=1)
sbatch: [装置四->参数检查->合理性检查->资源配比->GPU] tres_per_socket解析出: 0
sbatch: [装置四->参数检查->合理性检查->资源配比->GPU] tres_per_task解析出: 0
sbatch: [装置四->参数检查->合理性检查->资源配比->CPU] 从cpus_per_task获取: 7
sbatch: [装置四->参数检查->合理性检查->资源配比->内存] 从min_mem_per_node获取: 81920
sbatch: [装置四->参数检查->合理性检查->GPU资源配比] num_nodes: 1
sbatch: [装置四->参数检查->合理性检查->GPU资源配比] num_cpus_per_node: 7
sbatch: [装置四->参数检查->合理性检查->GPU资源配比] num_mems_per_node: 81920
sbatch: [装置四->参数检查->合理性检查->GPU资源配比] mem_per_cpu: 11702.857142857 MB
sbatch: [装置四->参数检查->合理性检查->GPU资源配比] 分区 GPUA800 的 DefMemPerCPU: 16093 MB
sbatch: [装置四->参数检查->合理性检查->GPU资源配比] 分区 GPUA800 检查通过：mem_per_cpu(11702.857142857 MB) <= DefMemPerCPU(16093 MB)
sbatch: [装置四->参数检查->合理性检查->GPU资源配比] 分区 GPUA800S 的 DefMemPerCPU: 16093 MB
sbatch: [装置四->参数检查->合理性检查->GPU资源配比] 分区 GPUA800S 检查通过：mem_per_cpu(11702.857142857 MB) <= DefMemPerCPU(16093 MB)
sbatch: [装置四->参数检查->合理性检查->GPU资源配比] 分区 GPUA800L 的 DefMemPerCPU: 16093 MB
sbatch: [装置四->参数检查->合理性检查->GPU资源配比] 分区 GPUA800L 检查通过：mem_per_cpu(11702.857142857 MB) <= DefMemPerCPU(16093 MB)
sbatch: [装置四->参数检查->合理性检查->GPU资源配比] cpu_per_gpu: 7
sbatch: [装置四->参数检查->合理性检查->GPU资源配比] 分区 GPUA800 的 DefCpuPerGPU: 7
sbatch: [装置四->参数检查->合理性检查->GPU资源配比] 分区 GPUA800 检查通过：cpu_per_gpu(7) <= DefCpuPerGPU(7)
sbatch: [装置四->参数检查->合理性检查->GPU资源配比] 分区 GPUA800S 的 DefCpuPerGPU: 7
sbatch: [装置四->参数检查->合理性检查->GPU资源配比] 分区 GPUA800S 检查通过：cpu_per_gpu(7) <= DefCpuPerGPU(7)
sbatch: [装置四->参数检查->合理性检查->GPU资源配比] 分区 GPUA800L 的 DefCpuPerGPU: 7
sbatch: [装置四->参数检查->合理性检查->GPU资源配比] 分区 GPUA800L 检查通过：cpu_per_gpu(7) <= DefCpuPerGPU(7)
sbatch: [装置四->参数检查->合理性检查->GPU资源配比] mem_per_gpu: 81920 MB
sbatch: [装置四->参数检查->合理性检查->GPU资源配比] 分区 GPUA800 的 DefCpuPerGPU: 7, DefMemPerCPU: 16093 MB, DefMemPerGPU: 112651 MB
sbatch: [装置四->参数检查->合理性检查->GPU资源配比] 分区 GPUA800 检查通过：mem_per_gpu(81920 MB) 在 [0 MB, 112651 MB] 范围内
sbatch: [装置四->参数检查->合理性检查->GPU资源配比] 分区 GPUA800S 的 DefCpuPerGPU: 7, DefMemPerCPU: 16093 MB, DefMemPerGPU: 112651 MB
sbatch: [装置四->参数检查->合理性检查->GPU资源配比] 分区 GPUA800S 检查通过：mem_per_gpu(81920 MB) 在 [0 MB, 112651 MB] 范围内
sbatch: [装置四->参数检查->合理性检查->GPU资源配比] 分区 GPUA800L 的 DefCpuPerGPU: 7, DefMemPerCPU: 16093 MB, DefMemPerGPU: 112651 MB
sbatch: [装置四->参数检查->合理性检查->GPU资源配比] 分区 GPUA800L 检查通过：mem_per_gpu(81920 MB) 在 [0 MB, 112651 MB] 范围内
sbatch: [装置四->参数检查->合理性检查->GPU资源配比] 检查通过，最终资源以slurm自动分配结果为准
sbatch: ╔════════════════════════════════════════════════════════════╗
sbatch: ║ 参数检查完成
sbatch: ║ All Checks Passed
sbatch: ╚════════════════════════════════════════════════════════════╝
Submitted batch job 3857826
[submit] done 1.7b four think evals
[2026-09-26T05:31:55+08:00] SUBMITTED 4 evals for 1.7b tag=st_tt_clip005_1e_6_omr_answer_50step_1p7b_ckpt50
[2026-09-26T05:31:55+08:00] WAIT 4b jid=3857618 state=RUNNING
[2026-09-26T05:31:55+08:00] progress done=1/2
[2026-09-26T05:33:55+08:00] WAIT 4b jid=3857618 state=RUNNING
[2026-09-26T05:33:55+08:00] progress done=1/2
[2026-09-26T05:35:55+08:00] WAIT 4b jid=3857618 state=RUNNING
[2026-09-26T05:35:55+08:00] progress done=1/2
[2026-09-26T05:37:55+08:00] WAIT 4b jid=3857618 state=RUNNING
[2026-09-26T05:37:55+08:00] progress done=1/2
[2026-09-26T05:39:55+08:00] WAIT 4b jid=3857618 state=RUNNING
[2026-09-26T05:39:55+08:00] progress done=1/2
[2026-09-26T05:41:55+08:00] WAIT 4b jid=3857618 state=RUNNING
[2026-09-26T05:41:55+08:00] progress done=1/2
[2026-09-26T05:43:55+08:00] WAIT 4b jid=3857618 state=RUNNING
[2026-09-26T05:43:55+08:00] progress done=1/2
[2026-09-26T05:45:55+08:00] WAIT 4b jid=3857618 state=RUNNING
[2026-09-26T05:45:55+08:00] progress done=1/2
[2026-09-26T05:47:55+08:00] WAIT 4b jid=3857618 state=RUNNING
[2026-09-26T05:47:55+08:00] progress done=1/2
[2026-09-26T05:49:55+08:00] WAIT 4b jid=3857618 state=RUNNING
[2026-09-26T05:49:55+08:00] progress done=1/2
[2026-09-26T05:51:55+08:00] WAIT 4b jid=3857618 state=RUNNING
[2026-09-26T05:51:55+08:00] progress done=1/2
[2026-09-26T05:53:55+08:00] WAIT 4b jid=3857618 state=RUNNING
[2026-09-26T05:53:55+08:00] progress done=1/2
[2026-09-26T05:55:55+08:00] WAIT 4b jid=3857618 state=RUNNING
[2026-09-26T05:55:55+08:00] progress done=1/2
[2026-09-26T05:57:55+08:00] WAIT 4b jid=3857618 state=RUNNING
[2026-09-26T05:57:55+08:00] progress done=1/2
[2026-09-26T05:59:55+08:00] WAIT 4b jid=3857618 state=RUNNING
[2026-09-26T05:59:55+08:00] progress done=1/2
slurmstepd: error: *** JOB 3857619 ON a2n16c2 CANCELLED AT 2026-09-26T06:01:46 ***
