[watch-slurm] host=a2n17c4 job=3705553
[watch-slurm] manifest=/gpfs/share/home/2501210611/opsd_analysis/OPSD_Analysis/log/train/rl/olmo3_7b_think/watch_grpo_latest.tsv
[watch-slurm] interval=120s post_done_wait=120s
[2026-09-16T15:05:03+08:00] host=a2n17c4 job=3705553 interval=120s post_wait=120s
[2026-09-16T15:05:03+08:00] manifest=/gpfs/share/home/2501210611/opsd_analysis/OPSD_Analysis/log/train/rl/olmo3_7b_think/watch_grpo_latest.tsv rows=1
[2026-09-16T15:05:03+08:00] WAIT olmo3_7b_think train=3705552 state=PENDING for global_step_100
[2026-09-16T15:05:03+08:00] progress done=0/1 pending=1 failed=0
[2026-09-16T15:07:03+08:00] WAIT olmo3_7b_think train=3705552 state=PENDING for global_step_100
[2026-09-16T15:07:03+08:00] progress done=0/1 pending=1 failed=0
[2026-09-16T15:09:03+08:00] WAIT olmo3_7b_think train=3705552 state=PENDING for global_step_100
[2026-09-16T15:09:03+08:00] progress done=0/1 pending=1 failed=0
[2026-09-16T15:11:03+08:00] WAIT olmo3_7b_think train=3705552 state=PENDING for global_step_100
[2026-09-16T15:11:03+08:00] progress done=0/1 pending=1 failed=0
[2026-09-16T15:13:03+08:00] WAIT olmo3_7b_think train=3705552 state=PENDING for global_step_100
[2026-09-16T15:13:03+08:00] progress done=0/1 pending=1 failed=0
[2026-09-16T15:15:03+08:00] WAIT olmo3_7b_think train=3705552 state=PENDING for global_step_100
[2026-09-16T15:15:03+08:00] progress done=0/1 pending=1 failed=0
[2026-09-16T15:17:03+08:00] WAIT olmo3_7b_think train=3705552 state=PENDING for global_step_100
[2026-09-16T15:17:03+08:00] progress done=0/1 pending=1 failed=0
[2026-09-16T15:19:03+08:00] WAIT olmo3_7b_think train=3705552 state=PENDING for global_step_100
[2026-09-16T15:19:03+08:00] progress done=0/1 pending=1 failed=0
[2026-09-16T15:21:03+08:00] WAIT olmo3_7b_think train=3705552 state=PENDING for global_step_100
[2026-09-16T15:21:03+08:00] progress done=0/1 pending=1 failed=0
[2026-09-16T15:23:03+08:00] WAIT olmo3_7b_think train=3705552 state=PENDING for global_step_100
[2026-09-16T15:23:03+08:00] progress done=0/1 pending=1 failed=0
[2026-09-16T15:25:03+08:00] WAIT olmo3_7b_think train=3705552 state=PENDING for global_step_100
[2026-09-16T15:25:03+08:00] progress done=0/1 pending=1 failed=0
[2026-09-16T15:27:03+08:00] WAIT olmo3_7b_think train=3705552 state=PENDING for global_step_100
[2026-09-16T15:27:03+08:00] progress done=0/1 pending=1 failed=0
[2026-09-16T15:29:03+08:00] WAIT olmo3_7b_think train=3705552 state=PENDING for global_step_100
[2026-09-16T15:29:03+08:00] progress done=0/1 pending=1 failed=0
[2026-09-16T15:31:03+08:00] WAIT olmo3_7b_think train=3705552 state=PENDING for global_step_100
[2026-09-16T15:31:03+08:00] progress done=0/1 pending=1 failed=0
[2026-09-16T15:33:03+08:00] WAIT olmo3_7b_think train=3705552 state=PENDING for global_step_100
[2026-09-16T15:33:03+08:00] progress done=0/1 pending=1 failed=0
[2026-09-16T15:35:03+08:00] WAIT olmo3_7b_think train=3705552 state=PENDING for global_step_100
[2026-09-16T15:35:03+08:00] progress done=0/1 pending=1 failed=0
[2026-09-16T15:37:03+08:00] WAIT olmo3_7b_think train=3705552 state=PENDING for global_step_100
[2026-09-16T15:37:03+08:00] progress done=0/1 pending=1 failed=0
[2026-09-16T15:39:03+08:00] WAIT olmo3_7b_think train=3705552 state=PENDING for global_step_100
[2026-09-16T15:39:03+08:00] progress done=0/1 pending=1 failed=0
[2026-09-16T15:41:03+08:00] WAIT olmo3_7b_think train=3705552 state=PENDING for global_step_100
[2026-09-16T15:41:03+08:00] progress done=0/1 pending=1 failed=0
[2026-09-16T15:43:03+08:00] WAIT olmo3_7b_think train=3705552 state=PENDING for global_step_100
[2026-09-16T15:43:03+08:00] progress done=0/1 pending=1 failed=0
[2026-09-16T15:45:03+08:00] WAIT olmo3_7b_think train=3705552 state=PENDING for global_step_100
[2026-09-16T15:45:03+08:00] progress done=0/1 pending=1 failed=0
[2026-09-16T15:47:03+08:00] WAIT olmo3_7b_think train=3705552 state=PENDING for global_step_100
[2026-09-16T15:47:03+08:00] progress done=0/1 pending=1 failed=0
[2026-09-16T15:49:03+08:00] WAIT olmo3_7b_think train=3705552 state=PENDING for global_step_100
[2026-09-16T15:49:03+08:00] progress done=0/1 pending=1 failed=0
[2026-09-16T15:51:03+08:00] WAIT olmo3_7b_think train=3705552 state=PENDING for global_step_100
[2026-09-16T15:51:03+08:00] progress done=0/1 pending=1 failed=0
[2026-09-16T15:53:03+08:00] WAIT olmo3_7b_think train=3705552 state=PENDING for global_step_100
[2026-09-16T15:53:03+08:00] progress done=0/1 pending=1 failed=0
[2026-09-16T15:55:03+08:00] WAIT olmo3_7b_think train=3705552 state=PENDING for global_step_100
[2026-09-16T15:55:03+08:00] progress done=0/1 pending=1 failed=0
slurmstepd: error: *** JOB 3705553 ON a2n17c4 CANCELLED AT 2026-09-16T15:56:15 ***
