[watch-slurm] host=a2n17c2 job=3749338
[watch-slurm] manifest=/gpfs/share/home/2501210611/opsd_analysis/OPSD_Analysis/log/train/snt_tt_same_clip005/submit_latest.tsv
[watch-slurm] interval=120s post_done_wait=90s
[2026-09-18T00:27:30+08:00] host=a2n17c2 job=3749338 interval=120s post_wait=90s
[2026-09-18T00:27:30+08:00] manifest=/gpfs/share/home/2501210611/opsd_analysis/OPSD_Analysis/log/train/snt_tt_same_clip005/submit_latest.tsv rows=3
[2026-09-18T00:27:30+08:00] WAIT snt_tt_same_clip005_1p7b_ckpt100 jid=3749335 state=PENDING
[2026-09-18T00:27:30+08:00] WAIT snt_tt_same_clip005_4b_ckpt100 jid=3749336 state=PENDING
[2026-09-18T00:27:30+08:00] WAIT snt_tt_same_clip005_8b_ckpt100 jid=3749337 state=PENDING
[2026-09-18T00:27:30+08:00] progress done=0/3 pending=3 failed=0
[2026-09-18T00:29:30+08:00] WAIT snt_tt_same_clip005_1p7b_ckpt100 jid=3749335 state=PENDING
[2026-09-18T00:29:30+08:00] WAIT snt_tt_same_clip005_4b_ckpt100 jid=3749336 state=PENDING
[2026-09-18T00:29:30+08:00] WAIT snt_tt_same_clip005_8b_ckpt100 jid=3749337 state=PENDING
[2026-09-18T00:29:30+08:00] progress done=0/3 pending=3 failed=0
[2026-09-18T00:31:30+08:00] WAIT snt_tt_same_clip005_1p7b_ckpt100 jid=3749335 state=PENDING
[2026-09-18T00:31:30+08:00] WAIT snt_tt_same_clip005_4b_ckpt100 jid=3749336 state=PENDING
[2026-09-18T00:31:30+08:00] WAIT snt_tt_same_clip005_8b_ckpt100 jid=3749337 state=PENDING
[2026-09-18T00:31:30+08:00] progress done=0/3 pending=3 failed=0
[2026-09-18T00:33:30+08:00] WAIT snt_tt_same_clip005_1p7b_ckpt100 jid=3749335 state=PENDING
[2026-09-18T00:33:30+08:00] WAIT snt_tt_same_clip005_4b_ckpt100 jid=3749336 state=PENDING
[2026-09-18T00:33:30+08:00] WAIT snt_tt_same_clip005_8b_ckpt100 jid=3749337 state=PENDING
[2026-09-18T00:33:30+08:00] progress done=0/3 pending=3 failed=0
[2026-09-18T00:35:30+08:00] WAIT snt_tt_same_clip005_1p7b_ckpt100 jid=3749335 state=PENDING
[2026-09-18T00:35:30+08:00] WAIT snt_tt_same_clip005_4b_ckpt100 jid=3749336 state=PENDING
[2026-09-18T00:35:30+08:00] WAIT snt_tt_same_clip005_8b_ckpt100 jid=3749337 state=PENDING
[2026-09-18T00:35:30+08:00] progress done=0/3 pending=3 failed=0
[2026-09-18T00:37:30+08:00] WAIT snt_tt_same_clip005_1p7b_ckpt100 jid=3749335 state=PENDING
[2026-09-18T00:37:30+08:00] WAIT snt_tt_same_clip005_4b_ckpt100 jid=3749336 state=PENDING
[2026-09-18T00:37:30+08:00] WAIT snt_tt_same_clip005_8b_ckpt100 jid=3749337 state=PENDING
[2026-09-18T00:37:30+08:00] progress done=0/3 pending=3 failed=0
[2026-09-18T00:39:30+08:00] WAIT snt_tt_same_clip005_1p7b_ckpt100 jid=3749335 state=PENDING
[2026-09-18T00:39:30+08:00] WAIT snt_tt_same_clip005_4b_ckpt100 jid=3749336 state=PENDING
[2026-09-18T00:39:30+08:00] WAIT snt_tt_same_clip005_8b_ckpt100 jid=3749337 state=PENDING
[2026-09-18T00:39:30+08:00] progress done=0/3 pending=3 failed=0
[2026-09-18T00:41:30+08:00] WAIT snt_tt_same_clip005_1p7b_ckpt100 jid=3749335 state=PENDING
[2026-09-18T00:41:30+08:00] WAIT snt_tt_same_clip005_4b_ckpt100 jid=3749336 state=PENDING
[2026-09-18T00:41:30+08:00] WAIT snt_tt_same_clip005_8b_ckpt100 jid=3749337 state=PENDING
[2026-09-18T00:41:30+08:00] progress done=0/3 pending=3 failed=0
[2026-09-18T00:43:30+08:00] WAIT snt_tt_same_clip005_1p7b_ckpt100 jid=3749335 state=PENDING
[2026-09-18T00:43:30+08:00] WAIT snt_tt_same_clip005_4b_ckpt100 jid=3749336 state=PENDING
[2026-09-18T00:43:30+08:00] WAIT snt_tt_same_clip005_8b_ckpt100 jid=3749337 state=PENDING
[2026-09-18T00:43:30+08:00] progress done=0/3 pending=3 failed=0
[2026-09-18T00:45:30+08:00] WAIT snt_tt_same_clip005_1p7b_ckpt100 jid=3749335 state=PENDING
[2026-09-18T00:45:30+08:00] WAIT snt_tt_same_clip005_4b_ckpt100 jid=3749336 state=PENDING
[2026-09-18T00:45:30+08:00] WAIT snt_tt_same_clip005_8b_ckpt100 jid=3749337 state=PENDING
[2026-09-18T00:45:30+08:00] progress done=0/3 pending=3 failed=0
[2026-09-18T00:47:30+08:00] WAIT snt_tt_same_clip005_1p7b_ckpt100 jid=3749335 state=PENDING
[2026-09-18T00:47:30+08:00] WAIT snt_tt_same_clip005_4b_ckpt100 jid=3749336 state=PENDING
[2026-09-18T00:47:30+08:00] WAIT snt_tt_same_clip005_8b_ckpt100 jid=3749337 state=PENDING
[2026-09-18T00:47:30+08:00] progress done=0/3 pending=3 failed=0
[2026-09-18T00:49:30+08:00] WAIT snt_tt_same_clip005_1p7b_ckpt100 jid=3749335 state=PENDING
[2026-09-18T00:49:30+08:00] WAIT snt_tt_same_clip005_4b_ckpt100 jid=3749336 state=PENDING
[2026-09-18T00:49:30+08:00] WAIT snt_tt_same_clip005_8b_ckpt100 jid=3749337 state=PENDING
[2026-09-18T00:49:30+08:00] progress done=0/3 pending=3 failed=0
[2026-09-18T00:51:30+08:00] WAIT snt_tt_same_clip005_1p7b_ckpt100 jid=3749335 state=PENDING
[2026-09-18T00:51:30+08:00] WAIT snt_tt_same_clip005_4b_ckpt100 jid=3749336 state=PENDING
[2026-09-18T00:51:30+08:00] WAIT snt_tt_same_clip005_8b_ckpt100 jid=3749337 state=PENDING
[2026-09-18T00:51:30+08:00] progress done=0/3 pending=3 failed=0
[2026-09-18T00:53:30+08:00] WAIT snt_tt_same_clip005_1p7b_ckpt100 jid=3749335 state=PENDING
[2026-09-18T00:53:30+08:00] WAIT snt_tt_same_clip005_4b_ckpt100 jid=3749336 state=PENDING
[2026-09-18T00:53:30+08:00] WAIT snt_tt_same_clip005_8b_ckpt100 jid=3749337 state=PENDING
[2026-09-18T00:53:30+08:00] progress done=0/3 pending=3 failed=0
[2026-09-18T00:55:30+08:00] WAIT snt_tt_same_clip005_1p7b_ckpt100 jid=3749335 state=PENDING
[2026-09-18T00:55:30+08:00] WAIT snt_tt_same_clip005_4b_ckpt100 jid=3749336 state=PENDING
[2026-09-18T00:55:30+08:00] WAIT snt_tt_same_clip005_8b_ckpt100 jid=3749337 state=PENDING
[2026-09-18T00:55:30+08:00] progress done=0/3 pending=3 failed=0
[2026-09-18T00:57:30+08:00] WAIT snt_tt_same_clip005_1p7b_ckpt100 jid=3749335 state=PENDING
[2026-09-18T00:57:30+08:00] WAIT snt_tt_same_clip005_4b_ckpt100 jid=3749336 state=PENDING
[2026-09-18T00:57:30+08:00] WAIT snt_tt_same_clip005_8b_ckpt100 jid=3749337 state=PENDING
[2026-09-18T00:57:30+08:00] progress done=0/3 pending=3 failed=0
[2026-09-18T00:59:30+08:00] WAIT snt_tt_same_clip005_1p7b_ckpt100 jid=3749335 state=PENDING
[2026-09-18T00:59:30+08:00] WAIT snt_tt_same_clip005_4b_ckpt100 jid=3749336 state=PENDING
[2026-09-18T00:59:30+08:00] WAIT snt_tt_same_clip005_8b_ckpt100 jid=3749337 state=PENDING
[2026-09-18T00:59:30+08:00] progress done=0/3 pending=3 failed=0
[2026-09-18T01:01:30+08:00] WAIT snt_tt_same_clip005_1p7b_ckpt100 jid=3749335 state=PENDING
[2026-09-18T01:01:30+08:00] WAIT snt_tt_same_clip005_4b_ckpt100 jid=3749336 state=PENDING
[2026-09-18T01:01:30+08:00] WAIT snt_tt_same_clip005_8b_ckpt100 jid=3749337 state=PENDING
[2026-09-18T01:01:30+08:00] progress done=0/3 pending=3 failed=0
[2026-09-18T01:03:30+08:00] WAIT snt_tt_same_clip005_1p7b_ckpt100 jid=3749335 state=PENDING
[2026-09-18T01:03:30+08:00] WAIT snt_tt_same_clip005_4b_ckpt100 jid=3749336 state=PENDING
[2026-09-18T01:03:30+08:00] WAIT snt_tt_same_clip005_8b_ckpt100 jid=3749337 state=PENDING
[2026-09-18T01:03:30+08:00] progress done=0/3 pending=3 failed=0
[2026-09-18T01:05:30+08:00] WAIT snt_tt_same_clip005_1p7b_ckpt100 jid=3749335 state=PENDING
[2026-09-18T01:05:30+08:00] WAIT snt_tt_same_clip005_4b_ckpt100 jid=3749336 state=PENDING
[2026-09-18T01:05:30+08:00] WAIT snt_tt_same_clip005_8b_ckpt100 jid=3749337 state=PENDING
[2026-09-18T01:05:30+08:00] progress done=0/3 pending=3 failed=0
[2026-09-18T01:07:30+08:00] WAIT snt_tt_same_clip005_1p7b_ckpt100 jid=3749335 state=PENDING
[2026-09-18T01:07:30+08:00] WAIT snt_tt_same_clip005_4b_ckpt100 jid=3749336 state=PENDING
[2026-09-18T01:07:30+08:00] WAIT snt_tt_same_clip005_8b_ckpt100 jid=3749337 state=PENDING
[2026-09-18T01:07:30+08:00] progress done=0/3 pending=3 failed=0
[2026-09-18T01:09:30+08:00] WAIT snt_tt_same_clip005_1p7b_ckpt100 jid=3749335 state=PENDING
[2026-09-18T01:09:30+08:00] WAIT snt_tt_same_clip005_4b_ckpt100 jid=3749336 state=PENDING
[2026-09-18T01:09:30+08:00] WAIT snt_tt_same_clip005_8b_ckpt100 jid=3749337 state=PENDING
[2026-09-18T01:09:30+08:00] progress done=0/3 pending=3 failed=0
[2026-09-18T01:11:30+08:00] WAIT snt_tt_same_clip005_1p7b_ckpt100 jid=3749335 state=PENDING
[2026-09-18T01:11:30+08:00] WAIT snt_tt_same_clip005_4b_ckpt100 jid=3749336 state=PENDING
[2026-09-18T01:11:30+08:00] WAIT snt_tt_same_clip005_8b_ckpt100 jid=3749337 state=PENDING
[2026-09-18T01:11:30+08:00] progress done=0/3 pending=3 failed=0
[2026-09-18T01:13:30+08:00] WAIT snt_tt_same_clip005_1p7b_ckpt100 jid=3749335 state=PENDING
[2026-09-18T01:13:30+08:00] WAIT snt_tt_same_clip005_4b_ckpt100 jid=3749336 state=PENDING
[2026-09-18T01:13:30+08:00] WAIT snt_tt_same_clip005_8b_ckpt100 jid=3749337 state=PENDING
[2026-09-18T01:13:30+08:00] progress done=0/3 pending=3 failed=0
[2026-09-18T01:15:30+08:00] WAIT snt_tt_same_clip005_1p7b_ckpt100 jid=3749335 state=PENDING
[2026-09-18T01:15:30+08:00] WAIT snt_tt_same_clip005_4b_ckpt100 jid=3749336 state=PENDING
[2026-09-18T01:15:30+08:00] WAIT snt_tt_same_clip005_8b_ckpt100 jid=3749337 state=PENDING
[2026-09-18T01:15:30+08:00] progress done=0/3 pending=3 failed=0
[2026-09-18T01:17:30+08:00] WAIT snt_tt_same_clip005_1p7b_ckpt100 jid=3749335 state=PENDING
[2026-09-18T01:17:30+08:00] WAIT snt_tt_same_clip005_4b_ckpt100 jid=3749336 state=PENDING
[2026-09-18T01:17:30+08:00] WAIT snt_tt_same_clip005_8b_ckpt100 jid=3749337 state=PENDING
[2026-09-18T01:17:30+08:00] progress done=0/3 pending=3 failed=0
[2026-09-18T01:19:30+08:00] WAIT snt_tt_same_clip005_1p7b_ckpt100 jid=3749335 state=PENDING
[2026-09-18T01:19:30+08:00] WAIT snt_tt_same_clip005_4b_ckpt100 jid=3749336 state=PENDING
[2026-09-18T01:19:30+08:00] WAIT snt_tt_same_clip005_8b_ckpt100 jid=3749337 state=PENDING
[2026-09-18T01:19:30+08:00] progress done=0/3 pending=3 failed=0
[2026-09-18T01:21:30+08:00] WAIT snt_tt_same_clip005_1p7b_ckpt100 jid=3749335 state=PENDING
[2026-09-18T01:21:31+08:00] WAIT snt_tt_same_clip005_4b_ckpt100 jid=3749336 state=PENDING
[2026-09-18T01:21:31+08:00] WAIT snt_tt_same_clip005_8b_ckpt100 jid=3749337 state=PENDING
[2026-09-18T01:21:31+08:00] progress done=0/3 pending=3 failed=0
[2026-09-18T01:23:31+08:00] WAIT snt_tt_same_clip005_1p7b_ckpt100 jid=3749335 state=PENDING
[2026-09-18T01:23:31+08:00] WAIT snt_tt_same_clip005_4b_ckpt100 jid=3749336 state=PENDING
[2026-09-18T01:23:31+08:00] WAIT snt_tt_same_clip005_8b_ckpt100 jid=3749337 state=PENDING
[2026-09-18T01:23:31+08:00] progress done=0/3 pending=3 failed=0
[2026-09-18T01:25:31+08:00] WAIT snt_tt_same_clip005_1p7b_ckpt100 jid=3749335 state=PENDING
[2026-09-18T01:25:31+08:00] WAIT snt_tt_same_clip005_4b_ckpt100 jid=3749336 state=PENDING
[2026-09-18T01:25:31+08:00] WAIT snt_tt_same_clip005_8b_ckpt100 jid=3749337 state=PENDING
[2026-09-18T01:25:31+08:00] progress done=0/3 pending=3 failed=0
[2026-09-18T01:27:31+08:00] WAIT snt_tt_same_clip005_1p7b_ckpt100 jid=3749335 state=PENDING
[2026-09-18T01:27:31+08:00] WAIT snt_tt_same_clip005_4b_ckpt100 jid=3749336 state=PENDING
[2026-09-18T01:27:31+08:00] WAIT snt_tt_same_clip005_8b_ckpt100 jid=3749337 state=PENDING
[2026-09-18T01:27:31+08:00] progress done=0/3 pending=3 failed=0
[2026-09-18T01:29:31+08:00] WAIT snt_tt_same_clip005_1p7b_ckpt100 jid=3749335 state=PENDING
[2026-09-18T01:29:31+08:00] WAIT snt_tt_same_clip005_4b_ckpt100 jid=3749336 state=PENDING
[2026-09-18T01:29:31+08:00] WAIT snt_tt_same_clip005_8b_ckpt100 jid=3749337 state=PENDING
[2026-09-18T01:29:31+08:00] progress done=0/3 pending=3 failed=0
[2026-09-18T01:31:31+08:00] WAIT snt_tt_same_clip005_1p7b_ckpt100 jid=3749335 state=PENDING
[2026-09-18T01:31:31+08:00] WAIT snt_tt_same_clip005_4b_ckpt100 jid=3749336 state=PENDING
[2026-09-18T01:31:31+08:00] WAIT snt_tt_same_clip005_8b_ckpt100 jid=3749337 state=PENDING
[2026-09-18T01:31:31+08:00] progress done=0/3 pending=3 failed=0
[2026-09-18T01:33:31+08:00] WAIT snt_tt_same_clip005_1p7b_ckpt100 jid=3749335 state=PENDING
[2026-09-18T01:33:31+08:00] WAIT snt_tt_same_clip005_4b_ckpt100 jid=3749336 state=PENDING
[2026-09-18T01:33:31+08:00] WAIT snt_tt_same_clip005_8b_ckpt100 jid=3749337 state=PENDING
[2026-09-18T01:33:31+08:00] progress done=0/3 pending=3 failed=0
[2026-09-18T01:35:31+08:00] WAIT snt_tt_same_clip005_1p7b_ckpt100 jid=3749335 state=PENDING
[2026-09-18T01:35:31+08:00] WAIT snt_tt_same_clip005_4b_ckpt100 jid=3749336 state=PENDING
[2026-09-18T01:35:31+08:00] WAIT snt_tt_same_clip005_8b_ckpt100 jid=3749337 state=PENDING
[2026-09-18T01:35:31+08:00] progress done=0/3 pending=3 failed=0
[2026-09-18T01:37:31+08:00] WAIT snt_tt_same_clip005_1p7b_ckpt100 jid=3749335 state=PENDING
[2026-09-18T01:37:31+08:00] WAIT snt_tt_same_clip005_4b_ckpt100 jid=3749336 state=PENDING
[2026-09-18T01:37:31+08:00] WAIT snt_tt_same_clip005_8b_ckpt100 jid=3749337 state=PENDING
[2026-09-18T01:37:31+08:00] progress done=0/3 pending=3 failed=0
[2026-09-18T01:39:31+08:00] WAIT snt_tt_same_clip005_1p7b_ckpt100 jid=3749335 state=PENDING
[2026-09-18T01:39:31+08:00] WAIT snt_tt_same_clip005_4b_ckpt100 jid=3749336 state=PENDING
[2026-09-18T01:39:31+08:00] WAIT snt_tt_same_clip005_8b_ckpt100 jid=3749337 state=PENDING
[2026-09-18T01:39:31+08:00] progress done=0/3 pending=3 failed=0
[2026-09-18T01:41:31+08:00] WAIT snt_tt_same_clip005_1p7b_ckpt100 jid=3749335 state=PENDING
[2026-09-18T01:41:31+08:00] WAIT snt_tt_same_clip005_4b_ckpt100 jid=3749336 state=PENDING
[2026-09-18T01:41:31+08:00] WAIT snt_tt_same_clip005_8b_ckpt100 jid=3749337 state=PENDING
[2026-09-18T01:41:31+08:00] progress done=0/3 pending=3 failed=0
[2026-09-18T01:43:31+08:00] WAIT snt_tt_same_clip005_1p7b_ckpt100 jid=3749335 state=PENDING
[2026-09-18T01:43:31+08:00] WAIT snt_tt_same_clip005_4b_ckpt100 jid=3749336 state=PENDING
[2026-09-18T01:43:31+08:00] WAIT snt_tt_same_clip005_8b_ckpt100 jid=3749337 state=PENDING
[2026-09-18T01:43:31+08:00] progress done=0/3 pending=3 failed=0
[2026-09-18T01:45:31+08:00] WAIT snt_tt_same_clip005_1p7b_ckpt100 jid=3749335 state=PENDING
[2026-09-18T01:45:31+08:00] WAIT snt_tt_same_clip005_4b_ckpt100 jid=3749336 state=PENDING
[2026-09-18T01:45:31+08:00] WAIT snt_tt_same_clip005_8b_ckpt100 jid=3749337 state=PENDING
[2026-09-18T01:45:31+08:00] progress done=0/3 pending=3 failed=0
[2026-09-18T01:47:31+08:00] WAIT snt_tt_same_clip005_1p7b_ckpt100 jid=3749335 state=PENDING
[2026-09-18T01:47:31+08:00] WAIT snt_tt_same_clip005_4b_ckpt100 jid=3749336 state=PENDING
[2026-09-18T01:47:31+08:00] WAIT snt_tt_same_clip005_8b_ckpt100 jid=3749337 state=PENDING
[2026-09-18T01:47:31+08:00] progress done=0/3 pending=3 failed=0
[2026-09-18T01:49:31+08:00] WAIT snt_tt_same_clip005_1p7b_ckpt100 jid=3749335 state=PENDING
[2026-09-18T01:49:31+08:00] WAIT snt_tt_same_clip005_4b_ckpt100 jid=3749336 state=PENDING
[2026-09-18T01:49:31+08:00] WAIT snt_tt_same_clip005_8b_ckpt100 jid=3749337 state=PENDING
[2026-09-18T01:49:31+08:00] progress done=0/3 pending=3 failed=0
[2026-09-18T01:51:31+08:00] WAIT snt_tt_same_clip005_1p7b_ckpt100 jid=3749335 state=PENDING
[2026-09-18T01:51:31+08:00] WAIT snt_tt_same_clip005_4b_ckpt100 jid=3749336 state=PENDING
[2026-09-18T01:51:31+08:00] WAIT snt_tt_same_clip005_8b_ckpt100 jid=3749337 state=PENDING
[2026-09-18T01:51:31+08:00] progress done=0/3 pending=3 failed=0
[2026-09-18T01:53:31+08:00] WAIT snt_tt_same_clip005_1p7b_ckpt100 jid=3749335 state=PENDING
[2026-09-18T01:53:31+08:00] WAIT snt_tt_same_clip005_4b_ckpt100 jid=3749336 state=PENDING
[2026-09-18T01:53:31+08:00] WAIT snt_tt_same_clip005_8b_ckpt100 jid=3749337 state=PENDING
[2026-09-18T01:53:31+08:00] progress done=0/3 pending=3 failed=0
[2026-09-18T01:55:31+08:00] WAIT snt_tt_same_clip005_1p7b_ckpt100 jid=3749335 state=PENDING
[2026-09-18T01:55:31+08:00] WAIT snt_tt_same_clip005_4b_ckpt100 jid=3749336 state=PENDING
[2026-09-18T01:55:31+08:00] WAIT snt_tt_same_clip005_8b_ckpt100 jid=3749337 state=PENDING
[2026-09-18T01:55:31+08:00] progress done=0/3 pending=3 failed=0
[2026-09-18T01:57:31+08:00] WAIT snt_tt_same_clip005_1p7b_ckpt100 jid=3749335 state=PENDING
[2026-09-18T01:57:31+08:00] WAIT snt_tt_same_clip005_4b_ckpt100 jid=3749336 state=PENDING
[2026-09-18T01:57:31+08:00] WAIT snt_tt_same_clip005_8b_ckpt100 jid=3749337 state=PENDING
[2026-09-18T01:57:31+08:00] progress done=0/3 pending=3 failed=0
[2026-09-18T01:59:31+08:00] WAIT snt_tt_same_clip005_1p7b_ckpt100 jid=3749335 state=PENDING
[2026-09-18T01:59:31+08:00] WAIT snt_tt_same_clip005_4b_ckpt100 jid=3749336 state=PENDING
[2026-09-18T01:59:31+08:00] WAIT snt_tt_same_clip005_8b_ckpt100 jid=3749337 state=PENDING
[2026-09-18T01:59:31+08:00] progress done=0/3 pending=3 failed=0
[2026-09-18T02:01:31+08:00] WAIT snt_tt_same_clip005_1p7b_ckpt100 jid=3749335 state=PENDING
[2026-09-18T02:01:31+08:00] WAIT snt_tt_same_clip005_4b_ckpt100 jid=3749336 state=PENDING
[2026-09-18T02:01:32+08:00] WAIT snt_tt_same_clip005_8b_ckpt100 jid=3749337 state=PENDING
[2026-09-18T02:01:32+08:00] progress done=0/3 pending=3 failed=0
[2026-09-18T02:03:32+08:00] WAIT snt_tt_same_clip005_1p7b_ckpt100 jid=3749335 state=PENDING
[2026-09-18T02:03:32+08:00] WAIT snt_tt_same_clip005_4b_ckpt100 jid=3749336 state=PENDING
[2026-09-18T02:03:32+08:00] WAIT snt_tt_same_clip005_8b_ckpt100 jid=3749337 state=PENDING
[2026-09-18T02:03:32+08:00] progress done=0/3 pending=3 failed=0
[2026-09-18T02:05:32+08:00] WAIT snt_tt_same_clip005_1p7b_ckpt100 jid=3749335 state=PENDING
[2026-09-18T02:05:32+08:00] WAIT snt_tt_same_clip005_4b_ckpt100 jid=3749336 state=PENDING
[2026-09-18T02:05:32+08:00] WAIT snt_tt_same_clip005_8b_ckpt100 jid=3749337 state=PENDING
[2026-09-18T02:05:32+08:00] progress done=0/3 pending=3 failed=0
[2026-09-18T02:07:32+08:00] WAIT snt_tt_same_clip005_1p7b_ckpt100 jid=3749335 state=PENDING
[2026-09-18T02:07:32+08:00] WAIT snt_tt_same_clip005_4b_ckpt100 jid=3749336 state=PENDING
[2026-09-18T02:07:32+08:00] WAIT snt_tt_same_clip005_8b_ckpt100 jid=3749337 state=PENDING
[2026-09-18T02:07:32+08:00] progress done=0/3 pending=3 failed=0
[2026-09-18T02:09:32+08:00] WAIT snt_tt_same_clip005_1p7b_ckpt100 jid=3749335 state=PENDING
[2026-09-18T02:09:32+08:00] WAIT snt_tt_same_clip005_4b_ckpt100 jid=3749336 state=PENDING
[2026-09-18T02:09:32+08:00] WAIT snt_tt_same_clip005_8b_ckpt100 jid=3749337 state=PENDING
[2026-09-18T02:09:32+08:00] progress done=0/3 pending=3 failed=0
[2026-09-18T02:11:32+08:00] WAIT snt_tt_same_clip005_1p7b_ckpt100 jid=3749335 state=PENDING
[2026-09-18T02:11:32+08:00] WAIT snt_tt_same_clip005_4b_ckpt100 jid=3749336 state=PENDING
[2026-09-18T02:11:32+08:00] WAIT snt_tt_same_clip005_8b_ckpt100 jid=3749337 state=PENDING
[2026-09-18T02:11:32+08:00] progress done=0/3 pending=3 failed=0
[2026-09-18T02:13:32+08:00] WAIT snt_tt_same_clip005_1p7b_ckpt100 jid=3749335 state=PENDING
[2026-09-18T02:13:32+08:00] WAIT snt_tt_same_clip005_4b_ckpt100 jid=3749336 state=PENDING
[2026-09-18T02:13:32+08:00] WAIT snt_tt_same_clip005_8b_ckpt100 jid=3749337 state=PENDING
[2026-09-18T02:13:32+08:00] progress done=0/3 pending=3 failed=0
[2026-09-18T02:15:32+08:00] WAIT snt_tt_same_clip005_1p7b_ckpt100 jid=3749335 state=PENDING
[2026-09-18T02:15:32+08:00] WAIT snt_tt_same_clip005_4b_ckpt100 jid=3749336 state=PENDING
[2026-09-18T02:15:32+08:00] WAIT snt_tt_same_clip005_8b_ckpt100 jid=3749337 state=PENDING
[2026-09-18T02:15:32+08:00] progress done=0/3 pending=3 failed=0
[2026-09-18T02:17:32+08:00] WAIT snt_tt_same_clip005_1p7b_ckpt100 jid=3749335 state=PENDING
[2026-09-18T02:17:32+08:00] WAIT snt_tt_same_clip005_4b_ckpt100 jid=3749336 state=PENDING
[2026-09-18T02:17:32+08:00] WAIT snt_tt_same_clip005_8b_ckpt100 jid=3749337 state=PENDING
[2026-09-18T02:17:32+08:00] progress done=0/3 pending=3 failed=0
[2026-09-18T02:19:32+08:00] WAIT snt_tt_same_clip005_1p7b_ckpt100 jid=3749335 state=PENDING
[2026-09-18T02:19:32+08:00] WAIT snt_tt_same_clip005_4b_ckpt100 jid=3749336 state=PENDING
[2026-09-18T02:19:32+08:00] WAIT snt_tt_same_clip005_8b_ckpt100 jid=3749337 state=PENDING
[2026-09-18T02:19:32+08:00] progress done=0/3 pending=3 failed=0
[2026-09-18T02:21:32+08:00] WAIT snt_tt_same_clip005_1p7b_ckpt100 jid=3749335 state=PENDING
[2026-09-18T02:21:32+08:00] WAIT snt_tt_same_clip005_4b_ckpt100 jid=3749336 state=PENDING
[2026-09-18T02:21:32+08:00] WAIT snt_tt_same_clip005_8b_ckpt100 jid=3749337 state=PENDING
[2026-09-18T02:21:32+08:00] progress done=0/3 pending=3 failed=0
[2026-09-18T02:23:32+08:00] WAIT snt_tt_same_clip005_1p7b_ckpt100 jid=3749335 state=PENDING
[2026-09-18T02:23:32+08:00] WAIT snt_tt_same_clip005_4b_ckpt100 jid=3749336 state=PENDING
[2026-09-18T02:23:32+08:00] WAIT snt_tt_same_clip005_8b_ckpt100 jid=3749337 state=PENDING
[2026-09-18T02:23:32+08:00] progress done=0/3 pending=3 failed=0
[2026-09-18T02:25:32+08:00] WAIT snt_tt_same_clip005_1p7b_ckpt100 jid=3749335 state=PENDING
[2026-09-18T02:25:32+08:00] WAIT snt_tt_same_clip005_4b_ckpt100 jid=3749336 state=PENDING
[2026-09-18T02:25:32+08:00] WAIT snt_tt_same_clip005_8b_ckpt100 jid=3749337 state=PENDING
[2026-09-18T02:25:32+08:00] progress done=0/3 pending=3 failed=0
[2026-09-18T02:27:32+08:00] WAIT snt_tt_same_clip005_1p7b_ckpt100 jid=3749335 state=PENDING
[2026-09-18T02:27:32+08:00] WAIT snt_tt_same_clip005_4b_ckpt100 jid=3749336 state=PENDING
[2026-09-18T02:27:32+08:00] WAIT snt_tt_same_clip005_8b_ckpt100 jid=3749337 state=PENDING
[2026-09-18T02:27:32+08:00] progress done=0/3 pending=3 failed=0
[2026-09-18T02:29:32+08:00] WAIT snt_tt_same_clip005_1p7b_ckpt100 jid=3749335 state=PENDING
[2026-09-18T02:29:32+08:00] WAIT snt_tt_same_clip005_4b_ckpt100 jid=3749336 state=PENDING
[2026-09-18T02:29:32+08:00] WAIT snt_tt_same_clip005_8b_ckpt100 jid=3749337 state=PENDING
[2026-09-18T02:29:32+08:00] progress done=0/3 pending=3 failed=0
[2026-09-18T02:31:32+08:00] WAIT snt_tt_same_clip005_1p7b_ckpt100 jid=3749335 state=PENDING
[2026-09-18T02:31:32+08:00] WAIT snt_tt_same_clip005_4b_ckpt100 jid=3749336 state=PENDING
[2026-09-18T02:31:32+08:00] WAIT snt_tt_same_clip005_8b_ckpt100 jid=3749337 state=PENDING
[2026-09-18T02:31:32+08:00] progress done=0/3 pending=3 failed=0
[2026-09-18T02:33:32+08:00] WAIT snt_tt_same_clip005_1p7b_ckpt100 jid=3749335 state=PENDING
[2026-09-18T02:33:32+08:00] WAIT snt_tt_same_clip005_4b_ckpt100 jid=3749336 state=PENDING
[2026-09-18T02:33:32+08:00] WAIT snt_tt_same_clip005_8b_ckpt100 jid=3749337 state=PENDING
[2026-09-18T02:33:32+08:00] progress done=0/3 pending=3 failed=0
[2026-09-18T02:35:32+08:00] WAIT snt_tt_same_clip005_1p7b_ckpt100 jid=3749335 state=PENDING
[2026-09-18T02:35:32+08:00] WAIT snt_tt_same_clip005_4b_ckpt100 jid=3749336 state=PENDING
[2026-09-18T02:35:32+08:00] WAIT snt_tt_same_clip005_8b_ckpt100 jid=3749337 state=PENDING
[2026-09-18T02:35:32+08:00] progress done=0/3 pending=3 failed=0
[2026-09-18T02:37:32+08:00] WAIT snt_tt_same_clip005_1p7b_ckpt100 jid=3749335 state=PENDING
[2026-09-18T02:37:32+08:00] WAIT snt_tt_same_clip005_4b_ckpt100 jid=3749336 state=PENDING
[2026-09-18T02:37:32+08:00] WAIT snt_tt_same_clip005_8b_ckpt100 jid=3749337 state=PENDING
[2026-09-18T02:37:32+08:00] progress done=0/3 pending=3 failed=0
[2026-09-18T02:39:32+08:00] WAIT snt_tt_same_clip005_1p7b_ckpt100 jid=3749335 state=PENDING
[2026-09-18T02:39:32+08:00] WAIT snt_tt_same_clip005_4b_ckpt100 jid=3749336 state=PENDING
[2026-09-18T02:39:32+08:00] WAIT snt_tt_same_clip005_8b_ckpt100 jid=3749337 state=PENDING
[2026-09-18T02:39:32+08:00] progress done=0/3 pending=3 failed=0
[2026-09-18T02:41:32+08:00] WAIT snt_tt_same_clip005_1p7b_ckpt100 jid=3749335 state=PENDING
[2026-09-18T02:41:32+08:00] WAIT snt_tt_same_clip005_4b_ckpt100 jid=3749336 state=PENDING
[2026-09-18T02:41:32+08:00] WAIT snt_tt_same_clip005_8b_ckpt100 jid=3749337 state=PENDING
[2026-09-18T02:41:32+08:00] progress done=0/3 pending=3 failed=0
[2026-09-18T02:43:32+08:00] WAIT snt_tt_same_clip005_1p7b_ckpt100 jid=3749335 state=PENDING
[2026-09-18T02:43:32+08:00] WAIT snt_tt_same_clip005_4b_ckpt100 jid=3749336 state=PENDING
[2026-09-18T02:43:32+08:00] WAIT snt_tt_same_clip005_8b_ckpt100 jid=3749337 state=PENDING
[2026-09-18T02:43:32+08:00] progress done=0/3 pending=3 failed=0
[2026-09-18T02:45:32+08:00] WAIT snt_tt_same_clip005_1p7b_ckpt100 jid=3749335 state=PENDING
[2026-09-18T02:45:32+08:00] WAIT snt_tt_same_clip005_4b_ckpt100 jid=3749336 state=PENDING
[2026-09-18T02:45:32+08:00] WAIT snt_tt_same_clip005_8b_ckpt100 jid=3749337 state=PENDING
[2026-09-18T02:45:32+08:00] progress done=0/3 pending=3 failed=0
[2026-09-18T02:47:32+08:00] WAIT snt_tt_same_clip005_1p7b_ckpt100 jid=3749335 state=PENDING
[2026-09-18T02:47:32+08:00] WAIT snt_tt_same_clip005_4b_ckpt100 jid=3749336 state=PENDING
[2026-09-18T02:47:32+08:00] WAIT snt_tt_same_clip005_8b_ckpt100 jid=3749337 state=PENDING
[2026-09-18T02:47:32+08:00] progress done=0/3 pending=3 failed=0
[2026-09-18T02:49:32+08:00] WAIT snt_tt_same_clip005_1p7b_ckpt100 jid=3749335 state=PENDING
[2026-09-18T02:49:32+08:00] WAIT snt_tt_same_clip005_4b_ckpt100 jid=3749336 state=PENDING
[2026-09-18T02:49:32+08:00] WAIT snt_tt_same_clip005_8b_ckpt100 jid=3749337 state=PENDING
[2026-09-18T02:49:32+08:00] progress done=0/3 pending=3 failed=0
[2026-09-18T02:51:33+08:00] WAIT snt_tt_same_clip005_1p7b_ckpt100 jid=3749335 state=PENDING
[2026-09-18T02:51:33+08:00] WAIT snt_tt_same_clip005_4b_ckpt100 jid=3749336 state=PENDING
[2026-09-18T02:51:33+08:00] WAIT snt_tt_same_clip005_8b_ckpt100 jid=3749337 state=PENDING
[2026-09-18T02:51:33+08:00] progress done=0/3 pending=3 failed=0
[2026-09-18T02:53:33+08:00] WAIT snt_tt_same_clip005_1p7b_ckpt100 jid=3749335 state=PENDING
[2026-09-18T02:53:33+08:00] WAIT snt_tt_same_clip005_4b_ckpt100 jid=3749336 state=PENDING
[2026-09-18T02:53:33+08:00] WAIT snt_tt_same_clip005_8b_ckpt100 jid=3749337 state=PENDING
[2026-09-18T02:53:33+08:00] progress done=0/3 pending=3 failed=0
[2026-09-18T02:55:33+08:00] WAIT snt_tt_same_clip005_1p7b_ckpt100 jid=3749335 state=PENDING
[2026-09-18T02:55:33+08:00] WAIT snt_tt_same_clip005_4b_ckpt100 jid=3749336 state=PENDING
[2026-09-18T02:55:33+08:00] WAIT snt_tt_same_clip005_8b_ckpt100 jid=3749337 state=PENDING
[2026-09-18T02:55:33+08:00] progress done=0/3 pending=3 failed=0
[2026-09-18T02:57:33+08:00] WAIT snt_tt_same_clip005_1p7b_ckpt100 jid=3749335 state=PENDING
[2026-09-18T02:57:33+08:00] WAIT snt_tt_same_clip005_4b_ckpt100 jid=3749336 state=PENDING
[2026-09-18T02:57:33+08:00] WAIT snt_tt_same_clip005_8b_ckpt100 jid=3749337 state=PENDING
[2026-09-18T02:57:33+08:00] progress done=0/3 pending=3 failed=0
[2026-09-18T02:59:33+08:00] WAIT snt_tt_same_clip005_1p7b_ckpt100 jid=3749335 state=PENDING
[2026-09-18T02:59:33+08:00] WAIT snt_tt_same_clip005_4b_ckpt100 jid=3749336 state=PENDING
[2026-09-18T02:59:33+08:00] WAIT snt_tt_same_clip005_8b_ckpt100 jid=3749337 state=PENDING
[2026-09-18T02:59:33+08:00] progress done=0/3 pending=3 failed=0
[2026-09-18T03:01:33+08:00] WAIT snt_tt_same_clip005_1p7b_ckpt100 jid=3749335 state=PENDING
[2026-09-18T03:01:33+08:00] WAIT snt_tt_same_clip005_4b_ckpt100 jid=3749336 state=PENDING
[2026-09-18T03:01:33+08:00] WAIT snt_tt_same_clip005_8b_ckpt100 jid=3749337 state=PENDING
[2026-09-18T03:01:33+08:00] progress done=0/3 pending=3 failed=0
[2026-09-18T03:03:33+08:00] WAIT snt_tt_same_clip005_1p7b_ckpt100 jid=3749335 state=PENDING
[2026-09-18T03:03:33+08:00] WAIT snt_tt_same_clip005_4b_ckpt100 jid=3749336 state=PENDING
[2026-09-18T03:03:33+08:00] WAIT snt_tt_same_clip005_8b_ckpt100 jid=3749337 state=PENDING
[2026-09-18T03:03:33+08:00] progress done=0/3 pending=3 failed=0
[2026-09-18T03:05:33+08:00] WAIT snt_tt_same_clip005_1p7b_ckpt100 jid=3749335 state=PENDING
[2026-09-18T03:05:33+08:00] WAIT snt_tt_same_clip005_4b_ckpt100 jid=3749336 state=PENDING
[2026-09-18T03:05:33+08:00] WAIT snt_tt_same_clip005_8b_ckpt100 jid=3749337 state=PENDING
[2026-09-18T03:05:33+08:00] progress done=0/3 pending=3 failed=0
[2026-09-18T03:07:33+08:00] WAIT snt_tt_same_clip005_1p7b_ckpt100 jid=3749335 state=PENDING
[2026-09-18T03:07:33+08:00] WAIT snt_tt_same_clip005_4b_ckpt100 jid=3749336 state=PENDING
[2026-09-18T03:07:33+08:00] WAIT snt_tt_same_clip005_8b_ckpt100 jid=3749337 state=PENDING
[2026-09-18T03:07:33+08:00] progress done=0/3 pending=3 failed=0
[2026-09-18T03:09:33+08:00] WAIT snt_tt_same_clip005_1p7b_ckpt100 jid=3749335 state=PENDING
[2026-09-18T03:09:33+08:00] WAIT snt_tt_same_clip005_4b_ckpt100 jid=3749336 state=PENDING
[2026-09-18T03:09:33+08:00] WAIT snt_tt_same_clip005_8b_ckpt100 jid=3749337 state=PENDING
[2026-09-18T03:09:33+08:00] progress done=0/3 pending=3 failed=0
[2026-09-18T03:11:33+08:00] WAIT snt_tt_same_clip005_1p7b_ckpt100 jid=3749335 state=PENDING
[2026-09-18T03:11:33+08:00] WAIT snt_tt_same_clip005_4b_ckpt100 jid=3749336 state=PENDING
[2026-09-18T03:11:33+08:00] WAIT snt_tt_same_clip005_8b_ckpt100 jid=3749337 state=PENDING
[2026-09-18T03:11:33+08:00] progress done=0/3 pending=3 failed=0
[2026-09-18T03:13:33+08:00] WAIT snt_tt_same_clip005_1p7b_ckpt100 jid=3749335 state=PENDING
[2026-09-18T03:13:33+08:00] WAIT snt_tt_same_clip005_4b_ckpt100 jid=3749336 state=PENDING
[2026-09-18T03:13:33+08:00] WAIT snt_tt_same_clip005_8b_ckpt100 jid=3749337 state=PENDING
[2026-09-18T03:13:33+08:00] progress done=0/3 pending=3 failed=0
[2026-09-18T03:15:33+08:00] WAIT snt_tt_same_clip005_1p7b_ckpt100 jid=3749335 state=PENDING
[2026-09-18T03:15:33+08:00] WAIT snt_tt_same_clip005_4b_ckpt100 jid=3749336 state=PENDING
[2026-09-18T03:15:33+08:00] WAIT snt_tt_same_clip005_8b_ckpt100 jid=3749337 state=PENDING
[2026-09-18T03:15:33+08:00] progress done=0/3 pending=3 failed=0
[2026-09-18T03:17:33+08:00] WAIT snt_tt_same_clip005_1p7b_ckpt100 jid=3749335 state=PENDING
[2026-09-18T03:17:33+08:00] WAIT snt_tt_same_clip005_4b_ckpt100 jid=3749336 state=PENDING
[2026-09-18T03:17:33+08:00] WAIT snt_tt_same_clip005_8b_ckpt100 jid=3749337 state=PENDING
[2026-09-18T03:17:33+08:00] progress done=0/3 pending=3 failed=0
[2026-09-18T03:19:33+08:00] WAIT snt_tt_same_clip005_1p7b_ckpt100 jid=3749335 state=PENDING
[2026-09-18T03:19:33+08:00] WAIT snt_tt_same_clip005_4b_ckpt100 jid=3749336 state=PENDING
[2026-09-18T03:19:33+08:00] WAIT snt_tt_same_clip005_8b_ckpt100 jid=3749337 state=PENDING
[2026-09-18T03:19:33+08:00] progress done=0/3 pending=3 failed=0
[2026-09-18T03:21:33+08:00] WAIT snt_tt_same_clip005_1p7b_ckpt100 jid=3749335 state=PENDING
[2026-09-18T03:21:33+08:00] WAIT snt_tt_same_clip005_4b_ckpt100 jid=3749336 state=PENDING
[2026-09-18T03:21:33+08:00] WAIT snt_tt_same_clip005_8b_ckpt100 jid=3749337 state=PENDING
[2026-09-18T03:21:33+08:00] progress done=0/3 pending=3 failed=0
[2026-09-18T03:23:33+08:00] WAIT snt_tt_same_clip005_1p7b_ckpt100 jid=3749335 state=PENDING
[2026-09-18T03:23:33+08:00] WAIT snt_tt_same_clip005_4b_ckpt100 jid=3749336 state=PENDING
[2026-09-18T03:23:33+08:00] WAIT snt_tt_same_clip005_8b_ckpt100 jid=3749337 state=PENDING
[2026-09-18T03:23:33+08:00] progress done=0/3 pending=3 failed=0
[2026-09-18T03:25:33+08:00] WAIT snt_tt_same_clip005_1p7b_ckpt100 jid=3749335 state=PENDING
[2026-09-18T03:25:33+08:00] WAIT snt_tt_same_clip005_4b_ckpt100 jid=3749336 state=PENDING
[2026-09-18T03:25:33+08:00] WAIT snt_tt_same_clip005_8b_ckpt100 jid=3749337 state=PENDING
[2026-09-18T03:25:33+08:00] progress done=0/3 pending=3 failed=0
[2026-09-18T03:27:33+08:00] WAIT snt_tt_same_clip005_1p7b_ckpt100 jid=3749335 state=PENDING
[2026-09-18T03:27:33+08:00] WAIT snt_tt_same_clip005_4b_ckpt100 jid=3749336 state=PENDING
[2026-09-18T03:27:33+08:00] WAIT snt_tt_same_clip005_8b_ckpt100 jid=3749337 state=PENDING
[2026-09-18T03:27:33+08:00] progress done=0/3 pending=3 failed=0
[2026-09-18T03:29:33+08:00] WAIT snt_tt_same_clip005_1p7b_ckpt100 jid=3749335 state=PENDING
[2026-09-18T03:29:33+08:00] WAIT snt_tt_same_clip005_4b_ckpt100 jid=3749336 state=PENDING
[2026-09-18T03:29:33+08:00] WAIT snt_tt_same_clip005_8b_ckpt100 jid=3749337 state=PENDING
[2026-09-18T03:29:33+08:00] progress done=0/3 pending=3 failed=0
[2026-09-18T03:31:33+08:00] WAIT snt_tt_same_clip005_1p7b_ckpt100 jid=3749335 state=PENDING
[2026-09-18T03:31:33+08:00] WAIT snt_tt_same_clip005_4b_ckpt100 jid=3749336 state=PENDING
[2026-09-18T03:31:33+08:00] WAIT snt_tt_same_clip005_8b_ckpt100 jid=3749337 state=PENDING
[2026-09-18T03:31:33+08:00] progress done=0/3 pending=3 failed=0
[2026-09-18T03:33:33+08:00] WAIT snt_tt_same_clip005_1p7b_ckpt100 jid=3749335 state=PENDING
[2026-09-18T03:33:33+08:00] WAIT snt_tt_same_clip005_4b_ckpt100 jid=3749336 state=PENDING
[2026-09-18T03:33:33+08:00] WAIT snt_tt_same_clip005_8b_ckpt100 jid=3749337 state=PENDING
[2026-09-18T03:33:33+08:00] progress done=0/3 pending=3 failed=0
[2026-09-18T03:35:33+08:00] WAIT snt_tt_same_clip005_1p7b_ckpt100 jid=3749335 state=PENDING
[2026-09-18T03:35:33+08:00] WAIT snt_tt_same_clip005_4b_ckpt100 jid=3749336 state=PENDING
[2026-09-18T03:35:33+08:00] WAIT snt_tt_same_clip005_8b_ckpt100 jid=3749337 state=PENDING
[2026-09-18T03:35:33+08:00] progress done=0/3 pending=3 failed=0
[2026-09-18T03:37:33+08:00] WAIT snt_tt_same_clip005_1p7b_ckpt100 jid=3749335 state=PENDING
[2026-09-18T03:37:33+08:00] WAIT snt_tt_same_clip005_4b_ckpt100 jid=3749336 state=PENDING
[2026-09-18T03:37:33+08:00] WAIT snt_tt_same_clip005_8b_ckpt100 jid=3749337 state=PENDING
[2026-09-18T03:37:33+08:00] progress done=0/3 pending=3 failed=0
[2026-09-18T03:39:33+08:00] WAIT snt_tt_same_clip005_1p7b_ckpt100 jid=3749335 state=PENDING
[2026-09-18T03:39:33+08:00] WAIT snt_tt_same_clip005_4b_ckpt100 jid=3749336 state=PENDING
[2026-09-18T03:39:33+08:00] WAIT snt_tt_same_clip005_8b_ckpt100 jid=3749337 state=PENDING
[2026-09-18T03:39:33+08:00] progress done=0/3 pending=3 failed=0
[2026-09-18T03:41:34+08:00] WAIT snt_tt_same_clip005_1p7b_ckpt100 jid=3749335 state=PENDING
[2026-09-18T03:41:34+08:00] WAIT snt_tt_same_clip005_4b_ckpt100 jid=3749336 state=PENDING
[2026-09-18T03:41:34+08:00] WAIT snt_tt_same_clip005_8b_ckpt100 jid=3749337 state=PENDING
[2026-09-18T03:41:34+08:00] progress done=0/3 pending=3 failed=0
[2026-09-18T03:43:34+08:00] WAIT snt_tt_same_clip005_1p7b_ckpt100 jid=3749335 state=PENDING
[2026-09-18T03:43:34+08:00] WAIT snt_tt_same_clip005_4b_ckpt100 jid=3749336 state=PENDING
[2026-09-18T03:43:34+08:00] WAIT snt_tt_same_clip005_8b_ckpt100 jid=3749337 state=PENDING
[2026-09-18T03:43:34+08:00] progress done=0/3 pending=3 failed=0
[2026-09-18T03:45:34+08:00] WAIT snt_tt_same_clip005_1p7b_ckpt100 jid=3749335 state=PENDING
[2026-09-18T03:45:34+08:00] WAIT snt_tt_same_clip005_4b_ckpt100 jid=3749336 state=PENDING
[2026-09-18T03:45:34+08:00] WAIT snt_tt_same_clip005_8b_ckpt100 jid=3749337 state=PENDING
[2026-09-18T03:45:34+08:00] progress done=0/3 pending=3 failed=0
[2026-09-18T03:47:34+08:00] WAIT snt_tt_same_clip005_1p7b_ckpt100 jid=3749335 state=RUNNING
[2026-09-18T03:47:34+08:00] WAIT snt_tt_same_clip005_4b_ckpt100 jid=3749336 state=PENDING
[2026-09-18T03:47:34+08:00] WAIT snt_tt_same_clip005_8b_ckpt100 jid=3749337 state=PENDING
[2026-09-18T03:47:34+08:00] progress done=0/3 pending=3 failed=0
[2026-09-18T03:49:34+08:00] WAIT snt_tt_same_clip005_1p7b_ckpt100 jid=3749335 state=RUNNING
[2026-09-18T03:49:34+08:00] WAIT snt_tt_same_clip005_4b_ckpt100 jid=3749336 state=PENDING
[2026-09-18T03:49:34+08:00] WAIT snt_tt_same_clip005_8b_ckpt100 jid=3749337 state=PENDING
[2026-09-18T03:49:34+08:00] progress done=0/3 pending=3 failed=0
[2026-09-18T03:51:34+08:00] WAIT snt_tt_same_clip005_1p7b_ckpt100 jid=3749335 state=RUNNING
[2026-09-18T03:51:34+08:00] WAIT snt_tt_same_clip005_4b_ckpt100 jid=3749336 state=PENDING
[2026-09-18T03:51:34+08:00] WAIT snt_tt_same_clip005_8b_ckpt100 jid=3749337 state=PENDING
[2026-09-18T03:51:34+08:00] progress done=0/3 pending=3 failed=0
[2026-09-18T03:53:34+08:00] WAIT snt_tt_same_clip005_1p7b_ckpt100 jid=3749335 state=RUNNING
[2026-09-18T03:53:34+08:00] WAIT snt_tt_same_clip005_4b_ckpt100 jid=3749336 state=PENDING
[2026-09-18T03:53:34+08:00] WAIT snt_tt_same_clip005_8b_ckpt100 jid=3749337 state=PENDING
[2026-09-18T03:53:34+08:00] progress done=0/3 pending=3 failed=0
[2026-09-18T03:55:34+08:00] WAIT snt_tt_same_clip005_1p7b_ckpt100 jid=3749335 state=RUNNING
[2026-09-18T03:55:34+08:00] WAIT snt_tt_same_clip005_4b_ckpt100 jid=3749336 state=PENDING
[2026-09-18T03:55:34+08:00] WAIT snt_tt_same_clip005_8b_ckpt100 jid=3749337 state=PENDING
[2026-09-18T03:55:34+08:00] progress done=0/3 pending=3 failed=0
[2026-09-18T03:57:34+08:00] WAIT snt_tt_same_clip005_1p7b_ckpt100 jid=3749335 state=RUNNING
[2026-09-18T03:57:34+08:00] WAIT snt_tt_same_clip005_4b_ckpt100 jid=3749336 state=PENDING
[2026-09-18T03:57:34+08:00] WAIT snt_tt_same_clip005_8b_ckpt100 jid=3749337 state=PENDING
[2026-09-18T03:57:34+08:00] progress done=0/3 pending=3 failed=0
[2026-09-18T03:59:34+08:00] WAIT snt_tt_same_clip005_1p7b_ckpt100 jid=3749335 state=RUNNING
[2026-09-18T03:59:34+08:00] WAIT snt_tt_same_clip005_4b_ckpt100 jid=3749336 state=PENDING
[2026-09-18T03:59:34+08:00] WAIT snt_tt_same_clip005_8b_ckpt100 jid=3749337 state=PENDING
[2026-09-18T03:59:34+08:00] progress done=0/3 pending=3 failed=0
[2026-09-18T04:01:34+08:00] WAIT snt_tt_same_clip005_1p7b_ckpt100 jid=3749335 state=RUNNING
[2026-09-18T04:01:34+08:00] WAIT snt_tt_same_clip005_4b_ckpt100 jid=3749336 state=PENDING
[2026-09-18T04:01:34+08:00] WAIT snt_tt_same_clip005_8b_ckpt100 jid=3749337 state=PENDING
[2026-09-18T04:01:34+08:00] progress done=0/3 pending=3 failed=0
[2026-09-18T04:03:34+08:00] WAIT snt_tt_same_clip005_1p7b_ckpt100 jid=3749335 state=RUNNING
[2026-09-18T04:03:34+08:00] WAIT snt_tt_same_clip005_4b_ckpt100 jid=3749336 state=RUNNING
[2026-09-18T04:03:34+08:00] WAIT snt_tt_same_clip005_8b_ckpt100 jid=3749337 state=PENDING
[2026-09-18T04:03:34+08:00] progress done=0/3 pending=3 failed=0
[2026-09-18T04:05:34+08:00] WAIT snt_tt_same_clip005_1p7b_ckpt100 jid=3749335 state=RUNNING
[2026-09-18T04:05:34+08:00] WAIT snt_tt_same_clip005_4b_ckpt100 jid=3749336 state=RUNNING
[2026-09-18T04:05:34+08:00] WAIT snt_tt_same_clip005_8b_ckpt100 jid=3749337 state=PENDING
[2026-09-18T04:05:34+08:00] progress done=0/3 pending=3 failed=0
[2026-09-18T04:07:34+08:00] WAIT snt_tt_same_clip005_1p7b_ckpt100 jid=3749335 state=RUNNING
[2026-09-18T04:07:34+08:00] WAIT snt_tt_same_clip005_4b_ckpt100 jid=3749336 state=RUNNING
[2026-09-18T04:07:34+08:00] WAIT snt_tt_same_clip005_8b_ckpt100 jid=3749337 state=PENDING
[2026-09-18T04:07:34+08:00] progress done=0/3 pending=3 failed=0
[2026-09-18T04:09:34+08:00] WAIT snt_tt_same_clip005_1p7b_ckpt100 jid=3749335 state=RUNNING
[2026-09-18T04:09:34+08:00] WAIT snt_tt_same_clip005_4b_ckpt100 jid=3749336 state=RUNNING
[2026-09-18T04:09:34+08:00] WAIT snt_tt_same_clip005_8b_ckpt100 jid=3749337 state=PENDING
[2026-09-18T04:09:34+08:00] progress done=0/3 pending=3 failed=0
[2026-09-18T04:11:34+08:00] WAIT snt_tt_same_clip005_1p7b_ckpt100 jid=3749335 state=RUNNING
[2026-09-18T04:11:34+08:00] WAIT snt_tt_same_clip005_4b_ckpt100 jid=3749336 state=RUNNING
[2026-09-18T04:11:34+08:00] WAIT snt_tt_same_clip005_8b_ckpt100 jid=3749337 state=PENDING
[2026-09-18T04:11:34+08:00] progress done=0/3 pending=3 failed=0
[2026-09-18T04:13:34+08:00] WAIT snt_tt_same_clip005_1p7b_ckpt100 jid=3749335 state=RUNNING
[2026-09-18T04:13:34+08:00] WAIT snt_tt_same_clip005_4b_ckpt100 jid=3749336 state=RUNNING
[2026-09-18T04:13:34+08:00] WAIT snt_tt_same_clip005_8b_ckpt100 jid=3749337 state=PENDING
[2026-09-18T04:13:34+08:00] progress done=0/3 pending=3 failed=0
[2026-09-18T04:15:34+08:00] WAIT snt_tt_same_clip005_1p7b_ckpt100 jid=3749335 state=RUNNING
[2026-09-18T04:15:34+08:00] WAIT snt_tt_same_clip005_4b_ckpt100 jid=3749336 state=RUNNING
[2026-09-18T04:15:34+08:00] WAIT snt_tt_same_clip005_8b_ckpt100 jid=3749337 state=PENDING
[2026-09-18T04:15:34+08:00] progress done=0/3 pending=3 failed=0
[2026-09-18T04:17:34+08:00] WAIT snt_tt_same_clip005_1p7b_ckpt100 jid=3749335 state=RUNNING
[2026-09-18T04:17:34+08:00] WAIT snt_tt_same_clip005_4b_ckpt100 jid=3749336 state=RUNNING
[2026-09-18T04:17:34+08:00] WAIT snt_tt_same_clip005_8b_ckpt100 jid=3749337 state=PENDING
[2026-09-18T04:17:34+08:00] progress done=0/3 pending=3 failed=0
[2026-09-18T04:19:34+08:00] WAIT snt_tt_same_clip005_1p7b_ckpt100 jid=3749335 state=RUNNING
[2026-09-18T04:19:34+08:00] WAIT snt_tt_same_clip005_4b_ckpt100 jid=3749336 state=RUNNING
[2026-09-18T04:19:34+08:00] WAIT snt_tt_same_clip005_8b_ckpt100 jid=3749337 state=PENDING
[2026-09-18T04:19:34+08:00] progress done=0/3 pending=3 failed=0
[2026-09-18T04:21:34+08:00] WAIT snt_tt_same_clip005_1p7b_ckpt100 jid=3749335 state=RUNNING
[2026-09-18T04:21:34+08:00] WAIT snt_tt_same_clip005_4b_ckpt100 jid=3749336 state=RUNNING
[2026-09-18T04:21:34+08:00] WAIT snt_tt_same_clip005_8b_ckpt100 jid=3749337 state=PENDING
[2026-09-18T04:21:34+08:00] progress done=0/3 pending=3 failed=0
[2026-09-18T04:23:34+08:00] READY snt_tt_same_clip005_1p7b_ckpt100 jid=3749335 -> /gpfs/share/home/2501210611/opsd_analysis/OPSD_Analysis/outputs/qwen3_1.7b/snt_tt_same_clip005_1e_6_openthoughts_1p7b/3749335/checkpoint-100 (train_state=FAILED)
[2026-09-18T04:25:05+08:00] SUBMITTED evals for snt_tt_same_clip005_1p7b_ckpt100 tag=snt_tt_same_clip005_1p7b_ckpt100
[2026-09-18T04:25:05+08:00] WAIT snt_tt_same_clip005_4b_ckpt100 jid=3749336 state=RUNNING
[2026-09-18T04:25:05+08:00] WAIT snt_tt_same_clip005_8b_ckpt100 jid=3749337 state=PENDING
[2026-09-18T04:25:05+08:00] progress done=1/3 pending=2 failed=0
[2026-09-18T04:27:05+08:00] WAIT snt_tt_same_clip005_4b_ckpt100 jid=3749336 state=RUNNING
[2026-09-18T04:27:05+08:00] WAIT snt_tt_same_clip005_8b_ckpt100 jid=3749337 state=PENDING
[2026-09-18T04:27:05+08:00] progress done=1/3 pending=2 failed=0
[2026-09-18T04:29:05+08:00] WAIT snt_tt_same_clip005_4b_ckpt100 jid=3749336 state=RUNNING
[2026-09-18T04:29:05+08:00] WAIT snt_tt_same_clip005_8b_ckpt100 jid=3749337 state=PENDING
[2026-09-18T04:29:05+08:00] progress done=1/3 pending=2 failed=0
[2026-09-18T04:31:05+08:00] WAIT snt_tt_same_clip005_4b_ckpt100 jid=3749336 state=RUNNING
[2026-09-18T04:31:05+08:00] WAIT snt_tt_same_clip005_8b_ckpt100 jid=3749337 state=PENDING
[2026-09-18T04:31:05+08:00] progress done=1/3 pending=2 failed=0
[2026-09-18T04:33:05+08:00] WAIT snt_tt_same_clip005_4b_ckpt100 jid=3749336 state=RUNNING
[2026-09-18T04:33:05+08:00] WAIT snt_tt_same_clip005_8b_ckpt100 jid=3749337 state=PENDING
[2026-09-18T04:33:05+08:00] progress done=1/3 pending=2 failed=0
[2026-09-18T04:35:05+08:00] WAIT snt_tt_same_clip005_4b_ckpt100 jid=3749336 state=RUNNING
[2026-09-18T04:35:05+08:00] WAIT snt_tt_same_clip005_8b_ckpt100 jid=3749337 state=PENDING
[2026-09-18T04:35:05+08:00] progress done=1/3 pending=2 failed=0
[2026-09-18T04:37:05+08:00] WAIT snt_tt_same_clip005_4b_ckpt100 jid=3749336 state=RUNNING
[2026-09-18T04:37:05+08:00] WAIT snt_tt_same_clip005_8b_ckpt100 jid=3749337 state=PENDING
[2026-09-18T04:37:05+08:00] progress done=1/3 pending=2 failed=0
[2026-09-18T04:39:05+08:00] WAIT snt_tt_same_clip005_4b_ckpt100 jid=3749336 state=RUNNING
[2026-09-18T04:39:05+08:00] WAIT snt_tt_same_clip005_8b_ckpt100 jid=3749337 state=PENDING
[2026-09-18T04:39:05+08:00] progress done=1/3 pending=2 failed=0
[2026-09-18T04:41:05+08:00] WAIT snt_tt_same_clip005_4b_ckpt100 jid=3749336 state=RUNNING
[2026-09-18T04:41:05+08:00] WAIT snt_tt_same_clip005_8b_ckpt100 jid=3749337 state=PENDING
[2026-09-18T04:41:05+08:00] progress done=1/3 pending=2 failed=0
[2026-09-18T04:43:05+08:00] WAIT snt_tt_same_clip005_4b_ckpt100 jid=3749336 state=RUNNING
[2026-09-18T04:43:05+08:00] WAIT snt_tt_same_clip005_8b_ckpt100 jid=3749337 state=PENDING
[2026-09-18T04:43:05+08:00] progress done=1/3 pending=2 failed=0
[2026-09-18T04:45:05+08:00] WAIT snt_tt_same_clip005_4b_ckpt100 jid=3749336 state=RUNNING
[2026-09-18T04:45:05+08:00] WAIT snt_tt_same_clip005_8b_ckpt100 jid=3749337 state=PENDING
[2026-09-18T04:45:05+08:00] progress done=1/3 pending=2 failed=0
[2026-09-18T04:47:05+08:00] WAIT snt_tt_same_clip005_4b_ckpt100 jid=3749336 state=RUNNING
[2026-09-18T04:47:05+08:00] WAIT snt_tt_same_clip005_8b_ckpt100 jid=3749337 state=PENDING
[2026-09-18T04:47:05+08:00] progress done=1/3 pending=2 failed=0
[2026-09-18T04:49:05+08:00] WAIT snt_tt_same_clip005_4b_ckpt100 jid=3749336 state=RUNNING
[2026-09-18T04:49:05+08:00] WAIT snt_tt_same_clip005_8b_ckpt100 jid=3749337 state=PENDING
[2026-09-18T04:49:05+08:00] progress done=1/3 pending=2 failed=0
[2026-09-18T04:51:05+08:00] READY snt_tt_same_clip005_4b_ckpt100 jid=3749336 -> /gpfs/share/home/2501210611/opsd_analysis/OPSD_Analysis/outputs/qwen3_4b/snt_tt_same_clip005_1e_6_openthoughts_4b/3749336/checkpoint-100 (train_state=FAILED)
[2026-09-18T04:52:35+08:00] SUBMITTED evals for snt_tt_same_clip005_4b_ckpt100 tag=snt_tt_same_clip005_4b_ckpt100
[2026-09-18T04:52:35+08:00] WAIT snt_tt_same_clip005_8b_ckpt100 jid=3749337 state=PENDING
[2026-09-18T04:52:35+08:00] progress done=2/3 pending=1 failed=0
[2026-09-18T04:54:35+08:00] WAIT snt_tt_same_clip005_8b_ckpt100 jid=3749337 state=PENDING
[2026-09-18T04:54:35+08:00] progress done=2/3 pending=1 failed=0
[2026-09-18T04:56:35+08:00] WAIT snt_tt_same_clip005_8b_ckpt100 jid=3749337 state=PENDING
[2026-09-18T04:56:35+08:00] progress done=2/3 pending=1 failed=0
[2026-09-18T04:58:35+08:00] WAIT snt_tt_same_clip005_8b_ckpt100 jid=3749337 state=PENDING
[2026-09-18T04:58:35+08:00] progress done=2/3 pending=1 failed=0
[2026-09-18T05:00:35+08:00] WAIT snt_tt_same_clip005_8b_ckpt100 jid=3749337 state=PENDING
[2026-09-18T05:00:35+08:00] progress done=2/3 pending=1 failed=0
[2026-09-18T05:02:35+08:00] WAIT snt_tt_same_clip005_8b_ckpt100 jid=3749337 state=PENDING
[2026-09-18T05:02:35+08:00] progress done=2/3 pending=1 failed=0
[2026-09-18T05:04:35+08:00] WAIT snt_tt_same_clip005_8b_ckpt100 jid=3749337 state=PENDING
[2026-09-18T05:04:35+08:00] progress done=2/3 pending=1 failed=0
[2026-09-18T05:06:35+08:00] WAIT snt_tt_same_clip005_8b_ckpt100 jid=3749337 state=PENDING
[2026-09-18T05:06:35+08:00] progress done=2/3 pending=1 failed=0
[2026-09-18T05:08:35+08:00] WAIT snt_tt_same_clip005_8b_ckpt100 jid=3749337 state=PENDING
[2026-09-18T05:08:35+08:00] progress done=2/3 pending=1 failed=0
[2026-09-18T05:10:35+08:00] WAIT snt_tt_same_clip005_8b_ckpt100 jid=3749337 state=PENDING
[2026-09-18T05:10:35+08:00] progress done=2/3 pending=1 failed=0
[2026-09-18T05:12:35+08:00] WAIT snt_tt_same_clip005_8b_ckpt100 jid=3749337 state=PENDING
[2026-09-18T05:12:35+08:00] progress done=2/3 pending=1 failed=0
[2026-09-18T05:14:35+08:00] WAIT snt_tt_same_clip005_8b_ckpt100 jid=3749337 state=PENDING
[2026-09-18T05:14:35+08:00] progress done=2/3 pending=1 failed=0
[2026-09-18T05:16:35+08:00] WAIT snt_tt_same_clip005_8b_ckpt100 jid=3749337 state=PENDING
[2026-09-18T05:16:35+08:00] progress done=2/3 pending=1 failed=0
[2026-09-18T05:18:35+08:00] WAIT snt_tt_same_clip005_8b_ckpt100 jid=3749337 state=PENDING
[2026-09-18T05:18:35+08:00] progress done=2/3 pending=1 failed=0
[2026-09-18T05:20:35+08:00] WAIT snt_tt_same_clip005_8b_ckpt100 jid=3749337 state=PENDING
[2026-09-18T05:20:35+08:00] progress done=2/3 pending=1 failed=0
[2026-09-18T05:22:35+08:00] WAIT snt_tt_same_clip005_8b_ckpt100 jid=3749337 state=PENDING
[2026-09-18T05:22:35+08:00] progress done=2/3 pending=1 failed=0
[2026-09-18T05:24:35+08:00] WAIT snt_tt_same_clip005_8b_ckpt100 jid=3749337 state=PENDING
[2026-09-18T05:24:35+08:00] progress done=2/3 pending=1 failed=0
[2026-09-18T05:26:35+08:00] WAIT snt_tt_same_clip005_8b_ckpt100 jid=3749337 state=PENDING
[2026-09-18T05:26:35+08:00] progress done=2/3 pending=1 failed=0
[2026-09-18T05:28:35+08:00] WAIT snt_tt_same_clip005_8b_ckpt100 jid=3749337 state=PENDING
[2026-09-18T05:28:35+08:00] progress done=2/3 pending=1 failed=0
[2026-09-18T05:30:36+08:00] WAIT snt_tt_same_clip005_8b_ckpt100 jid=3749337 state=PENDING
[2026-09-18T05:30:36+08:00] progress done=2/3 pending=1 failed=0
[2026-09-18T05:32:36+08:00] WAIT snt_tt_same_clip005_8b_ckpt100 jid=3749337 state=PENDING
[2026-09-18T05:32:36+08:00] progress done=2/3 pending=1 failed=0
[2026-09-18T05:34:36+08:00] WAIT snt_tt_same_clip005_8b_ckpt100 jid=3749337 state=PENDING
[2026-09-18T05:34:36+08:00] progress done=2/3 pending=1 failed=0
[2026-09-18T05:36:36+08:00] WAIT snt_tt_same_clip005_8b_ckpt100 jid=3749337 state=PENDING
[2026-09-18T05:36:36+08:00] progress done=2/3 pending=1 failed=0
[2026-09-18T05:38:36+08:00] WAIT snt_tt_same_clip005_8b_ckpt100 jid=3749337 state=PENDING
[2026-09-18T05:38:36+08:00] progress done=2/3 pending=1 failed=0
[2026-09-18T05:40:36+08:00] WAIT snt_tt_same_clip005_8b_ckpt100 jid=3749337 state=PENDING
[2026-09-18T05:40:36+08:00] progress done=2/3 pending=1 failed=0
[2026-09-18T05:42:36+08:00] WAIT snt_tt_same_clip005_8b_ckpt100 jid=3749337 state=PENDING
[2026-09-18T05:42:36+08:00] progress done=2/3 pending=1 failed=0
[2026-09-18T05:44:36+08:00] WAIT snt_tt_same_clip005_8b_ckpt100 jid=3749337 state=PENDING
[2026-09-18T05:44:36+08:00] progress done=2/3 pending=1 failed=0
[2026-09-18T05:46:36+08:00] WAIT snt_tt_same_clip005_8b_ckpt100 jid=3749337 state=PENDING
[2026-09-18T05:46:36+08:00] progress done=2/3 pending=1 failed=0
[2026-09-18T05:48:36+08:00] WAIT snt_tt_same_clip005_8b_ckpt100 jid=3749337 state=PENDING
[2026-09-18T05:48:36+08:00] progress done=2/3 pending=1 failed=0
[2026-09-18T05:50:36+08:00] WAIT snt_tt_same_clip005_8b_ckpt100 jid=3749337 state=PENDING
[2026-09-18T05:50:36+08:00] progress done=2/3 pending=1 failed=0
[2026-09-18T05:52:36+08:00] WAIT snt_tt_same_clip005_8b_ckpt100 jid=3749337 state=PENDING
[2026-09-18T05:52:36+08:00] progress done=2/3 pending=1 failed=0
[2026-09-18T05:54:36+08:00] WAIT snt_tt_same_clip005_8b_ckpt100 jid=3749337 state=PENDING
[2026-09-18T05:54:36+08:00] progress done=2/3 pending=1 failed=0
[2026-09-18T05:56:36+08:00] WAIT snt_tt_same_clip005_8b_ckpt100 jid=3749337 state=PENDING
[2026-09-18T05:56:36+08:00] progress done=2/3 pending=1 failed=0
[2026-09-18T05:58:36+08:00] WAIT snt_tt_same_clip005_8b_ckpt100 jid=3749337 state=PENDING
[2026-09-18T05:58:36+08:00] progress done=2/3 pending=1 failed=0
[2026-09-18T06:00:36+08:00] WAIT snt_tt_same_clip005_8b_ckpt100 jid=3749337 state=PENDING
[2026-09-18T06:00:36+08:00] progress done=2/3 pending=1 failed=0
[2026-09-18T06:02:36+08:00] WAIT snt_tt_same_clip005_8b_ckpt100 jid=3749337 state=PENDING
[2026-09-18T06:02:36+08:00] progress done=2/3 pending=1 failed=0
[2026-09-18T06:04:36+08:00] WAIT snt_tt_same_clip005_8b_ckpt100 jid=3749337 state=PENDING
[2026-09-18T06:04:36+08:00] progress done=2/3 pending=1 failed=0
[2026-09-18T06:06:36+08:00] WAIT snt_tt_same_clip005_8b_ckpt100 jid=3749337 state=PENDING
[2026-09-18T06:06:36+08:00] progress done=2/3 pending=1 failed=0
[2026-09-18T06:08:36+08:00] WAIT snt_tt_same_clip005_8b_ckpt100 jid=3749337 state=PENDING
[2026-09-18T06:08:36+08:00] progress done=2/3 pending=1 failed=0
[2026-09-18T06:10:36+08:00] WAIT snt_tt_same_clip005_8b_ckpt100 jid=3749337 state=PENDING
[2026-09-18T06:10:36+08:00] progress done=2/3 pending=1 failed=0
[2026-09-18T06:12:36+08:00] WAIT snt_tt_same_clip005_8b_ckpt100 jid=3749337 state=PENDING
[2026-09-18T06:12:36+08:00] progress done=2/3 pending=1 failed=0
[2026-09-18T06:14:36+08:00] WAIT snt_tt_same_clip005_8b_ckpt100 jid=3749337 state=PENDING
[2026-09-18T06:14:36+08:00] progress done=2/3 pending=1 failed=0
[2026-09-18T06:16:36+08:00] WAIT snt_tt_same_clip005_8b_ckpt100 jid=3749337 state=PENDING
[2026-09-18T06:16:36+08:00] progress done=2/3 pending=1 failed=0
[2026-09-18T06:18:36+08:00] WAIT snt_tt_same_clip005_8b_ckpt100 jid=3749337 state=PENDING
[2026-09-18T06:18:36+08:00] progress done=2/3 pending=1 failed=0
[2026-09-18T06:20:36+08:00] WAIT snt_tt_same_clip005_8b_ckpt100 jid=3749337 state=PENDING
[2026-09-18T06:20:36+08:00] progress done=2/3 pending=1 failed=0
[2026-09-18T06:22:36+08:00] WAIT snt_tt_same_clip005_8b_ckpt100 jid=3749337 state=PENDING
[2026-09-18T06:22:36+08:00] progress done=2/3 pending=1 failed=0
[2026-09-18T06:24:36+08:00] WAIT snt_tt_same_clip005_8b_ckpt100 jid=3749337 state=PENDING
[2026-09-18T06:24:36+08:00] progress done=2/3 pending=1 failed=0
[2026-09-18T06:26:36+08:00] WAIT snt_tt_same_clip005_8b_ckpt100 jid=3749337 state=PENDING
[2026-09-18T06:26:36+08:00] progress done=2/3 pending=1 failed=0
[2026-09-18T06:28:36+08:00] WAIT snt_tt_same_clip005_8b_ckpt100 jid=3749337 state=PENDING
[2026-09-18T06:28:36+08:00] progress done=2/3 pending=1 failed=0
[2026-09-18T06:30:36+08:00] WAIT snt_tt_same_clip005_8b_ckpt100 jid=3749337 state=PENDING
[2026-09-18T06:30:36+08:00] progress done=2/3 pending=1 failed=0
[2026-09-18T06:32:36+08:00] WAIT snt_tt_same_clip005_8b_ckpt100 jid=3749337 state=PENDING
[2026-09-18T06:32:36+08:00] progress done=2/3 pending=1 failed=0
[2026-09-18T06:34:36+08:00] WAIT snt_tt_same_clip005_8b_ckpt100 jid=3749337 state=PENDING
[2026-09-18T06:34:36+08:00] progress done=2/3 pending=1 failed=0
[2026-09-18T06:36:36+08:00] WAIT snt_tt_same_clip005_8b_ckpt100 jid=3749337 state=PENDING
[2026-09-18T06:36:36+08:00] progress done=2/3 pending=1 failed=0
[2026-09-18T06:38:36+08:00] WAIT snt_tt_same_clip005_8b_ckpt100 jid=3749337 state=PENDING
[2026-09-18T06:38:36+08:00] progress done=2/3 pending=1 failed=0
[2026-09-18T06:40:36+08:00] WAIT snt_tt_same_clip005_8b_ckpt100 jid=3749337 state=PENDING
[2026-09-18T06:40:36+08:00] progress done=2/3 pending=1 failed=0
[2026-09-18T06:42:36+08:00] WAIT snt_tt_same_clip005_8b_ckpt100 jid=3749337 state=PENDING
[2026-09-18T06:42:36+08:00] progress done=2/3 pending=1 failed=0
[2026-09-18T06:44:36+08:00] WAIT snt_tt_same_clip005_8b_ckpt100 jid=3749337 state=PENDING
[2026-09-18T06:44:36+08:00] progress done=2/3 pending=1 failed=0
[2026-09-18T06:46:36+08:00] WAIT snt_tt_same_clip005_8b_ckpt100 jid=3749337 state=PENDING
[2026-09-18T06:46:36+08:00] progress done=2/3 pending=1 failed=0
[2026-09-18T06:48:36+08:00] WAIT snt_tt_same_clip005_8b_ckpt100 jid=3749337 state=PENDING
[2026-09-18T06:48:36+08:00] progress done=2/3 pending=1 failed=0
[2026-09-18T06:50:36+08:00] WAIT snt_tt_same_clip005_8b_ckpt100 jid=3749337 state=PENDING
[2026-09-18T06:50:36+08:00] progress done=2/3 pending=1 failed=0
[2026-09-18T06:52:36+08:00] WAIT snt_tt_same_clip005_8b_ckpt100 jid=3749337 state=PENDING
[2026-09-18T06:52:36+08:00] progress done=2/3 pending=1 failed=0
[2026-09-18T06:54:36+08:00] WAIT snt_tt_same_clip005_8b_ckpt100 jid=3749337 state=PENDING
[2026-09-18T06:54:36+08:00] progress done=2/3 pending=1 failed=0
[2026-09-18T06:56:36+08:00] WAIT snt_tt_same_clip005_8b_ckpt100 jid=3749337 state=PENDING
[2026-09-18T06:56:36+08:00] progress done=2/3 pending=1 failed=0
[2026-09-18T06:58:36+08:00] WAIT snt_tt_same_clip005_8b_ckpt100 jid=3749337 state=PENDING
[2026-09-18T06:58:36+08:00] progress done=2/3 pending=1 failed=0
[2026-09-18T07:00:36+08:00] WAIT snt_tt_same_clip005_8b_ckpt100 jid=3749337 state=PENDING
[2026-09-18T07:00:36+08:00] progress done=2/3 pending=1 failed=0
[2026-09-18T07:02:36+08:00] WAIT snt_tt_same_clip005_8b_ckpt100 jid=3749337 state=PENDING
[2026-09-18T07:02:36+08:00] progress done=2/3 pending=1 failed=0
[2026-09-18T07:04:36+08:00] WAIT snt_tt_same_clip005_8b_ckpt100 jid=3749337 state=PENDING
[2026-09-18T07:04:36+08:00] progress done=2/3 pending=1 failed=0
[2026-09-18T07:06:36+08:00] WAIT snt_tt_same_clip005_8b_ckpt100 jid=3749337 state=PENDING
[2026-09-18T07:06:36+08:00] progress done=2/3 pending=1 failed=0
[2026-09-18T07:08:36+08:00] WAIT snt_tt_same_clip005_8b_ckpt100 jid=3749337 state=PENDING
[2026-09-18T07:08:36+08:00] progress done=2/3 pending=1 failed=0
[2026-09-18T07:10:36+08:00] WAIT snt_tt_same_clip005_8b_ckpt100 jid=3749337 state=PENDING
[2026-09-18T07:10:36+08:00] progress done=2/3 pending=1 failed=0
[2026-09-18T07:12:36+08:00] WAIT snt_tt_same_clip005_8b_ckpt100 jid=3749337 state=PENDING
[2026-09-18T07:12:36+08:00] progress done=2/3 pending=1 failed=0
[2026-09-18T07:14:36+08:00] WAIT snt_tt_same_clip005_8b_ckpt100 jid=3749337 state=PENDING
[2026-09-18T07:14:36+08:00] progress done=2/3 pending=1 failed=0
[2026-09-18T07:16:36+08:00] WAIT snt_tt_same_clip005_8b_ckpt100 jid=3749337 state=PENDING
[2026-09-18T07:16:36+08:00] progress done=2/3 pending=1 failed=0
[2026-09-18T07:18:36+08:00] WAIT snt_tt_same_clip005_8b_ckpt100 jid=3749337 state=PENDING
[2026-09-18T07:18:36+08:00] progress done=2/3 pending=1 failed=0
[2026-09-18T07:20:36+08:00] WAIT snt_tt_same_clip005_8b_ckpt100 jid=3749337 state=PENDING
[2026-09-18T07:20:36+08:00] progress done=2/3 pending=1 failed=0
[2026-09-18T07:22:36+08:00] WAIT snt_tt_same_clip005_8b_ckpt100 jid=3749337 state=PENDING
[2026-09-18T07:22:36+08:00] progress done=2/3 pending=1 failed=0
[2026-09-18T07:24:36+08:00] WAIT snt_tt_same_clip005_8b_ckpt100 jid=3749337 state=PENDING
[2026-09-18T07:24:36+08:00] progress done=2/3 pending=1 failed=0
[2026-09-18T07:26:36+08:00] WAIT snt_tt_same_clip005_8b_ckpt100 jid=3749337 state=PENDING
[2026-09-18T07:26:36+08:00] progress done=2/3 pending=1 failed=0
[2026-09-18T07:28:36+08:00] WAIT snt_tt_same_clip005_8b_ckpt100 jid=3749337 state=PENDING
[2026-09-18T07:28:36+08:00] progress done=2/3 pending=1 failed=0
[2026-09-18T07:30:36+08:00] WAIT snt_tt_same_clip005_8b_ckpt100 jid=3749337 state=PENDING
[2026-09-18T07:30:36+08:00] progress done=2/3 pending=1 failed=0
[2026-09-18T07:32:36+08:00] WAIT snt_tt_same_clip005_8b_ckpt100 jid=3749337 state=PENDING
[2026-09-18T07:32:36+08:00] progress done=2/3 pending=1 failed=0
[2026-09-18T07:34:36+08:00] WAIT snt_tt_same_clip005_8b_ckpt100 jid=3749337 state=PENDING
[2026-09-18T07:34:36+08:00] progress done=2/3 pending=1 failed=0
[2026-09-18T07:36:36+08:00] WAIT snt_tt_same_clip005_8b_ckpt100 jid=3749337 state=PENDING
[2026-09-18T07:36:36+08:00] progress done=2/3 pending=1 failed=0
[2026-09-18T07:38:36+08:00] WAIT snt_tt_same_clip005_8b_ckpt100 jid=3749337 state=PENDING
[2026-09-18T07:38:36+08:00] progress done=2/3 pending=1 failed=0
[2026-09-18T07:40:36+08:00] WAIT snt_tt_same_clip005_8b_ckpt100 jid=3749337 state=PENDING
[2026-09-18T07:40:36+08:00] progress done=2/3 pending=1 failed=0
[2026-09-18T07:42:36+08:00] WAIT snt_tt_same_clip005_8b_ckpt100 jid=3749337 state=PENDING
[2026-09-18T07:42:36+08:00] progress done=2/3 pending=1 failed=0
[2026-09-18T07:44:36+08:00] WAIT snt_tt_same_clip005_8b_ckpt100 jid=3749337 state=PENDING
[2026-09-18T07:44:36+08:00] progress done=2/3 pending=1 failed=0
[2026-09-18T07:46:36+08:00] WAIT snt_tt_same_clip005_8b_ckpt100 jid=3749337 state=PENDING
[2026-09-18T07:46:36+08:00] progress done=2/3 pending=1 failed=0
[2026-09-18T07:48:36+08:00] WAIT snt_tt_same_clip005_8b_ckpt100 jid=3749337 state=PENDING
[2026-09-18T07:48:36+08:00] progress done=2/3 pending=1 failed=0
[2026-09-18T07:50:36+08:00] WAIT snt_tt_same_clip005_8b_ckpt100 jid=3749337 state=PENDING
[2026-09-18T07:50:36+08:00] progress done=2/3 pending=1 failed=0
[2026-09-18T07:52:37+08:00] WAIT snt_tt_same_clip005_8b_ckpt100 jid=3749337 state=PENDING
[2026-09-18T07:52:37+08:00] progress done=2/3 pending=1 failed=0
[2026-09-18T07:54:37+08:00] WAIT snt_tt_same_clip005_8b_ckpt100 jid=3749337 state=PENDING
[2026-09-18T07:54:37+08:00] progress done=2/3 pending=1 failed=0
[2026-09-18T07:56:37+08:00] WAIT snt_tt_same_clip005_8b_ckpt100 jid=3749337 state=PENDING
[2026-09-18T07:56:37+08:00] progress done=2/3 pending=1 failed=0
[2026-09-18T07:58:37+08:00] WAIT snt_tt_same_clip005_8b_ckpt100 jid=3749337 state=PENDING
[2026-09-18T07:58:37+08:00] progress done=2/3 pending=1 failed=0
[2026-09-18T08:00:37+08:00] WAIT snt_tt_same_clip005_8b_ckpt100 jid=3749337 state=PENDING
[2026-09-18T08:00:37+08:00] progress done=2/3 pending=1 failed=0
[2026-09-18T08:02:37+08:00] WAIT snt_tt_same_clip005_8b_ckpt100 jid=3749337 state=PENDING
[2026-09-18T08:02:37+08:00] progress done=2/3 pending=1 failed=0
[2026-09-18T08:04:37+08:00] WAIT snt_tt_same_clip005_8b_ckpt100 jid=3749337 state=PENDING
[2026-09-18T08:04:37+08:00] progress done=2/3 pending=1 failed=0
[2026-09-18T08:06:37+08:00] WAIT snt_tt_same_clip005_8b_ckpt100 jid=3749337 state=PENDING
[2026-09-18T08:06:37+08:00] progress done=2/3 pending=1 failed=0
[2026-09-18T08:08:37+08:00] WAIT snt_tt_same_clip005_8b_ckpt100 jid=3749337 state=PENDING
[2026-09-18T08:08:37+08:00] progress done=2/3 pending=1 failed=0
[2026-09-18T08:10:37+08:00] WAIT snt_tt_same_clip005_8b_ckpt100 jid=3749337 state=PENDING
[2026-09-18T08:10:37+08:00] progress done=2/3 pending=1 failed=0
[2026-09-18T08:12:37+08:00] WAIT snt_tt_same_clip005_8b_ckpt100 jid=3749337 state=PENDING
[2026-09-18T08:12:37+08:00] progress done=2/3 pending=1 failed=0
[2026-09-18T08:14:37+08:00] WAIT snt_tt_same_clip005_8b_ckpt100 jid=3749337 state=PENDING
[2026-09-18T08:14:37+08:00] progress done=2/3 pending=1 failed=0
[2026-09-18T08:16:37+08:00] WAIT snt_tt_same_clip005_8b_ckpt100 jid=3749337 state=PENDING
[2026-09-18T08:16:37+08:00] progress done=2/3 pending=1 failed=0
[2026-09-18T08:18:37+08:00] WAIT snt_tt_same_clip005_8b_ckpt100 jid=3749337 state=PENDING
[2026-09-18T08:18:37+08:00] progress done=2/3 pending=1 failed=0
[2026-09-18T08:20:37+08:00] WAIT snt_tt_same_clip005_8b_ckpt100 jid=3749337 state=PENDING
[2026-09-18T08:20:37+08:00] progress done=2/3 pending=1 failed=0
[2026-09-18T08:22:37+08:00] WAIT snt_tt_same_clip005_8b_ckpt100 jid=3749337 state=PENDING
[2026-09-18T08:22:37+08:00] progress done=2/3 pending=1 failed=0
[2026-09-18T08:24:37+08:00] WAIT snt_tt_same_clip005_8b_ckpt100 jid=3749337 state=PENDING
[2026-09-18T08:24:37+08:00] progress done=2/3 pending=1 failed=0
[2026-09-18T08:26:37+08:00] WAIT snt_tt_same_clip005_8b_ckpt100 jid=3749337 state=PENDING
[2026-09-18T08:26:37+08:00] progress done=2/3 pending=1 failed=0
[2026-09-18T08:28:37+08:00] WAIT snt_tt_same_clip005_8b_ckpt100 jid=3749337 state=PENDING
[2026-09-18T08:28:37+08:00] progress done=2/3 pending=1 failed=0
[2026-09-18T08:30:37+08:00] WAIT snt_tt_same_clip005_8b_ckpt100 jid=3749337 state=PENDING
[2026-09-18T08:30:37+08:00] progress done=2/3 pending=1 failed=0
[2026-09-18T08:32:37+08:00] WAIT snt_tt_same_clip005_8b_ckpt100 jid=3749337 state=PENDING
[2026-09-18T08:32:37+08:00] progress done=2/3 pending=1 failed=0
[2026-09-18T08:34:37+08:00] WAIT snt_tt_same_clip005_8b_ckpt100 jid=3749337 state=PENDING
[2026-09-18T08:34:37+08:00] progress done=2/3 pending=1 failed=0
[2026-09-18T08:36:37+08:00] WAIT snt_tt_same_clip005_8b_ckpt100 jid=3749337 state=PENDING
[2026-09-18T08:36:37+08:00] progress done=2/3 pending=1 failed=0
[2026-09-18T08:38:37+08:00] WAIT snt_tt_same_clip005_8b_ckpt100 jid=3749337 state=PENDING
[2026-09-18T08:38:37+08:00] progress done=2/3 pending=1 failed=0
[2026-09-18T08:40:37+08:00] WAIT snt_tt_same_clip005_8b_ckpt100 jid=3749337 state=PENDING
[2026-09-18T08:40:37+08:00] progress done=2/3 pending=1 failed=0
[2026-09-18T08:42:37+08:00] WAIT snt_tt_same_clip005_8b_ckpt100 jid=3749337 state=PENDING
[2026-09-18T08:42:37+08:00] progress done=2/3 pending=1 failed=0
[2026-09-18T08:44:37+08:00] WAIT snt_tt_same_clip005_8b_ckpt100 jid=3749337 state=PENDING
[2026-09-18T08:44:37+08:00] progress done=2/3 pending=1 failed=0
[2026-09-18T08:46:37+08:00] WAIT snt_tt_same_clip005_8b_ckpt100 jid=3749337 state=PENDING
[2026-09-18T08:46:37+08:00] progress done=2/3 pending=1 failed=0
[2026-09-18T08:48:37+08:00] WAIT snt_tt_same_clip005_8b_ckpt100 jid=3749337 state=PENDING
[2026-09-18T08:48:37+08:00] progress done=2/3 pending=1 failed=0
[2026-09-18T08:50:37+08:00] WAIT snt_tt_same_clip005_8b_ckpt100 jid=3749337 state=PENDING
[2026-09-18T08:50:37+08:00] progress done=2/3 pending=1 failed=0
[2026-09-18T08:52:37+08:00] WAIT snt_tt_same_clip005_8b_ckpt100 jid=3749337 state=PENDING
[2026-09-18T08:52:37+08:00] progress done=2/3 pending=1 failed=0
[2026-09-18T08:54:37+08:00] WAIT snt_tt_same_clip005_8b_ckpt100 jid=3749337 state=PENDING
[2026-09-18T08:54:37+08:00] progress done=2/3 pending=1 failed=0
[2026-09-18T08:56:37+08:00] WAIT snt_tt_same_clip005_8b_ckpt100 jid=3749337 state=PENDING
[2026-09-18T08:56:37+08:00] progress done=2/3 pending=1 failed=0
[2026-09-18T08:58:37+08:00] WAIT snt_tt_same_clip005_8b_ckpt100 jid=3749337 state=PENDING
[2026-09-18T08:58:37+08:00] progress done=2/3 pending=1 failed=0
[2026-09-18T09:00:37+08:00] WAIT snt_tt_same_clip005_8b_ckpt100 jid=3749337 state=PENDING
[2026-09-18T09:00:37+08:00] progress done=2/3 pending=1 failed=0
[2026-09-18T09:02:37+08:00] WAIT snt_tt_same_clip005_8b_ckpt100 jid=3749337 state=PENDING
[2026-09-18T09:02:37+08:00] progress done=2/3 pending=1 failed=0
[2026-09-18T09:04:37+08:00] WAIT snt_tt_same_clip005_8b_ckpt100 jid=3749337 state=PENDING
[2026-09-18T09:04:37+08:00] progress done=2/3 pending=1 failed=0
[2026-09-18T09:06:37+08:00] WAIT snt_tt_same_clip005_8b_ckpt100 jid=3749337 state=PENDING
[2026-09-18T09:06:37+08:00] progress done=2/3 pending=1 failed=0
[2026-09-18T09:08:37+08:00] WAIT snt_tt_same_clip005_8b_ckpt100 jid=3749337 state=PENDING
[2026-09-18T09:08:37+08:00] progress done=2/3 pending=1 failed=0
[2026-09-18T09:10:37+08:00] WAIT snt_tt_same_clip005_8b_ckpt100 jid=3749337 state=PENDING
[2026-09-18T09:10:37+08:00] progress done=2/3 pending=1 failed=0
[2026-09-18T09:12:37+08:00] WAIT snt_tt_same_clip005_8b_ckpt100 jid=3749337 state=PENDING
[2026-09-18T09:12:37+08:00] progress done=2/3 pending=1 failed=0
[2026-09-18T09:14:37+08:00] WAIT snt_tt_same_clip005_8b_ckpt100 jid=3749337 state=PENDING
[2026-09-18T09:14:37+08:00] progress done=2/3 pending=1 failed=0
[2026-09-18T09:16:37+08:00] WAIT snt_tt_same_clip005_8b_ckpt100 jid=3749337 state=PENDING
[2026-09-18T09:16:37+08:00] progress done=2/3 pending=1 failed=0
[2026-09-18T09:18:37+08:00] WAIT snt_tt_same_clip005_8b_ckpt100 jid=3749337 state=PENDING
[2026-09-18T09:18:37+08:00] progress done=2/3 pending=1 failed=0
[2026-09-18T09:20:37+08:00] WAIT snt_tt_same_clip005_8b_ckpt100 jid=3749337 state=PENDING
[2026-09-18T09:20:37+08:00] progress done=2/3 pending=1 failed=0
[2026-09-18T09:22:37+08:00] WAIT snt_tt_same_clip005_8b_ckpt100 jid=3749337 state=PENDING
[2026-09-18T09:22:37+08:00] progress done=2/3 pending=1 failed=0
[2026-09-18T09:24:37+08:00] WAIT snt_tt_same_clip005_8b_ckpt100 jid=3749337 state=PENDING
[2026-09-18T09:24:37+08:00] progress done=2/3 pending=1 failed=0
[2026-09-18T09:26:37+08:00] WAIT snt_tt_same_clip005_8b_ckpt100 jid=3749337 state=PENDING
[2026-09-18T09:26:37+08:00] progress done=2/3 pending=1 failed=0
[2026-09-18T09:28:37+08:00] WAIT snt_tt_same_clip005_8b_ckpt100 jid=3749337 state=PENDING
[2026-09-18T09:28:37+08:00] progress done=2/3 pending=1 failed=0
[2026-09-18T09:30:37+08:00] WAIT snt_tt_same_clip005_8b_ckpt100 jid=3749337 state=PENDING
[2026-09-18T09:30:37+08:00] progress done=2/3 pending=1 failed=0
[2026-09-18T09:32:37+08:00] WAIT snt_tt_same_clip005_8b_ckpt100 jid=3749337 state=PENDING
[2026-09-18T09:32:37+08:00] progress done=2/3 pending=1 failed=0
[2026-09-18T09:34:37+08:00] WAIT snt_tt_same_clip005_8b_ckpt100 jid=3749337 state=PENDING
[2026-09-18T09:34:37+08:00] progress done=2/3 pending=1 failed=0
[2026-09-18T09:36:37+08:00] WAIT snt_tt_same_clip005_8b_ckpt100 jid=3749337 state=PENDING
[2026-09-18T09:36:37+08:00] progress done=2/3 pending=1 failed=0
[2026-09-18T09:38:37+08:00] WAIT snt_tt_same_clip005_8b_ckpt100 jid=3749337 state=PENDING
[2026-09-18T09:38:37+08:00] progress done=2/3 pending=1 failed=0
[2026-09-18T09:40:37+08:00] WAIT snt_tt_same_clip005_8b_ckpt100 jid=3749337 state=PENDING
[2026-09-18T09:40:37+08:00] progress done=2/3 pending=1 failed=0
[2026-09-18T09:42:37+08:00] WAIT snt_tt_same_clip005_8b_ckpt100 jid=3749337 state=PENDING
[2026-09-18T09:42:37+08:00] progress done=2/3 pending=1 failed=0
[2026-09-18T09:44:37+08:00] WAIT snt_tt_same_clip005_8b_ckpt100 jid=3749337 state=PENDING
[2026-09-18T09:44:37+08:00] progress done=2/3 pending=1 failed=0
[2026-09-18T09:46:37+08:00] WAIT snt_tt_same_clip005_8b_ckpt100 jid=3749337 state=PENDING
[2026-09-18T09:46:37+08:00] progress done=2/3 pending=1 failed=0
[2026-09-18T09:48:37+08:00] WAIT snt_tt_same_clip005_8b_ckpt100 jid=3749337 state=PENDING
[2026-09-18T09:48:37+08:00] progress done=2/3 pending=1 failed=0
[2026-09-18T09:50:37+08:00] WAIT snt_tt_same_clip005_8b_ckpt100 jid=3749337 state=PENDING
[2026-09-18T09:50:37+08:00] progress done=2/3 pending=1 failed=0
[2026-09-18T09:52:37+08:00] WAIT snt_tt_same_clip005_8b_ckpt100 jid=3749337 state=PENDING
[2026-09-18T09:52:37+08:00] progress done=2/3 pending=1 failed=0
[2026-09-18T09:54:37+08:00] WAIT snt_tt_same_clip005_8b_ckpt100 jid=3749337 state=PENDING
[2026-09-18T09:54:37+08:00] progress done=2/3 pending=1 failed=0
[2026-09-18T09:56:37+08:00] WAIT snt_tt_same_clip005_8b_ckpt100 jid=3749337 state=PENDING
[2026-09-18T09:56:37+08:00] progress done=2/3 pending=1 failed=0
[2026-09-18T09:58:37+08:00] WAIT snt_tt_same_clip005_8b_ckpt100 jid=3749337 state=PENDING
[2026-09-18T09:58:37+08:00] progress done=2/3 pending=1 failed=0
[2026-09-18T10:00:37+08:00] WAIT snt_tt_same_clip005_8b_ckpt100 jid=3749337 state=PENDING
[2026-09-18T10:00:37+08:00] progress done=2/3 pending=1 failed=0
[2026-09-18T10:02:37+08:00] WAIT snt_tt_same_clip005_8b_ckpt100 jid=3749337 state=PENDING
[2026-09-18T10:02:37+08:00] progress done=2/3 pending=1 failed=0
[2026-09-18T10:04:37+08:00] WAIT snt_tt_same_clip005_8b_ckpt100 jid=3749337 state=PENDING
[2026-09-18T10:04:37+08:00] progress done=2/3 pending=1 failed=0
[2026-09-18T10:06:37+08:00] WAIT snt_tt_same_clip005_8b_ckpt100 jid=3749337 state=PENDING
[2026-09-18T10:06:37+08:00] progress done=2/3 pending=1 failed=0
[2026-09-18T10:08:37+08:00] WAIT snt_tt_same_clip005_8b_ckpt100 jid=3749337 state=PENDING
[2026-09-18T10:08:37+08:00] progress done=2/3 pending=1 failed=0
[2026-09-18T10:10:37+08:00] WAIT snt_tt_same_clip005_8b_ckpt100 jid=3749337 state=PENDING
[2026-09-18T10:10:37+08:00] progress done=2/3 pending=1 failed=0
[2026-09-18T10:12:37+08:00] WAIT snt_tt_same_clip005_8b_ckpt100 jid=3749337 state=PENDING
[2026-09-18T10:12:37+08:00] progress done=2/3 pending=1 failed=0
[2026-09-18T10:14:37+08:00] WAIT snt_tt_same_clip005_8b_ckpt100 jid=3749337 state=PENDING
[2026-09-18T10:14:37+08:00] progress done=2/3 pending=1 failed=0
[2026-09-18T10:16:37+08:00] WAIT snt_tt_same_clip005_8b_ckpt100 jid=3749337 state=PENDING
[2026-09-18T10:16:37+08:00] progress done=2/3 pending=1 failed=0
[2026-09-18T10:18:37+08:00] WAIT snt_tt_same_clip005_8b_ckpt100 jid=3749337 state=PENDING
[2026-09-18T10:18:37+08:00] progress done=2/3 pending=1 failed=0
[2026-09-18T10:20:37+08:00] WAIT snt_tt_same_clip005_8b_ckpt100 jid=3749337 state=PENDING
[2026-09-18T10:20:37+08:00] progress done=2/3 pending=1 failed=0
[2026-09-18T10:22:38+08:00] WAIT snt_tt_same_clip005_8b_ckpt100 jid=3749337 state=PENDING
[2026-09-18T10:22:38+08:00] progress done=2/3 pending=1 failed=0
[2026-09-18T10:24:38+08:00] WAIT snt_tt_same_clip005_8b_ckpt100 jid=3749337 state=PENDING
[2026-09-18T10:24:38+08:00] progress done=2/3 pending=1 failed=0
[2026-09-18T10:26:38+08:00] WAIT snt_tt_same_clip005_8b_ckpt100 jid=3749337 state=PENDING
[2026-09-18T10:26:38+08:00] progress done=2/3 pending=1 failed=0
[2026-09-18T10:28:38+08:00] WAIT snt_tt_same_clip005_8b_ckpt100 jid=3749337 state=PENDING
[2026-09-18T10:28:38+08:00] progress done=2/3 pending=1 failed=0
[2026-09-18T10:30:38+08:00] WAIT snt_tt_same_clip005_8b_ckpt100 jid=3749337 state=PENDING
[2026-09-18T10:30:38+08:00] progress done=2/3 pending=1 failed=0
[2026-09-18T10:32:38+08:00] WAIT snt_tt_same_clip005_8b_ckpt100 jid=3749337 state=PENDING
[2026-09-18T10:32:38+08:00] progress done=2/3 pending=1 failed=0
[2026-09-18T10:34:38+08:00] WAIT snt_tt_same_clip005_8b_ckpt100 jid=3749337 state=PENDING
[2026-09-18T10:34:38+08:00] progress done=2/3 pending=1 failed=0
[2026-09-18T10:36:38+08:00] WAIT snt_tt_same_clip005_8b_ckpt100 jid=3749337 state=PENDING
[2026-09-18T10:36:38+08:00] progress done=2/3 pending=1 failed=0
[2026-09-18T10:38:38+08:00] WAIT snt_tt_same_clip005_8b_ckpt100 jid=3749337 state=PENDING
[2026-09-18T10:38:38+08:00] progress done=2/3 pending=1 failed=0
[2026-09-18T10:40:38+08:00] WAIT snt_tt_same_clip005_8b_ckpt100 jid=3749337 state=PENDING
[2026-09-18T10:40:38+08:00] progress done=2/3 pending=1 failed=0
[2026-09-18T10:42:38+08:00] WAIT snt_tt_same_clip005_8b_ckpt100 jid=3749337 state=PENDING
[2026-09-18T10:42:38+08:00] progress done=2/3 pending=1 failed=0
[2026-09-18T10:44:38+08:00] WAIT snt_tt_same_clip005_8b_ckpt100 jid=3749337 state=PENDING
[2026-09-18T10:44:38+08:00] progress done=2/3 pending=1 failed=0
[2026-09-18T10:46:38+08:00] WAIT snt_tt_same_clip005_8b_ckpt100 jid=3749337 state=PENDING
[2026-09-18T10:46:38+08:00] progress done=2/3 pending=1 failed=0
[2026-09-18T10:48:38+08:00] WAIT snt_tt_same_clip005_8b_ckpt100 jid=3749337 state=PENDING
[2026-09-18T10:48:38+08:00] progress done=2/3 pending=1 failed=0
[2026-09-18T10:50:38+08:00] WAIT snt_tt_same_clip005_8b_ckpt100 jid=3749337 state=PENDING
[2026-09-18T10:50:38+08:00] progress done=2/3 pending=1 failed=0
[2026-09-18T10:52:38+08:00] WAIT snt_tt_same_clip005_8b_ckpt100 jid=3749337 state=PENDING
[2026-09-18T10:52:38+08:00] progress done=2/3 pending=1 failed=0
[2026-09-18T10:54:38+08:00] WAIT snt_tt_same_clip005_8b_ckpt100 jid=3749337 state=PENDING
[2026-09-18T10:54:38+08:00] progress done=2/3 pending=1 failed=0
[2026-09-18T10:56:38+08:00] WAIT snt_tt_same_clip005_8b_ckpt100 jid=3749337 state=PENDING
[2026-09-18T10:56:38+08:00] progress done=2/3 pending=1 failed=0
[2026-09-18T10:58:38+08:00] WAIT snt_tt_same_clip005_8b_ckpt100 jid=3749337 state=PENDING
[2026-09-18T10:58:38+08:00] progress done=2/3 pending=1 failed=0
[2026-09-18T11:00:38+08:00] WAIT snt_tt_same_clip005_8b_ckpt100 jid=3749337 state=PENDING
[2026-09-18T11:00:38+08:00] progress done=2/3 pending=1 failed=0
[2026-09-18T11:02:38+08:00] WAIT snt_tt_same_clip005_8b_ckpt100 jid=3749337 state=PENDING
[2026-09-18T11:02:38+08:00] progress done=2/3 pending=1 failed=0
[2026-09-18T11:04:38+08:00] WAIT snt_tt_same_clip005_8b_ckpt100 jid=3749337 state=PENDING
[2026-09-18T11:04:38+08:00] progress done=2/3 pending=1 failed=0
[2026-09-18T11:06:38+08:00] WAIT snt_tt_same_clip005_8b_ckpt100 jid=3749337 state=PENDING
[2026-09-18T11:06:38+08:00] progress done=2/3 pending=1 failed=0
[2026-09-18T11:08:38+08:00] WAIT snt_tt_same_clip005_8b_ckpt100 jid=3749337 state=PENDING
[2026-09-18T11:08:38+08:00] progress done=2/3 pending=1 failed=0
[2026-09-18T11:10:38+08:00] WAIT snt_tt_same_clip005_8b_ckpt100 jid=3749337 state=PENDING
[2026-09-18T11:10:38+08:00] progress done=2/3 pending=1 failed=0
[2026-09-18T11:12:38+08:00] WAIT snt_tt_same_clip005_8b_ckpt100 jid=3749337 state=PENDING
[2026-09-18T11:12:38+08:00] progress done=2/3 pending=1 failed=0
[2026-09-18T11:14:38+08:00] WAIT snt_tt_same_clip005_8b_ckpt100 jid=3749337 state=PENDING
[2026-09-18T11:14:38+08:00] progress done=2/3 pending=1 failed=0
[2026-09-18T11:16:38+08:00] WAIT snt_tt_same_clip005_8b_ckpt100 jid=3749337 state=PENDING
[2026-09-18T11:16:38+08:00] progress done=2/3 pending=1 failed=0
[2026-09-18T11:18:38+08:00] WAIT snt_tt_same_clip005_8b_ckpt100 jid=3749337 state=PENDING
[2026-09-18T11:18:38+08:00] progress done=2/3 pending=1 failed=0
[2026-09-18T11:20:38+08:00] WAIT snt_tt_same_clip005_8b_ckpt100 jid=3749337 state=PENDING
[2026-09-18T11:20:38+08:00] progress done=2/3 pending=1 failed=0
[2026-09-18T11:22:38+08:00] WAIT snt_tt_same_clip005_8b_ckpt100 jid=3749337 state=RUNNING
[2026-09-18T11:22:38+08:00] progress done=2/3 pending=1 failed=0
[2026-09-18T11:24:38+08:00] WAIT snt_tt_same_clip005_8b_ckpt100 jid=3749337 state=RUNNING
[2026-09-18T11:24:38+08:00] progress done=2/3 pending=1 failed=0
[2026-09-18T11:26:38+08:00] WAIT snt_tt_same_clip005_8b_ckpt100 jid=3749337 state=RUNNING
[2026-09-18T11:26:38+08:00] progress done=2/3 pending=1 failed=0
[2026-09-18T11:28:38+08:00] WAIT snt_tt_same_clip005_8b_ckpt100 jid=3749337 state=RUNNING
[2026-09-18T11:28:38+08:00] progress done=2/3 pending=1 failed=0
[2026-09-18T11:30:38+08:00] WAIT snt_tt_same_clip005_8b_ckpt100 jid=3749337 state=RUNNING
[2026-09-18T11:30:38+08:00] progress done=2/3 pending=1 failed=0
[2026-09-18T11:32:38+08:00] WAIT snt_tt_same_clip005_8b_ckpt100 jid=3749337 state=RUNNING
[2026-09-18T11:32:38+08:00] progress done=2/3 pending=1 failed=0
[2026-09-18T11:34:38+08:00] WAIT snt_tt_same_clip005_8b_ckpt100 jid=3749337 state=RUNNING
[2026-09-18T11:34:38+08:00] progress done=2/3 pending=1 failed=0
[2026-09-18T11:36:38+08:00] WAIT snt_tt_same_clip005_8b_ckpt100 jid=3749337 state=RUNNING
[2026-09-18T11:36:38+08:00] progress done=2/3 pending=1 failed=0
[2026-09-18T11:38:38+08:00] WAIT snt_tt_same_clip005_8b_ckpt100 jid=3749337 state=RUNNING
[2026-09-18T11:38:38+08:00] progress done=2/3 pending=1 failed=0
[2026-09-18T11:40:38+08:00] WAIT snt_tt_same_clip005_8b_ckpt100 jid=3749337 state=RUNNING
[2026-09-18T11:40:38+08:00] progress done=2/3 pending=1 failed=0
[2026-09-18T11:42:38+08:00] WAIT snt_tt_same_clip005_8b_ckpt100 jid=3749337 state=RUNNING
[2026-09-18T11:42:38+08:00] progress done=2/3 pending=1 failed=0
[2026-09-18T11:44:38+08:00] WAIT snt_tt_same_clip005_8b_ckpt100 jid=3749337 state=RUNNING
[2026-09-18T11:44:38+08:00] progress done=2/3 pending=1 failed=0
[2026-09-18T11:46:38+08:00] WAIT snt_tt_same_clip005_8b_ckpt100 jid=3749337 state=RUNNING
[2026-09-18T11:46:38+08:00] progress done=2/3 pending=1 failed=0
[2026-09-18T11:48:38+08:00] WAIT snt_tt_same_clip005_8b_ckpt100 jid=3749337 state=RUNNING
[2026-09-18T11:48:38+08:00] progress done=2/3 pending=1 failed=0
[2026-09-18T11:50:38+08:00] WAIT snt_tt_same_clip005_8b_ckpt100 jid=3749337 state=RUNNING
[2026-09-18T11:50:38+08:00] progress done=2/3 pending=1 failed=0
[2026-09-18T11:52:38+08:00] WAIT snt_tt_same_clip005_8b_ckpt100 jid=3749337 state=RUNNING
[2026-09-18T11:52:38+08:00] progress done=2/3 pending=1 failed=0
[2026-09-18T11:54:38+08:00] WAIT snt_tt_same_clip005_8b_ckpt100 jid=3749337 state=RUNNING
[2026-09-18T11:54:38+08:00] progress done=2/3 pending=1 failed=0
[2026-09-18T11:56:38+08:00] WAIT snt_tt_same_clip005_8b_ckpt100 jid=3749337 state=RUNNING
[2026-09-18T11:56:38+08:00] progress done=2/3 pending=1 failed=0
[2026-09-18T11:58:38+08:00] WAIT snt_tt_same_clip005_8b_ckpt100 jid=3749337 state=RUNNING
[2026-09-18T11:58:38+08:00] progress done=2/3 pending=1 failed=0
[2026-09-18T12:00:38+08:00] WAIT snt_tt_same_clip005_8b_ckpt100 jid=3749337 state=RUNNING
[2026-09-18T12:00:38+08:00] progress done=2/3 pending=1 failed=0
[2026-09-18T12:02:38+08:00] WAIT snt_tt_same_clip005_8b_ckpt100 jid=3749337 state=RUNNING
[2026-09-18T12:02:38+08:00] progress done=2/3 pending=1 failed=0
[2026-09-18T12:04:38+08:00] WAIT snt_tt_same_clip005_8b_ckpt100 jid=3749337 state=RUNNING
[2026-09-18T12:04:38+08:00] progress done=2/3 pending=1 failed=0
[2026-09-18T12:06:38+08:00] WAIT snt_tt_same_clip005_8b_ckpt100 jid=3749337 state=RUNNING
[2026-09-18T12:06:38+08:00] progress done=2/3 pending=1 failed=0
[2026-09-18T12:08:38+08:00] WAIT snt_tt_same_clip005_8b_ckpt100 jid=3749337 state=RUNNING
[2026-09-18T12:08:38+08:00] progress done=2/3 pending=1 failed=0
[2026-09-18T12:10:38+08:00] WAIT snt_tt_same_clip005_8b_ckpt100 jid=3749337 state=RUNNING
[2026-09-18T12:10:38+08:00] progress done=2/3 pending=1 failed=0
[2026-09-18T12:12:38+08:00] READY snt_tt_same_clip005_8b_ckpt100 jid=3749337 -> /gpfs/share/home/2501210611/opsd_analysis/OPSD_Analysis/outputs/qwen3_8b/snt_tt_same_clip005_1e_6_openthoughts_8b/3749337/checkpoint-100 (train_state=FAILED)
[2026-09-18T12:14:09+08:00] SUBMITTED evals for snt_tt_same_clip005_8b_ckpt100 tag=snt_tt_same_clip005_8b_ckpt100
[2026-09-18T12:14:09+08:00] progress done=3/3 pending=0 failed=0
[2026-09-18T12:14:09+08:00] ALL trains handled (done=3 failed=0); exiting
[2026-09-18T12:14:09+08:00] watch finished
