[watch 2026-09-01 00:04:16] start log=/gpfs/share/home/2501210611/opsd_analysis/OPSD_Analysis/log/train/watch_falcon_mimo_jsd_rkl_then_eval.20260901_000416.log
[watch 2026-09-01 00:04:16] manifest=/gpfs/share/home/2501210611/opsd_analysis/OPSD_Analysis/log/train/falcon_mimo_jsd_rkl_submit_latest.tsv jobs=4 interval=120s
[watch 2026-09-01 00:04:16]   track 3387461 falcon_h1r_7b jsd_sym005 st_tt_jsd_clip005_1e_6_openthoughts_falcon7b
[watch 2026-09-01 00:04:16]   track 3387462 falcon_h1r_7b rkl005 st_tt_rkl_clip005_1e_6_openthoughts_falcon7b
[watch 2026-09-01 00:04:16]   track 3387463 mimo_7b_rl jsd_sym005 st_tt_jsd_clip005_1e_6_openthoughts_mimo7b
[watch 2026-09-01 00:04:16]   track 3387464 mimo_7b_rl rkl005 st_tt_rkl_clip005_1e_6_openthoughts_mimo7b
---- 2026-09-01 00:04:16 ----
[watch 2026-09-01 00:04:16] job=3387461 falcon_h1r_7b/jsd_sym005 state=PENDING (Priority) ckpt100=no
[watch 2026-09-01 00:04:16] job=3387462 falcon_h1r_7b/rkl005 state=PENDING (Priority) ckpt100=no
[watch 2026-09-01 00:04:16] job=3387463 mimo_7b_rl/jsd_sym005 state=PENDING (Priority) ckpt100=no
[watch 2026-09-01 00:04:16] job=3387464 mimo_7b_rl/rkl005 state=PENDING (Priority) ckpt100=no
[watch 2026-09-01 00:04:16] remaining=4 (queue_or_retry=4)
---- 2026-09-01 00:06:16 ----
[watch 2026-09-01 00:06:16] job=3387461 falcon_h1r_7b/jsd_sym005 state=RUNNING gpua800n07 ckpt100=no
[watch 2026-09-01 00:06:16] job=3387462 falcon_h1r_7b/rkl005 state=RUNNING gpua800n12 ckpt100=no
[watch 2026-09-01 00:06:16] job=3387463 mimo_7b_rl/jsd_sym005 state=PENDING (AssocGrpGRES) ckpt100=no
[watch 2026-09-01 00:06:16] job=3387464 mimo_7b_rl/rkl005 state=PENDING (AssocGrpGRES) ckpt100=no
[watch 2026-09-01 00:06:16] remaining=4 (queue_or_retry=4)
---- 2026-09-01 00:08:16 ----
[watch 2026-09-01 00:08:16] job=3387461 falcon_h1r_7b/jsd_sym005 state=RUNNING gpua800n07 ckpt100=no
[watch 2026-09-01 00:08:16] job=3387462 falcon_h1r_7b/rkl005 state=RUNNING gpua800n12 ckpt100=no
[watch 2026-09-01 00:08:16] job=3387463 mimo_7b_rl/jsd_sym005 state=PENDING (AssocGrpGRES) ckpt100=no
[watch 2026-09-01 00:08:16] job=3387464 mimo_7b_rl/rkl005 state=PENDING (AssocGrpGRES) ckpt100=no
[watch 2026-09-01 00:08:16] remaining=4 (queue_or_retry=4)
---- 2026-09-01 00:10:16 ----
[watch 2026-09-01 00:10:16] job=3387461 falcon_h1r_7b/jsd_sym005 state=RUNNING gpua800n07 ckpt100=no
[watch 2026-09-01 00:10:16] job=3387462 falcon_h1r_7b/rkl005 state=RUNNING gpua800n12 ckpt100=no
[watch 2026-09-01 00:10:16] job=3387463 mimo_7b_rl/jsd_sym005 state=PENDING (AssocGrpGRES) ckpt100=no
[watch 2026-09-01 00:10:16] job=3387464 mimo_7b_rl/rkl005 state=PENDING (AssocGrpGRES) ckpt100=no
[watch 2026-09-01 00:10:16] remaining=4 (queue_or_retry=4)
---- 2026-09-01 00:12:16 ----
[watch 2026-09-01 00:12:16] job=3387461 falcon_h1r_7b/jsd_sym005 state=RUNNING gpua800n07 ckpt100=no
[watch 2026-09-01 00:12:16] job=3387462 falcon_h1r_7b/rkl005 state=RUNNING gpua800n12 ckpt100=no
[watch 2026-09-01 00:12:16] job=3387463 mimo_7b_rl/jsd_sym005 state=PENDING (AssocGrpGRES) ckpt100=no
[watch 2026-09-01 00:12:16] job=3387464 mimo_7b_rl/rkl005 state=PENDING (AssocGrpGRES) ckpt100=no
[watch 2026-09-01 00:12:16] remaining=4 (queue_or_retry=4)
---- 2026-09-01 00:14:16 ----
[watch 2026-09-01 00:14:16] job=3387461 falcon_h1r_7b/jsd_sym005 state=RUNNING gpua800n07 ckpt100=no
[watch 2026-09-01 00:14:16] job=3387462 falcon_h1r_7b/rkl005 state=RUNNING gpua800n12 ckpt100=no
[watch 2026-09-01 00:14:16] job=3387463 mimo_7b_rl/jsd_sym005 state=PENDING (AssocGrpGRES) ckpt100=no
[watch 2026-09-01 00:14:16] job=3387464 mimo_7b_rl/rkl005 state=PENDING (AssocGrpGRES) ckpt100=no
[watch 2026-09-01 00:14:16] remaining=4 (queue_or_retry=4)
---- 2026-09-01 00:16:16 ----
[watch 2026-09-01 00:16:16] job=3387461 falcon_h1r_7b/jsd_sym005 state=RUNNING gpua800n07 ckpt100=no
[watch 2026-09-01 00:16:16] job=3387462 falcon_h1r_7b/rkl005 state=RUNNING gpua800n12 ckpt100=no
[watch 2026-09-01 00:16:16] job=3387463 mimo_7b_rl/jsd_sym005 state=PENDING (AssocGrpGRES) ckpt100=no
[watch 2026-09-01 00:16:16] job=3387464 mimo_7b_rl/rkl005 state=PENDING (AssocGrpGRES) ckpt100=no
[watch 2026-09-01 00:16:16] remaining=4 (queue_or_retry=4)
---- 2026-09-01 00:18:16 ----
[watch 2026-09-01 00:18:16] job=3387461 falcon_h1r_7b/jsd_sym005 state=RUNNING gpua800n07 ckpt100=no
[watch 2026-09-01 00:18:16] job=3387462 falcon_h1r_7b/rkl005 state=RUNNING gpua800n12 ckpt100=no
[watch 2026-09-01 00:18:16] job=3387463 mimo_7b_rl/jsd_sym005 state=PENDING (AssocGrpGRES) ckpt100=no
[watch 2026-09-01 00:18:16] job=3387464 mimo_7b_rl/rkl005 state=PENDING (AssocGrpGRES) ckpt100=no
[watch 2026-09-01 00:18:16] remaining=4 (queue_or_retry=4)
---- 2026-09-01 00:20:16 ----
[watch 2026-09-01 00:20:16] job=3387461 falcon_h1r_7b/jsd_sym005 state=RUNNING gpua800n07 ckpt100=no
[watch 2026-09-01 00:20:16] job=3387462 falcon_h1r_7b/rkl005 state=RUNNING gpua800n12 ckpt100=no
[watch 2026-09-01 00:20:16] job=3387463 mimo_7b_rl/jsd_sym005 state=PENDING (AssocGrpGRES) ckpt100=no
[watch 2026-09-01 00:20:16] job=3387464 mimo_7b_rl/rkl005 state=PENDING (AssocGrpGRES) ckpt100=no
[watch 2026-09-01 00:20:16] remaining=4 (queue_or_retry=4)
---- 2026-09-01 00:22:16 ----
[watch 2026-09-01 00:22:16] job=3387461 falcon_h1r_7b/jsd_sym005 state=RUNNING gpua800n07 ckpt100=no
[watch 2026-09-01 00:22:16] job=3387462 falcon_h1r_7b/rkl005 state=RUNNING gpua800n12 ckpt100=no
[watch 2026-09-01 00:22:16] job=3387463 mimo_7b_rl/jsd_sym005 state=PENDING (AssocGrpGRES) ckpt100=no
[watch 2026-09-01 00:22:16] job=3387464 mimo_7b_rl/rkl005 state=PENDING (AssocGrpGRES) ckpt100=no
[watch 2026-09-01 00:22:16] remaining=4 (queue_or_retry=4)
---- 2026-09-01 00:24:16 ----
[watch 2026-09-01 00:24:16] job=3387461 falcon_h1r_7b/jsd_sym005 state=RUNNING gpua800n07 ckpt100=no
[watch 2026-09-01 00:24:17] job=3387462 falcon_h1r_7b/rkl005 state=RUNNING gpua800n12 ckpt100=no
[watch 2026-09-01 00:24:17] job=3387463 mimo_7b_rl/jsd_sym005 state=PENDING (AssocGrpGRES) ckpt100=no
[watch 2026-09-01 00:24:17] job=3387464 mimo_7b_rl/rkl005 state=PENDING (AssocGrpGRES) ckpt100=no
[watch 2026-09-01 00:24:17] remaining=4 (queue_or_retry=4)
---- 2026-09-01 00:26:17 ----
[watch 2026-09-01 00:26:17] job=3387461 falcon_h1r_7b/jsd_sym005 state=RUNNING gpua800n07 ckpt100=no
[watch 2026-09-01 00:26:17] job=3387462 falcon_h1r_7b/rkl005 state=RUNNING gpua800n12 ckpt100=no
[watch 2026-09-01 00:26:17] job=3387463 mimo_7b_rl/jsd_sym005 state=PENDING (AssocGrpGRES) ckpt100=no
[watch 2026-09-01 00:26:17] job=3387464 mimo_7b_rl/rkl005 state=PENDING (AssocGrpGRES) ckpt100=no
[watch 2026-09-01 00:26:17] remaining=4 (queue_or_retry=4)
---- 2026-09-01 00:28:17 ----
[watch 2026-09-01 00:28:17] job=3387461 falcon_h1r_7b/jsd_sym005 state=RUNNING gpua800n07 ckpt100=no
[watch 2026-09-01 00:28:17] job=3387462 falcon_h1r_7b/rkl005 state=RUNNING gpua800n12 ckpt100=no
[watch 2026-09-01 00:28:17] job=3387463 mimo_7b_rl/jsd_sym005 state=PENDING (AssocGrpGRES) ckpt100=no
[watch 2026-09-01 00:28:17] job=3387464 mimo_7b_rl/rkl005 state=PENDING (AssocGrpGRES) ckpt100=no
[watch 2026-09-01 00:28:17] remaining=4 (queue_or_retry=4)
---- 2026-09-01 00:30:17 ----
[watch 2026-09-01 00:30:17] job=3387461 falcon_h1r_7b/jsd_sym005 state=RUNNING gpua800n07 ckpt100=no
[watch 2026-09-01 00:30:17] job=3387462 falcon_h1r_7b/rkl005 state=RUNNING gpua800n12 ckpt100=no
[watch 2026-09-01 00:30:17] job=3387463 mimo_7b_rl/jsd_sym005 state=PENDING (AssocGrpGRES) ckpt100=no
[watch 2026-09-01 00:30:17] job=3387464 mimo_7b_rl/rkl005 state=PENDING (AssocGrpGRES) ckpt100=no
[watch 2026-09-01 00:30:17] remaining=4 (queue_or_retry=4)
---- 2026-09-01 00:32:17 ----
[watch 2026-09-01 00:32:17] job=3387461 falcon_h1r_7b/jsd_sym005 state=RUNNING gpua800n07 ckpt100=no
[watch 2026-09-01 00:32:17] job=3387462 falcon_h1r_7b/rkl005 state=RUNNING gpua800n12 ckpt100=no
[watch 2026-09-01 00:32:17] job=3387463 mimo_7b_rl/jsd_sym005 state=PENDING (AssocGrpGRES) ckpt100=no
[watch 2026-09-01 00:32:17] job=3387464 mimo_7b_rl/rkl005 state=PENDING (AssocGrpGRES) ckpt100=no
[watch 2026-09-01 00:32:17] remaining=4 (queue_or_retry=4)
---- 2026-09-01 00:34:17 ----
[watch 2026-09-01 00:34:17] job=3387461 falcon_h1r_7b/jsd_sym005 state=RUNNING gpua800n07 ckpt100=no
[watch 2026-09-01 00:34:17] job=3387462 falcon_h1r_7b/rkl005 state=RUNNING gpua800n12 ckpt100=no
[watch 2026-09-01 00:34:17] job=3387463 mimo_7b_rl/jsd_sym005 state=PENDING (AssocGrpGRES) ckpt100=no
[watch 2026-09-01 00:34:17] job=3387464 mimo_7b_rl/rkl005 state=PENDING (AssocGrpGRES) ckpt100=no
[watch 2026-09-01 00:34:17] remaining=4 (queue_or_retry=4)
