[watch-slurm] host=a6n18c4 job=3477466
[watch-slurm] manifest=/gpfs/share/home/2501210611/opsd_analysis/OPSD_Analysis/log/train/robustness/submit_latest.tsv interval=120s
[2026-09-06T03:28:30+08:00] host=a6n18c4 job=3477466 interval=120s
[2026-09-06T03:28:30+08:00] manifest=/gpfs/share/home/2501210611/opsd_analysis/OPSD_Analysis/log/train/robustness/submit_latest.tsv rows=37
[2026-09-06T03:28:30+08:00] WAIT qwen3_1.7b jid=3477428 state=PENDING
[2026-09-06T03:28:30+08:00] WAIT qwen3_1.7b jid=3477429 state=PENDING
[2026-09-06T03:28:30+08:00] WAIT qwen3_1.7b jid=3477430 state=PENDING
[2026-09-06T03:28:30+08:00] WAIT olmo3_7b_think jid=3477431 state=PENDING
[2026-09-06T03:28:30+08:00] WAIT olmo3_7b_think jid=3477432 state=PENDING
[2026-09-06T03:28:30+08:00] WAIT olmo3_7b_think jid=3477433 state=PENDING
[2026-09-06T03:28:30+08:00] WAIT qwen3_4b_instruct jid=3477434 state=PENDING
[2026-09-06T03:28:30+08:00] WAIT qwen3_4b_instruct jid=3477435 state=PENDING
[2026-09-06T03:28:30+08:00] WAIT qwen3_4b_instruct jid=3477436 state=PENDING
[2026-09-06T03:28:30+08:00] WAIT qwen3_1.7b jid=3477437 state=PENDING
[2026-09-06T03:28:30+08:00] WAIT qwen3_1.7b jid=3477438 state=PENDING
[2026-09-06T03:28:30+08:00] WAIT qwen3_1.7b jid=3477439 state=PENDING
[2026-09-06T03:28:30+08:00] WAIT qwen3_1.7b jid=3477440 state=PENDING
[2026-09-06T03:28:30+08:00] WAIT qwen3_1.7b jid=3477441 state=PENDING
[2026-09-06T03:28:30+08:00] WAIT qwen3_1.7b jid=3477442 state=PENDING
[2026-09-06T03:28:30+08:00] WAIT qwen3_1.7b jid=3477443 state=PENDING
[2026-09-06T03:28:30+08:00] WAIT olmo3_7b_think jid=3477444 state=PENDING
[2026-09-06T03:28:30+08:00] WAIT olmo3_7b_think jid=3477445 state=PENDING
[2026-09-06T03:28:30+08:00] WAIT olmo3_7b_think jid=3477446 state=PENDING
[2026-09-06T03:28:30+08:00] WAIT olmo3_7b_think jid=3477447 state=PENDING
[2026-09-06T03:28:30+08:00] WAIT olmo3_7b_think jid=3477448 state=PENDING
[2026-09-06T03:28:30+08:00] WAIT olmo3_7b_think jid=3477449 state=PENDING
[2026-09-06T03:28:30+08:00] WAIT olmo3_7b_think jid=3477450 state=PENDING
[2026-09-06T03:28:30+08:00] WAIT qwen3_1.7b jid=3477451 state=PENDING
[2026-09-06T03:28:30+08:00] WAIT qwen3_1.7b jid=3477452 state=PENDING
[2026-09-06T03:28:30+08:00] WAIT qwen3_1.7b jid=3477453 state=PENDING
[2026-09-06T03:28:30+08:00] WAIT qwen3_1.7b jid=3477454 state=PENDING
[2026-09-06T03:28:30+08:00] WAIT qwen3_1.7b jid=3477455 state=PENDING
[2026-09-06T03:28:30+08:00] WAIT qwen3_1.7b jid=3477457 state=PENDING
[2026-09-06T03:28:30+08:00] WAIT qwen3_1.7b jid=3477458 state=PENDING
[2026-09-06T03:28:30+08:00] WAIT olmo3_7b_think jid=3477459 state=PENDING
[2026-09-06T03:28:30+08:00] WAIT olmo3_7b_think jid=3477460 state=PENDING
[2026-09-06T03:28:30+08:00] WAIT olmo3_7b_think jid=3477461 state=PENDING
[2026-09-06T03:28:30+08:00] WAIT olmo3_7b_think jid=3477462 state=PENDING
[2026-09-06T03:28:30+08:00] WAIT olmo3_7b_think jid=3477463 state=PENDING
[2026-09-06T03:28:30+08:00] WAIT olmo3_7b_think jid=3477464 state=PENDING
[2026-09-06T03:28:30+08:00] WAIT olmo3_7b_think jid=3477465 state=PENDING
[2026-09-06T03:28:30+08:00] progress done=0/37 pending=37 failed=0
[2026-09-06T03:30:30+08:00] WAIT qwen3_1.7b jid=3477428 state=PENDING
[2026-09-06T03:30:30+08:00] WAIT qwen3_1.7b jid=3477429 state=PENDING
[2026-09-06T03:30:30+08:00] WAIT qwen3_1.7b jid=3477430 state=PENDING
[2026-09-06T03:30:30+08:00] WAIT olmo3_7b_think jid=3477431 state=PENDING
[2026-09-06T03:30:30+08:00] WAIT olmo3_7b_think jid=3477432 state=PENDING
[2026-09-06T03:30:30+08:00] WAIT olmo3_7b_think jid=3477433 state=PENDING
[2026-09-06T03:30:30+08:00] WAIT qwen3_4b_instruct jid=3477434 state=PENDING
[2026-09-06T03:30:30+08:00] WAIT qwen3_4b_instruct jid=3477435 state=PENDING
[2026-09-06T03:30:30+08:00] WAIT qwen3_4b_instruct jid=3477436 state=PENDING
[2026-09-06T03:30:30+08:00] WAIT qwen3_1.7b jid=3477437 state=PENDING
[2026-09-06T03:30:30+08:00] WAIT qwen3_1.7b jid=3477438 state=PENDING
[2026-09-06T03:30:30+08:00] WAIT qwen3_1.7b jid=3477439 state=PENDING
[2026-09-06T03:30:30+08:00] WAIT qwen3_1.7b jid=3477440 state=PENDING
[2026-09-06T03:30:30+08:00] WAIT qwen3_1.7b jid=3477441 state=PENDING
[2026-09-06T03:30:30+08:00] WAIT qwen3_1.7b jid=3477442 state=PENDING
[2026-09-06T03:30:30+08:00] WAIT qwen3_1.7b jid=3477443 state=PENDING
[2026-09-06T03:30:30+08:00] WAIT olmo3_7b_think jid=3477444 state=PENDING
[2026-09-06T03:30:30+08:00] WAIT olmo3_7b_think jid=3477445 state=PENDING
[2026-09-06T03:30:30+08:00] WAIT olmo3_7b_think jid=3477446 state=PENDING
[2026-09-06T03:30:30+08:00] WAIT olmo3_7b_think jid=3477447 state=PENDING
[2026-09-06T03:30:30+08:00] WAIT olmo3_7b_think jid=3477448 state=PENDING
[2026-09-06T03:30:30+08:00] WAIT olmo3_7b_think jid=3477449 state=PENDING
[2026-09-06T03:30:30+08:00] WAIT olmo3_7b_think jid=3477450 state=PENDING
[2026-09-06T03:30:30+08:00] WAIT qwen3_1.7b jid=3477451 state=PENDING
[2026-09-06T03:30:30+08:00] WAIT qwen3_1.7b jid=3477452 state=PENDING
[2026-09-06T03:30:30+08:00] WAIT qwen3_1.7b jid=3477453 state=PENDING
[2026-09-06T03:30:30+08:00] WAIT qwen3_1.7b jid=3477454 state=PENDING
[2026-09-06T03:30:30+08:00] WAIT qwen3_1.7b jid=3477455 state=PENDING
[2026-09-06T03:30:30+08:00] WAIT qwen3_1.7b jid=3477457 state=PENDING
[2026-09-06T03:30:30+08:00] WAIT qwen3_1.7b jid=3477458 state=PENDING
[2026-09-06T03:30:30+08:00] WAIT olmo3_7b_think jid=3477459 state=PENDING
[2026-09-06T03:30:30+08:00] WAIT olmo3_7b_think jid=3477460 state=PENDING
[2026-09-06T03:30:30+08:00] WAIT olmo3_7b_think jid=3477461 state=PENDING
[2026-09-06T03:30:30+08:00] WAIT olmo3_7b_think jid=3477462 state=PENDING
[2026-09-06T03:30:30+08:00] WAIT olmo3_7b_think jid=3477463 state=PENDING
[2026-09-06T03:30:30+08:00] WAIT olmo3_7b_think jid=3477464 state=PENDING
[2026-09-06T03:30:31+08:00] WAIT olmo3_7b_think jid=3477465 state=PENDING
[2026-09-06T03:30:31+08:00] progress done=0/37 pending=37 failed=0
[2026-09-06T03:32:31+08:00] WAIT qwen3_1.7b jid=3477428 state=PENDING
[2026-09-06T03:32:31+08:00] WAIT qwen3_1.7b jid=3477429 state=PENDING
[2026-09-06T03:32:31+08:00] WAIT qwen3_1.7b jid=3477430 state=PENDING
[2026-09-06T03:32:31+08:00] WAIT olmo3_7b_think jid=3477431 state=PENDING
[2026-09-06T03:32:31+08:00] WAIT olmo3_7b_think jid=3477432 state=PENDING
[2026-09-06T03:32:31+08:00] WAIT olmo3_7b_think jid=3477433 state=PENDING
[2026-09-06T03:32:31+08:00] WAIT qwen3_4b_instruct jid=3477434 state=PENDING
[2026-09-06T03:32:31+08:00] WAIT qwen3_4b_instruct jid=3477435 state=PENDING
[2026-09-06T03:32:31+08:00] WAIT qwen3_4b_instruct jid=3477436 state=PENDING
[2026-09-06T03:32:31+08:00] WAIT qwen3_1.7b jid=3477437 state=PENDING
[2026-09-06T03:32:31+08:00] WAIT qwen3_1.7b jid=3477438 state=PENDING
[2026-09-06T03:32:31+08:00] WAIT qwen3_1.7b jid=3477439 state=PENDING
[2026-09-06T03:32:31+08:00] WAIT qwen3_1.7b jid=3477440 state=PENDING
[2026-09-06T03:32:31+08:00] WAIT qwen3_1.7b jid=3477441 state=PENDING
[2026-09-06T03:32:31+08:00] WAIT qwen3_1.7b jid=3477442 state=PENDING
[2026-09-06T03:32:31+08:00] WAIT qwen3_1.7b jid=3477443 state=PENDING
[2026-09-06T03:32:31+08:00] WAIT olmo3_7b_think jid=3477444 state=PENDING
[2026-09-06T03:32:31+08:00] WAIT olmo3_7b_think jid=3477445 state=PENDING
[2026-09-06T03:32:31+08:00] WAIT olmo3_7b_think jid=3477446 state=PENDING
[2026-09-06T03:32:31+08:00] WAIT olmo3_7b_think jid=3477447 state=PENDING
[2026-09-06T03:32:31+08:00] WAIT olmo3_7b_think jid=3477448 state=PENDING
[2026-09-06T03:32:31+08:00] WAIT olmo3_7b_think jid=3477449 state=PENDING
[2026-09-06T03:32:31+08:00] WAIT olmo3_7b_think jid=3477450 state=PENDING
[2026-09-06T03:32:31+08:00] WAIT qwen3_1.7b jid=3477451 state=PENDING
[2026-09-06T03:32:31+08:00] WAIT qwen3_1.7b jid=3477452 state=PENDING
[2026-09-06T03:32:31+08:00] WAIT qwen3_1.7b jid=3477453 state=PENDING
[2026-09-06T03:32:31+08:00] WAIT qwen3_1.7b jid=3477454 state=PENDING
[2026-09-06T03:32:31+08:00] WAIT qwen3_1.7b jid=3477455 state=PENDING
[2026-09-06T03:32:31+08:00] WAIT qwen3_1.7b jid=3477457 state=PENDING
[2026-09-06T03:32:31+08:00] WAIT qwen3_1.7b jid=3477458 state=PENDING
[2026-09-06T03:32:31+08:00] WAIT olmo3_7b_think jid=3477459 state=PENDING
[2026-09-06T03:32:31+08:00] WAIT olmo3_7b_think jid=3477460 state=PENDING
[2026-09-06T03:32:31+08:00] WAIT olmo3_7b_think jid=3477461 state=PENDING
[2026-09-06T03:32:31+08:00] WAIT olmo3_7b_think jid=3477462 state=PENDING
[2026-09-06T03:32:31+08:00] WAIT olmo3_7b_think jid=3477463 state=PENDING
[2026-09-06T03:32:31+08:00] WAIT olmo3_7b_think jid=3477464 state=PENDING
[2026-09-06T03:32:31+08:00] WAIT olmo3_7b_think jid=3477465 state=PENDING
[2026-09-06T03:32:31+08:00] progress done=0/37 pending=37 failed=0
[2026-09-06T03:34:31+08:00] WAIT qwen3_1.7b jid=3477428 state=PENDING
[2026-09-06T03:34:31+08:00] WAIT qwen3_1.7b jid=3477429 state=PENDING
[2026-09-06T03:34:31+08:00] WAIT qwen3_1.7b jid=3477430 state=PENDING
[2026-09-06T03:34:31+08:00] WAIT olmo3_7b_think jid=3477431 state=PENDING
[2026-09-06T03:34:31+08:00] WAIT olmo3_7b_think jid=3477432 state=PENDING
[2026-09-06T03:34:31+08:00] WAIT olmo3_7b_think jid=3477433 state=PENDING
[2026-09-06T03:34:31+08:00] WAIT qwen3_4b_instruct jid=3477434 state=PENDING
[2026-09-06T03:34:31+08:00] WAIT qwen3_4b_instruct jid=3477435 state=PENDING
[2026-09-06T03:34:31+08:00] WAIT qwen3_4b_instruct jid=3477436 state=PENDING
[2026-09-06T03:34:31+08:00] WAIT qwen3_1.7b jid=3477437 state=PENDING
[2026-09-06T03:34:31+08:00] WAIT qwen3_1.7b jid=3477438 state=PENDING
[2026-09-06T03:34:31+08:00] WAIT qwen3_1.7b jid=3477439 state=PENDING
[2026-09-06T03:34:31+08:00] WAIT qwen3_1.7b jid=3477440 state=PENDING
[2026-09-06T03:34:31+08:00] WAIT qwen3_1.7b jid=3477441 state=PENDING
[2026-09-06T03:34:31+08:00] WAIT qwen3_1.7b jid=3477442 state=PENDING
[2026-09-06T03:34:31+08:00] WAIT qwen3_1.7b jid=3477443 state=PENDING
[2026-09-06T03:34:31+08:00] WAIT olmo3_7b_think jid=3477444 state=PENDING
[2026-09-06T03:34:31+08:00] WAIT olmo3_7b_think jid=3477445 state=PENDING
[2026-09-06T03:34:31+08:00] WAIT olmo3_7b_think jid=3477446 state=PENDING
[2026-09-06T03:34:31+08:00] WAIT olmo3_7b_think jid=3477447 state=PENDING
[2026-09-06T03:34:31+08:00] WAIT olmo3_7b_think jid=3477448 state=PENDING
[2026-09-06T03:34:31+08:00] WAIT olmo3_7b_think jid=3477449 state=PENDING
[2026-09-06T03:34:31+08:00] WAIT olmo3_7b_think jid=3477450 state=PENDING
[2026-09-06T03:34:31+08:00] WAIT qwen3_1.7b jid=3477451 state=PENDING
[2026-09-06T03:34:31+08:00] WAIT qwen3_1.7b jid=3477452 state=PENDING
[2026-09-06T03:34:31+08:00] WAIT qwen3_1.7b jid=3477453 state=PENDING
[2026-09-06T03:34:31+08:00] WAIT qwen3_1.7b jid=3477454 state=PENDING
[2026-09-06T03:34:31+08:00] WAIT qwen3_1.7b jid=3477455 state=PENDING
[2026-09-06T03:34:31+08:00] WAIT qwen3_1.7b jid=3477457 state=PENDING
[2026-09-06T03:34:31+08:00] WAIT qwen3_1.7b jid=3477458 state=PENDING
[2026-09-06T03:34:31+08:00] WAIT olmo3_7b_think jid=3477459 state=PENDING
[2026-09-06T03:34:31+08:00] WAIT olmo3_7b_think jid=3477460 state=PENDING
[2026-09-06T03:34:31+08:00] WAIT olmo3_7b_think jid=3477461 state=PENDING
[2026-09-06T03:34:31+08:00] WAIT olmo3_7b_think jid=3477462 state=PENDING
[2026-09-06T03:34:31+08:00] WAIT olmo3_7b_think jid=3477463 state=PENDING
[2026-09-06T03:34:31+08:00] WAIT olmo3_7b_think jid=3477464 state=PENDING
[2026-09-06T03:34:31+08:00] WAIT olmo3_7b_think jid=3477465 state=PENDING
[2026-09-06T03:34:31+08:00] progress done=0/37 pending=37 failed=0
[2026-09-06T03:36:31+08:00] WAIT qwen3_1.7b jid=3477428 state=PENDING
[2026-09-06T03:36:31+08:00] WAIT qwen3_1.7b jid=3477429 state=PENDING
[2026-09-06T03:36:31+08:00] WAIT qwen3_1.7b jid=3477430 state=PENDING
[2026-09-06T03:36:31+08:00] WAIT olmo3_7b_think jid=3477431 state=PENDING
[2026-09-06T03:36:31+08:00] WAIT olmo3_7b_think jid=3477432 state=PENDING
[2026-09-06T03:36:31+08:00] WAIT olmo3_7b_think jid=3477433 state=PENDING
[2026-09-06T03:36:31+08:00] WAIT qwen3_4b_instruct jid=3477434 state=PENDING
[2026-09-06T03:36:31+08:00] WAIT qwen3_4b_instruct jid=3477435 state=PENDING
[2026-09-06T03:36:31+08:00] WAIT qwen3_4b_instruct jid=3477436 state=PENDING
[2026-09-06T03:36:31+08:00] WAIT qwen3_1.7b jid=3477437 state=PENDING
[2026-09-06T03:36:31+08:00] WAIT qwen3_1.7b jid=3477438 state=PENDING
[2026-09-06T03:36:31+08:00] WAIT qwen3_1.7b jid=3477439 state=PENDING
[2026-09-06T03:36:31+08:00] WAIT qwen3_1.7b jid=3477440 state=PENDING
[2026-09-06T03:36:31+08:00] WAIT qwen3_1.7b jid=3477441 state=PENDING
[2026-09-06T03:36:31+08:00] WAIT qwen3_1.7b jid=3477442 state=PENDING
[2026-09-06T03:36:31+08:00] WAIT qwen3_1.7b jid=3477443 state=PENDING
[2026-09-06T03:36:31+08:00] WAIT olmo3_7b_think jid=3477444 state=PENDING
[2026-09-06T03:36:31+08:00] WAIT olmo3_7b_think jid=3477445 state=PENDING
[2026-09-06T03:36:31+08:00] WAIT olmo3_7b_think jid=3477446 state=PENDING
[2026-09-06T03:36:31+08:00] WAIT olmo3_7b_think jid=3477447 state=PENDING
[2026-09-06T03:36:31+08:00] WAIT olmo3_7b_think jid=3477448 state=PENDING
[2026-09-06T03:36:31+08:00] WAIT olmo3_7b_think jid=3477449 state=PENDING
[2026-09-06T03:36:31+08:00] WAIT olmo3_7b_think jid=3477450 state=PENDING
[2026-09-06T03:36:31+08:00] WAIT qwen3_1.7b jid=3477451 state=PENDING
[2026-09-06T03:36:31+08:00] WAIT qwen3_1.7b jid=3477452 state=PENDING
[2026-09-06T03:36:31+08:00] WAIT qwen3_1.7b jid=3477453 state=PENDING
[2026-09-06T03:36:32+08:00] WAIT qwen3_1.7b jid=3477454 state=PENDING
[2026-09-06T03:36:32+08:00] WAIT qwen3_1.7b jid=3477455 state=PENDING
[2026-09-06T03:36:32+08:00] WAIT qwen3_1.7b jid=3477457 state=PENDING
[2026-09-06T03:36:32+08:00] WAIT qwen3_1.7b jid=3477458 state=PENDING
[2026-09-06T03:36:32+08:00] WAIT olmo3_7b_think jid=3477459 state=PENDING
[2026-09-06T03:36:32+08:00] WAIT olmo3_7b_think jid=3477460 state=PENDING
[2026-09-06T03:36:32+08:00] WAIT olmo3_7b_think jid=3477461 state=PENDING
[2026-09-06T03:36:32+08:00] WAIT olmo3_7b_think jid=3477462 state=PENDING
[2026-09-06T03:36:32+08:00] WAIT olmo3_7b_think jid=3477463 state=PENDING
[2026-09-06T03:36:32+08:00] WAIT olmo3_7b_think jid=3477464 state=PENDING
[2026-09-06T03:36:32+08:00] WAIT olmo3_7b_think jid=3477465 state=PENDING
[2026-09-06T03:36:32+08:00] progress done=0/37 pending=37 failed=0
[2026-09-06T03:38:32+08:00] WAIT qwen3_1.7b jid=3477428 state=PENDING
[2026-09-06T03:38:32+08:00] WAIT qwen3_1.7b jid=3477429 state=PENDING
[2026-09-06T03:38:32+08:00] WAIT qwen3_1.7b jid=3477430 state=PENDING
[2026-09-06T03:38:32+08:00] WAIT olmo3_7b_think jid=3477431 state=PENDING
[2026-09-06T03:38:32+08:00] WAIT olmo3_7b_think jid=3477432 state=PENDING
[2026-09-06T03:38:32+08:00] WAIT olmo3_7b_think jid=3477433 state=PENDING
[2026-09-06T03:38:32+08:00] WAIT qwen3_4b_instruct jid=3477434 state=PENDING
[2026-09-06T03:38:32+08:00] WAIT qwen3_4b_instruct jid=3477435 state=PENDING
[2026-09-06T03:38:32+08:00] WAIT qwen3_4b_instruct jid=3477436 state=PENDING
[2026-09-06T03:38:32+08:00] WAIT qwen3_1.7b jid=3477437 state=PENDING
[2026-09-06T03:38:32+08:00] WAIT qwen3_1.7b jid=3477438 state=PENDING
[2026-09-06T03:38:32+08:00] WAIT qwen3_1.7b jid=3477439 state=PENDING
[2026-09-06T03:38:32+08:00] WAIT qwen3_1.7b jid=3477440 state=PENDING
[2026-09-06T03:38:32+08:00] WAIT qwen3_1.7b jid=3477441 state=PENDING
[2026-09-06T03:38:32+08:00] WAIT qwen3_1.7b jid=3477442 state=PENDING
[2026-09-06T03:38:32+08:00] WAIT qwen3_1.7b jid=3477443 state=PENDING
[2026-09-06T03:38:32+08:00] WAIT olmo3_7b_think jid=3477444 state=PENDING
[2026-09-06T03:38:32+08:00] WAIT olmo3_7b_think jid=3477445 state=PENDING
[2026-09-06T03:38:32+08:00] WAIT olmo3_7b_think jid=3477446 state=PENDING
[2026-09-06T03:38:32+08:00] WAIT olmo3_7b_think jid=3477447 state=PENDING
[2026-09-06T03:38:32+08:00] WAIT olmo3_7b_think jid=3477448 state=PENDING
[2026-09-06T03:38:32+08:00] WAIT olmo3_7b_think jid=3477449 state=PENDING
[2026-09-06T03:38:32+08:00] WAIT olmo3_7b_think jid=3477450 state=PENDING
[2026-09-06T03:38:32+08:00] WAIT qwen3_1.7b jid=3477451 state=PENDING
[2026-09-06T03:38:32+08:00] WAIT qwen3_1.7b jid=3477452 state=PENDING
[2026-09-06T03:38:32+08:00] WAIT qwen3_1.7b jid=3477453 state=PENDING
[2026-09-06T03:38:32+08:00] WAIT qwen3_1.7b jid=3477454 state=PENDING
[2026-09-06T03:38:32+08:00] WAIT qwen3_1.7b jid=3477455 state=PENDING
[2026-09-06T03:38:32+08:00] WAIT qwen3_1.7b jid=3477457 state=PENDING
[2026-09-06T03:38:32+08:00] WAIT qwen3_1.7b jid=3477458 state=PENDING
[2026-09-06T03:38:32+08:00] WAIT olmo3_7b_think jid=3477459 state=PENDING
[2026-09-06T03:38:32+08:00] WAIT olmo3_7b_think jid=3477460 state=PENDING
[2026-09-06T03:38:32+08:00] WAIT olmo3_7b_think jid=3477461 state=PENDING
[2026-09-06T03:38:32+08:00] WAIT olmo3_7b_think jid=3477462 state=PENDING
[2026-09-06T03:38:32+08:00] WAIT olmo3_7b_think jid=3477463 state=PENDING
[2026-09-06T03:38:32+08:00] WAIT olmo3_7b_think jid=3477464 state=PENDING
[2026-09-06T03:38:32+08:00] WAIT olmo3_7b_think jid=3477465 state=PENDING
[2026-09-06T03:38:32+08:00] progress done=0/37 pending=37 failed=0
[2026-09-06T03:40:32+08:00] WAIT qwen3_1.7b jid=3477428 state=PENDING
[2026-09-06T03:40:32+08:00] WAIT qwen3_1.7b jid=3477429 state=PENDING
[2026-09-06T03:40:32+08:00] WAIT qwen3_1.7b jid=3477430 state=PENDING
[2026-09-06T03:40:32+08:00] WAIT olmo3_7b_think jid=3477431 state=PENDING
[2026-09-06T03:40:32+08:00] WAIT olmo3_7b_think jid=3477432 state=PENDING
[2026-09-06T03:40:32+08:00] WAIT olmo3_7b_think jid=3477433 state=PENDING
[2026-09-06T03:40:32+08:00] WAIT qwen3_4b_instruct jid=3477434 state=PENDING
[2026-09-06T03:40:32+08:00] WAIT qwen3_4b_instruct jid=3477435 state=PENDING
[2026-09-06T03:40:32+08:00] WAIT qwen3_4b_instruct jid=3477436 state=PENDING
[2026-09-06T03:40:32+08:00] WAIT qwen3_1.7b jid=3477437 state=PENDING
[2026-09-06T03:40:32+08:00] WAIT qwen3_1.7b jid=3477438 state=PENDING
[2026-09-06T03:40:32+08:00] WAIT qwen3_1.7b jid=3477439 state=PENDING
[2026-09-06T03:40:32+08:00] WAIT qwen3_1.7b jid=3477440 state=PENDING
[2026-09-06T03:40:32+08:00] WAIT qwen3_1.7b jid=3477441 state=PENDING
[2026-09-06T03:40:32+08:00] WAIT qwen3_1.7b jid=3477442 state=PENDING
[2026-09-06T03:40:32+08:00] WAIT qwen3_1.7b jid=3477443 state=PENDING
[2026-09-06T03:40:32+08:00] WAIT olmo3_7b_think jid=3477444 state=PENDING
[2026-09-06T03:40:32+08:00] WAIT olmo3_7b_think jid=3477445 state=PENDING
[2026-09-06T03:40:32+08:00] WAIT olmo3_7b_think jid=3477446 state=PENDING
[2026-09-06T03:40:32+08:00] WAIT olmo3_7b_think jid=3477447 state=PENDING
[2026-09-06T03:40:32+08:00] WAIT olmo3_7b_think jid=3477448 state=PENDING
[2026-09-06T03:40:32+08:00] WAIT olmo3_7b_think jid=3477449 state=PENDING
[2026-09-06T03:40:32+08:00] WAIT olmo3_7b_think jid=3477450 state=PENDING
[2026-09-06T03:40:32+08:00] WAIT qwen3_1.7b jid=3477451 state=PENDING
[2026-09-06T03:40:32+08:00] WAIT qwen3_1.7b jid=3477452 state=PENDING
[2026-09-06T03:40:32+08:00] WAIT qwen3_1.7b jid=3477453 state=PENDING
[2026-09-06T03:40:32+08:00] WAIT qwen3_1.7b jid=3477454 state=PENDING
[2026-09-06T03:40:32+08:00] WAIT qwen3_1.7b jid=3477455 state=PENDING
[2026-09-06T03:40:32+08:00] WAIT qwen3_1.7b jid=3477457 state=PENDING
[2026-09-06T03:40:32+08:00] WAIT qwen3_1.7b jid=3477458 state=PENDING
[2026-09-06T03:40:32+08:00] WAIT olmo3_7b_think jid=3477459 state=PENDING
[2026-09-06T03:40:32+08:00] WAIT olmo3_7b_think jid=3477460 state=PENDING
[2026-09-06T03:40:32+08:00] WAIT olmo3_7b_think jid=3477461 state=PENDING
[2026-09-06T03:40:32+08:00] WAIT olmo3_7b_think jid=3477462 state=PENDING
[2026-09-06T03:40:32+08:00] WAIT olmo3_7b_think jid=3477463 state=PENDING
[2026-09-06T03:40:32+08:00] WAIT olmo3_7b_think jid=3477464 state=PENDING
[2026-09-06T03:40:32+08:00] WAIT olmo3_7b_think jid=3477465 state=PENDING
[2026-09-06T03:40:32+08:00] progress done=0/37 pending=37 failed=0
[2026-09-06T03:42:32+08:00] WAIT qwen3_1.7b jid=3477428 state=PENDING
[2026-09-06T03:42:32+08:00] WAIT qwen3_1.7b jid=3477429 state=PENDING
[2026-09-06T03:42:32+08:00] WAIT qwen3_1.7b jid=3477430 state=PENDING
[2026-09-06T03:42:32+08:00] WAIT olmo3_7b_think jid=3477431 state=PENDING
[2026-09-06T03:42:32+08:00] WAIT olmo3_7b_think jid=3477432 state=PENDING
[2026-09-06T03:42:32+08:00] WAIT olmo3_7b_think jid=3477433 state=PENDING
[2026-09-06T03:42:32+08:00] WAIT qwen3_4b_instruct jid=3477434 state=PENDING
[2026-09-06T03:42:32+08:00] WAIT qwen3_4b_instruct jid=3477435 state=PENDING
[2026-09-06T03:42:32+08:00] WAIT qwen3_4b_instruct jid=3477436 state=PENDING
[2026-09-06T03:42:32+08:00] WAIT qwen3_1.7b jid=3477437 state=PENDING
[2026-09-06T03:42:32+08:00] WAIT qwen3_1.7b jid=3477438 state=PENDING
[2026-09-06T03:42:32+08:00] WAIT qwen3_1.7b jid=3477439 state=PENDING
[2026-09-06T03:42:32+08:00] WAIT qwen3_1.7b jid=3477440 state=PENDING
[2026-09-06T03:42:32+08:00] WAIT qwen3_1.7b jid=3477441 state=PENDING
[2026-09-06T03:42:32+08:00] WAIT qwen3_1.7b jid=3477442 state=PENDING
[2026-09-06T03:42:32+08:00] WAIT qwen3_1.7b jid=3477443 state=PENDING
[2026-09-06T03:42:32+08:00] WAIT olmo3_7b_think jid=3477444 state=PENDING
[2026-09-06T03:42:33+08:00] WAIT olmo3_7b_think jid=3477445 state=PENDING
[2026-09-06T03:42:33+08:00] WAIT olmo3_7b_think jid=3477446 state=PENDING
[2026-09-06T03:42:33+08:00] WAIT olmo3_7b_think jid=3477447 state=PENDING
[2026-09-06T03:42:33+08:00] WAIT olmo3_7b_think jid=3477448 state=PENDING
[2026-09-06T03:42:33+08:00] WAIT olmo3_7b_think jid=3477449 state=PENDING
[2026-09-06T03:42:33+08:00] WAIT olmo3_7b_think jid=3477450 state=PENDING
[2026-09-06T03:42:33+08:00] WAIT qwen3_1.7b jid=3477451 state=PENDING
[2026-09-06T03:42:33+08:00] WAIT qwen3_1.7b jid=3477452 state=PENDING
[2026-09-06T03:42:33+08:00] WAIT qwen3_1.7b jid=3477453 state=PENDING
[2026-09-06T03:42:33+08:00] WAIT qwen3_1.7b jid=3477454 state=PENDING
[2026-09-06T03:42:33+08:00] WAIT qwen3_1.7b jid=3477455 state=PENDING
[2026-09-06T03:42:33+08:00] WAIT qwen3_1.7b jid=3477457 state=PENDING
[2026-09-06T03:42:33+08:00] WAIT qwen3_1.7b jid=3477458 state=PENDING
[2026-09-06T03:42:33+08:00] WAIT olmo3_7b_think jid=3477459 state=PENDING
[2026-09-06T03:42:33+08:00] WAIT olmo3_7b_think jid=3477460 state=PENDING
[2026-09-06T03:42:33+08:00] WAIT olmo3_7b_think jid=3477461 state=PENDING
[2026-09-06T03:42:33+08:00] WAIT olmo3_7b_think jid=3477462 state=PENDING
[2026-09-06T03:42:33+08:00] WAIT olmo3_7b_think jid=3477463 state=PENDING
[2026-09-06T03:42:33+08:00] WAIT olmo3_7b_think jid=3477464 state=PENDING
[2026-09-06T03:42:33+08:00] WAIT olmo3_7b_think jid=3477465 state=PENDING
[2026-09-06T03:42:33+08:00] progress done=0/37 pending=37 failed=0
[2026-09-06T03:44:33+08:00] WAIT qwen3_1.7b jid=3477428 state=PENDING
[2026-09-06T03:44:33+08:00] WAIT qwen3_1.7b jid=3477429 state=PENDING
[2026-09-06T03:44:33+08:00] WAIT qwen3_1.7b jid=3477430 state=PENDING
[2026-09-06T03:44:33+08:00] WAIT olmo3_7b_think jid=3477431 state=PENDING
[2026-09-06T03:44:33+08:00] WAIT olmo3_7b_think jid=3477432 state=PENDING
[2026-09-06T03:44:33+08:00] WAIT olmo3_7b_think jid=3477433 state=PENDING
[2026-09-06T03:44:33+08:00] WAIT qwen3_4b_instruct jid=3477434 state=PENDING
[2026-09-06T03:44:33+08:00] WAIT qwen3_4b_instruct jid=3477435 state=PENDING
[2026-09-06T03:44:33+08:00] WAIT qwen3_4b_instruct jid=3477436 state=PENDING
[2026-09-06T03:44:33+08:00] WAIT qwen3_1.7b jid=3477437 state=PENDING
[2026-09-06T03:44:33+08:00] WAIT qwen3_1.7b jid=3477438 state=PENDING
[2026-09-06T03:44:33+08:00] WAIT qwen3_1.7b jid=3477439 state=PENDING
[2026-09-06T03:44:33+08:00] WAIT qwen3_1.7b jid=3477440 state=PENDING
[2026-09-06T03:44:33+08:00] WAIT qwen3_1.7b jid=3477441 state=PENDING
[2026-09-06T03:44:33+08:00] WAIT qwen3_1.7b jid=3477442 state=PENDING
[2026-09-06T03:44:33+08:00] WAIT qwen3_1.7b jid=3477443 state=PENDING
[2026-09-06T03:44:33+08:00] WAIT olmo3_7b_think jid=3477444 state=PENDING
[2026-09-06T03:44:33+08:00] WAIT olmo3_7b_think jid=3477445 state=PENDING
[2026-09-06T03:44:33+08:00] WAIT olmo3_7b_think jid=3477446 state=PENDING
[2026-09-06T03:44:33+08:00] WAIT olmo3_7b_think jid=3477447 state=PENDING
[2026-09-06T03:44:33+08:00] WAIT olmo3_7b_think jid=3477448 state=PENDING
[2026-09-06T03:44:33+08:00] WAIT olmo3_7b_think jid=3477449 state=PENDING
[2026-09-06T03:44:33+08:00] WAIT olmo3_7b_think jid=3477450 state=PENDING
[2026-09-06T03:44:33+08:00] WAIT qwen3_1.7b jid=3477451 state=PENDING
[2026-09-06T03:44:33+08:00] WAIT qwen3_1.7b jid=3477452 state=PENDING
[2026-09-06T03:44:33+08:00] WAIT qwen3_1.7b jid=3477453 state=PENDING
[2026-09-06T03:44:33+08:00] WAIT qwen3_1.7b jid=3477454 state=PENDING
[2026-09-06T03:44:33+08:00] WAIT qwen3_1.7b jid=3477455 state=PENDING
[2026-09-06T03:44:33+08:00] WAIT qwen3_1.7b jid=3477457 state=PENDING
[2026-09-06T03:44:33+08:00] WAIT qwen3_1.7b jid=3477458 state=PENDING
[2026-09-06T03:44:33+08:00] WAIT olmo3_7b_think jid=3477459 state=PENDING
[2026-09-06T03:44:33+08:00] WAIT olmo3_7b_think jid=3477460 state=PENDING
[2026-09-06T03:44:33+08:00] WAIT olmo3_7b_think jid=3477461 state=PENDING
[2026-09-06T03:44:33+08:00] WAIT olmo3_7b_think jid=3477462 state=PENDING
[2026-09-06T03:44:33+08:00] WAIT olmo3_7b_think jid=3477463 state=PENDING
[2026-09-06T03:44:33+08:00] WAIT olmo3_7b_think jid=3477464 state=PENDING
[2026-09-06T03:44:33+08:00] WAIT olmo3_7b_think jid=3477465 state=PENDING
[2026-09-06T03:44:33+08:00] progress done=0/37 pending=37 failed=0
slurmstepd: error: *** JOB 3477466 ON a6n18c4 CANCELLED AT 2026-09-06T03:45:53 ***
