[watch-slurm] host=a2n17c3 job=3561991
[watch-slurm] manifest=/gpfs/share/home/2501210611/opsd_analysis/OPSD_Analysis/log/train/robustness/submit_latest.tsv interval=120s
[2026-09-09T17:00:46+08:00] host=a2n17c3 job=3561991 interval=120s
[2026-09-09T17:00:46+08:00] manifest=/gpfs/share/home/2501210611/opsd_analysis/OPSD_Analysis/log/train/robustness/submit_latest.tsv rows=37
[2026-09-09T17:00:46+08:00] WAIT olmo3_7b_think jid=3561990 state=PENDING
[2026-09-09T17:00:46+08:00] WAIT olmo3_7b_think jid=3477609_6 state=RUNNING
[2026-09-09T17:00:46+08:00] progress done=35/37 pending=2 failed=0
[2026-09-09T17:02:46+08:00] WAIT olmo3_7b_think jid=3561990 state=PENDING
[2026-09-09T17:02:46+08:00] WAIT olmo3_7b_think jid=3477609_6 state=RUNNING
[2026-09-09T17:02:46+08:00] progress done=35/37 pending=2 failed=0
[2026-09-09T17:04:46+08:00] WAIT olmo3_7b_think jid=3561990 state=PENDING
[2026-09-09T17:04:46+08:00] WAIT olmo3_7b_think jid=3477609_6 state=RUNNING
[2026-09-09T17:04:46+08:00] progress done=35/37 pending=2 failed=0
[2026-09-09T17:06:46+08:00] WAIT olmo3_7b_think jid=3561990 state=PENDING
[2026-09-09T17:06:46+08:00] WAIT olmo3_7b_think jid=3477609_6 state=RUNNING
[2026-09-09T17:06:46+08:00] progress done=35/37 pending=2 failed=0
[2026-09-09T17:08:46+08:00] WAIT olmo3_7b_think jid=3561990 state=PENDING
[2026-09-09T17:08:46+08:00] WAIT olmo3_7b_think jid=3477609_6 state=RUNNING
[2026-09-09T17:08:46+08:00] progress done=35/37 pending=2 failed=0
[2026-09-09T17:10:46+08:00] WAIT olmo3_7b_think jid=3561990 state=PENDING
[2026-09-09T17:10:46+08:00] WAIT olmo3_7b_think jid=3477609_6 state=RUNNING
[2026-09-09T17:10:46+08:00] progress done=35/37 pending=2 failed=0
[2026-09-09T17:12:46+08:00] WAIT olmo3_7b_think jid=3561990 state=PENDING
[2026-09-09T17:12:46+08:00] WAIT olmo3_7b_think jid=3477609_6 state=RUNNING
[2026-09-09T17:12:46+08:00] progress done=35/37 pending=2 failed=0
[2026-09-09T17:14:46+08:00] WAIT olmo3_7b_think jid=3561990 state=PENDING
[2026-09-09T17:14:46+08:00] WAIT olmo3_7b_think jid=3477609_6 state=RUNNING
[2026-09-09T17:14:46+08:00] progress done=35/37 pending=2 failed=0
[2026-09-09T17:16:46+08:00] WAIT olmo3_7b_think jid=3561990 state=PENDING
[2026-09-09T17:16:46+08:00] WAIT olmo3_7b_think jid=3477609_6 state=RUNNING
[2026-09-09T17:16:46+08:00] progress done=35/37 pending=2 failed=0
[2026-09-09T17:18:46+08:00] WAIT olmo3_7b_think jid=3561990 state=PENDING
[2026-09-09T17:18:46+08:00] WAIT olmo3_7b_think jid=3477609_6 state=RUNNING
[2026-09-09T17:18:46+08:00] progress done=35/37 pending=2 failed=0
[2026-09-09T17:20:46+08:00] WAIT olmo3_7b_think jid=3561990 state=PENDING
[2026-09-09T17:20:46+08:00] WAIT olmo3_7b_think jid=3477609_6 state=RUNNING
[2026-09-09T17:20:46+08:00] progress done=35/37 pending=2 failed=0
[2026-09-09T17:22:46+08:00] WAIT olmo3_7b_think jid=3561990 state=PENDING
[2026-09-09T17:22:46+08:00] WAIT olmo3_7b_think jid=3477609_6 state=RUNNING
[2026-09-09T17:22:46+08:00] progress done=35/37 pending=2 failed=0
[2026-09-09T17:24:46+08:00] WAIT olmo3_7b_think jid=3561990 state=PENDING
[2026-09-09T17:24:46+08:00] WAIT olmo3_7b_think jid=3477609_6 state=RUNNING
[2026-09-09T17:24:46+08:00] progress done=35/37 pending=2 failed=0
[2026-09-09T17:26:46+08:00] WAIT olmo3_7b_think jid=3561990 state=PENDING
[2026-09-09T17:26:46+08:00] WAIT olmo3_7b_think jid=3477609_6 state=RUNNING
[2026-09-09T17:26:46+08:00] progress done=35/37 pending=2 failed=0
[2026-09-09T17:28:46+08:00] WAIT olmo3_7b_think jid=3561990 state=PENDING
[2026-09-09T17:28:46+08:00] WAIT olmo3_7b_think jid=3477609_6 state=RUNNING
[2026-09-09T17:28:46+08:00] progress done=35/37 pending=2 failed=0
[2026-09-09T17:30:46+08:00] WAIT olmo3_7b_think jid=3561990 state=PENDING
[2026-09-09T17:30:46+08:00] WAIT olmo3_7b_think jid=3477609_6 state=RUNNING
[2026-09-09T17:30:46+08:00] progress done=35/37 pending=2 failed=0
[2026-09-09T17:32:46+08:00] WAIT olmo3_7b_think jid=3561990 state=PENDING
[2026-09-09T17:32:46+08:00] WAIT olmo3_7b_think jid=3477609_6 state=RUNNING
[2026-09-09T17:32:46+08:00] progress done=35/37 pending=2 failed=0
[2026-09-09T17:34:46+08:00] WAIT olmo3_7b_think jid=3561990 state=PENDING
[2026-09-09T17:34:46+08:00] WAIT olmo3_7b_think jid=3477609_6 state=RUNNING
[2026-09-09T17:34:46+08:00] progress done=35/37 pending=2 failed=0
[2026-09-09T17:36:46+08:00] WAIT olmo3_7b_think jid=3561990 state=PENDING
[2026-09-09T17:36:46+08:00] WAIT olmo3_7b_think jid=3477609_6 state=RUNNING
[2026-09-09T17:36:46+08:00] progress done=35/37 pending=2 failed=0
[2026-09-09T17:38:46+08:00] WAIT olmo3_7b_think jid=3561990 state=PENDING
[2026-09-09T17:38:46+08:00] WAIT olmo3_7b_think jid=3477609_6 state=RUNNING
[2026-09-09T17:38:46+08:00] progress done=35/37 pending=2 failed=0
[2026-09-09T17:40:46+08:00] WAIT olmo3_7b_think jid=3561990 state=PENDING
[2026-09-09T17:40:46+08:00] READY olmo3_7b_think jid=3477609_6 -> /gpfs/share/home/2501210611/opsd_analysis/OPSD_Analysis/outputs/olmo3_7b_think/st_tt_clip005_last256_seed65536_olmo7bt/3477609_6/checkpoint-100 (train_state=COMPLETED)
[2026-09-09T17:41:46+08:00] SUBMITTED evals for olmo3_7b_think tag=st_tt_clip005_last256_seed65536_olmo7bt_checkpoint-100
[2026-09-09T17:41:47+08:00] progress done=36/37 pending=1 failed=0
[2026-09-09T17:43:47+08:00] WAIT olmo3_7b_think jid=3561990 state=PENDING
[2026-09-09T17:43:47+08:00] progress done=36/37 pending=1 failed=0
[2026-09-09T17:45:47+08:00] WAIT olmo3_7b_think jid=3561990 state=PENDING
[2026-09-09T17:45:47+08:00] progress done=36/37 pending=1 failed=0
[2026-09-09T17:47:47+08:00] WAIT olmo3_7b_think jid=3561990 state=PENDING
[2026-09-09T17:47:47+08:00] progress done=36/37 pending=1 failed=0
[2026-09-09T17:49:47+08:00] WAIT olmo3_7b_think jid=3561990 state=PENDING
[2026-09-09T17:49:47+08:00] progress done=36/37 pending=1 failed=0
[2026-09-09T17:51:47+08:00] WAIT olmo3_7b_think jid=3561990 state=PENDING
[2026-09-09T17:51:47+08:00] progress done=36/37 pending=1 failed=0
[2026-09-09T17:53:47+08:00] WAIT olmo3_7b_think jid=3561990 state=PENDING
[2026-09-09T17:53:47+08:00] progress done=36/37 pending=1 failed=0
[2026-09-09T17:55:47+08:00] WAIT olmo3_7b_think jid=3561990 state=PENDING
[2026-09-09T17:55:47+08:00] progress done=36/37 pending=1 failed=0
[2026-09-09T17:57:47+08:00] WAIT olmo3_7b_think jid=3561990 state=PENDING
[2026-09-09T17:57:47+08:00] progress done=36/37 pending=1 failed=0
[2026-09-09T17:59:47+08:00] WAIT olmo3_7b_think jid=3561990 state=PENDING
[2026-09-09T17:59:47+08:00] progress done=36/37 pending=1 failed=0
[2026-09-09T18:01:47+08:00] WAIT olmo3_7b_think jid=3561990 state=PENDING
[2026-09-09T18:01:47+08:00] progress done=36/37 pending=1 failed=0
[2026-09-09T18:03:47+08:00] WAIT olmo3_7b_think jid=3561990 state=PENDING
[2026-09-09T18:03:47+08:00] progress done=36/37 pending=1 failed=0
[2026-09-09T18:05:47+08:00] WAIT olmo3_7b_think jid=3561990 state=PENDING
[2026-09-09T18:05:47+08:00] progress done=36/37 pending=1 failed=0
[2026-09-09T18:07:47+08:00] WAIT olmo3_7b_think jid=3561990 state=PENDING
[2026-09-09T18:07:47+08:00] progress done=36/37 pending=1 failed=0
[2026-09-09T18:09:47+08:00] WAIT olmo3_7b_think jid=3561990 state=PENDING
[2026-09-09T18:09:47+08:00] progress done=36/37 pending=1 failed=0
[2026-09-09T18:11:47+08:00] WAIT olmo3_7b_think jid=3561990 state=PENDING
[2026-09-09T18:11:47+08:00] progress done=36/37 pending=1 failed=0
[2026-09-09T18:13:47+08:00] WAIT olmo3_7b_think jid=3561990 state=PENDING
[2026-09-09T18:13:47+08:00] progress done=36/37 pending=1 failed=0
[2026-09-09T18:15:47+08:00] WAIT olmo3_7b_think jid=3561990 state=PENDING
[2026-09-09T18:15:47+08:00] progress done=36/37 pending=1 failed=0
[2026-09-09T18:17:47+08:00] WAIT olmo3_7b_think jid=3561990 state=PENDING
[2026-09-09T18:17:47+08:00] progress done=36/37 pending=1 failed=0
[2026-09-09T18:19:47+08:00] WAIT olmo3_7b_think jid=3561990 state=PENDING
[2026-09-09T18:19:47+08:00] progress done=36/37 pending=1 failed=0
[2026-09-09T18:21:47+08:00] WAIT olmo3_7b_think jid=3561990 state=PENDING
[2026-09-09T18:21:47+08:00] progress done=36/37 pending=1 failed=0
[2026-09-09T18:23:47+08:00] WAIT olmo3_7b_think jid=3561990 state=PENDING
[2026-09-09T18:23:47+08:00] progress done=36/37 pending=1 failed=0
[2026-09-09T18:25:47+08:00] WAIT olmo3_7b_think jid=3561990 state=PENDING
[2026-09-09T18:25:47+08:00] progress done=36/37 pending=1 failed=0
[2026-09-09T18:27:47+08:00] WAIT olmo3_7b_think jid=3561990 state=PENDING
[2026-09-09T18:27:47+08:00] progress done=36/37 pending=1 failed=0
[2026-09-09T18:29:47+08:00] WAIT olmo3_7b_think jid=3561990 state=PENDING
[2026-09-09T18:29:47+08:00] progress done=36/37 pending=1 failed=0
[2026-09-09T18:31:47+08:00] WAIT olmo3_7b_think jid=3561990 state=PENDING
[2026-09-09T18:31:47+08:00] progress done=36/37 pending=1 failed=0
[2026-09-09T18:33:47+08:00] WAIT olmo3_7b_think jid=3561990 state=PENDING
[2026-09-09T18:33:47+08:00] progress done=36/37 pending=1 failed=0
[2026-09-09T18:35:47+08:00] WAIT olmo3_7b_think jid=3561990 state=PENDING
[2026-09-09T18:35:47+08:00] progress done=36/37 pending=1 failed=0
[2026-09-09T18:37:47+08:00] WAIT olmo3_7b_think jid=3561990 state=PENDING
[2026-09-09T18:37:47+08:00] progress done=36/37 pending=1 failed=0
[2026-09-09T18:39:47+08:00] WAIT olmo3_7b_think jid=3561990 state=PENDING
[2026-09-09T18:39:47+08:00] progress done=36/37 pending=1 failed=0
[2026-09-09T18:41:47+08:00] WAIT olmo3_7b_think jid=3561990 state=PENDING
[2026-09-09T18:41:47+08:00] progress done=36/37 pending=1 failed=0
[2026-09-09T18:43:47+08:00] WAIT olmo3_7b_think jid=3561990 state=PENDING
[2026-09-09T18:43:47+08:00] progress done=36/37 pending=1 failed=0
[2026-09-09T18:45:47+08:00] WAIT olmo3_7b_think jid=3561990 state=PENDING
[2026-09-09T18:45:47+08:00] progress done=36/37 pending=1 failed=0
[2026-09-09T18:47:47+08:00] WAIT olmo3_7b_think jid=3561990 state=PENDING
[2026-09-09T18:47:47+08:00] progress done=36/37 pending=1 failed=0
[2026-09-09T18:49:47+08:00] WAIT olmo3_7b_think jid=3561990 state=PENDING
[2026-09-09T18:49:47+08:00] progress done=36/37 pending=1 failed=0
[2026-09-09T18:51:47+08:00] WAIT olmo3_7b_think jid=3561990 state=PENDING
[2026-09-09T18:51:48+08:00] progress done=36/37 pending=1 failed=0
[2026-09-09T18:53:48+08:00] WAIT olmo3_7b_think jid=3561990 state=PENDING
[2026-09-09T18:53:48+08:00] progress done=36/37 pending=1 failed=0
[2026-09-09T18:55:48+08:00] WAIT olmo3_7b_think jid=3561990 state=PENDING
[2026-09-09T18:55:48+08:00] progress done=36/37 pending=1 failed=0
[2026-09-09T18:57:48+08:00] WAIT olmo3_7b_think jid=3561990 state=PENDING
[2026-09-09T18:57:48+08:00] progress done=36/37 pending=1 failed=0
[2026-09-09T18:59:48+08:00] WAIT olmo3_7b_think jid=3561990 state=PENDING
[2026-09-09T18:59:48+08:00] progress done=36/37 pending=1 failed=0
[2026-09-09T19:01:48+08:00] WAIT olmo3_7b_think jid=3561990 state=PENDING
[2026-09-09T19:01:48+08:00] progress done=36/37 pending=1 failed=0
[2026-09-09T19:03:48+08:00] WAIT olmo3_7b_think jid=3561990 state=PENDING
[2026-09-09T19:03:48+08:00] progress done=36/37 pending=1 failed=0
[2026-09-09T19:05:48+08:00] WAIT olmo3_7b_think jid=3561990 state=PENDING
[2026-09-09T19:05:48+08:00] progress done=36/37 pending=1 failed=0
[2026-09-09T19:07:48+08:00] WAIT olmo3_7b_think jid=3561990 state=PENDING
[2026-09-09T19:07:48+08:00] progress done=36/37 pending=1 failed=0
[2026-09-09T19:09:48+08:00] WAIT olmo3_7b_think jid=3561990 state=PENDING
[2026-09-09T19:09:48+08:00] progress done=36/37 pending=1 failed=0
[2026-09-09T19:11:48+08:00] WAIT olmo3_7b_think jid=3561990 state=PENDING
[2026-09-09T19:11:48+08:00] progress done=36/37 pending=1 failed=0
[2026-09-09T19:13:48+08:00] WAIT olmo3_7b_think jid=3561990 state=PENDING
[2026-09-09T19:13:48+08:00] progress done=36/37 pending=1 failed=0
[2026-09-09T19:15:48+08:00] WAIT olmo3_7b_think jid=3561990 state=PENDING
[2026-09-09T19:15:48+08:00] progress done=36/37 pending=1 failed=0
[2026-09-09T19:17:48+08:00] WAIT olmo3_7b_think jid=3561990 state=PENDING
[2026-09-09T19:17:48+08:00] progress done=36/37 pending=1 failed=0
[2026-09-09T19:19:48+08:00] WAIT olmo3_7b_think jid=3561990 state=PENDING
[2026-09-09T19:19:48+08:00] progress done=36/37 pending=1 failed=0
[2026-09-09T19:21:48+08:00] WAIT olmo3_7b_think jid=3561990 state=PENDING
[2026-09-09T19:21:48+08:00] progress done=36/37 pending=1 failed=0
[2026-09-09T19:23:48+08:00] WAIT olmo3_7b_think jid=3561990 state=PENDING
[2026-09-09T19:23:48+08:00] progress done=36/37 pending=1 failed=0
[2026-09-09T19:25:48+08:00] WAIT olmo3_7b_think jid=3561990 state=PENDING
[2026-09-09T19:25:48+08:00] progress done=36/37 pending=1 failed=0
[2026-09-09T19:27:48+08:00] WAIT olmo3_7b_think jid=3561990 state=PENDING
[2026-09-09T19:27:48+08:00] progress done=36/37 pending=1 failed=0
[2026-09-09T19:29:48+08:00] WAIT olmo3_7b_think jid=3561990 state=PENDING
[2026-09-09T19:29:48+08:00] progress done=36/37 pending=1 failed=0
[2026-09-09T19:31:48+08:00] WAIT olmo3_7b_think jid=3561990 state=PENDING
[2026-09-09T19:31:48+08:00] progress done=36/37 pending=1 failed=0
[2026-09-09T19:33:48+08:00] WAIT olmo3_7b_think jid=3561990 state=PENDING
[2026-09-09T19:33:48+08:00] progress done=36/37 pending=1 failed=0
[2026-09-09T19:35:48+08:00] WAIT olmo3_7b_think jid=3561990 state=PENDING
[2026-09-09T19:35:48+08:00] progress done=36/37 pending=1 failed=0
[2026-09-09T19:37:48+08:00] WAIT olmo3_7b_think jid=3561990 state=PENDING
[2026-09-09T19:37:48+08:00] progress done=36/37 pending=1 failed=0
[2026-09-09T19:39:48+08:00] WAIT olmo3_7b_think jid=3561990 state=PENDING
[2026-09-09T19:39:48+08:00] progress done=36/37 pending=1 failed=0
[2026-09-09T19:41:48+08:00] WAIT olmo3_7b_think jid=3561990 state=PENDING
[2026-09-09T19:41:48+08:00] progress done=36/37 pending=1 failed=0
[2026-09-09T19:43:48+08:00] WAIT olmo3_7b_think jid=3561990 state=PENDING
[2026-09-09T19:43:48+08:00] progress done=36/37 pending=1 failed=0
[2026-09-09T19:45:48+08:00] WAIT olmo3_7b_think jid=3561990 state=PENDING
[2026-09-09T19:45:49+08:00] progress done=36/37 pending=1 failed=0
[2026-09-09T19:47:49+08:00] WAIT olmo3_7b_think jid=3561990 state=PENDING
[2026-09-09T19:47:49+08:00] progress done=36/37 pending=1 failed=0
[2026-09-09T19:49:49+08:00] WAIT olmo3_7b_think jid=3561990 state=PENDING
[2026-09-09T19:49:49+08:00] progress done=36/37 pending=1 failed=0
[2026-09-09T19:51:49+08:00] WAIT olmo3_7b_think jid=3561990 state=PENDING
[2026-09-09T19:51:49+08:00] progress done=36/37 pending=1 failed=0
[2026-09-09T19:53:49+08:00] WAIT olmo3_7b_think jid=3561990 state=PENDING
[2026-09-09T19:53:49+08:00] progress done=36/37 pending=1 failed=0
[2026-09-09T19:55:49+08:00] WAIT olmo3_7b_think jid=3561990 state=PENDING
[2026-09-09T19:55:49+08:00] progress done=36/37 pending=1 failed=0
[2026-09-09T19:57:49+08:00] WAIT olmo3_7b_think jid=3561990 state=PENDING
[2026-09-09T19:57:49+08:00] progress done=36/37 pending=1 failed=0
[2026-09-09T19:59:49+08:00] WAIT olmo3_7b_think jid=3561990 state=PENDING
[2026-09-09T19:59:49+08:00] progress done=36/37 pending=1 failed=0
[2026-09-09T20:01:49+08:00] WAIT olmo3_7b_think jid=3561990 state=PENDING
[2026-09-09T20:01:49+08:00] progress done=36/37 pending=1 failed=0
[2026-09-09T20:03:49+08:00] WAIT olmo3_7b_think jid=3561990 state=PENDING
[2026-09-09T20:03:49+08:00] progress done=36/37 pending=1 failed=0
[2026-09-09T20:05:49+08:00] WAIT olmo3_7b_think jid=3561990 state=PENDING
[2026-09-09T20:05:49+08:00] progress done=36/37 pending=1 failed=0
[2026-09-09T20:07:49+08:00] WAIT olmo3_7b_think jid=3561990 state=PENDING
[2026-09-09T20:07:49+08:00] progress done=36/37 pending=1 failed=0
[2026-09-09T20:09:49+08:00] WAIT olmo3_7b_think jid=3561990 state=PENDING
[2026-09-09T20:09:49+08:00] progress done=36/37 pending=1 failed=0
[2026-09-09T20:11:49+08:00] WAIT olmo3_7b_think jid=3561990 state=PENDING
[2026-09-09T20:11:49+08:00] progress done=36/37 pending=1 failed=0
[2026-09-09T20:13:49+08:00] WAIT olmo3_7b_think jid=3561990 state=PENDING
[2026-09-09T20:13:49+08:00] progress done=36/37 pending=1 failed=0
[2026-09-09T20:15:49+08:00] WAIT olmo3_7b_think jid=3561990 state=PENDING
[2026-09-09T20:15:49+08:00] progress done=36/37 pending=1 failed=0
[2026-09-09T20:17:49+08:00] WAIT olmo3_7b_think jid=3561990 state=PENDING
[2026-09-09T20:17:49+08:00] progress done=36/37 pending=1 failed=0
[2026-09-09T20:19:49+08:00] WAIT olmo3_7b_think jid=3561990 state=PENDING
[2026-09-09T20:19:49+08:00] progress done=36/37 pending=1 failed=0
[2026-09-09T20:21:49+08:00] WAIT olmo3_7b_think jid=3561990 state=PENDING
[2026-09-09T20:21:49+08:00] progress done=36/37 pending=1 failed=0
[2026-09-09T20:23:49+08:00] WAIT olmo3_7b_think jid=3561990 state=PENDING
[2026-09-09T20:23:49+08:00] progress done=36/37 pending=1 failed=0
[2026-09-09T20:25:49+08:00] WAIT olmo3_7b_think jid=3561990 state=PENDING
[2026-09-09T20:25:49+08:00] progress done=36/37 pending=1 failed=0
[2026-09-09T20:27:49+08:00] WAIT olmo3_7b_think jid=3561990 state=PENDING
[2026-09-09T20:27:49+08:00] progress done=36/37 pending=1 failed=0
[2026-09-09T20:29:49+08:00] WAIT olmo3_7b_think jid=3561990 state=PENDING
[2026-09-09T20:29:49+08:00] progress done=36/37 pending=1 failed=0
[2026-09-09T20:31:49+08:00] WAIT olmo3_7b_think jid=3561990 state=PENDING
[2026-09-09T20:31:49+08:00] progress done=36/37 pending=1 failed=0
[2026-09-09T20:33:49+08:00] WAIT olmo3_7b_think jid=3561990 state=PENDING
[2026-09-09T20:33:49+08:00] progress done=36/37 pending=1 failed=0
[2026-09-09T20:35:49+08:00] WAIT olmo3_7b_think jid=3561990 state=PENDING
[2026-09-09T20:35:49+08:00] progress done=36/37 pending=1 failed=0
[2026-09-09T20:37:49+08:00] WAIT olmo3_7b_think jid=3561990 state=PENDING
[2026-09-09T20:37:49+08:00] progress done=36/37 pending=1 failed=0
[2026-09-09T20:39:49+08:00] WAIT olmo3_7b_think jid=3561990 state=PENDING
[2026-09-09T20:39:49+08:00] progress done=36/37 pending=1 failed=0
[2026-09-09T20:41:49+08:00] WAIT olmo3_7b_think jid=3561990 state=PENDING
[2026-09-09T20:41:49+08:00] progress done=36/37 pending=1 failed=0
[2026-09-09T20:43:49+08:00] WAIT olmo3_7b_think jid=3561990 state=PENDING
[2026-09-09T20:43:49+08:00] progress done=36/37 pending=1 failed=0
[2026-09-09T20:45:49+08:00] WAIT olmo3_7b_think jid=3561990 state=PENDING
[2026-09-09T20:45:49+08:00] progress done=36/37 pending=1 failed=0
[2026-09-09T20:47:49+08:00] WAIT olmo3_7b_think jid=3561990 state=PENDING
[2026-09-09T20:47:49+08:00] progress done=36/37 pending=1 failed=0
[2026-09-09T20:49:49+08:00] WAIT olmo3_7b_think jid=3561990 state=PENDING
[2026-09-09T20:49:49+08:00] progress done=36/37 pending=1 failed=0
[2026-09-09T20:51:49+08:00] WAIT olmo3_7b_think jid=3561990 state=PENDING
[2026-09-09T20:51:49+08:00] progress done=36/37 pending=1 failed=0
[2026-09-09T20:53:49+08:00] WAIT olmo3_7b_think jid=3561990 state=PENDING
[2026-09-09T20:53:49+08:00] progress done=36/37 pending=1 failed=0
[2026-09-09T20:55:49+08:00] WAIT olmo3_7b_think jid=3561990 state=PENDING
[2026-09-09T20:55:49+08:00] progress done=36/37 pending=1 failed=0
[2026-09-09T20:57:49+08:00] WAIT olmo3_7b_think jid=3561990 state=PENDING
[2026-09-09T20:57:49+08:00] progress done=36/37 pending=1 failed=0
[2026-09-09T20:59:49+08:00] WAIT olmo3_7b_think jid=3561990 state=PENDING
[2026-09-09T20:59:49+08:00] progress done=36/37 pending=1 failed=0
[2026-09-09T21:01:49+08:00] WAIT olmo3_7b_think jid=3561990 state=PENDING
[2026-09-09T21:01:49+08:00] progress done=36/37 pending=1 failed=0
[2026-09-09T21:03:49+08:00] WAIT olmo3_7b_think jid=3561990 state=PENDING
[2026-09-09T21:03:49+08:00] progress done=36/37 pending=1 failed=0
[2026-09-09T21:05:49+08:00] WAIT olmo3_7b_think jid=3561990 state=PENDING
[2026-09-09T21:05:49+08:00] progress done=36/37 pending=1 failed=0
[2026-09-09T21:07:49+08:00] WAIT olmo3_7b_think jid=3561990 state=PENDING
[2026-09-09T21:07:49+08:00] progress done=36/37 pending=1 failed=0
[2026-09-09T21:09:49+08:00] WAIT olmo3_7b_think jid=3561990 state=PENDING
[2026-09-09T21:09:49+08:00] progress done=36/37 pending=1 failed=0
[2026-09-09T21:11:49+08:00] WAIT olmo3_7b_think jid=3561990 state=PENDING
[2026-09-09T21:11:49+08:00] progress done=36/37 pending=1 failed=0
[2026-09-09T21:13:49+08:00] WAIT olmo3_7b_think jid=3561990 state=PENDING
[2026-09-09T21:13:49+08:00] progress done=36/37 pending=1 failed=0
[2026-09-09T21:15:49+08:00] WAIT olmo3_7b_think jid=3561990 state=PENDING
[2026-09-09T21:15:49+08:00] progress done=36/37 pending=1 failed=0
[2026-09-09T21:17:49+08:00] WAIT olmo3_7b_think jid=3561990 state=PENDING
[2026-09-09T21:17:49+08:00] progress done=36/37 pending=1 failed=0
[2026-09-09T21:19:49+08:00] WAIT olmo3_7b_think jid=3561990 state=PENDING
[2026-09-09T21:19:49+08:00] progress done=36/37 pending=1 failed=0
[2026-09-09T21:21:50+08:00] WAIT olmo3_7b_think jid=3561990 state=PENDING
[2026-09-09T21:21:50+08:00] progress done=36/37 pending=1 failed=0
[2026-09-09T21:23:50+08:00] WAIT olmo3_7b_think jid=3561990 state=PENDING
[2026-09-09T21:23:50+08:00] progress done=36/37 pending=1 failed=0
[2026-09-09T21:25:50+08:00] WAIT olmo3_7b_think jid=3561990 state=PENDING
[2026-09-09T21:25:50+08:00] progress done=36/37 pending=1 failed=0
[2026-09-09T21:27:50+08:00] WAIT olmo3_7b_think jid=3561990 state=PENDING
[2026-09-09T21:27:50+08:00] progress done=36/37 pending=1 failed=0
[2026-09-09T21:29:50+08:00] WAIT olmo3_7b_think jid=3561990 state=PENDING
[2026-09-09T21:29:50+08:00] progress done=36/37 pending=1 failed=0
[2026-09-09T21:31:50+08:00] WAIT olmo3_7b_think jid=3561990 state=PENDING
[2026-09-09T21:31:50+08:00] progress done=36/37 pending=1 failed=0
[2026-09-09T21:33:50+08:00] WAIT olmo3_7b_think jid=3561990 state=PENDING
[2026-09-09T21:33:50+08:00] progress done=36/37 pending=1 failed=0
[2026-09-09T21:35:50+08:00] WAIT olmo3_7b_think jid=3561990 state=PENDING
[2026-09-09T21:35:50+08:00] progress done=36/37 pending=1 failed=0
[2026-09-09T21:37:50+08:00] WAIT olmo3_7b_think jid=3561990 state=PENDING
[2026-09-09T21:37:50+08:00] progress done=36/37 pending=1 failed=0
[2026-09-09T21:39:50+08:00] WAIT olmo3_7b_think jid=3561990 state=PENDING
[2026-09-09T21:39:50+08:00] progress done=36/37 pending=1 failed=0
[2026-09-09T21:41:50+08:00] WAIT olmo3_7b_think jid=3561990 state=PENDING
[2026-09-09T21:41:50+08:00] progress done=36/37 pending=1 failed=0
[2026-09-09T21:43:50+08:00] WAIT olmo3_7b_think jid=3561990 state=PENDING
[2026-09-09T21:43:50+08:00] progress done=36/37 pending=1 failed=0
[2026-09-09T21:45:50+08:00] WAIT olmo3_7b_think jid=3561990 state=PENDING
[2026-09-09T21:45:50+08:00] progress done=36/37 pending=1 failed=0
[2026-09-09T21:47:50+08:00] WAIT olmo3_7b_think jid=3561990 state=PENDING
[2026-09-09T21:47:50+08:00] progress done=36/37 pending=1 failed=0
[2026-09-09T21:49:50+08:00] WAIT olmo3_7b_think jid=3561990 state=PENDING
[2026-09-09T21:49:50+08:00] progress done=36/37 pending=1 failed=0
[2026-09-09T21:51:50+08:00] WAIT olmo3_7b_think jid=3561990 state=PENDING
[2026-09-09T21:51:50+08:00] progress done=36/37 pending=1 failed=0
[2026-09-09T21:53:50+08:00] WAIT olmo3_7b_think jid=3561990 state=PENDING
[2026-09-09T21:53:50+08:00] progress done=36/37 pending=1 failed=0
[2026-09-09T21:55:50+08:00] WAIT olmo3_7b_think jid=3561990 state=PENDING
[2026-09-09T21:55:50+08:00] progress done=36/37 pending=1 failed=0
[2026-09-09T21:57:50+08:00] WAIT olmo3_7b_think jid=3561990 state=PENDING
[2026-09-09T21:57:50+08:00] progress done=36/37 pending=1 failed=0
[2026-09-09T21:59:50+08:00] WAIT olmo3_7b_think jid=3561990 state=PENDING
[2026-09-09T21:59:50+08:00] progress done=36/37 pending=1 failed=0
[2026-09-09T22:01:50+08:00] WAIT olmo3_7b_think jid=3561990 state=PENDING
[2026-09-09T22:01:50+08:00] progress done=36/37 pending=1 failed=0
[2026-09-09T22:03:50+08:00] WAIT olmo3_7b_think jid=3561990 state=PENDING
[2026-09-09T22:03:50+08:00] progress done=36/37 pending=1 failed=0
[2026-09-09T22:05:50+08:00] WAIT olmo3_7b_think jid=3561990 state=PENDING
[2026-09-09T22:05:50+08:00] progress done=36/37 pending=1 failed=0
[2026-09-09T22:07:50+08:00] WAIT olmo3_7b_think jid=3561990 state=PENDING
[2026-09-09T22:07:50+08:00] progress done=36/37 pending=1 failed=0
[2026-09-09T22:09:50+08:00] WAIT olmo3_7b_think jid=3561990 state=PENDING
[2026-09-09T22:09:50+08:00] progress done=36/37 pending=1 failed=0
[2026-09-09T22:11:50+08:00] WAIT olmo3_7b_think jid=3561990 state=PENDING
[2026-09-09T22:11:50+08:00] progress done=36/37 pending=1 failed=0
[2026-09-09T22:13:50+08:00] WAIT olmo3_7b_think jid=3561990 state=PENDING
[2026-09-09T22:13:50+08:00] progress done=36/37 pending=1 failed=0
[2026-09-09T22:15:50+08:00] WAIT olmo3_7b_think jid=3561990 state=PENDING
[2026-09-09T22:15:50+08:00] progress done=36/37 pending=1 failed=0
[2026-09-09T22:17:50+08:00] WAIT olmo3_7b_think jid=3561990 state=PENDING
[2026-09-09T22:17:50+08:00] progress done=36/37 pending=1 failed=0
[2026-09-09T22:19:50+08:00] WAIT olmo3_7b_think jid=3561990 state=PENDING
[2026-09-09T22:19:50+08:00] progress done=36/37 pending=1 failed=0
[2026-09-09T22:21:50+08:00] WAIT olmo3_7b_think jid=3561990 state=PENDING
[2026-09-09T22:21:50+08:00] progress done=36/37 pending=1 failed=0
[2026-09-09T22:23:50+08:00] WAIT olmo3_7b_think jid=3561990 state=PENDING
[2026-09-09T22:23:50+08:00] progress done=36/37 pending=1 failed=0
[2026-09-09T22:25:50+08:00] WAIT olmo3_7b_think jid=3561990 state=PENDING
[2026-09-09T22:25:50+08:00] progress done=36/37 pending=1 failed=0
[2026-09-09T22:27:50+08:00] WAIT olmo3_7b_think jid=3561990 state=PENDING
[2026-09-09T22:27:50+08:00] progress done=36/37 pending=1 failed=0
[2026-09-09T22:29:50+08:00] WAIT olmo3_7b_think jid=3561990 state=PENDING
[2026-09-09T22:29:50+08:00] progress done=36/37 pending=1 failed=0
[2026-09-09T22:31:50+08:00] WAIT olmo3_7b_think jid=3561990 state=PENDING
[2026-09-09T22:31:50+08:00] progress done=36/37 pending=1 failed=0
[2026-09-09T22:33:50+08:00] WAIT olmo3_7b_think jid=3561990 state=PENDING
[2026-09-09T22:33:50+08:00] progress done=36/37 pending=1 failed=0
[2026-09-09T22:35:50+08:00] WAIT olmo3_7b_think jid=3561990 state=PENDING
[2026-09-09T22:35:50+08:00] progress done=36/37 pending=1 failed=0
[2026-09-09T22:37:50+08:00] WAIT olmo3_7b_think jid=3561990 state=PENDING
[2026-09-09T22:37:50+08:00] progress done=36/37 pending=1 failed=0
[2026-09-09T22:39:50+08:00] WAIT olmo3_7b_think jid=3561990 state=PENDING
[2026-09-09T22:39:50+08:00] progress done=36/37 pending=1 failed=0
[2026-09-09T22:41:50+08:00] WAIT olmo3_7b_think jid=3561990 state=PENDING
[2026-09-09T22:41:50+08:00] progress done=36/37 pending=1 failed=0
[2026-09-09T22:43:50+08:00] WAIT olmo3_7b_think jid=3561990 state=PENDING
[2026-09-09T22:43:50+08:00] progress done=36/37 pending=1 failed=0
[2026-09-09T22:45:50+08:00] WAIT olmo3_7b_think jid=3561990 state=PENDING
[2026-09-09T22:45:50+08:00] progress done=36/37 pending=1 failed=0
[2026-09-09T22:47:50+08:00] WAIT olmo3_7b_think jid=3561990 state=PENDING
[2026-09-09T22:47:50+08:00] progress done=36/37 pending=1 failed=0
[2026-09-09T22:49:50+08:00] WAIT olmo3_7b_think jid=3561990 state=PENDING
[2026-09-09T22:49:50+08:00] progress done=36/37 pending=1 failed=0
[2026-09-09T22:51:50+08:00] WAIT olmo3_7b_think jid=3561990 state=PENDING
[2026-09-09T22:51:50+08:00] progress done=36/37 pending=1 failed=0
[2026-09-09T22:53:50+08:00] WAIT olmo3_7b_think jid=3561990 state=PENDING
[2026-09-09T22:53:50+08:00] progress done=36/37 pending=1 failed=0
[2026-09-09T22:55:50+08:00] WAIT olmo3_7b_think jid=3561990 state=PENDING
[2026-09-09T22:55:50+08:00] progress done=36/37 pending=1 failed=0
[2026-09-09T22:57:50+08:00] WAIT olmo3_7b_think jid=3561990 state=PENDING
[2026-09-09T22:57:50+08:00] progress done=36/37 pending=1 failed=0
[2026-09-09T22:59:50+08:00] WAIT olmo3_7b_think jid=3561990 state=PENDING
[2026-09-09T22:59:50+08:00] progress done=36/37 pending=1 failed=0
[2026-09-09T23:01:50+08:00] WAIT olmo3_7b_think jid=3561990 state=PENDING
[2026-09-09T23:01:50+08:00] progress done=36/37 pending=1 failed=0
[2026-09-09T23:03:50+08:00] WAIT olmo3_7b_think jid=3561990 state=PENDING
[2026-09-09T23:03:50+08:00] progress done=36/37 pending=1 failed=0
[2026-09-09T23:05:51+08:00] WAIT olmo3_7b_think jid=3561990 state=PENDING
[2026-09-09T23:05:51+08:00] progress done=36/37 pending=1 failed=0
[2026-09-09T23:07:51+08:00] WAIT olmo3_7b_think jid=3561990 state=PENDING
[2026-09-09T23:07:51+08:00] progress done=36/37 pending=1 failed=0
[2026-09-09T23:09:51+08:00] WAIT olmo3_7b_think jid=3561990 state=PENDING
[2026-09-09T23:09:51+08:00] progress done=36/37 pending=1 failed=0
[2026-09-09T23:11:51+08:00] WAIT olmo3_7b_think jid=3561990 state=PENDING
[2026-09-09T23:11:51+08:00] progress done=36/37 pending=1 failed=0
[2026-09-09T23:13:51+08:00] WAIT olmo3_7b_think jid=3561990 state=PENDING
[2026-09-09T23:13:51+08:00] progress done=36/37 pending=1 failed=0
[2026-09-09T23:15:51+08:00] WAIT olmo3_7b_think jid=3561990 state=PENDING
[2026-09-09T23:15:51+08:00] progress done=36/37 pending=1 failed=0
[2026-09-09T23:17:51+08:00] WAIT olmo3_7b_think jid=3561990 state=PENDING
[2026-09-09T23:17:51+08:00] progress done=36/37 pending=1 failed=0
[2026-09-09T23:19:51+08:00] WAIT olmo3_7b_think jid=3561990 state=PENDING
[2026-09-09T23:19:51+08:00] progress done=36/37 pending=1 failed=0
[2026-09-09T23:21:51+08:00] WAIT olmo3_7b_think jid=3561990 state=PENDING
[2026-09-09T23:21:51+08:00] progress done=36/37 pending=1 failed=0
[2026-09-09T23:23:51+08:00] WAIT olmo3_7b_think jid=3561990 state=PENDING
[2026-09-09T23:23:51+08:00] progress done=36/37 pending=1 failed=0
[2026-09-09T23:25:51+08:00] WAIT olmo3_7b_think jid=3561990 state=PENDING
[2026-09-09T23:25:51+08:00] progress done=36/37 pending=1 failed=0
[2026-09-09T23:27:51+08:00] WAIT olmo3_7b_think jid=3561990 state=PENDING
[2026-09-09T23:27:51+08:00] progress done=36/37 pending=1 failed=0
[2026-09-09T23:29:51+08:00] WAIT olmo3_7b_think jid=3561990 state=PENDING
[2026-09-09T23:29:51+08:00] progress done=36/37 pending=1 failed=0
[2026-09-09T23:31:51+08:00] WAIT olmo3_7b_think jid=3561990 state=PENDING
[2026-09-09T23:31:51+08:00] progress done=36/37 pending=1 failed=0
[2026-09-09T23:33:51+08:00] WAIT olmo3_7b_think jid=3561990 state=PENDING
[2026-09-09T23:33:51+08:00] progress done=36/37 pending=1 failed=0
[2026-09-09T23:35:51+08:00] WAIT olmo3_7b_think jid=3561990 state=PENDING
[2026-09-09T23:35:51+08:00] progress done=36/37 pending=1 failed=0
[2026-09-09T23:37:51+08:00] WAIT olmo3_7b_think jid=3561990 state=PENDING
[2026-09-09T23:37:51+08:00] progress done=36/37 pending=1 failed=0
[2026-09-09T23:39:51+08:00] WAIT olmo3_7b_think jid=3561990 state=PENDING
[2026-09-09T23:39:51+08:00] progress done=36/37 pending=1 failed=0
[2026-09-09T23:41:51+08:00] WAIT olmo3_7b_think jid=3561990 state=PENDING
[2026-09-09T23:41:51+08:00] progress done=36/37 pending=1 failed=0
[2026-09-09T23:43:51+08:00] WAIT olmo3_7b_think jid=3561990 state=PENDING
[2026-09-09T23:43:51+08:00] progress done=36/37 pending=1 failed=0
[2026-09-09T23:45:51+08:00] WAIT olmo3_7b_think jid=3561990 state=PENDING
[2026-09-09T23:45:51+08:00] progress done=36/37 pending=1 failed=0
[2026-09-09T23:47:51+08:00] WAIT olmo3_7b_think jid=3561990 state=PENDING
[2026-09-09T23:47:51+08:00] progress done=36/37 pending=1 failed=0
[2026-09-09T23:49:51+08:00] WAIT olmo3_7b_think jid=3561990 state=PENDING
[2026-09-09T23:49:51+08:00] progress done=36/37 pending=1 failed=0
[2026-09-09T23:51:51+08:00] WAIT olmo3_7b_think jid=3561990 state=PENDING
[2026-09-09T23:51:51+08:00] progress done=36/37 pending=1 failed=0
[2026-09-09T23:53:51+08:00] WAIT olmo3_7b_think jid=3561990 state=PENDING
[2026-09-09T23:53:51+08:00] progress done=36/37 pending=1 failed=0
[2026-09-09T23:55:51+08:00] WAIT olmo3_7b_think jid=3561990 state=PENDING
[2026-09-09T23:55:51+08:00] progress done=36/37 pending=1 failed=0
[2026-09-09T23:57:51+08:00] WAIT olmo3_7b_think jid=3561990 state=PENDING
[2026-09-09T23:57:51+08:00] progress done=36/37 pending=1 failed=0
[2026-09-09T23:59:51+08:00] WAIT olmo3_7b_think jid=3561990 state=PENDING
[2026-09-09T23:59:51+08:00] progress done=36/37 pending=1 failed=0
[2026-09-10T00:01:51+08:00] WAIT olmo3_7b_think jid=3561990 state=PENDING
[2026-09-10T00:01:51+08:00] progress done=36/37 pending=1 failed=0
[2026-09-10T00:03:51+08:00] WAIT olmo3_7b_think jid=3561990 state=PENDING
[2026-09-10T00:03:51+08:00] progress done=36/37 pending=1 failed=0
[2026-09-10T00:05:51+08:00] WAIT olmo3_7b_think jid=3561990 state=PENDING
[2026-09-10T00:05:51+08:00] progress done=36/37 pending=1 failed=0
[2026-09-10T00:07:51+08:00] WAIT olmo3_7b_think jid=3561990 state=PENDING
[2026-09-10T00:07:51+08:00] progress done=36/37 pending=1 failed=0
[2026-09-10T00:09:51+08:00] WAIT olmo3_7b_think jid=3561990 state=PENDING
[2026-09-10T00:09:51+08:00] progress done=36/37 pending=1 failed=0
[2026-09-10T00:11:51+08:00] WAIT olmo3_7b_think jid=3561990 state=PENDING
[2026-09-10T00:11:51+08:00] progress done=36/37 pending=1 failed=0
[2026-09-10T00:13:51+08:00] WAIT olmo3_7b_think jid=3561990 state=PENDING
[2026-09-10T00:13:51+08:00] progress done=36/37 pending=1 failed=0
[2026-09-10T00:15:51+08:00] WAIT olmo3_7b_think jid=3561990 state=PENDING
[2026-09-10T00:15:51+08:00] progress done=36/37 pending=1 failed=0
[2026-09-10T00:17:51+08:00] WAIT olmo3_7b_think jid=3561990 state=PENDING
[2026-09-10T00:17:51+08:00] progress done=36/37 pending=1 failed=0
[2026-09-10T00:19:51+08:00] WAIT olmo3_7b_think jid=3561990 state=RUNNING
[2026-09-10T00:19:51+08:00] progress done=36/37 pending=1 failed=0
[2026-09-10T00:21:51+08:00] WAIT olmo3_7b_think jid=3561990 state=RUNNING
[2026-09-10T00:21:51+08:00] progress done=36/37 pending=1 failed=0
[2026-09-10T00:23:51+08:00] WAIT olmo3_7b_think jid=3561990 state=RUNNING
[2026-09-10T00:23:51+08:00] progress done=36/37 pending=1 failed=0
[2026-09-10T00:25:51+08:00] WAIT olmo3_7b_think jid=3561990 state=RUNNING
[2026-09-10T00:25:51+08:00] progress done=36/37 pending=1 failed=0
[2026-09-10T00:27:51+08:00] WAIT olmo3_7b_think jid=3561990 state=RUNNING
[2026-09-10T00:27:51+08:00] progress done=36/37 pending=1 failed=0
[2026-09-10T00:29:51+08:00] WAIT olmo3_7b_think jid=3561990 state=RUNNING
[2026-09-10T00:29:51+08:00] progress done=36/37 pending=1 failed=0
[2026-09-10T00:31:51+08:00] WAIT olmo3_7b_think jid=3561990 state=RUNNING
[2026-09-10T00:31:51+08:00] progress done=36/37 pending=1 failed=0
[2026-09-10T00:33:51+08:00] WAIT olmo3_7b_think jid=3561990 state=RUNNING
[2026-09-10T00:33:51+08:00] progress done=36/37 pending=1 failed=0
[2026-09-10T00:35:51+08:00] WAIT olmo3_7b_think jid=3561990 state=RUNNING
[2026-09-10T00:35:51+08:00] progress done=36/37 pending=1 failed=0
[2026-09-10T00:37:51+08:00] WAIT olmo3_7b_think jid=3561990 state=RUNNING
[2026-09-10T00:37:51+08:00] progress done=36/37 pending=1 failed=0
[2026-09-10T00:39:51+08:00] WAIT olmo3_7b_think jid=3561990 state=RUNNING
[2026-09-10T00:39:51+08:00] progress done=36/37 pending=1 failed=0
[2026-09-10T00:41:51+08:00] WAIT olmo3_7b_think jid=3561990 state=RUNNING
[2026-09-10T00:41:51+08:00] progress done=36/37 pending=1 failed=0
[2026-09-10T00:43:52+08:00] WAIT olmo3_7b_think jid=3561990 state=RUNNING
[2026-09-10T00:43:52+08:00] progress done=36/37 pending=1 failed=0
[2026-09-10T00:45:52+08:00] WAIT olmo3_7b_think jid=3561990 state=RUNNING
[2026-09-10T00:45:52+08:00] progress done=36/37 pending=1 failed=0
[2026-09-10T00:47:52+08:00] WAIT olmo3_7b_think jid=3561990 state=RUNNING
[2026-09-10T00:47:52+08:00] progress done=36/37 pending=1 failed=0
[2026-09-10T00:49:52+08:00] WAIT olmo3_7b_think jid=3561990 state=RUNNING
[2026-09-10T00:49:52+08:00] progress done=36/37 pending=1 failed=0
[2026-09-10T00:51:52+08:00] WAIT olmo3_7b_think jid=3561990 state=RUNNING
[2026-09-10T00:51:52+08:00] progress done=36/37 pending=1 failed=0
[2026-09-10T00:53:52+08:00] WAIT olmo3_7b_think jid=3561990 state=RUNNING
[2026-09-10T00:53:52+08:00] progress done=36/37 pending=1 failed=0
[2026-09-10T00:55:52+08:00] WAIT olmo3_7b_think jid=3561990 state=RUNNING
[2026-09-10T00:55:52+08:00] progress done=36/37 pending=1 failed=0
[2026-09-10T00:57:52+08:00] WAIT olmo3_7b_think jid=3561990 state=RUNNING
[2026-09-10T00:57:52+08:00] progress done=36/37 pending=1 failed=0
[2026-09-10T00:59:52+08:00] WAIT olmo3_7b_think jid=3561990 state=RUNNING
[2026-09-10T00:59:52+08:00] progress done=36/37 pending=1 failed=0
[2026-09-10T01:01:52+08:00] WAIT olmo3_7b_think jid=3561990 state=RUNNING
[2026-09-10T01:01:52+08:00] progress done=36/37 pending=1 failed=0
[2026-09-10T01:03:52+08:00] WAIT olmo3_7b_think jid=3561990 state=RUNNING
[2026-09-10T01:03:52+08:00] progress done=36/37 pending=1 failed=0
[2026-09-10T01:05:52+08:00] WAIT olmo3_7b_think jid=3561990 state=RUNNING
[2026-09-10T01:05:52+08:00] progress done=36/37 pending=1 failed=0
[2026-09-10T01:07:52+08:00] WAIT olmo3_7b_think jid=3561990 state=RUNNING
[2026-09-10T01:07:52+08:00] progress done=36/37 pending=1 failed=0
[2026-09-10T01:09:52+08:00] WAIT olmo3_7b_think jid=3561990 state=RUNNING
[2026-09-10T01:09:52+08:00] progress done=36/37 pending=1 failed=0
[2026-09-10T01:11:52+08:00] WAIT olmo3_7b_think jid=3561990 state=RUNNING
[2026-09-10T01:11:52+08:00] progress done=36/37 pending=1 failed=0
[2026-09-10T01:13:52+08:00] WAIT olmo3_7b_think jid=3561990 state=RUNNING
[2026-09-10T01:13:52+08:00] progress done=36/37 pending=1 failed=0
[2026-09-10T01:15:52+08:00] WAIT olmo3_7b_think jid=3561990 state=RUNNING
[2026-09-10T01:15:52+08:00] progress done=36/37 pending=1 failed=0
[2026-09-10T01:17:52+08:00] WAIT olmo3_7b_think jid=3561990 state=RUNNING
[2026-09-10T01:17:52+08:00] progress done=36/37 pending=1 failed=0
[2026-09-10T01:19:52+08:00] READY olmo3_7b_think jid=3561990 -> /gpfs/share/home/2501210611/opsd_analysis/OPSD_Analysis/outputs/olmo3_7b_think/st_tt_clip005_last256_seed1024_olmo7bt/3561990/checkpoint-100 (train_state=COMPLETED)
[2026-09-10T01:20:52+08:00] SUBMITTED evals for olmo3_7b_think tag=st_tt_clip005_last256_seed1024_olmo7bt_checkpoint-100
[2026-09-10T01:20:52+08:00] progress done=37/37 pending=0 failed=0
[2026-09-10T01:20:52+08:00] ALL trains handled (done=37 failed=0); exiting
[2026-09-10T01:20:52+08:00] watch finished
