[watch-slurm] host=a2n17c3 job=3574091
[watch-slurm] manifest=/gpfs/share/home/2501210611/opsd_analysis/OPSD_Analysis/log/train/robustness/submit_fill_olmo_s42_latest.tsv interval=120s
[2026-09-10T00:00:10+08:00] host=a2n17c3 job=3574091 interval=120s
[2026-09-10T00:00:10+08:00] manifest=/gpfs/share/home/2501210611/opsd_analysis/OPSD_Analysis/log/train/robustness/submit_fill_olmo_s42_latest.tsv rows=2
[2026-09-10T00:00:10+08:00] WAIT olmo3_7b_think jid=3574089 state=PENDING
[2026-09-10T00:00:10+08:00] WAIT olmo3_7b_think jid=3574090 state=PENDING
[2026-09-10T00:00:10+08:00] progress done=0/2 pending=2 failed=0
[2026-09-10T00:02:10+08:00] WAIT olmo3_7b_think jid=3574089 state=PENDING
[2026-09-10T00:02:10+08:00] WAIT olmo3_7b_think jid=3574090 state=PENDING
[2026-09-10T00:02:10+08:00] progress done=0/2 pending=2 failed=0
[2026-09-10T00:04:10+08:00] WAIT olmo3_7b_think jid=3574089 state=PENDING
[2026-09-10T00:04:10+08:00] WAIT olmo3_7b_think jid=3574090 state=PENDING
[2026-09-10T00:04:10+08:00] progress done=0/2 pending=2 failed=0
[2026-09-10T00:06:10+08:00] WAIT olmo3_7b_think jid=3574089 state=PENDING
[2026-09-10T00:06:10+08:00] WAIT olmo3_7b_think jid=3574090 state=PENDING
[2026-09-10T00:06:10+08:00] progress done=0/2 pending=2 failed=0
[2026-09-10T00:08:10+08:00] WAIT olmo3_7b_think jid=3574089 state=PENDING
[2026-09-10T00:08:10+08:00] WAIT olmo3_7b_think jid=3574090 state=PENDING
[2026-09-10T00:08:10+08:00] progress done=0/2 pending=2 failed=0
[2026-09-10T00:10:10+08:00] WAIT olmo3_7b_think jid=3574089 state=PENDING
[2026-09-10T00:10:10+08:00] WAIT olmo3_7b_think jid=3574090 state=PENDING
[2026-09-10T00:10:10+08:00] progress done=0/2 pending=2 failed=0
[2026-09-10T00:12:10+08:00] WAIT olmo3_7b_think jid=3574089 state=PENDING
[2026-09-10T00:12:10+08:00] WAIT olmo3_7b_think jid=3574090 state=PENDING
[2026-09-10T00:12:10+08:00] progress done=0/2 pending=2 failed=0
[2026-09-10T00:14:10+08:00] WAIT olmo3_7b_think jid=3574089 state=PENDING
[2026-09-10T00:14:10+08:00] WAIT olmo3_7b_think jid=3574090 state=PENDING
[2026-09-10T00:14:10+08:00] progress done=0/2 pending=2 failed=0
[2026-09-10T00:16:10+08:00] WAIT olmo3_7b_think jid=3574089 state=PENDING
[2026-09-10T00:16:10+08:00] WAIT olmo3_7b_think jid=3574090 state=PENDING
[2026-09-10T00:16:10+08:00] progress done=0/2 pending=2 failed=0
[2026-09-10T00:18:10+08:00] WAIT olmo3_7b_think jid=3574089 state=PENDING
[2026-09-10T00:18:10+08:00] WAIT olmo3_7b_think jid=3574090 state=PENDING
[2026-09-10T00:18:10+08:00] progress done=0/2 pending=2 failed=0
[2026-09-10T00:20:10+08:00] WAIT olmo3_7b_think jid=3574089 state=PENDING
[2026-09-10T00:20:10+08:00] WAIT olmo3_7b_think jid=3574090 state=PENDING
[2026-09-10T00:20:10+08:00] progress done=0/2 pending=2 failed=0
[2026-09-10T00:22:10+08:00] WAIT olmo3_7b_think jid=3574089 state=PENDING
[2026-09-10T00:22:10+08:00] WAIT olmo3_7b_think jid=3574090 state=PENDING
[2026-09-10T00:22:10+08:00] progress done=0/2 pending=2 failed=0
[2026-09-10T00:24:10+08:00] WAIT olmo3_7b_think jid=3574089 state=PENDING
[2026-09-10T00:24:10+08:00] WAIT olmo3_7b_think jid=3574090 state=PENDING
[2026-09-10T00:24:10+08:00] progress done=0/2 pending=2 failed=0
[2026-09-10T00:26:10+08:00] WAIT olmo3_7b_think jid=3574089 state=PENDING
[2026-09-10T00:26:10+08:00] WAIT olmo3_7b_think jid=3574090 state=PENDING
[2026-09-10T00:26:10+08:00] progress done=0/2 pending=2 failed=0
[2026-09-10T00:28:10+08:00] WAIT olmo3_7b_think jid=3574089 state=PENDING
[2026-09-10T00:28:10+08:00] WAIT olmo3_7b_think jid=3574090 state=PENDING
[2026-09-10T00:28:10+08:00] progress done=0/2 pending=2 failed=0
[2026-09-10T00:30:10+08:00] WAIT olmo3_7b_think jid=3574089 state=PENDING
[2026-09-10T00:30:10+08:00] WAIT olmo3_7b_think jid=3574090 state=PENDING
[2026-09-10T00:30:10+08:00] progress done=0/2 pending=2 failed=0
[2026-09-10T00:32:10+08:00] WAIT olmo3_7b_think jid=3574089 state=PENDING
[2026-09-10T00:32:10+08:00] WAIT olmo3_7b_think jid=3574090 state=PENDING
[2026-09-10T00:32:10+08:00] progress done=0/2 pending=2 failed=0
[2026-09-10T00:34:10+08:00] WAIT olmo3_7b_think jid=3574089 state=PENDING
[2026-09-10T00:34:10+08:00] WAIT olmo3_7b_think jid=3574090 state=PENDING
[2026-09-10T00:34:10+08:00] progress done=0/2 pending=2 failed=0
[2026-09-10T00:36:10+08:00] WAIT olmo3_7b_think jid=3574089 state=PENDING
[2026-09-10T00:36:11+08:00] WAIT olmo3_7b_think jid=3574090 state=PENDING
[2026-09-10T00:36:11+08:00] progress done=0/2 pending=2 failed=0
[2026-09-10T00:38:11+08:00] WAIT olmo3_7b_think jid=3574089 state=PENDING
[2026-09-10T00:38:11+08:00] WAIT olmo3_7b_think jid=3574090 state=PENDING
[2026-09-10T00:38:11+08:00] progress done=0/2 pending=2 failed=0
[2026-09-10T00:40:11+08:00] WAIT olmo3_7b_think jid=3574089 state=PENDING
[2026-09-10T00:40:11+08:00] WAIT olmo3_7b_think jid=3574090 state=PENDING
[2026-09-10T00:40:11+08:00] progress done=0/2 pending=2 failed=0
[2026-09-10T00:42:11+08:00] WAIT olmo3_7b_think jid=3574089 state=PENDING
[2026-09-10T00:42:11+08:00] WAIT olmo3_7b_think jid=3574090 state=PENDING
[2026-09-10T00:42:11+08:00] progress done=0/2 pending=2 failed=0
[2026-09-10T00:44:11+08:00] WAIT olmo3_7b_think jid=3574089 state=PENDING
[2026-09-10T00:44:11+08:00] WAIT olmo3_7b_think jid=3574090 state=PENDING
[2026-09-10T00:44:11+08:00] progress done=0/2 pending=2 failed=0
[2026-09-10T00:46:11+08:00] WAIT olmo3_7b_think jid=3574089 state=PENDING
[2026-09-10T00:46:11+08:00] WAIT olmo3_7b_think jid=3574090 state=PENDING
[2026-09-10T00:46:11+08:00] progress done=0/2 pending=2 failed=0
[2026-09-10T00:48:11+08:00] WAIT olmo3_7b_think jid=3574089 state=PENDING
[2026-09-10T00:48:11+08:00] WAIT olmo3_7b_think jid=3574090 state=PENDING
[2026-09-10T00:48:11+08:00] progress done=0/2 pending=2 failed=0
[2026-09-10T00:50:11+08:00] WAIT olmo3_7b_think jid=3574089 state=PENDING
[2026-09-10T00:50:11+08:00] WAIT olmo3_7b_think jid=3574090 state=PENDING
[2026-09-10T00:50:11+08:00] progress done=0/2 pending=2 failed=0
[2026-09-10T00:52:11+08:00] WAIT olmo3_7b_think jid=3574089 state=PENDING
[2026-09-10T00:52:11+08:00] WAIT olmo3_7b_think jid=3574090 state=PENDING
[2026-09-10T00:52:11+08:00] progress done=0/2 pending=2 failed=0
[2026-09-10T00:54:11+08:00] WAIT olmo3_7b_think jid=3574089 state=PENDING
[2026-09-10T00:54:11+08:00] WAIT olmo3_7b_think jid=3574090 state=PENDING
[2026-09-10T00:54:11+08:00] progress done=0/2 pending=2 failed=0
[2026-09-10T00:56:11+08:00] WAIT olmo3_7b_think jid=3574089 state=PENDING
[2026-09-10T00:56:11+08:00] WAIT olmo3_7b_think jid=3574090 state=PENDING
[2026-09-10T00:56:11+08:00] progress done=0/2 pending=2 failed=0
[2026-09-10T00:58:11+08:00] WAIT olmo3_7b_think jid=3574089 state=PENDING
[2026-09-10T00:58:11+08:00] WAIT olmo3_7b_think jid=3574090 state=PENDING
[2026-09-10T00:58:11+08:00] progress done=0/2 pending=2 failed=0
[2026-09-10T01:00:11+08:00] WAIT olmo3_7b_think jid=3574089 state=PENDING
[2026-09-10T01:00:11+08:00] WAIT olmo3_7b_think jid=3574090 state=PENDING
[2026-09-10T01:00:11+08:00] progress done=0/2 pending=2 failed=0
[2026-09-10T01:02:11+08:00] WAIT olmo3_7b_think jid=3574089 state=PENDING
[2026-09-10T01:02:11+08:00] WAIT olmo3_7b_think jid=3574090 state=PENDING
[2026-09-10T01:02:11+08:00] progress done=0/2 pending=2 failed=0
[2026-09-10T01:04:11+08:00] WAIT olmo3_7b_think jid=3574089 state=PENDING
[2026-09-10T01:04:11+08:00] WAIT olmo3_7b_think jid=3574090 state=PENDING
[2026-09-10T01:04:11+08:00] progress done=0/2 pending=2 failed=0
[2026-09-10T01:06:11+08:00] WAIT olmo3_7b_think jid=3574089 state=PENDING
[2026-09-10T01:06:11+08:00] WAIT olmo3_7b_think jid=3574090 state=PENDING
[2026-09-10T01:06:11+08:00] progress done=0/2 pending=2 failed=0
[2026-09-10T01:08:11+08:00] WAIT olmo3_7b_think jid=3574089 state=PENDING
[2026-09-10T01:08:11+08:00] WAIT olmo3_7b_think jid=3574090 state=PENDING
[2026-09-10T01:08:11+08:00] progress done=0/2 pending=2 failed=0
[2026-09-10T01:10:11+08:00] WAIT olmo3_7b_think jid=3574089 state=PENDING
[2026-09-10T01:10:11+08:00] WAIT olmo3_7b_think jid=3574090 state=PENDING
[2026-09-10T01:10:11+08:00] progress done=0/2 pending=2 failed=0
[2026-09-10T01:12:11+08:00] WAIT olmo3_7b_think jid=3574089 state=PENDING
[2026-09-10T01:12:11+08:00] WAIT olmo3_7b_think jid=3574090 state=PENDING
[2026-09-10T01:12:11+08:00] progress done=0/2 pending=2 failed=0
[2026-09-10T01:14:11+08:00] WAIT olmo3_7b_think jid=3574089 state=PENDING
[2026-09-10T01:14:11+08:00] WAIT olmo3_7b_think jid=3574090 state=PENDING
[2026-09-10T01:14:11+08:00] progress done=0/2 pending=2 failed=0
[2026-09-10T01:16:11+08:00] WAIT olmo3_7b_think jid=3574089 state=PENDING
[2026-09-10T01:16:11+08:00] WAIT olmo3_7b_think jid=3574090 state=PENDING
[2026-09-10T01:16:11+08:00] progress done=0/2 pending=2 failed=0
[2026-09-10T01:18:11+08:00] WAIT olmo3_7b_think jid=3574089 state=PENDING
[2026-09-10T01:18:11+08:00] WAIT olmo3_7b_think jid=3574090 state=PENDING
[2026-09-10T01:18:11+08:00] progress done=0/2 pending=2 failed=0
[2026-09-10T01:20:11+08:00] WAIT olmo3_7b_think jid=3574089 state=PENDING
[2026-09-10T01:20:11+08:00] WAIT olmo3_7b_think jid=3574090 state=PENDING
[2026-09-10T01:20:11+08:00] progress done=0/2 pending=2 failed=0
[2026-09-10T01:22:11+08:00] WAIT olmo3_7b_think jid=3574089 state=PENDING
[2026-09-10T01:22:11+08:00] WAIT olmo3_7b_think jid=3574090 state=PENDING
[2026-09-10T01:22:11+08:00] progress done=0/2 pending=2 failed=0
[2026-09-10T01:24:11+08:00] WAIT olmo3_7b_think jid=3574089 state=PENDING
[2026-09-10T01:24:11+08:00] WAIT olmo3_7b_think jid=3574090 state=PENDING
[2026-09-10T01:24:11+08:00] progress done=0/2 pending=2 failed=0
[2026-09-10T01:26:11+08:00] WAIT olmo3_7b_think jid=3574089 state=PENDING
[2026-09-10T01:26:11+08:00] WAIT olmo3_7b_think jid=3574090 state=PENDING
[2026-09-10T01:26:11+08:00] progress done=0/2 pending=2 failed=0
[2026-09-10T01:28:11+08:00] WAIT olmo3_7b_think jid=3574089 state=PENDING
[2026-09-10T01:28:11+08:00] WAIT olmo3_7b_think jid=3574090 state=PENDING
[2026-09-10T01:28:11+08:00] progress done=0/2 pending=2 failed=0
[2026-09-10T01:30:11+08:00] WAIT olmo3_7b_think jid=3574089 state=PENDING
[2026-09-10T01:30:11+08:00] WAIT olmo3_7b_think jid=3574090 state=PENDING
[2026-09-10T01:30:11+08:00] progress done=0/2 pending=2 failed=0
[2026-09-10T01:32:11+08:00] WAIT olmo3_7b_think jid=3574089 state=PENDING
[2026-09-10T01:32:11+08:00] WAIT olmo3_7b_think jid=3574090 state=PENDING
[2026-09-10T01:32:11+08:00] progress done=0/2 pending=2 failed=0
[2026-09-10T01:34:11+08:00] WAIT olmo3_7b_think jid=3574089 state=PENDING
[2026-09-10T01:34:11+08:00] WAIT olmo3_7b_think jid=3574090 state=PENDING
[2026-09-10T01:34:11+08:00] progress done=0/2 pending=2 failed=0
[2026-09-10T01:36:11+08:00] WAIT olmo3_7b_think jid=3574089 state=PENDING
[2026-09-10T01:36:11+08:00] WAIT olmo3_7b_think jid=3574090 state=PENDING
[2026-09-10T01:36:11+08:00] progress done=0/2 pending=2 failed=0
[2026-09-10T01:38:11+08:00] WAIT olmo3_7b_think jid=3574089 state=PENDING
[2026-09-10T01:38:11+08:00] WAIT olmo3_7b_think jid=3574090 state=PENDING
[2026-09-10T01:38:11+08:00] progress done=0/2 pending=2 failed=0
[2026-09-10T01:40:11+08:00] WAIT olmo3_7b_think jid=3574089 state=PENDING
[2026-09-10T01:40:11+08:00] WAIT olmo3_7b_think jid=3574090 state=PENDING
[2026-09-10T01:40:11+08:00] progress done=0/2 pending=2 failed=0
[2026-09-10T01:42:11+08:00] WAIT olmo3_7b_think jid=3574089 state=PENDING
[2026-09-10T01:42:11+08:00] WAIT olmo3_7b_think jid=3574090 state=PENDING
[2026-09-10T01:42:11+08:00] progress done=0/2 pending=2 failed=0
[2026-09-10T01:44:11+08:00] WAIT olmo3_7b_think jid=3574089 state=PENDING
[2026-09-10T01:44:11+08:00] WAIT olmo3_7b_think jid=3574090 state=PENDING
[2026-09-10T01:44:11+08:00] progress done=0/2 pending=2 failed=0
[2026-09-10T01:46:11+08:00] WAIT olmo3_7b_think jid=3574089 state=PENDING
[2026-09-10T01:46:11+08:00] WAIT olmo3_7b_think jid=3574090 state=PENDING
[2026-09-10T01:46:11+08:00] progress done=0/2 pending=2 failed=0
[2026-09-10T01:48:11+08:00] WAIT olmo3_7b_think jid=3574089 state=PENDING
[2026-09-10T01:48:11+08:00] WAIT olmo3_7b_think jid=3574090 state=PENDING
[2026-09-10T01:48:11+08:00] progress done=0/2 pending=2 failed=0
[2026-09-10T01:50:11+08:00] WAIT olmo3_7b_think jid=3574089 state=PENDING
[2026-09-10T01:50:11+08:00] WAIT olmo3_7b_think jid=3574090 state=PENDING
[2026-09-10T01:50:11+08:00] progress done=0/2 pending=2 failed=0
[2026-09-10T01:52:11+08:00] WAIT olmo3_7b_think jid=3574089 state=PENDING
[2026-09-10T01:52:11+08:00] WAIT olmo3_7b_think jid=3574090 state=PENDING
[2026-09-10T01:52:11+08:00] progress done=0/2 pending=2 failed=0
[2026-09-10T01:54:11+08:00] WAIT olmo3_7b_think jid=3574089 state=PENDING
[2026-09-10T01:54:11+08:00] WAIT olmo3_7b_think jid=3574090 state=PENDING
[2026-09-10T01:54:11+08:00] progress done=0/2 pending=2 failed=0
[2026-09-10T01:56:12+08:00] WAIT olmo3_7b_think jid=3574089 state=PENDING
[2026-09-10T01:56:12+08:00] WAIT olmo3_7b_think jid=3574090 state=PENDING
[2026-09-10T01:56:12+08:00] progress done=0/2 pending=2 failed=0
[2026-09-10T01:58:12+08:00] WAIT olmo3_7b_think jid=3574089 state=PENDING
[2026-09-10T01:58:12+08:00] WAIT olmo3_7b_think jid=3574090 state=PENDING
[2026-09-10T01:58:12+08:00] progress done=0/2 pending=2 failed=0
[2026-09-10T02:00:12+08:00] WAIT olmo3_7b_think jid=3574089 state=PENDING
[2026-09-10T02:00:12+08:00] WAIT olmo3_7b_think jid=3574090 state=PENDING
[2026-09-10T02:00:12+08:00] progress done=0/2 pending=2 failed=0
[2026-09-10T02:02:12+08:00] WAIT olmo3_7b_think jid=3574089 state=PENDING
[2026-09-10T02:02:12+08:00] WAIT olmo3_7b_think jid=3574090 state=PENDING
[2026-09-10T02:02:12+08:00] progress done=0/2 pending=2 failed=0
[2026-09-10T02:04:12+08:00] WAIT olmo3_7b_think jid=3574089 state=PENDING
[2026-09-10T02:04:12+08:00] WAIT olmo3_7b_think jid=3574090 state=PENDING
[2026-09-10T02:04:12+08:00] progress done=0/2 pending=2 failed=0
[2026-09-10T02:06:12+08:00] WAIT olmo3_7b_think jid=3574089 state=PENDING
[2026-09-10T02:06:12+08:00] WAIT olmo3_7b_think jid=3574090 state=PENDING
[2026-09-10T02:06:12+08:00] progress done=0/2 pending=2 failed=0
[2026-09-10T02:08:12+08:00] WAIT olmo3_7b_think jid=3574089 state=PENDING
[2026-09-10T02:08:12+08:00] WAIT olmo3_7b_think jid=3574090 state=PENDING
[2026-09-10T02:08:12+08:00] progress done=0/2 pending=2 failed=0
[2026-09-10T02:10:12+08:00] WAIT olmo3_7b_think jid=3574089 state=PENDING
[2026-09-10T02:10:12+08:00] WAIT olmo3_7b_think jid=3574090 state=PENDING
[2026-09-10T02:10:12+08:00] progress done=0/2 pending=2 failed=0
[2026-09-10T02:12:12+08:00] WAIT olmo3_7b_think jid=3574089 state=PENDING
[2026-09-10T02:12:12+08:00] WAIT olmo3_7b_think jid=3574090 state=PENDING
[2026-09-10T02:12:12+08:00] progress done=0/2 pending=2 failed=0
[2026-09-10T02:14:12+08:00] WAIT olmo3_7b_think jid=3574089 state=PENDING
[2026-09-10T02:14:12+08:00] WAIT olmo3_7b_think jid=3574090 state=PENDING
[2026-09-10T02:14:12+08:00] progress done=0/2 pending=2 failed=0
[2026-09-10T02:16:12+08:00] WAIT olmo3_7b_think jid=3574089 state=PENDING
[2026-09-10T02:16:12+08:00] WAIT olmo3_7b_think jid=3574090 state=PENDING
[2026-09-10T02:16:12+08:00] progress done=0/2 pending=2 failed=0
[2026-09-10T02:18:12+08:00] WAIT olmo3_7b_think jid=3574089 state=PENDING
[2026-09-10T02:18:12+08:00] WAIT olmo3_7b_think jid=3574090 state=PENDING
[2026-09-10T02:18:12+08:00] progress done=0/2 pending=2 failed=0
[2026-09-10T02:20:12+08:00] WAIT olmo3_7b_think jid=3574089 state=PENDING
[2026-09-10T02:20:12+08:00] WAIT olmo3_7b_think jid=3574090 state=PENDING
[2026-09-10T02:20:12+08:00] progress done=0/2 pending=2 failed=0
[2026-09-10T02:22:12+08:00] WAIT olmo3_7b_think jid=3574089 state=PENDING
[2026-09-10T02:22:12+08:00] WAIT olmo3_7b_think jid=3574090 state=PENDING
[2026-09-10T02:22:12+08:00] progress done=0/2 pending=2 failed=0
[2026-09-10T02:24:12+08:00] WAIT olmo3_7b_think jid=3574089 state=PENDING
[2026-09-10T02:24:12+08:00] WAIT olmo3_7b_think jid=3574090 state=PENDING
[2026-09-10T02:24:12+08:00] progress done=0/2 pending=2 failed=0
[2026-09-10T02:26:12+08:00] WAIT olmo3_7b_think jid=3574089 state=PENDING
[2026-09-10T02:26:12+08:00] WAIT olmo3_7b_think jid=3574090 state=PENDING
[2026-09-10T02:26:12+08:00] progress done=0/2 pending=2 failed=0
[2026-09-10T02:28:12+08:00] WAIT olmo3_7b_think jid=3574089 state=PENDING
[2026-09-10T02:28:12+08:00] WAIT olmo3_7b_think jid=3574090 state=PENDING
[2026-09-10T02:28:12+08:00] progress done=0/2 pending=2 failed=0
[2026-09-10T02:30:12+08:00] WAIT olmo3_7b_think jid=3574089 state=PENDING
[2026-09-10T02:30:12+08:00] WAIT olmo3_7b_think jid=3574090 state=PENDING
[2026-09-10T02:30:12+08:00] progress done=0/2 pending=2 failed=0
[2026-09-10T02:32:12+08:00] WAIT olmo3_7b_think jid=3574089 state=PENDING
[2026-09-10T02:32:12+08:00] WAIT olmo3_7b_think jid=3574090 state=PENDING
[2026-09-10T02:32:12+08:00] progress done=0/2 pending=2 failed=0
[2026-09-10T02:34:12+08:00] WAIT olmo3_7b_think jid=3574089 state=PENDING
[2026-09-10T02:34:12+08:00] WAIT olmo3_7b_think jid=3574090 state=PENDING
[2026-09-10T02:34:12+08:00] progress done=0/2 pending=2 failed=0
[2026-09-10T02:36:12+08:00] WAIT olmo3_7b_think jid=3574089 state=PENDING
[2026-09-10T02:36:12+08:00] WAIT olmo3_7b_think jid=3574090 state=PENDING
[2026-09-10T02:36:12+08:00] progress done=0/2 pending=2 failed=0
[2026-09-10T02:38:12+08:00] WAIT olmo3_7b_think jid=3574089 state=PENDING
[2026-09-10T02:38:12+08:00] WAIT olmo3_7b_think jid=3574090 state=PENDING
[2026-09-10T02:38:12+08:00] progress done=0/2 pending=2 failed=0
[2026-09-10T02:40:12+08:00] WAIT olmo3_7b_think jid=3574089 state=PENDING
[2026-09-10T02:40:12+08:00] WAIT olmo3_7b_think jid=3574090 state=PENDING
[2026-09-10T02:40:12+08:00] progress done=0/2 pending=2 failed=0
[2026-09-10T02:42:12+08:00] WAIT olmo3_7b_think jid=3574089 state=PENDING
[2026-09-10T02:42:12+08:00] WAIT olmo3_7b_think jid=3574090 state=PENDING
[2026-09-10T02:42:12+08:00] progress done=0/2 pending=2 failed=0
[2026-09-10T02:44:12+08:00] WAIT olmo3_7b_think jid=3574089 state=PENDING
[2026-09-10T02:44:12+08:00] WAIT olmo3_7b_think jid=3574090 state=PENDING
[2026-09-10T02:44:12+08:00] progress done=0/2 pending=2 failed=0
[2026-09-10T02:46:12+08:00] WAIT olmo3_7b_think jid=3574089 state=PENDING
[2026-09-10T02:46:12+08:00] WAIT olmo3_7b_think jid=3574090 state=PENDING
[2026-09-10T02:46:12+08:00] progress done=0/2 pending=2 failed=0
[2026-09-10T02:48:12+08:00] WAIT olmo3_7b_think jid=3574089 state=PENDING
[2026-09-10T02:48:12+08:00] WAIT olmo3_7b_think jid=3574090 state=PENDING
[2026-09-10T02:48:12+08:00] progress done=0/2 pending=2 failed=0
[2026-09-10T02:50:12+08:00] WAIT olmo3_7b_think jid=3574089 state=PENDING
[2026-09-10T02:50:12+08:00] WAIT olmo3_7b_think jid=3574090 state=PENDING
[2026-09-10T02:50:12+08:00] progress done=0/2 pending=2 failed=0
[2026-09-10T02:52:12+08:00] WAIT olmo3_7b_think jid=3574089 state=PENDING
[2026-09-10T02:52:12+08:00] WAIT olmo3_7b_think jid=3574090 state=PENDING
[2026-09-10T02:52:12+08:00] progress done=0/2 pending=2 failed=0
[2026-09-10T02:54:12+08:00] WAIT olmo3_7b_think jid=3574089 state=PENDING
[2026-09-10T02:54:12+08:00] WAIT olmo3_7b_think jid=3574090 state=PENDING
[2026-09-10T02:54:12+08:00] progress done=0/2 pending=2 failed=0
[2026-09-10T02:56:12+08:00] WAIT olmo3_7b_think jid=3574089 state=PENDING
[2026-09-10T02:56:12+08:00] WAIT olmo3_7b_think jid=3574090 state=PENDING
[2026-09-10T02:56:12+08:00] progress done=0/2 pending=2 failed=0
[2026-09-10T02:58:12+08:00] WAIT olmo3_7b_think jid=3574089 state=PENDING
[2026-09-10T02:58:12+08:00] WAIT olmo3_7b_think jid=3574090 state=PENDING
[2026-09-10T02:58:12+08:00] progress done=0/2 pending=2 failed=0
[2026-09-10T03:00:12+08:00] WAIT olmo3_7b_think jid=3574089 state=PENDING
[2026-09-10T03:00:12+08:00] WAIT olmo3_7b_think jid=3574090 state=PENDING
[2026-09-10T03:00:12+08:00] progress done=0/2 pending=2 failed=0
[2026-09-10T03:02:12+08:00] WAIT olmo3_7b_think jid=3574089 state=PENDING
[2026-09-10T03:02:12+08:00] WAIT olmo3_7b_think jid=3574090 state=PENDING
[2026-09-10T03:02:12+08:00] progress done=0/2 pending=2 failed=0
[2026-09-10T03:04:12+08:00] WAIT olmo3_7b_think jid=3574089 state=PENDING
[2026-09-10T03:04:12+08:00] WAIT olmo3_7b_think jid=3574090 state=PENDING
[2026-09-10T03:04:12+08:00] progress done=0/2 pending=2 failed=0
[2026-09-10T03:06:12+08:00] WAIT olmo3_7b_think jid=3574089 state=PENDING
[2026-09-10T03:06:12+08:00] WAIT olmo3_7b_think jid=3574090 state=PENDING
[2026-09-10T03:06:12+08:00] progress done=0/2 pending=2 failed=0
[2026-09-10T03:08:12+08:00] WAIT olmo3_7b_think jid=3574089 state=PENDING
[2026-09-10T03:08:12+08:00] WAIT olmo3_7b_think jid=3574090 state=PENDING
[2026-09-10T03:08:12+08:00] progress done=0/2 pending=2 failed=0
[2026-09-10T03:10:12+08:00] WAIT olmo3_7b_think jid=3574089 state=PENDING
[2026-09-10T03:10:12+08:00] WAIT olmo3_7b_think jid=3574090 state=PENDING
[2026-09-10T03:10:12+08:00] progress done=0/2 pending=2 failed=0
[2026-09-10T03:12:12+08:00] WAIT olmo3_7b_think jid=3574089 state=PENDING
[2026-09-10T03:12:12+08:00] WAIT olmo3_7b_think jid=3574090 state=PENDING
[2026-09-10T03:12:12+08:00] progress done=0/2 pending=2 failed=0
[2026-09-10T03:14:12+08:00] WAIT olmo3_7b_think jid=3574089 state=PENDING
[2026-09-10T03:14:12+08:00] WAIT olmo3_7b_think jid=3574090 state=PENDING
[2026-09-10T03:14:12+08:00] progress done=0/2 pending=2 failed=0
[2026-09-10T03:16:12+08:00] WAIT olmo3_7b_think jid=3574089 state=PENDING
[2026-09-10T03:16:12+08:00] WAIT olmo3_7b_think jid=3574090 state=PENDING
[2026-09-10T03:16:12+08:00] progress done=0/2 pending=2 failed=0
[2026-09-10T03:18:12+08:00] WAIT olmo3_7b_think jid=3574089 state=PENDING
[2026-09-10T03:18:12+08:00] WAIT olmo3_7b_think jid=3574090 state=PENDING
[2026-09-10T03:18:12+08:00] progress done=0/2 pending=2 failed=0
[2026-09-10T03:20:12+08:00] WAIT olmo3_7b_think jid=3574089 state=PENDING
[2026-09-10T03:20:13+08:00] WAIT olmo3_7b_think jid=3574090 state=PENDING
[2026-09-10T03:20:13+08:00] progress done=0/2 pending=2 failed=0
[2026-09-10T03:22:13+08:00] WAIT olmo3_7b_think jid=3574089 state=PENDING
[2026-09-10T03:22:13+08:00] WAIT olmo3_7b_think jid=3574090 state=PENDING
[2026-09-10T03:22:13+08:00] progress done=0/2 pending=2 failed=0
[2026-09-10T03:24:13+08:00] WAIT olmo3_7b_think jid=3574089 state=PENDING
[2026-09-10T03:24:13+08:00] WAIT olmo3_7b_think jid=3574090 state=PENDING
[2026-09-10T03:24:13+08:00] progress done=0/2 pending=2 failed=0
[2026-09-10T03:26:13+08:00] WAIT olmo3_7b_think jid=3574089 state=PENDING
[2026-09-10T03:26:13+08:00] WAIT olmo3_7b_think jid=3574090 state=PENDING
[2026-09-10T03:26:13+08:00] progress done=0/2 pending=2 failed=0
[2026-09-10T03:28:13+08:00] WAIT olmo3_7b_think jid=3574089 state=PENDING
[2026-09-10T03:28:13+08:00] WAIT olmo3_7b_think jid=3574090 state=PENDING
[2026-09-10T03:28:13+08:00] progress done=0/2 pending=2 failed=0
[2026-09-10T03:30:13+08:00] WAIT olmo3_7b_think jid=3574089 state=PENDING
[2026-09-10T03:30:13+08:00] WAIT olmo3_7b_think jid=3574090 state=PENDING
[2026-09-10T03:30:13+08:00] progress done=0/2 pending=2 failed=0
[2026-09-10T03:32:13+08:00] WAIT olmo3_7b_think jid=3574089 state=PENDING
[2026-09-10T03:32:13+08:00] WAIT olmo3_7b_think jid=3574090 state=PENDING
[2026-09-10T03:32:13+08:00] progress done=0/2 pending=2 failed=0
[2026-09-10T03:34:13+08:00] WAIT olmo3_7b_think jid=3574089 state=PENDING
[2026-09-10T03:34:13+08:00] WAIT olmo3_7b_think jid=3574090 state=PENDING
[2026-09-10T03:34:13+08:00] progress done=0/2 pending=2 failed=0
[2026-09-10T03:36:13+08:00] WAIT olmo3_7b_think jid=3574089 state=PENDING
[2026-09-10T03:36:13+08:00] WAIT olmo3_7b_think jid=3574090 state=PENDING
[2026-09-10T03:36:13+08:00] progress done=0/2 pending=2 failed=0
[2026-09-10T03:38:13+08:00] WAIT olmo3_7b_think jid=3574089 state=PENDING
[2026-09-10T03:38:13+08:00] WAIT olmo3_7b_think jid=3574090 state=PENDING
[2026-09-10T03:38:13+08:00] progress done=0/2 pending=2 failed=0
[2026-09-10T03:40:13+08:00] WAIT olmo3_7b_think jid=3574089 state=PENDING
[2026-09-10T03:40:13+08:00] WAIT olmo3_7b_think jid=3574090 state=PENDING
[2026-09-10T03:40:13+08:00] progress done=0/2 pending=2 failed=0
[2026-09-10T03:42:13+08:00] WAIT olmo3_7b_think jid=3574089 state=PENDING
[2026-09-10T03:42:13+08:00] WAIT olmo3_7b_think jid=3574090 state=PENDING
[2026-09-10T03:42:13+08:00] progress done=0/2 pending=2 failed=0
[2026-09-10T03:44:13+08:00] WAIT olmo3_7b_think jid=3574089 state=PENDING
[2026-09-10T03:44:13+08:00] WAIT olmo3_7b_think jid=3574090 state=PENDING
[2026-09-10T03:44:13+08:00] progress done=0/2 pending=2 failed=0
[2026-09-10T03:46:13+08:00] WAIT olmo3_7b_think jid=3574089 state=PENDING
[2026-09-10T03:46:13+08:00] WAIT olmo3_7b_think jid=3574090 state=PENDING
[2026-09-10T03:46:13+08:00] progress done=0/2 pending=2 failed=0
[2026-09-10T03:48:13+08:00] WAIT olmo3_7b_think jid=3574089 state=PENDING
[2026-09-10T03:48:13+08:00] WAIT olmo3_7b_think jid=3574090 state=PENDING
[2026-09-10T03:48:13+08:00] progress done=0/2 pending=2 failed=0
[2026-09-10T03:50:13+08:00] WAIT olmo3_7b_think jid=3574089 state=PENDING
[2026-09-10T03:50:13+08:00] WAIT olmo3_7b_think jid=3574090 state=PENDING
[2026-09-10T03:50:13+08:00] progress done=0/2 pending=2 failed=0
[2026-09-10T03:52:13+08:00] WAIT olmo3_7b_think jid=3574089 state=PENDING
[2026-09-10T03:52:13+08:00] WAIT olmo3_7b_think jid=3574090 state=PENDING
[2026-09-10T03:52:13+08:00] progress done=0/2 pending=2 failed=0
[2026-09-10T03:54:13+08:00] WAIT olmo3_7b_think jid=3574089 state=PENDING
[2026-09-10T03:54:13+08:00] WAIT olmo3_7b_think jid=3574090 state=PENDING
[2026-09-10T03:54:13+08:00] progress done=0/2 pending=2 failed=0
[2026-09-10T03:56:13+08:00] WAIT olmo3_7b_think jid=3574089 state=PENDING
[2026-09-10T03:56:13+08:00] WAIT olmo3_7b_think jid=3574090 state=PENDING
[2026-09-10T03:56:13+08:00] progress done=0/2 pending=2 failed=0
[2026-09-10T03:58:13+08:00] WAIT olmo3_7b_think jid=3574089 state=PENDING
[2026-09-10T03:58:13+08:00] WAIT olmo3_7b_think jid=3574090 state=PENDING
[2026-09-10T03:58:13+08:00] progress done=0/2 pending=2 failed=0
[2026-09-10T04:00:13+08:00] WAIT olmo3_7b_think jid=3574089 state=PENDING
[2026-09-10T04:00:13+08:00] WAIT olmo3_7b_think jid=3574090 state=PENDING
[2026-09-10T04:00:13+08:00] progress done=0/2 pending=2 failed=0
[2026-09-10T04:02:13+08:00] WAIT olmo3_7b_think jid=3574089 state=PENDING
[2026-09-10T04:02:13+08:00] WAIT olmo3_7b_think jid=3574090 state=PENDING
[2026-09-10T04:02:13+08:00] progress done=0/2 pending=2 failed=0
[2026-09-10T04:04:13+08:00] WAIT olmo3_7b_think jid=3574089 state=PENDING
[2026-09-10T04:04:13+08:00] WAIT olmo3_7b_think jid=3574090 state=PENDING
[2026-09-10T04:04:13+08:00] progress done=0/2 pending=2 failed=0
[2026-09-10T04:06:13+08:00] WAIT olmo3_7b_think jid=3574089 state=PENDING
[2026-09-10T04:06:13+08:00] WAIT olmo3_7b_think jid=3574090 state=PENDING
[2026-09-10T04:06:13+08:00] progress done=0/2 pending=2 failed=0
[2026-09-10T04:08:13+08:00] WAIT olmo3_7b_think jid=3574089 state=PENDING
[2026-09-10T04:08:13+08:00] WAIT olmo3_7b_think jid=3574090 state=PENDING
[2026-09-10T04:08:13+08:00] progress done=0/2 pending=2 failed=0
[2026-09-10T04:10:13+08:00] WAIT olmo3_7b_think jid=3574089 state=PENDING
[2026-09-10T04:10:13+08:00] WAIT olmo3_7b_think jid=3574090 state=PENDING
[2026-09-10T04:10:13+08:00] progress done=0/2 pending=2 failed=0
[2026-09-10T04:12:13+08:00] WAIT olmo3_7b_think jid=3574089 state=PENDING
[2026-09-10T04:12:13+08:00] WAIT olmo3_7b_think jid=3574090 state=PENDING
[2026-09-10T04:12:13+08:00] progress done=0/2 pending=2 failed=0
[2026-09-10T04:14:13+08:00] WAIT olmo3_7b_think jid=3574089 state=PENDING
[2026-09-10T04:14:13+08:00] WAIT olmo3_7b_think jid=3574090 state=PENDING
[2026-09-10T04:14:13+08:00] progress done=0/2 pending=2 failed=0
[2026-09-10T04:16:13+08:00] WAIT olmo3_7b_think jid=3574089 state=PENDING
[2026-09-10T04:16:13+08:00] WAIT olmo3_7b_think jid=3574090 state=PENDING
[2026-09-10T04:16:13+08:00] progress done=0/2 pending=2 failed=0
[2026-09-10T04:18:13+08:00] WAIT olmo3_7b_think jid=3574089 state=PENDING
[2026-09-10T04:18:13+08:00] WAIT olmo3_7b_think jid=3574090 state=PENDING
[2026-09-10T04:18:13+08:00] progress done=0/2 pending=2 failed=0
[2026-09-10T04:20:13+08:00] WAIT olmo3_7b_think jid=3574089 state=PENDING
[2026-09-10T04:20:13+08:00] WAIT olmo3_7b_think jid=3574090 state=PENDING
[2026-09-10T04:20:13+08:00] progress done=0/2 pending=2 failed=0
[2026-09-10T04:22:13+08:00] WAIT olmo3_7b_think jid=3574089 state=PENDING
[2026-09-10T04:22:13+08:00] WAIT olmo3_7b_think jid=3574090 state=PENDING
[2026-09-10T04:22:13+08:00] progress done=0/2 pending=2 failed=0
[2026-09-10T04:24:13+08:00] WAIT olmo3_7b_think jid=3574089 state=PENDING
[2026-09-10T04:24:13+08:00] WAIT olmo3_7b_think jid=3574090 state=PENDING
[2026-09-10T04:24:13+08:00] progress done=0/2 pending=2 failed=0
[2026-09-10T04:26:13+08:00] WAIT olmo3_7b_think jid=3574089 state=PENDING
[2026-09-10T04:26:13+08:00] WAIT olmo3_7b_think jid=3574090 state=PENDING
[2026-09-10T04:26:13+08:00] progress done=0/2 pending=2 failed=0
[2026-09-10T04:28:13+08:00] WAIT olmo3_7b_think jid=3574089 state=PENDING
[2026-09-10T04:28:13+08:00] WAIT olmo3_7b_think jid=3574090 state=PENDING
[2026-09-10T04:28:13+08:00] progress done=0/2 pending=2 failed=0
[2026-09-10T04:30:13+08:00] WAIT olmo3_7b_think jid=3574089 state=PENDING
[2026-09-10T04:30:13+08:00] WAIT olmo3_7b_think jid=3574090 state=PENDING
[2026-09-10T04:30:13+08:00] progress done=0/2 pending=2 failed=0
[2026-09-10T04:32:13+08:00] WAIT olmo3_7b_think jid=3574089 state=PENDING
[2026-09-10T04:32:13+08:00] WAIT olmo3_7b_think jid=3574090 state=PENDING
[2026-09-10T04:32:13+08:00] progress done=0/2 pending=2 failed=0
[2026-09-10T04:34:13+08:00] WAIT olmo3_7b_think jid=3574089 state=PENDING
[2026-09-10T04:34:13+08:00] WAIT olmo3_7b_think jid=3574090 state=PENDING
[2026-09-10T04:34:13+08:00] progress done=0/2 pending=2 failed=0
[2026-09-10T04:36:13+08:00] WAIT olmo3_7b_think jid=3574089 state=PENDING
[2026-09-10T04:36:13+08:00] WAIT olmo3_7b_think jid=3574090 state=PENDING
[2026-09-10T04:36:13+08:00] progress done=0/2 pending=2 failed=0
[2026-09-10T04:38:13+08:00] WAIT olmo3_7b_think jid=3574089 state=PENDING
[2026-09-10T04:38:13+08:00] WAIT olmo3_7b_think jid=3574090 state=PENDING
[2026-09-10T04:38:13+08:00] progress done=0/2 pending=2 failed=0
[2026-09-10T04:40:13+08:00] WAIT olmo3_7b_think jid=3574089 state=PENDING
[2026-09-10T04:40:13+08:00] WAIT olmo3_7b_think jid=3574090 state=PENDING
[2026-09-10T04:40:13+08:00] progress done=0/2 pending=2 failed=0
[2026-09-10T04:42:13+08:00] WAIT olmo3_7b_think jid=3574089 state=PENDING
[2026-09-10T04:42:14+08:00] WAIT olmo3_7b_think jid=3574090 state=PENDING
[2026-09-10T04:42:14+08:00] progress done=0/2 pending=2 failed=0
[2026-09-10T04:44:14+08:00] WAIT olmo3_7b_think jid=3574089 state=PENDING
[2026-09-10T04:44:14+08:00] WAIT olmo3_7b_think jid=3574090 state=PENDING
[2026-09-10T04:44:14+08:00] progress done=0/2 pending=2 failed=0
[2026-09-10T04:46:14+08:00] WAIT olmo3_7b_think jid=3574089 state=PENDING
[2026-09-10T04:46:14+08:00] WAIT olmo3_7b_think jid=3574090 state=PENDING
[2026-09-10T04:46:14+08:00] progress done=0/2 pending=2 failed=0
[2026-09-10T04:48:14+08:00] WAIT olmo3_7b_think jid=3574089 state=PENDING
[2026-09-10T04:48:14+08:00] WAIT olmo3_7b_think jid=3574090 state=PENDING
[2026-09-10T04:48:14+08:00] progress done=0/2 pending=2 failed=0
[2026-09-10T04:50:14+08:00] WAIT olmo3_7b_think jid=3574089 state=PENDING
[2026-09-10T04:50:14+08:00] WAIT olmo3_7b_think jid=3574090 state=PENDING
[2026-09-10T04:50:14+08:00] progress done=0/2 pending=2 failed=0
[2026-09-10T04:52:14+08:00] WAIT olmo3_7b_think jid=3574089 state=PENDING
[2026-09-10T04:52:14+08:00] WAIT olmo3_7b_think jid=3574090 state=PENDING
[2026-09-10T04:52:14+08:00] progress done=0/2 pending=2 failed=0
[2026-09-10T04:54:14+08:00] WAIT olmo3_7b_think jid=3574089 state=PENDING
[2026-09-10T04:54:14+08:00] WAIT olmo3_7b_think jid=3574090 state=PENDING
[2026-09-10T04:54:14+08:00] progress done=0/2 pending=2 failed=0
[2026-09-10T04:56:14+08:00] WAIT olmo3_7b_think jid=3574089 state=PENDING
[2026-09-10T04:56:14+08:00] WAIT olmo3_7b_think jid=3574090 state=PENDING
[2026-09-10T04:56:14+08:00] progress done=0/2 pending=2 failed=0
[2026-09-10T04:58:14+08:00] WAIT olmo3_7b_think jid=3574089 state=PENDING
[2026-09-10T04:58:14+08:00] WAIT olmo3_7b_think jid=3574090 state=PENDING
[2026-09-10T04:58:14+08:00] progress done=0/2 pending=2 failed=0
[2026-09-10T05:00:14+08:00] WAIT olmo3_7b_think jid=3574089 state=PENDING
[2026-09-10T05:00:14+08:00] WAIT olmo3_7b_think jid=3574090 state=PENDING
[2026-09-10T05:00:14+08:00] progress done=0/2 pending=2 failed=0
[2026-09-10T05:02:14+08:00] WAIT olmo3_7b_think jid=3574089 state=PENDING
[2026-09-10T05:02:14+08:00] WAIT olmo3_7b_think jid=3574090 state=PENDING
[2026-09-10T05:02:14+08:00] progress done=0/2 pending=2 failed=0
[2026-09-10T05:04:14+08:00] WAIT olmo3_7b_think jid=3574089 state=PENDING
[2026-09-10T05:04:14+08:00] WAIT olmo3_7b_think jid=3574090 state=PENDING
[2026-09-10T05:04:14+08:00] progress done=0/2 pending=2 failed=0
[2026-09-10T05:06:14+08:00] WAIT olmo3_7b_think jid=3574089 state=PENDING
[2026-09-10T05:06:14+08:00] WAIT olmo3_7b_think jid=3574090 state=PENDING
[2026-09-10T05:06:14+08:00] progress done=0/2 pending=2 failed=0
[2026-09-10T05:08:14+08:00] WAIT olmo3_7b_think jid=3574089 state=PENDING
[2026-09-10T05:08:14+08:00] WAIT olmo3_7b_think jid=3574090 state=PENDING
[2026-09-10T05:08:14+08:00] progress done=0/2 pending=2 failed=0
[2026-09-10T05:10:14+08:00] WAIT olmo3_7b_think jid=3574089 state=PENDING
[2026-09-10T05:10:14+08:00] WAIT olmo3_7b_think jid=3574090 state=PENDING
[2026-09-10T05:10:14+08:00] progress done=0/2 pending=2 failed=0
[2026-09-10T05:12:14+08:00] WAIT olmo3_7b_think jid=3574089 state=PENDING
[2026-09-10T05:12:14+08:00] WAIT olmo3_7b_think jid=3574090 state=PENDING
[2026-09-10T05:12:14+08:00] progress done=0/2 pending=2 failed=0
[2026-09-10T05:14:14+08:00] WAIT olmo3_7b_think jid=3574089 state=PENDING
[2026-09-10T05:14:14+08:00] WAIT olmo3_7b_think jid=3574090 state=PENDING
[2026-09-10T05:14:14+08:00] progress done=0/2 pending=2 failed=0
[2026-09-10T05:16:14+08:00] WAIT olmo3_7b_think jid=3574089 state=PENDING
[2026-09-10T05:16:14+08:00] WAIT olmo3_7b_think jid=3574090 state=PENDING
[2026-09-10T05:16:14+08:00] progress done=0/2 pending=2 failed=0
[2026-09-10T05:18:14+08:00] WAIT olmo3_7b_think jid=3574089 state=PENDING
[2026-09-10T05:18:14+08:00] WAIT olmo3_7b_think jid=3574090 state=PENDING
[2026-09-10T05:18:14+08:00] progress done=0/2 pending=2 failed=0
[2026-09-10T05:20:14+08:00] WAIT olmo3_7b_think jid=3574089 state=PENDING
[2026-09-10T05:20:14+08:00] WAIT olmo3_7b_think jid=3574090 state=PENDING
[2026-09-10T05:20:14+08:00] progress done=0/2 pending=2 failed=0
[2026-09-10T05:22:14+08:00] WAIT olmo3_7b_think jid=3574089 state=PENDING
[2026-09-10T05:22:14+08:00] WAIT olmo3_7b_think jid=3574090 state=PENDING
[2026-09-10T05:22:14+08:00] progress done=0/2 pending=2 failed=0
[2026-09-10T05:24:14+08:00] WAIT olmo3_7b_think jid=3574089 state=PENDING
[2026-09-10T05:24:14+08:00] WAIT olmo3_7b_think jid=3574090 state=PENDING
[2026-09-10T05:24:14+08:00] progress done=0/2 pending=2 failed=0
[2026-09-10T05:26:14+08:00] WAIT olmo3_7b_think jid=3574089 state=PENDING
[2026-09-10T05:26:14+08:00] WAIT olmo3_7b_think jid=3574090 state=PENDING
[2026-09-10T05:26:14+08:00] progress done=0/2 pending=2 failed=0
[2026-09-10T05:28:14+08:00] WAIT olmo3_7b_think jid=3574089 state=PENDING
[2026-09-10T05:28:14+08:00] WAIT olmo3_7b_think jid=3574090 state=PENDING
[2026-09-10T05:28:14+08:00] progress done=0/2 pending=2 failed=0
[2026-09-10T05:30:14+08:00] WAIT olmo3_7b_think jid=3574089 state=PENDING
[2026-09-10T05:30:14+08:00] WAIT olmo3_7b_think jid=3574090 state=PENDING
[2026-09-10T05:30:14+08:00] progress done=0/2 pending=2 failed=0
[2026-09-10T05:32:14+08:00] WAIT olmo3_7b_think jid=3574089 state=PENDING
[2026-09-10T05:32:14+08:00] WAIT olmo3_7b_think jid=3574090 state=PENDING
[2026-09-10T05:32:14+08:00] progress done=0/2 pending=2 failed=0
[2026-09-10T05:34:14+08:00] WAIT olmo3_7b_think jid=3574089 state=PENDING
[2026-09-10T05:34:14+08:00] WAIT olmo3_7b_think jid=3574090 state=PENDING
[2026-09-10T05:34:14+08:00] progress done=0/2 pending=2 failed=0
[2026-09-10T05:36:14+08:00] WAIT olmo3_7b_think jid=3574089 state=PENDING
[2026-09-10T05:36:14+08:00] WAIT olmo3_7b_think jid=3574090 state=PENDING
[2026-09-10T05:36:14+08:00] progress done=0/2 pending=2 failed=0
[2026-09-10T05:38:14+08:00] WAIT olmo3_7b_think jid=3574089 state=PENDING
[2026-09-10T05:38:14+08:00] WAIT olmo3_7b_think jid=3574090 state=PENDING
[2026-09-10T05:38:14+08:00] progress done=0/2 pending=2 failed=0
[2026-09-10T05:40:14+08:00] WAIT olmo3_7b_think jid=3574089 state=PENDING
[2026-09-10T05:40:14+08:00] WAIT olmo3_7b_think jid=3574090 state=PENDING
[2026-09-10T05:40:14+08:00] progress done=0/2 pending=2 failed=0
[2026-09-10T05:42:14+08:00] WAIT olmo3_7b_think jid=3574089 state=PENDING
[2026-09-10T05:42:14+08:00] WAIT olmo3_7b_think jid=3574090 state=PENDING
[2026-09-10T05:42:14+08:00] progress done=0/2 pending=2 failed=0
[2026-09-10T05:44:14+08:00] WAIT olmo3_7b_think jid=3574089 state=PENDING
[2026-09-10T05:44:14+08:00] WAIT olmo3_7b_think jid=3574090 state=PENDING
[2026-09-10T05:44:14+08:00] progress done=0/2 pending=2 failed=0
[2026-09-10T05:46:14+08:00] WAIT olmo3_7b_think jid=3574089 state=PENDING
[2026-09-10T05:46:14+08:00] WAIT olmo3_7b_think jid=3574090 state=PENDING
[2026-09-10T05:46:14+08:00] progress done=0/2 pending=2 failed=0
[2026-09-10T05:48:14+08:00] WAIT olmo3_7b_think jid=3574089 state=PENDING
[2026-09-10T05:48:14+08:00] WAIT olmo3_7b_think jid=3574090 state=PENDING
[2026-09-10T05:48:14+08:00] progress done=0/2 pending=2 failed=0
[2026-09-10T05:50:14+08:00] WAIT olmo3_7b_think jid=3574089 state=PENDING
[2026-09-10T05:50:14+08:00] WAIT olmo3_7b_think jid=3574090 state=PENDING
[2026-09-10T05:50:14+08:00] progress done=0/2 pending=2 failed=0
[2026-09-10T05:52:14+08:00] WAIT olmo3_7b_think jid=3574089 state=PENDING
[2026-09-10T05:52:14+08:00] WAIT olmo3_7b_think jid=3574090 state=PENDING
[2026-09-10T05:52:14+08:00] progress done=0/2 pending=2 failed=0
[2026-09-10T05:54:14+08:00] WAIT olmo3_7b_think jid=3574089 state=PENDING
[2026-09-10T05:54:14+08:00] WAIT olmo3_7b_think jid=3574090 state=PENDING
[2026-09-10T05:54:14+08:00] progress done=0/2 pending=2 failed=0
[2026-09-10T05:56:14+08:00] WAIT olmo3_7b_think jid=3574089 state=PENDING
[2026-09-10T05:56:14+08:00] WAIT olmo3_7b_think jid=3574090 state=PENDING
[2026-09-10T05:56:14+08:00] progress done=0/2 pending=2 failed=0
[2026-09-10T05:58:14+08:00] WAIT olmo3_7b_think jid=3574089 state=PENDING
[2026-09-10T05:58:14+08:00] WAIT olmo3_7b_think jid=3574090 state=PENDING
[2026-09-10T05:58:14+08:00] progress done=0/2 pending=2 failed=0
[2026-09-10T06:00:14+08:00] WAIT olmo3_7b_think jid=3574089 state=PENDING
[2026-09-10T06:00:14+08:00] WAIT olmo3_7b_think jid=3574090 state=PENDING
[2026-09-10T06:00:14+08:00] progress done=0/2 pending=2 failed=0
[2026-09-10T06:02:14+08:00] WAIT olmo3_7b_think jid=3574089 state=PENDING
[2026-09-10T06:02:14+08:00] WAIT olmo3_7b_think jid=3574090 state=PENDING
[2026-09-10T06:02:14+08:00] progress done=0/2 pending=2 failed=0
[2026-09-10T06:04:14+08:00] WAIT olmo3_7b_think jid=3574089 state=PENDING
[2026-09-10T06:04:14+08:00] WAIT olmo3_7b_think jid=3574090 state=PENDING
[2026-09-10T06:04:14+08:00] progress done=0/2 pending=2 failed=0
[2026-09-10T06:06:14+08:00] WAIT olmo3_7b_think jid=3574089 state=PENDING
[2026-09-10T06:06:15+08:00] WAIT olmo3_7b_think jid=3574090 state=PENDING
[2026-09-10T06:06:15+08:00] progress done=0/2 pending=2 failed=0
[2026-09-10T06:08:15+08:00] WAIT olmo3_7b_think jid=3574089 state=PENDING
[2026-09-10T06:08:15+08:00] WAIT olmo3_7b_think jid=3574090 state=PENDING
[2026-09-10T06:08:15+08:00] progress done=0/2 pending=2 failed=0
[2026-09-10T06:10:15+08:00] WAIT olmo3_7b_think jid=3574089 state=PENDING
[2026-09-10T06:10:15+08:00] WAIT olmo3_7b_think jid=3574090 state=PENDING
[2026-09-10T06:10:15+08:00] progress done=0/2 pending=2 failed=0
[2026-09-10T06:12:15+08:00] WAIT olmo3_7b_think jid=3574089 state=PENDING
[2026-09-10T06:12:15+08:00] WAIT olmo3_7b_think jid=3574090 state=PENDING
[2026-09-10T06:12:15+08:00] progress done=0/2 pending=2 failed=0
[2026-09-10T06:14:15+08:00] WAIT olmo3_7b_think jid=3574089 state=PENDING
[2026-09-10T06:14:15+08:00] WAIT olmo3_7b_think jid=3574090 state=PENDING
[2026-09-10T06:14:15+08:00] progress done=0/2 pending=2 failed=0
[2026-09-10T06:16:15+08:00] WAIT olmo3_7b_think jid=3574089 state=PENDING
[2026-09-10T06:16:15+08:00] WAIT olmo3_7b_think jid=3574090 state=PENDING
[2026-09-10T06:16:15+08:00] progress done=0/2 pending=2 failed=0
[2026-09-10T06:18:15+08:00] WAIT olmo3_7b_think jid=3574089 state=PENDING
[2026-09-10T06:18:15+08:00] WAIT olmo3_7b_think jid=3574090 state=PENDING
[2026-09-10T06:18:15+08:00] progress done=0/2 pending=2 failed=0
[2026-09-10T06:20:15+08:00] WAIT olmo3_7b_think jid=3574089 state=PENDING
[2026-09-10T06:20:15+08:00] WAIT olmo3_7b_think jid=3574090 state=PENDING
[2026-09-10T06:20:15+08:00] progress done=0/2 pending=2 failed=0
[2026-09-10T06:22:15+08:00] WAIT olmo3_7b_think jid=3574089 state=PENDING
[2026-09-10T06:22:15+08:00] WAIT olmo3_7b_think jid=3574090 state=PENDING
[2026-09-10T06:22:15+08:00] progress done=0/2 pending=2 failed=0
[2026-09-10T06:24:15+08:00] WAIT olmo3_7b_think jid=3574089 state=PENDING
[2026-09-10T06:24:15+08:00] WAIT olmo3_7b_think jid=3574090 state=PENDING
[2026-09-10T06:24:15+08:00] progress done=0/2 pending=2 failed=0
[2026-09-10T06:26:15+08:00] WAIT olmo3_7b_think jid=3574089 state=PENDING
[2026-09-10T06:26:15+08:00] WAIT olmo3_7b_think jid=3574090 state=PENDING
[2026-09-10T06:26:15+08:00] progress done=0/2 pending=2 failed=0
[2026-09-10T06:28:15+08:00] WAIT olmo3_7b_think jid=3574089 state=PENDING
[2026-09-10T06:28:15+08:00] WAIT olmo3_7b_think jid=3574090 state=PENDING
[2026-09-10T06:28:15+08:00] progress done=0/2 pending=2 failed=0
[2026-09-10T06:30:15+08:00] WAIT olmo3_7b_think jid=3574089 state=PENDING
[2026-09-10T06:30:15+08:00] WAIT olmo3_7b_think jid=3574090 state=PENDING
[2026-09-10T06:30:15+08:00] progress done=0/2 pending=2 failed=0
[2026-09-10T06:32:15+08:00] WAIT olmo3_7b_think jid=3574089 state=PENDING
[2026-09-10T06:32:15+08:00] WAIT olmo3_7b_think jid=3574090 state=PENDING
[2026-09-10T06:32:15+08:00] progress done=0/2 pending=2 failed=0
[2026-09-10T06:34:15+08:00] WAIT olmo3_7b_think jid=3574089 state=PENDING
[2026-09-10T06:34:15+08:00] WAIT olmo3_7b_think jid=3574090 state=PENDING
[2026-09-10T06:34:15+08:00] progress done=0/2 pending=2 failed=0
[2026-09-10T06:36:15+08:00] WAIT olmo3_7b_think jid=3574089 state=PENDING
[2026-09-10T06:36:15+08:00] WAIT olmo3_7b_think jid=3574090 state=PENDING
[2026-09-10T06:36:15+08:00] progress done=0/2 pending=2 failed=0
[2026-09-10T06:38:15+08:00] WAIT olmo3_7b_think jid=3574089 state=PENDING
[2026-09-10T06:38:15+08:00] WAIT olmo3_7b_think jid=3574090 state=PENDING
[2026-09-10T06:38:15+08:00] progress done=0/2 pending=2 failed=0
[2026-09-10T06:40:15+08:00] WAIT olmo3_7b_think jid=3574089 state=PENDING
[2026-09-10T06:40:15+08:00] WAIT olmo3_7b_think jid=3574090 state=PENDING
[2026-09-10T06:40:15+08:00] progress done=0/2 pending=2 failed=0
[2026-09-10T06:42:15+08:00] WAIT olmo3_7b_think jid=3574089 state=PENDING
[2026-09-10T06:42:15+08:00] WAIT olmo3_7b_think jid=3574090 state=PENDING
[2026-09-10T06:42:15+08:00] progress done=0/2 pending=2 failed=0
[2026-09-10T06:44:15+08:00] WAIT olmo3_7b_think jid=3574089 state=PENDING
[2026-09-10T06:44:15+08:00] WAIT olmo3_7b_think jid=3574090 state=PENDING
[2026-09-10T06:44:15+08:00] progress done=0/2 pending=2 failed=0
[2026-09-10T06:46:15+08:00] WAIT olmo3_7b_think jid=3574089 state=PENDING
[2026-09-10T06:46:15+08:00] WAIT olmo3_7b_think jid=3574090 state=PENDING
[2026-09-10T06:46:15+08:00] progress done=0/2 pending=2 failed=0
[2026-09-10T06:48:15+08:00] WAIT olmo3_7b_think jid=3574089 state=PENDING
[2026-09-10T06:48:15+08:00] WAIT olmo3_7b_think jid=3574090 state=PENDING
[2026-09-10T06:48:15+08:00] progress done=0/2 pending=2 failed=0
[2026-09-10T06:50:15+08:00] WAIT olmo3_7b_think jid=3574089 state=PENDING
[2026-09-10T06:50:15+08:00] WAIT olmo3_7b_think jid=3574090 state=PENDING
[2026-09-10T06:50:15+08:00] progress done=0/2 pending=2 failed=0
[2026-09-10T06:52:15+08:00] WAIT olmo3_7b_think jid=3574089 state=PENDING
[2026-09-10T06:52:15+08:00] WAIT olmo3_7b_think jid=3574090 state=PENDING
[2026-09-10T06:52:15+08:00] progress done=0/2 pending=2 failed=0
[2026-09-10T06:54:15+08:00] WAIT olmo3_7b_think jid=3574089 state=PENDING
[2026-09-10T06:54:15+08:00] WAIT olmo3_7b_think jid=3574090 state=PENDING
[2026-09-10T06:54:15+08:00] progress done=0/2 pending=2 failed=0
[2026-09-10T06:56:15+08:00] WAIT olmo3_7b_think jid=3574089 state=PENDING
[2026-09-10T06:56:15+08:00] WAIT olmo3_7b_think jid=3574090 state=PENDING
[2026-09-10T06:56:15+08:00] progress done=0/2 pending=2 failed=0
[2026-09-10T06:58:15+08:00] WAIT olmo3_7b_think jid=3574089 state=PENDING
[2026-09-10T06:58:15+08:00] WAIT olmo3_7b_think jid=3574090 state=PENDING
[2026-09-10T06:58:15+08:00] progress done=0/2 pending=2 failed=0
[2026-09-10T07:00:15+08:00] WAIT olmo3_7b_think jid=3574089 state=PENDING
[2026-09-10T07:00:15+08:00] WAIT olmo3_7b_think jid=3574090 state=PENDING
[2026-09-10T07:00:15+08:00] progress done=0/2 pending=2 failed=0
[2026-09-10T07:02:15+08:00] WAIT olmo3_7b_think jid=3574089 state=PENDING
[2026-09-10T07:02:15+08:00] WAIT olmo3_7b_think jid=3574090 state=PENDING
[2026-09-10T07:02:15+08:00] progress done=0/2 pending=2 failed=0
[2026-09-10T07:04:15+08:00] WAIT olmo3_7b_think jid=3574089 state=PENDING
[2026-09-10T07:04:15+08:00] WAIT olmo3_7b_think jid=3574090 state=PENDING
[2026-09-10T07:04:15+08:00] progress done=0/2 pending=2 failed=0
[2026-09-10T07:06:15+08:00] WAIT olmo3_7b_think jid=3574089 state=PENDING
[2026-09-10T07:06:15+08:00] WAIT olmo3_7b_think jid=3574090 state=PENDING
[2026-09-10T07:06:15+08:00] progress done=0/2 pending=2 failed=0
[2026-09-10T07:08:15+08:00] WAIT olmo3_7b_think jid=3574089 state=PENDING
[2026-09-10T07:08:15+08:00] WAIT olmo3_7b_think jid=3574090 state=PENDING
[2026-09-10T07:08:15+08:00] progress done=0/2 pending=2 failed=0
[2026-09-10T07:10:15+08:00] WAIT olmo3_7b_think jid=3574089 state=PENDING
[2026-09-10T07:10:15+08:00] WAIT olmo3_7b_think jid=3574090 state=PENDING
[2026-09-10T07:10:15+08:00] progress done=0/2 pending=2 failed=0
[2026-09-10T07:12:15+08:00] WAIT olmo3_7b_think jid=3574089 state=PENDING
[2026-09-10T07:12:15+08:00] WAIT olmo3_7b_think jid=3574090 state=PENDING
[2026-09-10T07:12:15+08:00] progress done=0/2 pending=2 failed=0
[2026-09-10T07:14:15+08:00] WAIT olmo3_7b_think jid=3574089 state=PENDING
[2026-09-10T07:14:15+08:00] WAIT olmo3_7b_think jid=3574090 state=PENDING
[2026-09-10T07:14:15+08:00] progress done=0/2 pending=2 failed=0
[2026-09-10T07:16:15+08:00] WAIT olmo3_7b_think jid=3574089 state=PENDING
[2026-09-10T07:16:15+08:00] WAIT olmo3_7b_think jid=3574090 state=PENDING
[2026-09-10T07:16:15+08:00] progress done=0/2 pending=2 failed=0
[2026-09-10T07:18:15+08:00] WAIT olmo3_7b_think jid=3574089 state=PENDING
[2026-09-10T07:18:15+08:00] WAIT olmo3_7b_think jid=3574090 state=PENDING
[2026-09-10T07:18:15+08:00] progress done=0/2 pending=2 failed=0
[2026-09-10T07:20:15+08:00] WAIT olmo3_7b_think jid=3574089 state=PENDING
[2026-09-10T07:20:15+08:00] WAIT olmo3_7b_think jid=3574090 state=PENDING
[2026-09-10T07:20:15+08:00] progress done=0/2 pending=2 failed=0
[2026-09-10T07:22:15+08:00] WAIT olmo3_7b_think jid=3574089 state=PENDING
[2026-09-10T07:22:15+08:00] WAIT olmo3_7b_think jid=3574090 state=PENDING
[2026-09-10T07:22:15+08:00] progress done=0/2 pending=2 failed=0
[2026-09-10T07:24:15+08:00] WAIT olmo3_7b_think jid=3574089 state=PENDING
[2026-09-10T07:24:15+08:00] WAIT olmo3_7b_think jid=3574090 state=PENDING
[2026-09-10T07:24:15+08:00] progress done=0/2 pending=2 failed=0
[2026-09-10T07:26:15+08:00] WAIT olmo3_7b_think jid=3574089 state=PENDING
[2026-09-10T07:26:15+08:00] WAIT olmo3_7b_think jid=3574090 state=PENDING
[2026-09-10T07:26:15+08:00] progress done=0/2 pending=2 failed=0
[2026-09-10T07:28:16+08:00] WAIT olmo3_7b_think jid=3574089 state=PENDING
[2026-09-10T07:28:16+08:00] WAIT olmo3_7b_think jid=3574090 state=PENDING
[2026-09-10T07:28:16+08:00] progress done=0/2 pending=2 failed=0
[2026-09-10T07:30:16+08:00] WAIT olmo3_7b_think jid=3574089 state=PENDING
[2026-09-10T07:30:16+08:00] WAIT olmo3_7b_think jid=3574090 state=PENDING
[2026-09-10T07:30:16+08:00] progress done=0/2 pending=2 failed=0
[2026-09-10T07:32:16+08:00] WAIT olmo3_7b_think jid=3574089 state=PENDING
[2026-09-10T07:32:16+08:00] WAIT olmo3_7b_think jid=3574090 state=PENDING
[2026-09-10T07:32:16+08:00] progress done=0/2 pending=2 failed=0
[2026-09-10T07:34:16+08:00] WAIT olmo3_7b_think jid=3574089 state=PENDING
[2026-09-10T07:34:16+08:00] WAIT olmo3_7b_think jid=3574090 state=PENDING
[2026-09-10T07:34:16+08:00] progress done=0/2 pending=2 failed=0
[2026-09-10T07:36:16+08:00] WAIT olmo3_7b_think jid=3574089 state=PENDING
[2026-09-10T07:36:16+08:00] WAIT olmo3_7b_think jid=3574090 state=PENDING
[2026-09-10T07:36:16+08:00] progress done=0/2 pending=2 failed=0
[2026-09-10T07:38:16+08:00] WAIT olmo3_7b_think jid=3574089 state=PENDING
[2026-09-10T07:38:16+08:00] WAIT olmo3_7b_think jid=3574090 state=PENDING
[2026-09-10T07:38:16+08:00] progress done=0/2 pending=2 failed=0
[2026-09-10T07:40:16+08:00] WAIT olmo3_7b_think jid=3574089 state=PENDING
[2026-09-10T07:40:16+08:00] WAIT olmo3_7b_think jid=3574090 state=PENDING
[2026-09-10T07:40:16+08:00] progress done=0/2 pending=2 failed=0
[2026-09-10T07:42:16+08:00] WAIT olmo3_7b_think jid=3574089 state=PENDING
[2026-09-10T07:42:16+08:00] WAIT olmo3_7b_think jid=3574090 state=PENDING
[2026-09-10T07:42:16+08:00] progress done=0/2 pending=2 failed=0
[2026-09-10T07:44:16+08:00] WAIT olmo3_7b_think jid=3574089 state=PENDING
[2026-09-10T07:44:16+08:00] WAIT olmo3_7b_think jid=3574090 state=PENDING
[2026-09-10T07:44:16+08:00] progress done=0/2 pending=2 failed=0
[2026-09-10T07:46:16+08:00] WAIT olmo3_7b_think jid=3574089 state=PENDING
[2026-09-10T07:46:16+08:00] WAIT olmo3_7b_think jid=3574090 state=PENDING
[2026-09-10T07:46:16+08:00] progress done=0/2 pending=2 failed=0
[2026-09-10T07:48:16+08:00] WAIT olmo3_7b_think jid=3574089 state=PENDING
[2026-09-10T07:48:16+08:00] WAIT olmo3_7b_think jid=3574090 state=PENDING
[2026-09-10T07:48:16+08:00] progress done=0/2 pending=2 failed=0
[2026-09-10T07:50:16+08:00] WAIT olmo3_7b_think jid=3574089 state=PENDING
[2026-09-10T07:50:16+08:00] WAIT olmo3_7b_think jid=3574090 state=PENDING
[2026-09-10T07:50:16+08:00] progress done=0/2 pending=2 failed=0
[2026-09-10T07:52:16+08:00] WAIT olmo3_7b_think jid=3574089 state=PENDING
[2026-09-10T07:52:16+08:00] WAIT olmo3_7b_think jid=3574090 state=PENDING
[2026-09-10T07:52:16+08:00] progress done=0/2 pending=2 failed=0
[2026-09-10T07:54:16+08:00] WAIT olmo3_7b_think jid=3574089 state=PENDING
[2026-09-10T07:54:16+08:00] WAIT olmo3_7b_think jid=3574090 state=PENDING
[2026-09-10T07:54:16+08:00] progress done=0/2 pending=2 failed=0
[2026-09-10T07:56:16+08:00] WAIT olmo3_7b_think jid=3574089 state=PENDING
[2026-09-10T07:56:16+08:00] WAIT olmo3_7b_think jid=3574090 state=PENDING
[2026-09-10T07:56:16+08:00] progress done=0/2 pending=2 failed=0
[2026-09-10T07:58:16+08:00] WAIT olmo3_7b_think jid=3574089 state=PENDING
[2026-09-10T07:58:16+08:00] WAIT olmo3_7b_think jid=3574090 state=PENDING
[2026-09-10T07:58:16+08:00] progress done=0/2 pending=2 failed=0
[2026-09-10T08:00:16+08:00] WAIT olmo3_7b_think jid=3574089 state=PENDING
[2026-09-10T08:00:16+08:00] WAIT olmo3_7b_think jid=3574090 state=PENDING
[2026-09-10T08:00:16+08:00] progress done=0/2 pending=2 failed=0
[2026-09-10T08:02:16+08:00] WAIT olmo3_7b_think jid=3574089 state=PENDING
[2026-09-10T08:02:16+08:00] WAIT olmo3_7b_think jid=3574090 state=PENDING
[2026-09-10T08:02:16+08:00] progress done=0/2 pending=2 failed=0
[2026-09-10T08:04:16+08:00] WAIT olmo3_7b_think jid=3574089 state=PENDING
[2026-09-10T08:04:16+08:00] WAIT olmo3_7b_think jid=3574090 state=PENDING
[2026-09-10T08:04:16+08:00] progress done=0/2 pending=2 failed=0
[2026-09-10T08:06:16+08:00] WAIT olmo3_7b_think jid=3574089 state=PENDING
[2026-09-10T08:06:16+08:00] WAIT olmo3_7b_think jid=3574090 state=PENDING
[2026-09-10T08:06:16+08:00] progress done=0/2 pending=2 failed=0
[2026-09-10T08:08:16+08:00] WAIT olmo3_7b_think jid=3574089 state=PENDING
[2026-09-10T08:08:16+08:00] WAIT olmo3_7b_think jid=3574090 state=PENDING
[2026-09-10T08:08:16+08:00] progress done=0/2 pending=2 failed=0
[2026-09-10T08:10:16+08:00] WAIT olmo3_7b_think jid=3574089 state=PENDING
[2026-09-10T08:10:16+08:00] WAIT olmo3_7b_think jid=3574090 state=PENDING
[2026-09-10T08:10:16+08:00] progress done=0/2 pending=2 failed=0
[2026-09-10T08:12:16+08:00] WAIT olmo3_7b_think jid=3574089 state=PENDING
[2026-09-10T08:12:16+08:00] WAIT olmo3_7b_think jid=3574090 state=PENDING
[2026-09-10T08:12:16+08:00] progress done=0/2 pending=2 failed=0
[2026-09-10T08:14:16+08:00] WAIT olmo3_7b_think jid=3574089 state=PENDING
[2026-09-10T08:14:16+08:00] WAIT olmo3_7b_think jid=3574090 state=PENDING
[2026-09-10T08:14:16+08:00] progress done=0/2 pending=2 failed=0
[2026-09-10T08:16:16+08:00] WAIT olmo3_7b_think jid=3574089 state=PENDING
[2026-09-10T08:16:16+08:00] WAIT olmo3_7b_think jid=3574090 state=PENDING
[2026-09-10T08:16:16+08:00] progress done=0/2 pending=2 failed=0
[2026-09-10T08:18:16+08:00] WAIT olmo3_7b_think jid=3574089 state=PENDING
[2026-09-10T08:18:16+08:00] WAIT olmo3_7b_think jid=3574090 state=PENDING
[2026-09-10T08:18:16+08:00] progress done=0/2 pending=2 failed=0
[2026-09-10T08:20:16+08:00] WAIT olmo3_7b_think jid=3574089 state=PENDING
[2026-09-10T08:20:16+08:00] WAIT olmo3_7b_think jid=3574090 state=PENDING
[2026-09-10T08:20:16+08:00] progress done=0/2 pending=2 failed=0
[2026-09-10T08:22:16+08:00] WAIT olmo3_7b_think jid=3574089 state=PENDING
[2026-09-10T08:22:16+08:00] WAIT olmo3_7b_think jid=3574090 state=PENDING
[2026-09-10T08:22:16+08:00] progress done=0/2 pending=2 failed=0
[2026-09-10T08:24:16+08:00] WAIT olmo3_7b_think jid=3574089 state=PENDING
[2026-09-10T08:24:16+08:00] WAIT olmo3_7b_think jid=3574090 state=PENDING
[2026-09-10T08:24:16+08:00] progress done=0/2 pending=2 failed=0
[2026-09-10T08:26:16+08:00] WAIT olmo3_7b_think jid=3574089 state=PENDING
[2026-09-10T08:26:16+08:00] WAIT olmo3_7b_think jid=3574090 state=PENDING
[2026-09-10T08:26:16+08:00] progress done=0/2 pending=2 failed=0
[2026-09-10T08:28:16+08:00] WAIT olmo3_7b_think jid=3574089 state=PENDING
[2026-09-10T08:28:16+08:00] WAIT olmo3_7b_think jid=3574090 state=PENDING
[2026-09-10T08:28:16+08:00] progress done=0/2 pending=2 failed=0
[2026-09-10T08:30:16+08:00] WAIT olmo3_7b_think jid=3574089 state=PENDING
[2026-09-10T08:30:16+08:00] WAIT olmo3_7b_think jid=3574090 state=PENDING
[2026-09-10T08:30:16+08:00] progress done=0/2 pending=2 failed=0
[2026-09-10T08:32:16+08:00] WAIT olmo3_7b_think jid=3574089 state=PENDING
[2026-09-10T08:32:16+08:00] WAIT olmo3_7b_think jid=3574090 state=PENDING
[2026-09-10T08:32:16+08:00] progress done=0/2 pending=2 failed=0
[2026-09-10T08:34:16+08:00] WAIT olmo3_7b_think jid=3574089 state=PENDING
[2026-09-10T08:34:16+08:00] WAIT olmo3_7b_think jid=3574090 state=PENDING
[2026-09-10T08:34:16+08:00] progress done=0/2 pending=2 failed=0
[2026-09-10T08:36:16+08:00] WAIT olmo3_7b_think jid=3574089 state=PENDING
[2026-09-10T08:36:16+08:00] WAIT olmo3_7b_think jid=3574090 state=PENDING
[2026-09-10T08:36:16+08:00] progress done=0/2 pending=2 failed=0
[2026-09-10T08:38:16+08:00] WAIT olmo3_7b_think jid=3574089 state=PENDING
[2026-09-10T08:38:16+08:00] WAIT olmo3_7b_think jid=3574090 state=PENDING
[2026-09-10T08:38:16+08:00] progress done=0/2 pending=2 failed=0
[2026-09-10T08:40:16+08:00] WAIT olmo3_7b_think jid=3574089 state=PENDING
[2026-09-10T08:40:16+08:00] WAIT olmo3_7b_think jid=3574090 state=PENDING
[2026-09-10T08:40:16+08:00] progress done=0/2 pending=2 failed=0
[2026-09-10T08:42:16+08:00] WAIT olmo3_7b_think jid=3574089 state=PENDING
[2026-09-10T08:42:16+08:00] WAIT olmo3_7b_think jid=3574090 state=PENDING
[2026-09-10T08:42:16+08:00] progress done=0/2 pending=2 failed=0
[2026-09-10T08:44:16+08:00] WAIT olmo3_7b_think jid=3574089 state=PENDING
[2026-09-10T08:44:16+08:00] WAIT olmo3_7b_think jid=3574090 state=PENDING
[2026-09-10T08:44:16+08:00] progress done=0/2 pending=2 failed=0
[2026-09-10T08:46:16+08:00] WAIT olmo3_7b_think jid=3574089 state=PENDING
[2026-09-10T08:46:16+08:00] WAIT olmo3_7b_think jid=3574090 state=PENDING
[2026-09-10T08:46:16+08:00] progress done=0/2 pending=2 failed=0
[2026-09-10T08:48:16+08:00] WAIT olmo3_7b_think jid=3574089 state=PENDING
[2026-09-10T08:48:16+08:00] WAIT olmo3_7b_think jid=3574090 state=PENDING
[2026-09-10T08:48:16+08:00] progress done=0/2 pending=2 failed=0
[2026-09-10T08:50:16+08:00] WAIT olmo3_7b_think jid=3574089 state=PENDING
[2026-09-10T08:50:17+08:00] WAIT olmo3_7b_think jid=3574090 state=PENDING
[2026-09-10T08:50:17+08:00] progress done=0/2 pending=2 failed=0
[2026-09-10T08:52:17+08:00] WAIT olmo3_7b_think jid=3574089 state=PENDING
[2026-09-10T08:52:17+08:00] WAIT olmo3_7b_think jid=3574090 state=PENDING
[2026-09-10T08:52:17+08:00] progress done=0/2 pending=2 failed=0
[2026-09-10T08:54:17+08:00] WAIT olmo3_7b_think jid=3574089 state=PENDING
[2026-09-10T08:54:17+08:00] WAIT olmo3_7b_think jid=3574090 state=PENDING
[2026-09-10T08:54:17+08:00] progress done=0/2 pending=2 failed=0
[2026-09-10T08:56:17+08:00] WAIT olmo3_7b_think jid=3574089 state=PENDING
[2026-09-10T08:56:17+08:00] WAIT olmo3_7b_think jid=3574090 state=PENDING
[2026-09-10T08:56:17+08:00] progress done=0/2 pending=2 failed=0
[2026-09-10T08:58:17+08:00] WAIT olmo3_7b_think jid=3574089 state=PENDING
[2026-09-10T08:58:17+08:00] WAIT olmo3_7b_think jid=3574090 state=PENDING
[2026-09-10T08:58:17+08:00] progress done=0/2 pending=2 failed=0
[2026-09-10T09:00:17+08:00] WAIT olmo3_7b_think jid=3574089 state=PENDING
[2026-09-10T09:00:17+08:00] WAIT olmo3_7b_think jid=3574090 state=PENDING
[2026-09-10T09:00:17+08:00] progress done=0/2 pending=2 failed=0
[2026-09-10T09:02:17+08:00] WAIT olmo3_7b_think jid=3574089 state=PENDING
[2026-09-10T09:02:17+08:00] WAIT olmo3_7b_think jid=3574090 state=PENDING
[2026-09-10T09:02:17+08:00] progress done=0/2 pending=2 failed=0
[2026-09-10T09:04:17+08:00] WAIT olmo3_7b_think jid=3574089 state=PENDING
[2026-09-10T09:04:17+08:00] WAIT olmo3_7b_think jid=3574090 state=PENDING
[2026-09-10T09:04:17+08:00] progress done=0/2 pending=2 failed=0
[2026-09-10T09:06:17+08:00] WAIT olmo3_7b_think jid=3574089 state=PENDING
[2026-09-10T09:06:17+08:00] WAIT olmo3_7b_think jid=3574090 state=PENDING
[2026-09-10T09:06:17+08:00] progress done=0/2 pending=2 failed=0
[2026-09-10T09:08:17+08:00] WAIT olmo3_7b_think jid=3574089 state=PENDING
[2026-09-10T09:08:17+08:00] WAIT olmo3_7b_think jid=3574090 state=PENDING
[2026-09-10T09:08:17+08:00] progress done=0/2 pending=2 failed=0
[2026-09-10T09:10:17+08:00] WAIT olmo3_7b_think jid=3574089 state=PENDING
[2026-09-10T09:10:17+08:00] WAIT olmo3_7b_think jid=3574090 state=PENDING
[2026-09-10T09:10:17+08:00] progress done=0/2 pending=2 failed=0
[2026-09-10T09:12:17+08:00] WAIT olmo3_7b_think jid=3574089 state=PENDING
[2026-09-10T09:12:17+08:00] WAIT olmo3_7b_think jid=3574090 state=PENDING
[2026-09-10T09:12:17+08:00] progress done=0/2 pending=2 failed=0
[2026-09-10T09:14:17+08:00] WAIT olmo3_7b_think jid=3574089 state=PENDING
[2026-09-10T09:14:17+08:00] WAIT olmo3_7b_think jid=3574090 state=PENDING
[2026-09-10T09:14:17+08:00] progress done=0/2 pending=2 failed=0
[2026-09-10T09:16:17+08:00] WAIT olmo3_7b_think jid=3574089 state=PENDING
[2026-09-10T09:16:17+08:00] WAIT olmo3_7b_think jid=3574090 state=PENDING
[2026-09-10T09:16:17+08:00] progress done=0/2 pending=2 failed=0
[2026-09-10T09:18:17+08:00] WAIT olmo3_7b_think jid=3574089 state=PENDING
[2026-09-10T09:18:17+08:00] WAIT olmo3_7b_think jid=3574090 state=PENDING
[2026-09-10T09:18:17+08:00] progress done=0/2 pending=2 failed=0
[2026-09-10T09:20:17+08:00] WAIT olmo3_7b_think jid=3574089 state=PENDING
[2026-09-10T09:20:17+08:00] WAIT olmo3_7b_think jid=3574090 state=PENDING
[2026-09-10T09:20:17+08:00] progress done=0/2 pending=2 failed=0
[2026-09-10T09:22:17+08:00] WAIT olmo3_7b_think jid=3574089 state=PENDING
[2026-09-10T09:22:17+08:00] WAIT olmo3_7b_think jid=3574090 state=PENDING
[2026-09-10T09:22:17+08:00] progress done=0/2 pending=2 failed=0
[2026-09-10T09:24:17+08:00] WAIT olmo3_7b_think jid=3574089 state=PENDING
[2026-09-10T09:24:17+08:00] WAIT olmo3_7b_think jid=3574090 state=PENDING
[2026-09-10T09:24:17+08:00] progress done=0/2 pending=2 failed=0
[2026-09-10T09:26:17+08:00] WAIT olmo3_7b_think jid=3574089 state=PENDING
[2026-09-10T09:26:17+08:00] WAIT olmo3_7b_think jid=3574090 state=PENDING
[2026-09-10T09:26:17+08:00] progress done=0/2 pending=2 failed=0
[2026-09-10T09:28:17+08:00] WAIT olmo3_7b_think jid=3574089 state=PENDING
[2026-09-10T09:28:17+08:00] WAIT olmo3_7b_think jid=3574090 state=PENDING
[2026-09-10T09:28:17+08:00] progress done=0/2 pending=2 failed=0
[2026-09-10T09:30:17+08:00] WAIT olmo3_7b_think jid=3574089 state=PENDING
[2026-09-10T09:30:17+08:00] WAIT olmo3_7b_think jid=3574090 state=PENDING
[2026-09-10T09:30:17+08:00] progress done=0/2 pending=2 failed=0
[2026-09-10T09:32:17+08:00] WAIT olmo3_7b_think jid=3574089 state=PENDING
[2026-09-10T09:32:17+08:00] WAIT olmo3_7b_think jid=3574090 state=PENDING
[2026-09-10T09:32:17+08:00] progress done=0/2 pending=2 failed=0
[2026-09-10T09:34:17+08:00] WAIT olmo3_7b_think jid=3574089 state=PENDING
[2026-09-10T09:34:17+08:00] WAIT olmo3_7b_think jid=3574090 state=PENDING
[2026-09-10T09:34:17+08:00] progress done=0/2 pending=2 failed=0
[2026-09-10T09:36:17+08:00] WAIT olmo3_7b_think jid=3574089 state=PENDING
[2026-09-10T09:36:17+08:00] WAIT olmo3_7b_think jid=3574090 state=PENDING
[2026-09-10T09:36:17+08:00] progress done=0/2 pending=2 failed=0
[2026-09-10T09:38:17+08:00] WAIT olmo3_7b_think jid=3574089 state=PENDING
[2026-09-10T09:38:17+08:00] WAIT olmo3_7b_think jid=3574090 state=PENDING
[2026-09-10T09:38:17+08:00] progress done=0/2 pending=2 failed=0
[2026-09-10T09:40:17+08:00] WAIT olmo3_7b_think jid=3574089 state=PENDING
[2026-09-10T09:40:17+08:00] WAIT olmo3_7b_think jid=3574090 state=PENDING
[2026-09-10T09:40:17+08:00] progress done=0/2 pending=2 failed=0
[2026-09-10T09:42:17+08:00] WAIT olmo3_7b_think jid=3574089 state=PENDING
[2026-09-10T09:42:17+08:00] WAIT olmo3_7b_think jid=3574090 state=PENDING
[2026-09-10T09:42:17+08:00] progress done=0/2 pending=2 failed=0
[2026-09-10T09:44:17+08:00] WAIT olmo3_7b_think jid=3574089 state=PENDING
[2026-09-10T09:44:17+08:00] WAIT olmo3_7b_think jid=3574090 state=PENDING
[2026-09-10T09:44:17+08:00] progress done=0/2 pending=2 failed=0
[2026-09-10T09:46:17+08:00] WAIT olmo3_7b_think jid=3574089 state=PENDING
[2026-09-10T09:46:17+08:00] WAIT olmo3_7b_think jid=3574090 state=PENDING
[2026-09-10T09:46:17+08:00] progress done=0/2 pending=2 failed=0
[2026-09-10T09:48:17+08:00] WAIT olmo3_7b_think jid=3574089 state=PENDING
[2026-09-10T09:48:17+08:00] WAIT olmo3_7b_think jid=3574090 state=PENDING
[2026-09-10T09:48:17+08:00] progress done=0/2 pending=2 failed=0
[2026-09-10T09:50:17+08:00] WAIT olmo3_7b_think jid=3574089 state=PENDING
[2026-09-10T09:50:17+08:00] WAIT olmo3_7b_think jid=3574090 state=PENDING
[2026-09-10T09:50:17+08:00] progress done=0/2 pending=2 failed=0
[2026-09-10T09:52:17+08:00] WAIT olmo3_7b_think jid=3574089 state=PENDING
[2026-09-10T09:52:17+08:00] WAIT olmo3_7b_think jid=3574090 state=PENDING
[2026-09-10T09:52:17+08:00] progress done=0/2 pending=2 failed=0
[2026-09-10T09:54:17+08:00] WAIT olmo3_7b_think jid=3574089 state=PENDING
[2026-09-10T09:54:17+08:00] WAIT olmo3_7b_think jid=3574090 state=PENDING
[2026-09-10T09:54:17+08:00] progress done=0/2 pending=2 failed=0
[2026-09-10T09:56:17+08:00] WAIT olmo3_7b_think jid=3574089 state=PENDING
[2026-09-10T09:56:17+08:00] WAIT olmo3_7b_think jid=3574090 state=PENDING
[2026-09-10T09:56:17+08:00] progress done=0/2 pending=2 failed=0
[2026-09-10T09:58:17+08:00] WAIT olmo3_7b_think jid=3574089 state=PENDING
[2026-09-10T09:58:17+08:00] WAIT olmo3_7b_think jid=3574090 state=PENDING
[2026-09-10T09:58:17+08:00] progress done=0/2 pending=2 failed=0
[2026-09-10T10:00:17+08:00] WAIT olmo3_7b_think jid=3574089 state=PENDING
[2026-09-10T10:00:17+08:00] WAIT olmo3_7b_think jid=3574090 state=PENDING
[2026-09-10T10:00:17+08:00] progress done=0/2 pending=2 failed=0
[2026-09-10T10:02:17+08:00] WAIT olmo3_7b_think jid=3574089 state=PENDING
[2026-09-10T10:02:17+08:00] WAIT olmo3_7b_think jid=3574090 state=PENDING
[2026-09-10T10:02:17+08:00] progress done=0/2 pending=2 failed=0
[2026-09-10T10:04:17+08:00] WAIT olmo3_7b_think jid=3574089 state=PENDING
[2026-09-10T10:04:17+08:00] WAIT olmo3_7b_think jid=3574090 state=PENDING
[2026-09-10T10:04:17+08:00] progress done=0/2 pending=2 failed=0
[2026-09-10T10:06:17+08:00] WAIT olmo3_7b_think jid=3574089 state=PENDING
[2026-09-10T10:06:17+08:00] WAIT olmo3_7b_think jid=3574090 state=PENDING
[2026-09-10T10:06:17+08:00] progress done=0/2 pending=2 failed=0
[2026-09-10T10:08:17+08:00] WAIT olmo3_7b_think jid=3574089 state=PENDING
[2026-09-10T10:08:17+08:00] WAIT olmo3_7b_think jid=3574090 state=PENDING
[2026-09-10T10:08:17+08:00] progress done=0/2 pending=2 failed=0
[2026-09-10T10:10:17+08:00] WAIT olmo3_7b_think jid=3574089 state=PENDING
[2026-09-10T10:10:17+08:00] WAIT olmo3_7b_think jid=3574090 state=PENDING
[2026-09-10T10:10:18+08:00] progress done=0/2 pending=2 failed=0
[2026-09-10T10:12:18+08:00] WAIT olmo3_7b_think jid=3574089 state=PENDING
[2026-09-10T10:12:18+08:00] WAIT olmo3_7b_think jid=3574090 state=PENDING
[2026-09-10T10:12:18+08:00] progress done=0/2 pending=2 failed=0
[2026-09-10T10:14:18+08:00] WAIT olmo3_7b_think jid=3574089 state=PENDING
[2026-09-10T10:14:18+08:00] WAIT olmo3_7b_think jid=3574090 state=PENDING
[2026-09-10T10:14:18+08:00] progress done=0/2 pending=2 failed=0
[2026-09-10T10:16:18+08:00] WAIT olmo3_7b_think jid=3574089 state=PENDING
[2026-09-10T10:16:18+08:00] WAIT olmo3_7b_think jid=3574090 state=PENDING
[2026-09-10T10:16:18+08:00] progress done=0/2 pending=2 failed=0
[2026-09-10T10:18:18+08:00] WAIT olmo3_7b_think jid=3574089 state=PENDING
[2026-09-10T10:18:18+08:00] WAIT olmo3_7b_think jid=3574090 state=PENDING
[2026-09-10T10:18:18+08:00] progress done=0/2 pending=2 failed=0
[2026-09-10T10:20:18+08:00] WAIT olmo3_7b_think jid=3574089 state=PENDING
[2026-09-10T10:20:18+08:00] WAIT olmo3_7b_think jid=3574090 state=PENDING
[2026-09-10T10:20:18+08:00] progress done=0/2 pending=2 failed=0
[2026-09-10T10:22:18+08:00] WAIT olmo3_7b_think jid=3574089 state=PENDING
[2026-09-10T10:22:18+08:00] WAIT olmo3_7b_think jid=3574090 state=PENDING
[2026-09-10T10:22:18+08:00] progress done=0/2 pending=2 failed=0
[2026-09-10T10:24:18+08:00] WAIT olmo3_7b_think jid=3574089 state=PENDING
[2026-09-10T10:24:18+08:00] WAIT olmo3_7b_think jid=3574090 state=PENDING
[2026-09-10T10:24:18+08:00] progress done=0/2 pending=2 failed=0
[2026-09-10T10:26:18+08:00] WAIT olmo3_7b_think jid=3574089 state=PENDING
[2026-09-10T10:26:18+08:00] WAIT olmo3_7b_think jid=3574090 state=PENDING
[2026-09-10T10:26:18+08:00] progress done=0/2 pending=2 failed=0
[2026-09-10T10:28:18+08:00] WAIT olmo3_7b_think jid=3574089 state=PENDING
[2026-09-10T10:28:18+08:00] WAIT olmo3_7b_think jid=3574090 state=PENDING
[2026-09-10T10:28:18+08:00] progress done=0/2 pending=2 failed=0
[2026-09-10T10:30:18+08:00] WAIT olmo3_7b_think jid=3574089 state=PENDING
[2026-09-10T10:30:18+08:00] WAIT olmo3_7b_think jid=3574090 state=PENDING
[2026-09-10T10:30:18+08:00] progress done=0/2 pending=2 failed=0
[2026-09-10T10:32:18+08:00] WAIT olmo3_7b_think jid=3574089 state=PENDING
[2026-09-10T10:32:18+08:00] WAIT olmo3_7b_think jid=3574090 state=PENDING
[2026-09-10T10:32:18+08:00] progress done=0/2 pending=2 failed=0
[2026-09-10T10:34:18+08:00] WAIT olmo3_7b_think jid=3574089 state=PENDING
[2026-09-10T10:34:18+08:00] WAIT olmo3_7b_think jid=3574090 state=PENDING
[2026-09-10T10:34:18+08:00] progress done=0/2 pending=2 failed=0
[2026-09-10T10:36:18+08:00] WAIT olmo3_7b_think jid=3574089 state=PENDING
[2026-09-10T10:36:18+08:00] WAIT olmo3_7b_think jid=3574090 state=PENDING
[2026-09-10T10:36:18+08:00] progress done=0/2 pending=2 failed=0
[2026-09-10T10:38:18+08:00] WAIT olmo3_7b_think jid=3574089 state=PENDING
[2026-09-10T10:38:18+08:00] WAIT olmo3_7b_think jid=3574090 state=PENDING
[2026-09-10T10:38:18+08:00] progress done=0/2 pending=2 failed=0
[2026-09-10T10:40:18+08:00] WAIT olmo3_7b_think jid=3574089 state=PENDING
[2026-09-10T10:40:18+08:00] WAIT olmo3_7b_think jid=3574090 state=PENDING
[2026-09-10T10:40:18+08:00] progress done=0/2 pending=2 failed=0
[2026-09-10T10:42:18+08:00] WAIT olmo3_7b_think jid=3574089 state=PENDING
[2026-09-10T10:42:18+08:00] WAIT olmo3_7b_think jid=3574090 state=PENDING
[2026-09-10T10:42:18+08:00] progress done=0/2 pending=2 failed=0
[2026-09-10T10:44:18+08:00] WAIT olmo3_7b_think jid=3574089 state=PENDING
[2026-09-10T10:44:18+08:00] WAIT olmo3_7b_think jid=3574090 state=PENDING
[2026-09-10T10:44:18+08:00] progress done=0/2 pending=2 failed=0
[2026-09-10T10:46:18+08:00] WAIT olmo3_7b_think jid=3574089 state=PENDING
[2026-09-10T10:46:18+08:00] WAIT olmo3_7b_think jid=3574090 state=PENDING
[2026-09-10T10:46:18+08:00] progress done=0/2 pending=2 failed=0
[2026-09-10T10:48:18+08:00] WAIT olmo3_7b_think jid=3574089 state=PENDING
[2026-09-10T10:48:18+08:00] WAIT olmo3_7b_think jid=3574090 state=PENDING
[2026-09-10T10:48:18+08:00] progress done=0/2 pending=2 failed=0
[2026-09-10T10:50:18+08:00] WAIT olmo3_7b_think jid=3574089 state=PENDING
[2026-09-10T10:50:18+08:00] WAIT olmo3_7b_think jid=3574090 state=PENDING
[2026-09-10T10:50:18+08:00] progress done=0/2 pending=2 failed=0
[2026-09-10T10:52:18+08:00] WAIT olmo3_7b_think jid=3574089 state=PENDING
[2026-09-10T10:52:18+08:00] WAIT olmo3_7b_think jid=3574090 state=PENDING
[2026-09-10T10:52:18+08:00] progress done=0/2 pending=2 failed=0
[2026-09-10T10:54:18+08:00] WAIT olmo3_7b_think jid=3574089 state=PENDING
[2026-09-10T10:54:18+08:00] WAIT olmo3_7b_think jid=3574090 state=PENDING
[2026-09-10T10:54:18+08:00] progress done=0/2 pending=2 failed=0
[2026-09-10T10:56:18+08:00] WAIT olmo3_7b_think jid=3574089 state=PENDING
[2026-09-10T10:56:18+08:00] WAIT olmo3_7b_think jid=3574090 state=PENDING
[2026-09-10T10:56:18+08:00] progress done=0/2 pending=2 failed=0
[2026-09-10T10:58:18+08:00] WAIT olmo3_7b_think jid=3574089 state=PENDING
[2026-09-10T10:58:18+08:00] WAIT olmo3_7b_think jid=3574090 state=PENDING
[2026-09-10T10:58:18+08:00] progress done=0/2 pending=2 failed=0
[2026-09-10T11:00:18+08:00] WAIT olmo3_7b_think jid=3574089 state=PENDING
[2026-09-10T11:00:18+08:00] WAIT olmo3_7b_think jid=3574090 state=PENDING
[2026-09-10T11:00:18+08:00] progress done=0/2 pending=2 failed=0
[2026-09-10T11:02:18+08:00] WAIT olmo3_7b_think jid=3574089 state=PENDING
[2026-09-10T11:02:18+08:00] WAIT olmo3_7b_think jid=3574090 state=PENDING
[2026-09-10T11:02:18+08:00] progress done=0/2 pending=2 failed=0
[2026-09-10T11:04:18+08:00] WAIT olmo3_7b_think jid=3574089 state=PENDING
[2026-09-10T11:04:18+08:00] WAIT olmo3_7b_think jid=3574090 state=PENDING
[2026-09-10T11:04:18+08:00] progress done=0/2 pending=2 failed=0
[2026-09-10T11:06:18+08:00] WAIT olmo3_7b_think jid=3574089 state=PENDING
[2026-09-10T11:06:18+08:00] WAIT olmo3_7b_think jid=3574090 state=PENDING
[2026-09-10T11:06:18+08:00] progress done=0/2 pending=2 failed=0
[2026-09-10T11:08:18+08:00] WAIT olmo3_7b_think jid=3574089 state=PENDING
[2026-09-10T11:08:18+08:00] WAIT olmo3_7b_think jid=3574090 state=PENDING
[2026-09-10T11:08:18+08:00] progress done=0/2 pending=2 failed=0
[2026-09-10T11:10:18+08:00] WAIT olmo3_7b_think jid=3574089 state=PENDING
[2026-09-10T11:10:18+08:00] WAIT olmo3_7b_think jid=3574090 state=PENDING
[2026-09-10T11:10:18+08:00] progress done=0/2 pending=2 failed=0
[2026-09-10T11:12:18+08:00] WAIT olmo3_7b_think jid=3574089 state=PENDING
[2026-09-10T11:12:18+08:00] WAIT olmo3_7b_think jid=3574090 state=PENDING
[2026-09-10T11:12:18+08:00] progress done=0/2 pending=2 failed=0
[2026-09-10T11:14:18+08:00] WAIT olmo3_7b_think jid=3574089 state=PENDING
[2026-09-10T11:14:18+08:00] WAIT olmo3_7b_think jid=3574090 state=PENDING
[2026-09-10T11:14:18+08:00] progress done=0/2 pending=2 failed=0
[2026-09-10T11:16:18+08:00] WAIT olmo3_7b_think jid=3574089 state=PENDING
[2026-09-10T11:16:18+08:00] WAIT olmo3_7b_think jid=3574090 state=PENDING
[2026-09-10T11:16:18+08:00] progress done=0/2 pending=2 failed=0
[2026-09-10T11:18:18+08:00] WAIT olmo3_7b_think jid=3574089 state=PENDING
[2026-09-10T11:18:18+08:00] WAIT olmo3_7b_think jid=3574090 state=PENDING
[2026-09-10T11:18:18+08:00] progress done=0/2 pending=2 failed=0
[2026-09-10T11:20:18+08:00] WAIT olmo3_7b_think jid=3574089 state=PENDING
[2026-09-10T11:20:18+08:00] WAIT olmo3_7b_think jid=3574090 state=PENDING
[2026-09-10T11:20:18+08:00] progress done=0/2 pending=2 failed=0
[2026-09-10T11:22:18+08:00] WAIT olmo3_7b_think jid=3574089 state=PENDING
[2026-09-10T11:22:18+08:00] WAIT olmo3_7b_think jid=3574090 state=PENDING
[2026-09-10T11:22:18+08:00] progress done=0/2 pending=2 failed=0
[2026-09-10T11:24:18+08:00] WAIT olmo3_7b_think jid=3574089 state=PENDING
[2026-09-10T11:24:18+08:00] WAIT olmo3_7b_think jid=3574090 state=PENDING
[2026-09-10T11:24:18+08:00] progress done=0/2 pending=2 failed=0
[2026-09-10T11:26:18+08:00] WAIT olmo3_7b_think jid=3574089 state=PENDING
[2026-09-10T11:26:18+08:00] WAIT olmo3_7b_think jid=3574090 state=PENDING
[2026-09-10T11:26:18+08:00] progress done=0/2 pending=2 failed=0
[2026-09-10T11:28:18+08:00] WAIT olmo3_7b_think jid=3574089 state=PENDING
[2026-09-10T11:28:18+08:00] WAIT olmo3_7b_think jid=3574090 state=PENDING
[2026-09-10T11:28:18+08:00] progress done=0/2 pending=2 failed=0
[2026-09-10T11:30:19+08:00] WAIT olmo3_7b_think jid=3574089 state=PENDING
[2026-09-10T11:30:19+08:00] WAIT olmo3_7b_think jid=3574090 state=PENDING
[2026-09-10T11:30:19+08:00] progress done=0/2 pending=2 failed=0
[2026-09-10T11:32:19+08:00] WAIT olmo3_7b_think jid=3574089 state=PENDING
[2026-09-10T11:32:19+08:00] WAIT olmo3_7b_think jid=3574090 state=PENDING
[2026-09-10T11:32:19+08:00] progress done=0/2 pending=2 failed=0
[2026-09-10T11:34:19+08:00] WAIT olmo3_7b_think jid=3574089 state=PENDING
[2026-09-10T11:34:19+08:00] WAIT olmo3_7b_think jid=3574090 state=PENDING
[2026-09-10T11:34:19+08:00] progress done=0/2 pending=2 failed=0
[2026-09-10T11:36:19+08:00] WAIT olmo3_7b_think jid=3574089 state=PENDING
[2026-09-10T11:36:19+08:00] WAIT olmo3_7b_think jid=3574090 state=PENDING
[2026-09-10T11:36:19+08:00] progress done=0/2 pending=2 failed=0
[2026-09-10T11:38:19+08:00] WAIT olmo3_7b_think jid=3574089 state=PENDING
[2026-09-10T11:38:19+08:00] WAIT olmo3_7b_think jid=3574090 state=PENDING
[2026-09-10T11:38:19+08:00] progress done=0/2 pending=2 failed=0
[2026-09-10T11:40:19+08:00] WAIT olmo3_7b_think jid=3574089 state=PENDING
[2026-09-10T11:40:19+08:00] WAIT olmo3_7b_think jid=3574090 state=PENDING
[2026-09-10T11:40:19+08:00] progress done=0/2 pending=2 failed=0
[2026-09-10T11:42:19+08:00] WAIT olmo3_7b_think jid=3574089 state=PENDING
[2026-09-10T11:42:19+08:00] WAIT olmo3_7b_think jid=3574090 state=PENDING
[2026-09-10T11:42:19+08:00] progress done=0/2 pending=2 failed=0
[2026-09-10T11:44:19+08:00] WAIT olmo3_7b_think jid=3574089 state=PENDING
[2026-09-10T11:44:19+08:00] WAIT olmo3_7b_think jid=3574090 state=PENDING
[2026-09-10T11:44:19+08:00] progress done=0/2 pending=2 failed=0
[2026-09-10T11:46:19+08:00] WAIT olmo3_7b_think jid=3574089 state=PENDING
[2026-09-10T11:46:19+08:00] WAIT olmo3_7b_think jid=3574090 state=PENDING
[2026-09-10T11:46:19+08:00] progress done=0/2 pending=2 failed=0
[2026-09-10T11:48:19+08:00] WAIT olmo3_7b_think jid=3574089 state=PENDING
[2026-09-10T11:48:19+08:00] WAIT olmo3_7b_think jid=3574090 state=PENDING
[2026-09-10T11:48:19+08:00] progress done=0/2 pending=2 failed=0
[2026-09-10T11:50:19+08:00] WAIT olmo3_7b_think jid=3574089 state=PENDING
[2026-09-10T11:50:19+08:00] WAIT olmo3_7b_think jid=3574090 state=PENDING
[2026-09-10T11:50:19+08:00] progress done=0/2 pending=2 failed=0
[2026-09-10T11:52:19+08:00] WAIT olmo3_7b_think jid=3574089 state=PENDING
[2026-09-10T11:52:19+08:00] WAIT olmo3_7b_think jid=3574090 state=PENDING
[2026-09-10T11:52:19+08:00] progress done=0/2 pending=2 failed=0
[2026-09-10T11:54:19+08:00] WAIT olmo3_7b_think jid=3574089 state=RUNNING
[2026-09-10T11:54:19+08:00] WAIT olmo3_7b_think jid=3574090 state=PENDING
[2026-09-10T11:54:19+08:00] progress done=0/2 pending=2 failed=0
[2026-09-10T11:56:19+08:00] WAIT olmo3_7b_think jid=3574089 state=RUNNING
[2026-09-10T11:56:19+08:00] WAIT olmo3_7b_think jid=3574090 state=PENDING
[2026-09-10T11:56:19+08:00] progress done=0/2 pending=2 failed=0
[2026-09-10T11:58:19+08:00] WAIT olmo3_7b_think jid=3574089 state=RUNNING
[2026-09-10T11:58:19+08:00] WAIT olmo3_7b_think jid=3574090 state=PENDING
[2026-09-10T11:58:19+08:00] progress done=0/2 pending=2 failed=0
[2026-09-10T12:00:19+08:00] WAIT olmo3_7b_think jid=3574089 state=RUNNING
[2026-09-10T12:00:19+08:00] WAIT olmo3_7b_think jid=3574090 state=PENDING
[2026-09-10T12:00:19+08:00] progress done=0/2 pending=2 failed=0
[2026-09-10T12:02:19+08:00] WAIT olmo3_7b_think jid=3574089 state=RUNNING
[2026-09-10T12:02:19+08:00] WAIT olmo3_7b_think jid=3574090 state=PENDING
[2026-09-10T12:02:19+08:00] progress done=0/2 pending=2 failed=0
[2026-09-10T12:04:19+08:00] WAIT olmo3_7b_think jid=3574089 state=RUNNING
[2026-09-10T12:04:19+08:00] WAIT olmo3_7b_think jid=3574090 state=PENDING
[2026-09-10T12:04:19+08:00] progress done=0/2 pending=2 failed=0
[2026-09-10T12:06:19+08:00] WAIT olmo3_7b_think jid=3574089 state=RUNNING
[2026-09-10T12:06:19+08:00] WAIT olmo3_7b_think jid=3574090 state=PENDING
[2026-09-10T12:06:19+08:00] progress done=0/2 pending=2 failed=0
[2026-09-10T12:08:19+08:00] WAIT olmo3_7b_think jid=3574089 state=RUNNING
[2026-09-10T12:08:19+08:00] WAIT olmo3_7b_think jid=3574090 state=PENDING
[2026-09-10T12:08:19+08:00] progress done=0/2 pending=2 failed=0
[2026-09-10T12:10:19+08:00] WAIT olmo3_7b_think jid=3574089 state=RUNNING
[2026-09-10T12:10:19+08:00] WAIT olmo3_7b_think jid=3574090 state=PENDING
[2026-09-10T12:10:19+08:00] progress done=0/2 pending=2 failed=0
[2026-09-10T12:12:19+08:00] WAIT olmo3_7b_think jid=3574089 state=RUNNING
[2026-09-10T12:12:19+08:00] WAIT olmo3_7b_think jid=3574090 state=PENDING
[2026-09-10T12:12:19+08:00] progress done=0/2 pending=2 failed=0
[2026-09-10T12:14:19+08:00] WAIT olmo3_7b_think jid=3574089 state=RUNNING
[2026-09-10T12:14:19+08:00] WAIT olmo3_7b_think jid=3574090 state=PENDING
[2026-09-10T12:14:19+08:00] progress done=0/2 pending=2 failed=0
[2026-09-10T12:16:19+08:00] WAIT olmo3_7b_think jid=3574089 state=RUNNING
[2026-09-10T12:16:19+08:00] WAIT olmo3_7b_think jid=3574090 state=PENDING
[2026-09-10T12:16:19+08:00] progress done=0/2 pending=2 failed=0
[2026-09-10T12:18:19+08:00] WAIT olmo3_7b_think jid=3574089 state=RUNNING
[2026-09-10T12:18:19+08:00] WAIT olmo3_7b_think jid=3574090 state=PENDING
[2026-09-10T12:18:19+08:00] progress done=0/2 pending=2 failed=0
[2026-09-10T12:20:19+08:00] WAIT olmo3_7b_think jid=3574089 state=RUNNING
[2026-09-10T12:20:19+08:00] WAIT olmo3_7b_think jid=3574090 state=PENDING
[2026-09-10T12:20:19+08:00] progress done=0/2 pending=2 failed=0
[2026-09-10T12:22:19+08:00] WAIT olmo3_7b_think jid=3574089 state=RUNNING
[2026-09-10T12:22:19+08:00] WAIT olmo3_7b_think jid=3574090 state=PENDING
[2026-09-10T12:22:19+08:00] progress done=0/2 pending=2 failed=0
[2026-09-10T12:24:19+08:00] WAIT olmo3_7b_think jid=3574089 state=RUNNING
[2026-09-10T12:24:19+08:00] WAIT olmo3_7b_think jid=3574090 state=PENDING
[2026-09-10T12:24:19+08:00] progress done=0/2 pending=2 failed=0
[2026-09-10T12:26:19+08:00] WAIT olmo3_7b_think jid=3574089 state=RUNNING
[2026-09-10T12:26:19+08:00] WAIT olmo3_7b_think jid=3574090 state=PENDING
[2026-09-10T12:26:19+08:00] progress done=0/2 pending=2 failed=0
[2026-09-10T12:28:19+08:00] WAIT olmo3_7b_think jid=3574089 state=RUNNING
[2026-09-10T12:28:19+08:00] WAIT olmo3_7b_think jid=3574090 state=PENDING
[2026-09-10T12:28:19+08:00] progress done=0/2 pending=2 failed=0
[2026-09-10T12:30:19+08:00] WAIT olmo3_7b_think jid=3574089 state=RUNNING
[2026-09-10T12:30:19+08:00] WAIT olmo3_7b_think jid=3574090 state=PENDING
[2026-09-10T12:30:19+08:00] progress done=0/2 pending=2 failed=0
[2026-09-10T12:32:19+08:00] WAIT olmo3_7b_think jid=3574089 state=RUNNING
[2026-09-10T12:32:19+08:00] WAIT olmo3_7b_think jid=3574090 state=PENDING
[2026-09-10T12:32:19+08:00] progress done=0/2 pending=2 failed=0
[2026-09-10T12:34:19+08:00] WAIT olmo3_7b_think jid=3574089 state=RUNNING
[2026-09-10T12:34:19+08:00] WAIT olmo3_7b_think jid=3574090 state=PENDING
[2026-09-10T12:34:19+08:00] progress done=0/2 pending=2 failed=0
[2026-09-10T12:36:19+08:00] WAIT olmo3_7b_think jid=3574089 state=RUNNING
[2026-09-10T12:36:19+08:00] WAIT olmo3_7b_think jid=3574090 state=PENDING
[2026-09-10T12:36:19+08:00] progress done=0/2 pending=2 failed=0
[2026-09-10T12:38:19+08:00] WAIT olmo3_7b_think jid=3574089 state=RUNNING
[2026-09-10T12:38:19+08:00] WAIT olmo3_7b_think jid=3574090 state=PENDING
[2026-09-10T12:38:19+08:00] progress done=0/2 pending=2 failed=0
[2026-09-10T12:40:19+08:00] WAIT olmo3_7b_think jid=3574089 state=RUNNING
[2026-09-10T12:40:19+08:00] WAIT olmo3_7b_think jid=3574090 state=PENDING
[2026-09-10T12:40:19+08:00] progress done=0/2 pending=2 failed=0
[2026-09-10T12:42:19+08:00] WAIT olmo3_7b_think jid=3574089 state=RUNNING
[2026-09-10T12:42:20+08:00] WAIT olmo3_7b_think jid=3574090 state=PENDING
[2026-09-10T12:42:20+08:00] progress done=0/2 pending=2 failed=0
[2026-09-10T12:44:20+08:00] WAIT olmo3_7b_think jid=3574089 state=RUNNING
[2026-09-10T12:44:20+08:00] WAIT olmo3_7b_think jid=3574090 state=PENDING
[2026-09-10T12:44:20+08:00] progress done=0/2 pending=2 failed=0
[2026-09-10T12:46:20+08:00] WAIT olmo3_7b_think jid=3574089 state=RUNNING
[2026-09-10T12:46:20+08:00] WAIT olmo3_7b_think jid=3574090 state=PENDING
[2026-09-10T12:46:20+08:00] progress done=0/2 pending=2 failed=0
[2026-09-10T12:48:20+08:00] WAIT olmo3_7b_think jid=3574089 state=RUNNING
[2026-09-10T12:48:20+08:00] WAIT olmo3_7b_think jid=3574090 state=PENDING
[2026-09-10T12:48:20+08:00] progress done=0/2 pending=2 failed=0
[2026-09-10T12:50:20+08:00] WAIT olmo3_7b_think jid=3574089 state=RUNNING
[2026-09-10T12:50:20+08:00] WAIT olmo3_7b_think jid=3574090 state=PENDING
[2026-09-10T12:50:20+08:00] progress done=0/2 pending=2 failed=0
[2026-09-10T12:52:20+08:00] WAIT olmo3_7b_think jid=3574089 state=RUNNING
[2026-09-10T12:52:20+08:00] WAIT olmo3_7b_think jid=3574090 state=PENDING
[2026-09-10T12:52:20+08:00] progress done=0/2 pending=2 failed=0
[2026-09-10T12:54:20+08:00] WAIT olmo3_7b_think jid=3574089 state=RUNNING
[2026-09-10T12:54:20+08:00] WAIT olmo3_7b_think jid=3574090 state=PENDING
[2026-09-10T12:54:20+08:00] progress done=0/2 pending=2 failed=0
[2026-09-10T12:56:20+08:00] WAIT olmo3_7b_think jid=3574089 state=RUNNING
[2026-09-10T12:56:20+08:00] WAIT olmo3_7b_think jid=3574090 state=PENDING
[2026-09-10T12:56:20+08:00] progress done=0/2 pending=2 failed=0
[2026-09-10T12:58:20+08:00] WAIT olmo3_7b_think jid=3574089 state=RUNNING
[2026-09-10T12:58:20+08:00] WAIT olmo3_7b_think jid=3574090 state=PENDING
[2026-09-10T12:58:20+08:00] progress done=0/2 pending=2 failed=0
[2026-09-10T13:00:20+08:00] WAIT olmo3_7b_think jid=3574089 state=RUNNING
[2026-09-10T13:00:20+08:00] WAIT olmo3_7b_think jid=3574090 state=PENDING
[2026-09-10T13:00:20+08:00] progress done=0/2 pending=2 failed=0
[2026-09-10T13:02:20+08:00] WAIT olmo3_7b_think jid=3574089 state=RUNNING
[2026-09-10T13:02:20+08:00] WAIT olmo3_7b_think jid=3574090 state=PENDING
[2026-09-10T13:02:20+08:00] progress done=0/2 pending=2 failed=0
[2026-09-10T13:04:20+08:00] WAIT olmo3_7b_think jid=3574089 state=RUNNING
[2026-09-10T13:04:20+08:00] WAIT olmo3_7b_think jid=3574090 state=PENDING
[2026-09-10T13:04:20+08:00] progress done=0/2 pending=2 failed=0
[2026-09-10T13:06:20+08:00] WAIT olmo3_7b_think jid=3574089 state=RUNNING
[2026-09-10T13:06:20+08:00] WAIT olmo3_7b_think jid=3574090 state=PENDING
[2026-09-10T13:06:20+08:00] progress done=0/2 pending=2 failed=0
[2026-09-10T13:08:20+08:00] WAIT olmo3_7b_think jid=3574089 state=RUNNING
[2026-09-10T13:08:20+08:00] WAIT olmo3_7b_think jid=3574090 state=PENDING
[2026-09-10T13:08:20+08:00] progress done=0/2 pending=2 failed=0
[2026-09-10T13:10:20+08:00] WAIT olmo3_7b_think jid=3574089 state=RUNNING
[2026-09-10T13:10:20+08:00] WAIT olmo3_7b_think jid=3574090 state=PENDING
[2026-09-10T13:10:20+08:00] progress done=0/2 pending=2 failed=0
[2026-09-10T13:12:20+08:00] WAIT olmo3_7b_think jid=3574089 state=RUNNING
[2026-09-10T13:12:20+08:00] WAIT olmo3_7b_think jid=3574090 state=RUNNING
[2026-09-10T13:12:20+08:00] progress done=0/2 pending=2 failed=0
[2026-09-10T13:14:20+08:00] WAIT olmo3_7b_think jid=3574089 state=RUNNING
[2026-09-10T13:14:20+08:00] WAIT olmo3_7b_think jid=3574090 state=RUNNING
[2026-09-10T13:14:20+08:00] progress done=0/2 pending=2 failed=0
[2026-09-10T13:16:20+08:00] READY olmo3_7b_think jid=3574089 -> /gpfs/share/home/2501210611/opsd_analysis/OPSD_Analysis/outputs/olmo3_7b_think/st_tt_clip005_c1024_uni256_olmo7bt/3574089/checkpoint-100 (train_state=COMPLETED)
[2026-09-10T13:17:20+08:00] SUBMITTED evals for olmo3_7b_think tag=st_tt_clip005_c1024_uni256_olmo7bt_checkpoint-100
[2026-09-10T13:17:20+08:00] WAIT olmo3_7b_think jid=3574090 state=RUNNING
[2026-09-10T13:17:20+08:00] progress done=1/2 pending=1 failed=0
[2026-09-10T13:19:20+08:00] WAIT olmo3_7b_think jid=3574090 state=RUNNING
[2026-09-10T13:19:20+08:00] progress done=1/2 pending=1 failed=0
[2026-09-10T13:21:20+08:00] WAIT olmo3_7b_think jid=3574090 state=RUNNING
[2026-09-10T13:21:20+08:00] progress done=1/2 pending=1 failed=0
[2026-09-10T13:23:20+08:00] WAIT olmo3_7b_think jid=3574090 state=RUNNING
[2026-09-10T13:23:20+08:00] progress done=1/2 pending=1 failed=0
[2026-09-10T13:25:20+08:00] WAIT olmo3_7b_think jid=3574090 state=RUNNING
[2026-09-10T13:25:20+08:00] progress done=1/2 pending=1 failed=0
[2026-09-10T13:27:20+08:00] WAIT olmo3_7b_think jid=3574090 state=RUNNING
[2026-09-10T13:27:20+08:00] progress done=1/2 pending=1 failed=0
[2026-09-10T13:29:20+08:00] WAIT olmo3_7b_think jid=3574090 state=RUNNING
[2026-09-10T13:29:20+08:00] progress done=1/2 pending=1 failed=0
[2026-09-10T13:31:20+08:00] WAIT olmo3_7b_think jid=3574090 state=RUNNING
[2026-09-10T13:31:20+08:00] progress done=1/2 pending=1 failed=0
[2026-09-10T13:33:20+08:00] WAIT olmo3_7b_think jid=3574090 state=RUNNING
[2026-09-10T13:33:20+08:00] progress done=1/2 pending=1 failed=0
[2026-09-10T13:35:20+08:00] WAIT olmo3_7b_think jid=3574090 state=RUNNING
[2026-09-10T13:35:20+08:00] progress done=1/2 pending=1 failed=0
[2026-09-10T13:37:20+08:00] WAIT olmo3_7b_think jid=3574090 state=RUNNING
[2026-09-10T13:37:20+08:00] progress done=1/2 pending=1 failed=0
[2026-09-10T13:39:20+08:00] WAIT olmo3_7b_think jid=3574090 state=RUNNING
[2026-09-10T13:39:20+08:00] progress done=1/2 pending=1 failed=0
[2026-09-10T13:41:20+08:00] WAIT olmo3_7b_think jid=3574090 state=RUNNING
[2026-09-10T13:41:20+08:00] progress done=1/2 pending=1 failed=0
[2026-09-10T13:43:20+08:00] WAIT olmo3_7b_think jid=3574090 state=RUNNING
[2026-09-10T13:43:20+08:00] progress done=1/2 pending=1 failed=0
[2026-09-10T13:45:20+08:00] WAIT olmo3_7b_think jid=3574090 state=RUNNING
[2026-09-10T13:45:20+08:00] progress done=1/2 pending=1 failed=0
[2026-09-10T13:47:20+08:00] WAIT olmo3_7b_think jid=3574090 state=RUNNING
[2026-09-10T13:47:20+08:00] progress done=1/2 pending=1 failed=0
[2026-09-10T13:49:20+08:00] WAIT olmo3_7b_think jid=3574090 state=RUNNING
[2026-09-10T13:49:20+08:00] progress done=1/2 pending=1 failed=0
[2026-09-10T13:51:20+08:00] WAIT olmo3_7b_think jid=3574090 state=RUNNING
[2026-09-10T13:51:20+08:00] progress done=1/2 pending=1 failed=0
[2026-09-10T13:53:20+08:00] WAIT olmo3_7b_think jid=3574090 state=RUNNING
[2026-09-10T13:53:20+08:00] progress done=1/2 pending=1 failed=0
[2026-09-10T13:55:20+08:00] WAIT olmo3_7b_think jid=3574090 state=RUNNING
[2026-09-10T13:55:20+08:00] progress done=1/2 pending=1 failed=0
[2026-09-10T13:57:20+08:00] WAIT olmo3_7b_think jid=3574090 state=RUNNING
[2026-09-10T13:57:20+08:00] progress done=1/2 pending=1 failed=0
[2026-09-10T13:59:20+08:00] WAIT olmo3_7b_think jid=3574090 state=RUNNING
[2026-09-10T13:59:20+08:00] progress done=1/2 pending=1 failed=0
[2026-09-10T14:01:20+08:00] WAIT olmo3_7b_think jid=3574090 state=RUNNING
[2026-09-10T14:01:20+08:00] progress done=1/2 pending=1 failed=0
[2026-09-10T14:03:21+08:00] WAIT olmo3_7b_think jid=3574090 state=RUNNING
[2026-09-10T14:03:21+08:00] progress done=1/2 pending=1 failed=0
[2026-09-10T14:05:21+08:00] WAIT olmo3_7b_think jid=3574090 state=RUNNING
[2026-09-10T14:05:21+08:00] progress done=1/2 pending=1 failed=0
[2026-09-10T14:07:21+08:00] WAIT olmo3_7b_think jid=3574090 state=RUNNING
[2026-09-10T14:07:21+08:00] progress done=1/2 pending=1 failed=0
[2026-09-10T14:09:21+08:00] WAIT olmo3_7b_think jid=3574090 state=RUNNING
[2026-09-10T14:09:21+08:00] progress done=1/2 pending=1 failed=0
[2026-09-10T14:11:21+08:00] READY olmo3_7b_think jid=3574090 -> /gpfs/share/home/2501210611/opsd_analysis/OPSD_Analysis/outputs/olmo3_7b_think/st_tt_clip005_c1024_last256_olmo7bt/3574090/checkpoint-100 (train_state=COMPLETED)
[2026-09-10T14:12:21+08:00] SUBMITTED evals for olmo3_7b_think tag=st_tt_clip005_c1024_last256_olmo7bt_checkpoint-100
[2026-09-10T14:12:21+08:00] progress done=2/2 pending=0 failed=0
[2026-09-10T14:12:21+08:00] ALL trains handled (done=2 failed=0); exiting
[2026-09-10T14:12:21+08:00] watch finished
